{"timestamp":"2026-04-09T13:32:38.069577Z","level":"info","event":"DAG bundles loaded: dags-folder","logger":"airflow.dag_processing.bundles.manager.DagBundlesManager","filename":"manager.py","lineno":179}
{"timestamp":"2026-04-09T13:32:38.069973Z","level":"info","event":"Filling up the DagBag from /opt/airflow/dags/2_refresh_traffic_speed.py","logger":"airflow.models.dagbag.BundleDagBag","filename":"dagbag.py","lineno":593}
{"timestamp":"2026-04-09T13:32:38.254644Z","level":"warning","event":"The `airflow.operators.python.PythonOperator` attribute is deprecated. Please use `'airflow.providers.standard.operators.python.PythonOperator'`.","category":"DeprecatedImportWarning","filename":"/opt/airflow/dags/2_refresh_traffic_speed.py","lineno":2,"logger":"py.warnings"}
{"timestamp":"2026-04-09T13:32:38.264909Z","level":"info","event":"STEP 1: start refresh_traffic_speed","logger":"unusual_prefix_faea391ec71b1d4b4651510353e4a48d62001c31_2_refresh_traffic_speed","filename":"2_refresh_traffic_speed.py","lineno":28}
{"timestamp":"2026-04-09T13:32:39.759049Z","level":"info","event":"STEP 2: connected to Supabase","logger":"unusual_prefix_faea391ec71b1d4b4651510353e4a48d62001c31_2_refresh_traffic_speed","filename":"2_refresh_traffic_speed.py","lineno":30}
{"timestamp":"2026-04-09T13:32:39.761502Z","level":"info","event":"STEP 3: snapshot timestamp = 2026-04-09 13:32:39.759297+00:00","logger":"unusual_prefix_faea391ec71b1d4b4651510353e4a48d62001c31_2_refresh_traffic_speed","filename":"2_refresh_traffic_speed.py","lineno":33}
{"timestamp":"2026-04-09T13:32:40.173080Z","level":"info","event":"STEP 4: traffic_speed_latest truncated","logger":"unusual_prefix_faea391ec71b1d4b4651510353e4a48d62001c31_2_refresh_traffic_speed","filename":"2_refresh_traffic_speed.py","lineno":39}
{"timestamp":"2026-04-09T13:32:40.173514Z","level":"info","event":"========== PAGE START ==========","logger":"lta_common","filename":"lta_common.py","lineno":52}
{"timestamp":"2026-04-09T13:32:40.173608Z","level":"info","event":"[FETCH] requesting rows 0–499","logger":"lta_common","filename":"lta_common.py","lineno":53}
{"timestamp":"2026-04-09T13:32:40.174692Z","level":"info","event":"Fetching page from LTA: skip=0","logger":"lta_common","filename":"lta_common.py","lineno":35}
{"timestamp":"2026-04-09T13:32:43.449231Z","level":"info","event":"Retrieved 500 rows from LTA at skip=0","logger":"lta_common","filename":"lta_common.py","lineno":43}
{"timestamp":"2026-04-09T13:32:43.454078Z","level":"info","event":"[FETCH DONE] retrieved=500 rows at skip=0","logger":"lta_common","filename":"lta_common.py","lineno":58}
{"timestamp":"2026-04-09T13:32:43.454320Z","level":"info","event":"STEP 5: processing page skip=0 rows=500","logger":"unusual_prefix_faea391ec71b1d4b4651510353e4a48d62001c31_2_refresh_traffic_speed","filename":"2_refresh_traffic_speed.py","lineno":46}
{"timestamp":"2026-04-09T13:32:43.460249Z","level":"info","event":"STEP 6: built snapshot dataframe rows=500","logger":"unusual_prefix_faea391ec71b1d4b4651510353e4a48d62001c31_2_refresh_traffic_speed","filename":"2_refresh_traffic_speed.py","lineno":49}
{"timestamp":"2026-04-09T13:32:43.463312Z","level":"info","event":"[SAVE START] inserting 500 rows into traffic_speed_latest","logger":"lta_common","filename":"lta_common.py","lineno":174}
{"timestamp":"2026-04-09T13:32:44.297956Z","level":"info","event":"[SAVE DONE] inserted=500 rows into traffic_speed_latest","logger":"lta_common","filename":"lta_common.py","lineno":192}
{"timestamp":"2026-04-09T13:32:44.300171Z","level":"info","event":"[SAVE START] inserting 500 rows into traffic_speed_recent","logger":"lta_common","filename":"lta_common.py","lineno":174}
{"timestamp":"2026-04-09T13:32:44.977059Z","level":"info","event":"[SAVE DONE] inserted=500 rows into traffic_speed_recent","logger":"lta_common","filename":"lta_common.py","lineno":192}
{"timestamp":"2026-04-09T13:32:44.978902Z","level":"info","event":"STEP 7: page saved skip=0 | pages=1 | latest_rows=500 | recent_rows=500","logger":"unusual_prefix_faea391ec71b1d4b4651510353e4a48d62001c31_2_refresh_traffic_speed","filename":"2_refresh_traffic_speed.py","lineno":61}
{"timestamp":"2026-04-09T13:32:44.979118Z","level":"info","event":"========== PAGE START ==========","logger":"lta_common","filename":"lta_common.py","lineno":52}
{"timestamp":"2026-04-09T13:32:44.979231Z","level":"info","event":"[FETCH] requesting rows 500–999","logger":"lta_common","filename":"lta_common.py","lineno":53}
{"timestamp":"2026-04-09T13:32:44.979564Z","level":"info","event":"Fetching page from LTA: skip=500","logger":"lta_common","filename":"lta_common.py","lineno":35}
{"timestamp":"2026-04-09T13:32:46.179201Z","level":"info","event":"Retrieved 500 rows from LTA at skip=500","logger":"lta_common","filename":"lta_common.py","lineno":43}
{"timestamp":"2026-04-09T13:32:46.181188Z","level":"info","event":"[FETCH DONE] retrieved=500 rows at skip=500","logger":"lta_common","filename":"lta_common.py","lineno":58}
{"timestamp":"2026-04-09T13:32:46.181475Z","level":"info","event":"STEP 5: processing page skip=500 rows=500","logger":"unusual_prefix_faea391ec71b1d4b4651510353e4a48d62001c31_2_refresh_traffic_speed","filename":"2_refresh_traffic_speed.py","lineno":46}
{"timestamp":"2026-04-09T13:32:46.183368Z","level":"info","event":"STEP 6: built snapshot dataframe rows=500","logger":"unusual_prefix_faea391ec71b1d4b4651510353e4a48d62001c31_2_refresh_traffic_speed","filename":"2_refresh_traffic_speed.py","lineno":49}
{"timestamp":"2026-04-09T13:32:46.183917Z","level":"info","event":"[SAVE START] inserting 500 rows into traffic_speed_latest","logger":"lta_common","filename":"lta_common.py","lineno":174}
{"timestamp":"2026-04-09T13:32:46.814528Z","level":"info","event":"[SAVE DONE] inserted=500 rows into traffic_speed_latest","logger":"lta_common","filename":"lta_common.py","lineno":192}
{"timestamp":"2026-04-09T13:32:46.815205Z","level":"info","event":"[SAVE START] inserting 500 rows into traffic_speed_recent","logger":"lta_common","filename":"lta_common.py","lineno":174}
{"timestamp":"2026-04-09T13:32:47.464623Z","level":"info","event":"[SAVE DONE] inserted=500 rows into traffic_speed_recent","logger":"lta_common","filename":"lta_common.py","lineno":192}
{"timestamp":"2026-04-09T13:32:47.465495Z","level":"info","event":"STEP 7: page saved skip=500 | pages=2 | latest_rows=1000 | recent_rows=1000","logger":"unusual_prefix_faea391ec71b1d4b4651510353e4a48d62001c31_2_refresh_traffic_speed","filename":"2_refresh_traffic_speed.py","lineno":61}
{"timestamp":"2026-04-09T13:32:47.465864Z","level":"info","event":"========== PAGE START ==========","logger":"lta_common","filename":"lta_common.py","lineno":52}
{"timestamp":"2026-04-09T13:32:47.466112Z","level":"info","event":"[FETCH] requesting rows 1000–1499","logger":"lta_common","filename":"lta_common.py","lineno":53}
{"timestamp":"2026-04-09T13:32:47.466359Z","level":"info","event":"Fetching page from LTA: skip=1000","logger":"lta_common","filename":"lta_common.py","lineno":35}
{"timestamp":"2026-04-09T13:32:49.506862Z","level":"info","event":"Retrieved 500 rows from LTA at skip=1000","logger":"lta_common","filename":"lta_common.py","lineno":43}
{"timestamp":"2026-04-09T13:32:49.510149Z","level":"info","event":"[FETCH DONE] retrieved=500 rows at skip=1000","logger":"lta_common","filename":"lta_common.py","lineno":58}
{"timestamp":"2026-04-09T13:32:49.510396Z","level":"info","event":"STEP 5: processing page skip=1000 rows=500","logger":"unusual_prefix_faea391ec71b1d4b4651510353e4a48d62001c31_2_refresh_traffic_speed","filename":"2_refresh_traffic_speed.py","lineno":46}
{"timestamp":"2026-04-09T13:32:49.512616Z","level":"info","event":"STEP 6: built snapshot dataframe rows=500","logger":"unusual_prefix_faea391ec71b1d4b4651510353e4a48d62001c31_2_refresh_traffic_speed","filename":"2_refresh_traffic_speed.py","lineno":49}
{"timestamp":"2026-04-09T13:32:49.513675Z","level":"info","event":"[SAVE START] inserting 500 rows into traffic_speed_latest","logger":"lta_common","filename":"lta_common.py","lineno":174}
{"timestamp":"2026-04-09T13:32:50.084931Z","level":"info","event":"[SAVE DONE] inserted=500 rows into traffic_speed_latest","logger":"lta_common","filename":"lta_common.py","lineno":192}
{"timestamp":"2026-04-09T13:32:50.085614Z","level":"info","event":"[SAVE START] inserting 500 rows into traffic_speed_recent","logger":"lta_common","filename":"lta_common.py","lineno":174}
{"timestamp":"2026-04-09T13:32:51.055395Z","level":"info","event":"[SAVE DONE] inserted=500 rows into traffic_speed_recent","logger":"lta_common","filename":"lta_common.py","lineno":192}
{"timestamp":"2026-04-09T13:32:51.055538Z","level":"info","event":"STEP 7: page saved skip=1000 | pages=3 | latest_rows=1500 | recent_rows=1500","logger":"unusual_prefix_faea391ec71b1d4b4651510353e4a48d62001c31_2_refresh_traffic_speed","filename":"2_refresh_traffic_speed.py","lineno":61}
{"timestamp":"2026-04-09T13:32:51.055572Z","level":"info","event":"========== PAGE START ==========","logger":"lta_common","filename":"lta_common.py","lineno":52}
{"timestamp":"2026-04-09T13:32:51.055596Z","level":"info","event":"[FETCH] requesting rows 1500–1999","logger":"lta_common","filename":"lta_common.py","lineno":53}
{"timestamp":"2026-04-09T13:32:51.055627Z","level":"info","event":"Fetching page from LTA: skip=1500","logger":"lta_common","filename":"lta_common.py","lineno":35}
{"timestamp":"2026-04-09T13:32:54.300959Z","level":"info","event":"Retrieved 500 rows from LTA at skip=1500","logger":"lta_common","filename":"lta_common.py","lineno":43}
{"timestamp":"2026-04-09T13:32:54.306320Z","level":"info","event":"[FETCH DONE] retrieved=500 rows at skip=1500","logger":"lta_common","filename":"lta_common.py","lineno":58}
{"timestamp":"2026-04-09T13:32:54.307503Z","level":"info","event":"STEP 5: processing page skip=1500 rows=500","logger":"unusual_prefix_faea391ec71b1d4b4651510353e4a48d62001c31_2_refresh_traffic_speed","filename":"2_refresh_traffic_speed.py","lineno":46}
{"timestamp":"2026-04-09T13:32:54.310761Z","level":"info","event":"STEP 6: built snapshot dataframe rows=500","logger":"unusual_prefix_faea391ec71b1d4b4651510353e4a48d62001c31_2_refresh_traffic_speed","filename":"2_refresh_traffic_speed.py","lineno":49}
{"timestamp":"2026-04-09T13:32:54.311910Z","level":"info","event":"[SAVE START] inserting 500 rows into traffic_speed_latest","logger":"lta_common","filename":"lta_common.py","lineno":174}
{"timestamp":"2026-04-09T13:32:55.042914Z","level":"info","event":"[SAVE DONE] inserted=500 rows into traffic_speed_latest","logger":"lta_common","filename":"lta_common.py","lineno":192}
{"timestamp":"2026-04-09T13:32:55.043471Z","level":"info","event":"[SAVE START] inserting 500 rows into traffic_speed_recent","logger":"lta_common","filename":"lta_common.py","lineno":174}
{"timestamp":"2026-04-09T13:32:56.094213Z","level":"info","event":"[SAVE DONE] inserted=500 rows into traffic_speed_recent","logger":"lta_common","filename":"lta_common.py","lineno":192}
{"timestamp":"2026-04-09T13:32:56.094484Z","level":"info","event":"STEP 7: page saved skip=1500 | pages=4 | latest_rows=2000 | recent_rows=2000","logger":"unusual_prefix_faea391ec71b1d4b4651510353e4a48d62001c31_2_refresh_traffic_speed","filename":"2_refresh_traffic_speed.py","lineno":61}
{"timestamp":"2026-04-09T13:32:56.094534Z","level":"info","event":"========== PAGE START ==========","logger":"lta_common","filename":"lta_common.py","lineno":52}
{"timestamp":"2026-04-09T13:32:56.094571Z","level":"info","event":"[FETCH] requesting rows 2000–2499","logger":"lta_common","filename":"lta_common.py","lineno":53}
{"timestamp":"2026-04-09T13:32:56.094625Z","level":"info","event":"Fetching page from LTA: skip=2000","logger":"lta_common","filename":"lta_common.py","lineno":35}
{"timestamp":"2026-04-09T13:32:57.518354Z","level":"info","event":"Retrieved 500 rows from LTA at skip=2000","logger":"lta_common","filename":"lta_common.py","lineno":43}
{"timestamp":"2026-04-09T13:32:57.522285Z","level":"info","event":"[FETCH DONE] retrieved=500 rows at skip=2000","logger":"lta_common","filename":"lta_common.py","lineno":58}
{"timestamp":"2026-04-09T13:32:57.523145Z","level":"info","event":"STEP 5: processing page skip=2000 rows=500","logger":"unusual_prefix_faea391ec71b1d4b4651510353e4a48d62001c31_2_refresh_traffic_speed","filename":"2_refresh_traffic_speed.py","lineno":46}
{"timestamp":"2026-04-09T13:32:57.526004Z","level":"info","event":"STEP 6: built snapshot dataframe rows=500","logger":"unusual_prefix_faea391ec71b1d4b4651510353e4a48d62001c31_2_refresh_traffic_speed","filename":"2_refresh_traffic_speed.py","lineno":49}
{"timestamp":"2026-04-09T13:32:57.527575Z","level":"info","event":"[SAVE START] inserting 500 rows into traffic_speed_latest","logger":"lta_common","filename":"lta_common.py","lineno":174}
{"timestamp":"2026-04-09T13:32:58.215354Z","level":"info","event":"[SAVE DONE] inserted=500 rows into traffic_speed_latest","logger":"lta_common","filename":"lta_common.py","lineno":192}
{"timestamp":"2026-04-09T13:32:58.216471Z","level":"info","event":"[SAVE START] inserting 500 rows into traffic_speed_recent","logger":"lta_common","filename":"lta_common.py","lineno":174}
{"timestamp":"2026-04-09T13:32:59.214538Z","level":"info","event":"[SAVE DONE] inserted=500 rows into traffic_speed_recent","logger":"lta_common","filename":"lta_common.py","lineno":192}
{"timestamp":"2026-04-09T13:32:59.214669Z","level":"info","event":"STEP 7: page saved skip=2000 | pages=5 | latest_rows=2500 | recent_rows=2500","logger":"unusual_prefix_faea391ec71b1d4b4651510353e4a48d62001c31_2_refresh_traffic_speed","filename":"2_refresh_traffic_speed.py","lineno":61}
{"timestamp":"2026-04-09T13:32:59.214701Z","level":"info","event":"========== PAGE START ==========","logger":"lta_common","filename":"lta_common.py","lineno":52}
{"timestamp":"2026-04-09T13:32:59.214723Z","level":"info","event":"[FETCH] requesting rows 2500–2999","logger":"lta_common","filename":"lta_common.py","lineno":53}
{"timestamp":"2026-04-09T13:32:59.214751Z","level":"info","event":"Fetching page from LTA: skip=2500","logger":"lta_common","filename":"lta_common.py","lineno":35}
{"timestamp":"2026-04-09T13:33:00.870037Z","level":"info","event":"Retrieved 500 rows from LTA at skip=2500","logger":"lta_common","filename":"lta_common.py","lineno":43}
{"timestamp":"2026-04-09T13:33:00.875088Z","level":"info","event":"[FETCH DONE] retrieved=500 rows at skip=2500","logger":"lta_common","filename":"lta_common.py","lineno":58}
{"timestamp":"2026-04-09T13:33:00.875450Z","level":"info","event":"STEP 5: processing page skip=2500 rows=500","logger":"unusual_prefix_faea391ec71b1d4b4651510353e4a48d62001c31_2_refresh_traffic_speed","filename":"2_refresh_traffic_speed.py","lineno":46}
{"timestamp":"2026-04-09T13:33:00.878389Z","level":"info","event":"STEP 6: built snapshot dataframe rows=500","logger":"unusual_prefix_faea391ec71b1d4b4651510353e4a48d62001c31_2_refresh_traffic_speed","filename":"2_refresh_traffic_speed.py","lineno":49}
{"timestamp":"2026-04-09T13:33:00.879576Z","level":"info","event":"[SAVE START] inserting 500 rows into traffic_speed_latest","logger":"lta_common","filename":"lta_common.py","lineno":174}
{"timestamp":"2026-04-09T13:33:01.373801Z","level":"info","event":"[SAVE DONE] inserted=500 rows into traffic_speed_latest","logger":"lta_common","filename":"lta_common.py","lineno":192}
{"timestamp":"2026-04-09T13:33:01.376545Z","level":"info","event":"[SAVE START] inserting 500 rows into traffic_speed_recent","logger":"lta_common","filename":"lta_common.py","lineno":174}
{"timestamp":"2026-04-09T13:33:01.895969Z","level":"info","event":"[SAVE DONE] inserted=500 rows into traffic_speed_recent","logger":"lta_common","filename":"lta_common.py","lineno":192}
{"timestamp":"2026-04-09T13:33:01.896806Z","level":"info","event":"STEP 7: page saved skip=2500 | pages=6 | latest_rows=3000 | recent_rows=3000","logger":"unusual_prefix_faea391ec71b1d4b4651510353e4a48d62001c31_2_refresh_traffic_speed","filename":"2_refresh_traffic_speed.py","lineno":61}
{"timestamp":"2026-04-09T13:33:01.897070Z","level":"info","event":"========== PAGE START ==========","logger":"lta_common","filename":"lta_common.py","lineno":52}
{"timestamp":"2026-04-09T13:33:01.897182Z","level":"info","event":"[FETCH] requesting rows 3000–3499","logger":"lta_common","filename":"lta_common.py","lineno":53}
{"timestamp":"2026-04-09T13:33:01.897308Z","level":"info","event":"Fetching page from LTA: skip=3000","logger":"lta_common","filename":"lta_common.py","lineno":35}
{"timestamp":"2026-04-09T13:33:02.510069Z","level":"info","event":"Retrieved 500 rows from LTA at skip=3000","logger":"lta_common","filename":"lta_common.py","lineno":43}
{"timestamp":"2026-04-09T13:33:02.516196Z","level":"info","event":"[FETCH DONE] retrieved=500 rows at skip=3000","logger":"lta_common","filename":"lta_common.py","lineno":58}
{"timestamp":"2026-04-09T13:33:02.516740Z","level":"info","event":"STEP 5: processing page skip=3000 rows=500","logger":"unusual_prefix_faea391ec71b1d4b4651510353e4a48d62001c31_2_refresh_traffic_speed","filename":"2_refresh_traffic_speed.py","lineno":46}
{"timestamp":"2026-04-09T13:33:02.519964Z","level":"info","event":"STEP 6: built snapshot dataframe rows=500","logger":"unusual_prefix_faea391ec71b1d4b4651510353e4a48d62001c31_2_refresh_traffic_speed","filename":"2_refresh_traffic_speed.py","lineno":49}
{"timestamp":"2026-04-09T13:33:02.521337Z","level":"info","event":"[SAVE START] inserting 500 rows into traffic_speed_latest","logger":"lta_common","filename":"lta_common.py","lineno":174}
{"timestamp":"2026-04-09T13:33:03.366137Z","level":"info","event":"[SAVE DONE] inserted=500 rows into traffic_speed_latest","logger":"lta_common","filename":"lta_common.py","lineno":192}
{"timestamp":"2026-04-09T13:33:03.369654Z","level":"info","event":"[SAVE START] inserting 500 rows into traffic_speed_recent","logger":"lta_common","filename":"lta_common.py","lineno":174}
{"timestamp":"2026-04-09T13:33:04.191484Z","level":"info","event":"[SAVE DONE] inserted=500 rows into traffic_speed_recent","logger":"lta_common","filename":"lta_common.py","lineno":192}
{"timestamp":"2026-04-09T13:33:04.191677Z","level":"info","event":"STEP 7: page saved skip=3000 | pages=7 | latest_rows=3500 | recent_rows=3500","logger":"unusual_prefix_faea391ec71b1d4b4651510353e4a48d62001c31_2_refresh_traffic_speed","filename":"2_refresh_traffic_speed.py","lineno":61}
{"timestamp":"2026-04-09T13:33:04.191719Z","level":"info","event":"========== PAGE START ==========","logger":"lta_common","filename":"lta_common.py","lineno":52}
{"timestamp":"2026-04-09T13:33:04.191751Z","level":"info","event":"[FETCH] requesting rows 3500–3999","logger":"lta_common","filename":"lta_common.py","lineno":53}
{"timestamp":"2026-04-09T13:33:04.191793Z","level":"info","event":"Fetching page from LTA: skip=3500","logger":"lta_common","filename":"lta_common.py","lineno":35}
{"timestamp":"2026-04-09T13:33:05.409296Z","level":"info","event":"Retrieved 500 rows from LTA at skip=3500","logger":"lta_common","filename":"lta_common.py","lineno":43}
{"timestamp":"2026-04-09T13:33:05.413748Z","level":"info","event":"[FETCH DONE] retrieved=500 rows at skip=3500","logger":"lta_common","filename":"lta_common.py","lineno":58}
{"timestamp":"2026-04-09T13:33:05.414485Z","level":"info","event":"STEP 5: processing page skip=3500 rows=500","logger":"unusual_prefix_faea391ec71b1d4b4651510353e4a48d62001c31_2_refresh_traffic_speed","filename":"2_refresh_traffic_speed.py","lineno":46}
{"timestamp":"2026-04-09T13:33:05.417335Z","level":"info","event":"STEP 6: built snapshot dataframe rows=500","logger":"unusual_prefix_faea391ec71b1d4b4651510353e4a48d62001c31_2_refresh_traffic_speed","filename":"2_refresh_traffic_speed.py","lineno":49}
{"timestamp":"2026-04-09T13:33:05.418582Z","level":"info","event":"[SAVE START] inserting 500 rows into traffic_speed_latest","logger":"lta_common","filename":"lta_common.py","lineno":174}
{"timestamp":"2026-04-09T13:33:05.933680Z","level":"info","event":"[SAVE DONE] inserted=500 rows into traffic_speed_latest","logger":"lta_common","filename":"lta_common.py","lineno":192}
{"timestamp":"2026-04-09T13:33:05.934363Z","level":"info","event":"[SAVE START] inserting 500 rows into traffic_speed_recent","logger":"lta_common","filename":"lta_common.py","lineno":174}
{"timestamp":"2026-04-09T13:33:06.412984Z","level":"info","event":"[SAVE DONE] inserted=500 rows into traffic_speed_recent","logger":"lta_common","filename":"lta_common.py","lineno":192}
{"timestamp":"2026-04-09T13:33:06.413119Z","level":"info","event":"STEP 7: page saved skip=3500 | pages=8 | latest_rows=4000 | recent_rows=4000","logger":"unusual_prefix_faea391ec71b1d4b4651510353e4a48d62001c31_2_refresh_traffic_speed","filename":"2_refresh_traffic_speed.py","lineno":61}
{"timestamp":"2026-04-09T13:33:06.413161Z","level":"info","event":"========== PAGE START ==========","logger":"lta_common","filename":"lta_common.py","lineno":52}
{"timestamp":"2026-04-09T13:33:06.413187Z","level":"info","event":"[FETCH] requesting rows 4000–4499","logger":"lta_common","filename":"lta_common.py","lineno":53}
{"timestamp":"2026-04-09T13:33:06.413223Z","level":"info","event":"Fetching page from LTA: skip=4000","logger":"lta_common","filename":"lta_common.py","lineno":35}
{"timestamp":"2026-04-09T13:33:08.866881Z","level":"info","event":"Retrieved 500 rows from LTA at skip=4000","logger":"lta_common","filename":"lta_common.py","lineno":43}
{"timestamp":"2026-04-09T13:33:08.869327Z","level":"info","event":"[FETCH DONE] retrieved=500 rows at skip=4000","logger":"lta_common","filename":"lta_common.py","lineno":58}
{"timestamp":"2026-04-09T13:33:08.869443Z","level":"info","event":"STEP 5: processing page skip=4000 rows=500","logger":"unusual_prefix_faea391ec71b1d4b4651510353e4a48d62001c31_2_refresh_traffic_speed","filename":"2_refresh_traffic_speed.py","lineno":46}
{"timestamp":"2026-04-09T13:33:08.870574Z","level":"info","event":"STEP 6: built snapshot dataframe rows=500","logger":"unusual_prefix_faea391ec71b1d4b4651510353e4a48d62001c31_2_refresh_traffic_speed","filename":"2_refresh_traffic_speed.py","lineno":49}
{"timestamp":"2026-04-09T13:33:08.871420Z","level":"info","event":"[SAVE START] inserting 500 rows into traffic_speed_latest","logger":"lta_common","filename":"lta_common.py","lineno":174}
{"timestamp":"2026-04-09T13:33:09.692584Z","level":"info","event":"[SAVE DONE] inserted=500 rows into traffic_speed_latest","logger":"lta_common","filename":"lta_common.py","lineno":192}
{"timestamp":"2026-04-09T13:33:09.693678Z","level":"info","event":"[SAVE START] inserting 500 rows into traffic_speed_recent","logger":"lta_common","filename":"lta_common.py","lineno":174}
{"timestamp":"2026-04-09T13:33:10.244799Z","level":"info","event":"[SAVE DONE] inserted=500 rows into traffic_speed_recent","logger":"lta_common","filename":"lta_common.py","lineno":192}
{"timestamp":"2026-04-09T13:33:10.245900Z","level":"info","event":"STEP 7: page saved skip=4000 | pages=9 | latest_rows=4500 | recent_rows=4500","logger":"unusual_prefix_faea391ec71b1d4b4651510353e4a48d62001c31_2_refresh_traffic_speed","filename":"2_refresh_traffic_speed.py","lineno":61}
{"timestamp":"2026-04-09T13:33:10.246137Z","level":"info","event":"========== PAGE START ==========","logger":"lta_common","filename":"lta_common.py","lineno":52}
{"timestamp":"2026-04-09T13:33:10.246309Z","level":"info","event":"[FETCH] requesting rows 4500–4999","logger":"lta_common","filename":"lta_common.py","lineno":53}
{"timestamp":"2026-04-09T13:33:10.246420Z","level":"info","event":"Fetching page from LTA: skip=4500","logger":"lta_common","filename":"lta_common.py","lineno":35}
{"timestamp":"2026-04-09T13:33:11.181074Z","level":"info","event":"Retrieved 500 rows from LTA at skip=4500","logger":"lta_common","filename":"lta_common.py","lineno":43}
{"timestamp":"2026-04-09T13:33:11.187428Z","level":"info","event":"[FETCH DONE] retrieved=500 rows at skip=4500","logger":"lta_common","filename":"lta_common.py","lineno":58}
{"timestamp":"2026-04-09T13:33:11.188449Z","level":"info","event":"STEP 5: processing page skip=4500 rows=500","logger":"unusual_prefix_faea391ec71b1d4b4651510353e4a48d62001c31_2_refresh_traffic_speed","filename":"2_refresh_traffic_speed.py","lineno":46}
{"timestamp":"2026-04-09T13:33:11.191796Z","level":"info","event":"STEP 6: built snapshot dataframe rows=500","logger":"unusual_prefix_faea391ec71b1d4b4651510353e4a48d62001c31_2_refresh_traffic_speed","filename":"2_refresh_traffic_speed.py","lineno":49}
{"timestamp":"2026-04-09T13:33:11.193982Z","level":"info","event":"[SAVE START] inserting 500 rows into traffic_speed_latest","logger":"lta_common","filename":"lta_common.py","lineno":174}
{"timestamp":"2026-04-09T13:33:11.696456Z","level":"info","event":"[SAVE DONE] inserted=500 rows into traffic_speed_latest","logger":"lta_common","filename":"lta_common.py","lineno":192}
{"timestamp":"2026-04-09T13:33:11.699392Z","level":"info","event":"[SAVE START] inserting 500 rows into traffic_speed_recent","logger":"lta_common","filename":"lta_common.py","lineno":174}
{"timestamp":"2026-04-09T13:33:12.255394Z","level":"info","event":"[SAVE DONE] inserted=500 rows into traffic_speed_recent","logger":"lta_common","filename":"lta_common.py","lineno":192}
{"timestamp":"2026-04-09T13:33:12.256493Z","level":"info","event":"STEP 7: page saved skip=4500 | pages=10 | latest_rows=5000 | recent_rows=5000","logger":"unusual_prefix_faea391ec71b1d4b4651510353e4a48d62001c31_2_refresh_traffic_speed","filename":"2_refresh_traffic_speed.py","lineno":61}
{"timestamp":"2026-04-09T13:33:12.256586Z","level":"info","event":"========== PAGE START ==========","logger":"lta_common","filename":"lta_common.py","lineno":52}
{"timestamp":"2026-04-09T13:33:12.257160Z","level":"info","event":"[FETCH] requesting rows 5000–5499","logger":"lta_common","filename":"lta_common.py","lineno":53}
{"timestamp":"2026-04-09T13:33:12.258048Z","level":"info","event":"Fetching page from LTA: skip=5000","logger":"lta_common","filename":"lta_common.py","lineno":35}
{"timestamp":"2026-04-09T13:33:14.181435Z","level":"info","event":"Retrieved 500 rows from LTA at skip=5000","logger":"lta_common","filename":"lta_common.py","lineno":43}
{"timestamp":"2026-04-09T13:33:14.183531Z","level":"info","event":"[FETCH DONE] retrieved=500 rows at skip=5000","logger":"lta_common","filename":"lta_common.py","lineno":58}
{"timestamp":"2026-04-09T13:33:14.183806Z","level":"info","event":"STEP 5: processing page skip=5000 rows=500","logger":"unusual_prefix_faea391ec71b1d4b4651510353e4a48d62001c31_2_refresh_traffic_speed","filename":"2_refresh_traffic_speed.py","lineno":46}
{"timestamp":"2026-04-09T13:33:14.185283Z","level":"info","event":"STEP 6: built snapshot dataframe rows=500","logger":"unusual_prefix_faea391ec71b1d4b4651510353e4a48d62001c31_2_refresh_traffic_speed","filename":"2_refresh_traffic_speed.py","lineno":49}
{"timestamp":"2026-04-09T13:33:14.185831Z","level":"info","event":"[SAVE START] inserting 500 rows into traffic_speed_latest","logger":"lta_common","filename":"lta_common.py","lineno":174}
{"timestamp":"2026-04-09T13:33:14.684562Z","level":"info","event":"[SAVE DONE] inserted=500 rows into traffic_speed_latest","logger":"lta_common","filename":"lta_common.py","lineno":192}
{"timestamp":"2026-04-09T13:33:14.686782Z","level":"info","event":"[SAVE START] inserting 500 rows into traffic_speed_recent","logger":"lta_common","filename":"lta_common.py","lineno":174}
{"timestamp":"2026-04-09T13:33:15.077181Z","level":"info","event":"[SAVE DONE] inserted=500 rows into traffic_speed_recent","logger":"lta_common","filename":"lta_common.py","lineno":192}
{"timestamp":"2026-04-09T13:33:15.077905Z","level":"info","event":"STEP 7: page saved skip=5000 | pages=11 | latest_rows=5500 | recent_rows=5500","logger":"unusual_prefix_faea391ec71b1d4b4651510353e4a48d62001c31_2_refresh_traffic_speed","filename":"2_refresh_traffic_speed.py","lineno":61}
{"timestamp":"2026-04-09T13:33:15.078070Z","level":"info","event":"========== PAGE START ==========","logger":"lta_common","filename":"lta_common.py","lineno":52}
{"timestamp":"2026-04-09T13:33:15.078226Z","level":"info","event":"[FETCH] requesting rows 5500–5999","logger":"lta_common","filename":"lta_common.py","lineno":53}
{"timestamp":"2026-04-09T13:33:15.078412Z","level":"info","event":"Fetching page from LTA: skip=5500","logger":"lta_common","filename":"lta_common.py","lineno":35}
{"timestamp":"2026-04-09T13:33:16.888190Z","level":"info","event":"Retrieved 500 rows from LTA at skip=5500","logger":"lta_common","filename":"lta_common.py","lineno":43}
{"timestamp":"2026-04-09T13:33:16.893266Z","level":"info","event":"[FETCH DONE] retrieved=500 rows at skip=5500","logger":"lta_common","filename":"lta_common.py","lineno":58}
{"timestamp":"2026-04-09T13:33:16.894182Z","level":"info","event":"STEP 5: processing page skip=5500 rows=500","logger":"unusual_prefix_faea391ec71b1d4b4651510353e4a48d62001c31_2_refresh_traffic_speed","filename":"2_refresh_traffic_speed.py","lineno":46}
{"timestamp":"2026-04-09T13:33:16.897805Z","level":"info","event":"STEP 6: built snapshot dataframe rows=500","logger":"unusual_prefix_faea391ec71b1d4b4651510353e4a48d62001c31_2_refresh_traffic_speed","filename":"2_refresh_traffic_speed.py","lineno":49}
{"timestamp":"2026-04-09T13:33:16.899784Z","level":"info","event":"[SAVE START] inserting 500 rows into traffic_speed_latest","logger":"lta_common","filename":"lta_common.py","lineno":174}
{"timestamp":"2026-04-09T13:33:17.596569Z","level":"info","event":"[SAVE DONE] inserted=500 rows into traffic_speed_latest","logger":"lta_common","filename":"lta_common.py","lineno":192}
{"timestamp":"2026-04-09T13:33:17.597375Z","level":"info","event":"[SAVE START] inserting 500 rows into traffic_speed_recent","logger":"lta_common","filename":"lta_common.py","lineno":174}
{"timestamp":"2026-04-09T13:33:18.485662Z","level":"info","event":"[SAVE DONE] inserted=500 rows into traffic_speed_recent","logger":"lta_common","filename":"lta_common.py","lineno":192}
{"timestamp":"2026-04-09T13:33:18.485961Z","level":"info","event":"STEP 7: page saved skip=5500 | pages=12 | latest_rows=6000 | recent_rows=6000","logger":"unusual_prefix_faea391ec71b1d4b4651510353e4a48d62001c31_2_refresh_traffic_speed","filename":"2_refresh_traffic_speed.py","lineno":61}
{"timestamp":"2026-04-09T13:33:18.486012Z","level":"info","event":"========== PAGE START ==========","logger":"lta_common","filename":"lta_common.py","lineno":52}
{"timestamp":"2026-04-09T13:33:18.486043Z","level":"info","event":"[FETCH] requesting rows 6000–6499","logger":"lta_common","filename":"lta_common.py","lineno":53}
{"timestamp":"2026-04-09T13:33:18.486088Z","level":"info","event":"Fetching page from LTA: skip=6000","logger":"lta_common","filename":"lta_common.py","lineno":35}
{"timestamp":"2026-04-09T13:33:20.107902Z","level":"info","event":"Retrieved 500 rows from LTA at skip=6000","logger":"lta_common","filename":"lta_common.py","lineno":43}
{"timestamp":"2026-04-09T13:33:20.113900Z","level":"info","event":"[FETCH DONE] retrieved=500 rows at skip=6000","logger":"lta_common","filename":"lta_common.py","lineno":58}
{"timestamp":"2026-04-09T13:33:20.114692Z","level":"info","event":"STEP 5: processing page skip=6000 rows=500","logger":"unusual_prefix_faea391ec71b1d4b4651510353e4a48d62001c31_2_refresh_traffic_speed","filename":"2_refresh_traffic_speed.py","lineno":46}
{"timestamp":"2026-04-09T13:33:20.118855Z","level":"info","event":"STEP 6: built snapshot dataframe rows=500","logger":"unusual_prefix_faea391ec71b1d4b4651510353e4a48d62001c31_2_refresh_traffic_speed","filename":"2_refresh_traffic_speed.py","lineno":49}
{"timestamp":"2026-04-09T13:33:20.120832Z","level":"info","event":"[SAVE START] inserting 500 rows into traffic_speed_latest","logger":"lta_common","filename":"lta_common.py","lineno":174}
{"timestamp":"2026-04-09T13:33:20.477378Z","level":"info","event":"[SAVE DONE] inserted=500 rows into traffic_speed_latest","logger":"lta_common","filename":"lta_common.py","lineno":192}
{"timestamp":"2026-04-09T13:33:20.479189Z","level":"info","event":"[SAVE START] inserting 500 rows into traffic_speed_recent","logger":"lta_common","filename":"lta_common.py","lineno":174}
{"timestamp":"2026-04-09T13:33:21.161561Z","level":"info","event":"[SAVE DONE] inserted=500 rows into traffic_speed_recent","logger":"lta_common","filename":"lta_common.py","lineno":192}
{"timestamp":"2026-04-09T13:33:21.162123Z","level":"info","event":"STEP 7: page saved skip=6000 | pages=13 | latest_rows=6500 | recent_rows=6500","logger":"unusual_prefix_faea391ec71b1d4b4651510353e4a48d62001c31_2_refresh_traffic_speed","filename":"2_refresh_traffic_speed.py","lineno":61}
{"timestamp":"2026-04-09T13:33:21.162227Z","level":"info","event":"========== PAGE START ==========","logger":"lta_common","filename":"lta_common.py","lineno":52}
{"timestamp":"2026-04-09T13:33:21.162294Z","level":"info","event":"[FETCH] requesting rows 6500–6999","logger":"lta_common","filename":"lta_common.py","lineno":53}
{"timestamp":"2026-04-09T13:33:21.162398Z","level":"info","event":"Fetching page from LTA: skip=6500","logger":"lta_common","filename":"lta_common.py","lineno":35}
{"timestamp":"2026-04-09T13:33:22.146325Z","level":"info","event":"Retrieved 500 rows from LTA at skip=6500","logger":"lta_common","filename":"lta_common.py","lineno":43}
{"timestamp":"2026-04-09T13:33:22.147739Z","level":"info","event":"[FETCH DONE] retrieved=500 rows at skip=6500","logger":"lta_common","filename":"lta_common.py","lineno":58}
{"timestamp":"2026-04-09T13:33:22.147866Z","level":"info","event":"STEP 5: processing page skip=6500 rows=500","logger":"unusual_prefix_faea391ec71b1d4b4651510353e4a48d62001c31_2_refresh_traffic_speed","filename":"2_refresh_traffic_speed.py","lineno":46}
{"timestamp":"2026-04-09T13:33:22.149000Z","level":"info","event":"STEP 6: built snapshot dataframe rows=500","logger":"unusual_prefix_faea391ec71b1d4b4651510353e4a48d62001c31_2_refresh_traffic_speed","filename":"2_refresh_traffic_speed.py","lineno":49}
{"timestamp":"2026-04-09T13:33:22.149450Z","level":"info","event":"[SAVE START] inserting 500 rows into traffic_speed_latest","logger":"lta_common","filename":"lta_common.py","lineno":174}
{"timestamp":"2026-04-09T13:33:22.995614Z","level":"info","event":"[SAVE DONE] inserted=500 rows into traffic_speed_latest","logger":"lta_common","filename":"lta_common.py","lineno":192}
{"timestamp":"2026-04-09T13:33:22.996266Z","level":"info","event":"[SAVE START] inserting 500 rows into traffic_speed_recent","logger":"lta_common","filename":"lta_common.py","lineno":174}
{"timestamp":"2026-04-09T13:33:23.824135Z","level":"info","event":"[SAVE DONE] inserted=500 rows into traffic_speed_recent","logger":"lta_common","filename":"lta_common.py","lineno":192}
{"timestamp":"2026-04-09T13:33:23.824311Z","level":"info","event":"STEP 7: page saved skip=6500 | pages=14 | latest_rows=7000 | recent_rows=7000","logger":"unusual_prefix_faea391ec71b1d4b4651510353e4a48d62001c31_2_refresh_traffic_speed","filename":"2_refresh_traffic_speed.py","lineno":61}
{"timestamp":"2026-04-09T13:33:23.824355Z","level":"info","event":"========== PAGE START ==========","logger":"lta_common","filename":"lta_common.py","lineno":52}
{"timestamp":"2026-04-09T13:33:23.824381Z","level":"info","event":"[FETCH] requesting rows 7000–7499","logger":"lta_common","filename":"lta_common.py","lineno":53}
{"timestamp":"2026-04-09T13:33:23.824413Z","level":"info","event":"Fetching page from LTA: skip=7000","logger":"lta_common","filename":"lta_common.py","lineno":35}
{"timestamp":"2026-04-09T13:33:26.379380Z","level":"info","event":"Retrieved 500 rows from LTA at skip=7000","logger":"lta_common","filename":"lta_common.py","lineno":43}
{"timestamp":"2026-04-09T13:33:26.384486Z","level":"info","event":"[FETCH DONE] retrieved=500 rows at skip=7000","logger":"lta_common","filename":"lta_common.py","lineno":58}
{"timestamp":"2026-04-09T13:33:26.385025Z","level":"info","event":"STEP 5: processing page skip=7000 rows=500","logger":"unusual_prefix_faea391ec71b1d4b4651510353e4a48d62001c31_2_refresh_traffic_speed","filename":"2_refresh_traffic_speed.py","lineno":46}
{"timestamp":"2026-04-09T13:33:26.388175Z","level":"info","event":"STEP 6: built snapshot dataframe rows=500","logger":"unusual_prefix_faea391ec71b1d4b4651510353e4a48d62001c31_2_refresh_traffic_speed","filename":"2_refresh_traffic_speed.py","lineno":49}
{"timestamp":"2026-04-09T13:33:26.389475Z","level":"info","event":"[SAVE START] inserting 500 rows into traffic_speed_latest","logger":"lta_common","filename":"lta_common.py","lineno":174}
{"timestamp":"2026-04-09T13:33:27.374800Z","level":"info","event":"[SAVE DONE] inserted=500 rows into traffic_speed_latest","logger":"lta_common","filename":"lta_common.py","lineno":192}
{"timestamp":"2026-04-09T13:33:27.377353Z","level":"info","event":"[SAVE START] inserting 500 rows into traffic_speed_recent","logger":"lta_common","filename":"lta_common.py","lineno":174}
{"timestamp":"2026-04-09T13:33:28.225555Z","level":"info","event":"[SAVE DONE] inserted=500 rows into traffic_speed_recent","logger":"lta_common","filename":"lta_common.py","lineno":192}
{"timestamp":"2026-04-09T13:33:28.225785Z","level":"info","event":"STEP 7: page saved skip=7000 | pages=15 | latest_rows=7500 | recent_rows=7500","logger":"unusual_prefix_faea391ec71b1d4b4651510353e4a48d62001c31_2_refresh_traffic_speed","filename":"2_refresh_traffic_speed.py","lineno":61}
{"timestamp":"2026-04-09T13:33:28.225819Z","level":"info","event":"========== PAGE START ==========","logger":"lta_common","filename":"lta_common.py","lineno":52}
{"timestamp":"2026-04-09T13:33:28.225842Z","level":"info","event":"[FETCH] requesting rows 7500–7999","logger":"lta_common","filename":"lta_common.py","lineno":53}
{"timestamp":"2026-04-09T13:33:28.225873Z","level":"info","event":"Fetching page from LTA: skip=7500","logger":"lta_common","filename":"lta_common.py","lineno":35}
{"timestamp":"2026-04-09T13:33:28.937160Z","level":"info","event":"Retrieved 500 rows from LTA at skip=7500","logger":"lta_common","filename":"lta_common.py","lineno":43}
{"timestamp":"2026-04-09T13:33:28.938415Z","level":"info","event":"[FETCH DONE] retrieved=500 rows at skip=7500","logger":"lta_common","filename":"lta_common.py","lineno":58}
{"timestamp":"2026-04-09T13:33:28.938653Z","level":"info","event":"STEP 5: processing page skip=7500 rows=500","logger":"unusual_prefix_faea391ec71b1d4b4651510353e4a48d62001c31_2_refresh_traffic_speed","filename":"2_refresh_traffic_speed.py","lineno":46}
{"timestamp":"2026-04-09T13:33:28.939479Z","level":"info","event":"STEP 6: built snapshot dataframe rows=500","logger":"unusual_prefix_faea391ec71b1d4b4651510353e4a48d62001c31_2_refresh_traffic_speed","filename":"2_refresh_traffic_speed.py","lineno":49}
{"timestamp":"2026-04-09T13:33:28.939923Z","level":"info","event":"[SAVE START] inserting 500 rows into traffic_speed_latest","logger":"lta_common","filename":"lta_common.py","lineno":174}
{"timestamp":"2026-04-09T13:33:29.729651Z","level":"info","event":"[SAVE DONE] inserted=500 rows into traffic_speed_latest","logger":"lta_common","filename":"lta_common.py","lineno":192}
{"timestamp":"2026-04-09T13:33:29.730363Z","level":"info","event":"[SAVE START] inserting 500 rows into traffic_speed_recent","logger":"lta_common","filename":"lta_common.py","lineno":174}
{"timestamp":"2026-04-09T13:33:30.207992Z","level":"info","event":"[SAVE DONE] inserted=500 rows into traffic_speed_recent","logger":"lta_common","filename":"lta_common.py","lineno":192}
{"timestamp":"2026-04-09T13:33:30.208525Z","level":"info","event":"STEP 7: page saved skip=7500 | pages=16 | latest_rows=8000 | recent_rows=8000","logger":"unusual_prefix_faea391ec71b1d4b4651510353e4a48d62001c31_2_refresh_traffic_speed","filename":"2_refresh_traffic_speed.py","lineno":61}
{"timestamp":"2026-04-09T13:33:30.208674Z","level":"info","event":"========== PAGE START ==========","logger":"lta_common","filename":"lta_common.py","lineno":52}
{"timestamp":"2026-04-09T13:33:30.208805Z","level":"info","event":"[FETCH] requesting rows 8000–8499","logger":"lta_common","filename":"lta_common.py","lineno":53}
{"timestamp":"2026-04-09T13:33:30.208899Z","level":"info","event":"Fetching page from LTA: skip=8000","logger":"lta_common","filename":"lta_common.py","lineno":35}
{"timestamp":"2026-04-09T13:33:31.660941Z","level":"info","event":"Retrieved 500 rows from LTA at skip=8000","logger":"lta_common","filename":"lta_common.py","lineno":43}
{"timestamp":"2026-04-09T13:33:31.665823Z","level":"info","event":"[FETCH DONE] retrieved=500 rows at skip=8000","logger":"lta_common","filename":"lta_common.py","lineno":58}
{"timestamp":"2026-04-09T13:33:31.667093Z","level":"info","event":"STEP 5: processing page skip=8000 rows=500","logger":"unusual_prefix_faea391ec71b1d4b4651510353e4a48d62001c31_2_refresh_traffic_speed","filename":"2_refresh_traffic_speed.py","lineno":46}
{"timestamp":"2026-04-09T13:33:31.670273Z","level":"info","event":"STEP 6: built snapshot dataframe rows=500","logger":"unusual_prefix_faea391ec71b1d4b4651510353e4a48d62001c31_2_refresh_traffic_speed","filename":"2_refresh_traffic_speed.py","lineno":49}
{"timestamp":"2026-04-09T13:33:31.671705Z","level":"info","event":"[SAVE START] inserting 500 rows into traffic_speed_latest","logger":"lta_common","filename":"lta_common.py","lineno":174}
{"timestamp":"2026-04-09T13:33:32.044724Z","level":"info","event":"[SAVE DONE] inserted=500 rows into traffic_speed_latest","logger":"lta_common","filename":"lta_common.py","lineno":192}
{"timestamp":"2026-04-09T13:33:32.047020Z","level":"info","event":"[SAVE START] inserting 500 rows into traffic_speed_recent","logger":"lta_common","filename":"lta_common.py","lineno":174}
{"timestamp":"2026-04-09T13:33:32.745353Z","level":"info","event":"[SAVE DONE] inserted=500 rows into traffic_speed_recent","logger":"lta_common","filename":"lta_common.py","lineno":192}
{"timestamp":"2026-04-09T13:33:32.745491Z","level":"info","event":"STEP 7: page saved skip=8000 | pages=17 | latest_rows=8500 | recent_rows=8500","logger":"unusual_prefix_faea391ec71b1d4b4651510353e4a48d62001c31_2_refresh_traffic_speed","filename":"2_refresh_traffic_speed.py","lineno":61}
{"timestamp":"2026-04-09T13:33:32.745521Z","level":"info","event":"========== PAGE START ==========","logger":"lta_common","filename":"lta_common.py","lineno":52}
{"timestamp":"2026-04-09T13:33:32.745543Z","level":"info","event":"[FETCH] requesting rows 8500–8999","logger":"lta_common","filename":"lta_common.py","lineno":53}
{"timestamp":"2026-04-09T13:33:32.745574Z","level":"info","event":"Fetching page from LTA: skip=8500","logger":"lta_common","filename":"lta_common.py","lineno":35}
{"timestamp":"2026-04-09T13:33:34.507362Z","level":"info","event":"Retrieved 500 rows from LTA at skip=8500","logger":"lta_common","filename":"lta_common.py","lineno":43}
{"timestamp":"2026-04-09T13:33:34.512176Z","level":"info","event":"[FETCH DONE] retrieved=500 rows at skip=8500","logger":"lta_common","filename":"lta_common.py","lineno":58}
{"timestamp":"2026-04-09T13:33:34.512852Z","level":"info","event":"STEP 5: processing page skip=8500 rows=500","logger":"unusual_prefix_faea391ec71b1d4b4651510353e4a48d62001c31_2_refresh_traffic_speed","filename":"2_refresh_traffic_speed.py","lineno":46}
{"timestamp":"2026-04-09T13:33:34.515364Z","level":"info","event":"STEP 6: built snapshot dataframe rows=500","logger":"unusual_prefix_faea391ec71b1d4b4651510353e4a48d62001c31_2_refresh_traffic_speed","filename":"2_refresh_traffic_speed.py","lineno":49}
{"timestamp":"2026-04-09T13:33:34.516573Z","level":"info","event":"[SAVE START] inserting 500 rows into traffic_speed_latest","logger":"lta_common","filename":"lta_common.py","lineno":174}
{"timestamp":"2026-04-09T13:33:35.477649Z","level":"info","event":"[SAVE DONE] inserted=500 rows into traffic_speed_latest","logger":"lta_common","filename":"lta_common.py","lineno":192}
{"timestamp":"2026-04-09T13:33:35.480624Z","level":"info","event":"[SAVE START] inserting 500 rows into traffic_speed_recent","logger":"lta_common","filename":"lta_common.py","lineno":174}
{"timestamp":"2026-04-09T13:33:35.866946Z","level":"info","event":"[SAVE DONE] inserted=500 rows into traffic_speed_recent","logger":"lta_common","filename":"lta_common.py","lineno":192}
{"timestamp":"2026-04-09T13:33:35.867095Z","level":"info","event":"STEP 7: page saved skip=8500 | pages=18 | latest_rows=9000 | recent_rows=9000","logger":"unusual_prefix_faea391ec71b1d4b4651510353e4a48d62001c31_2_refresh_traffic_speed","filename":"2_refresh_traffic_speed.py","lineno":61}
{"timestamp":"2026-04-09T13:33:35.867130Z","level":"info","event":"========== PAGE START ==========","logger":"lta_common","filename":"lta_common.py","lineno":52}
{"timestamp":"2026-04-09T13:33:35.867152Z","level":"info","event":"[FETCH] requesting rows 9000–9499","logger":"lta_common","filename":"lta_common.py","lineno":53}
{"timestamp":"2026-04-09T13:33:35.867182Z","level":"info","event":"Fetching page from LTA: skip=9000","logger":"lta_common","filename":"lta_common.py","lineno":35}
{"timestamp":"2026-04-09T13:33:37.656734Z","level":"info","event":"Retrieved 500 rows from LTA at skip=9000","logger":"lta_common","filename":"lta_common.py","lineno":43}
{"timestamp":"2026-04-09T13:33:37.658201Z","level":"info","event":"[FETCH DONE] retrieved=500 rows at skip=9000","logger":"lta_common","filename":"lta_common.py","lineno":58}
{"timestamp":"2026-04-09T13:33:37.658421Z","level":"info","event":"STEP 5: processing page skip=9000 rows=500","logger":"unusual_prefix_faea391ec71b1d4b4651510353e4a48d62001c31_2_refresh_traffic_speed","filename":"2_refresh_traffic_speed.py","lineno":46}
{"timestamp":"2026-04-09T13:33:37.659422Z","level":"info","event":"STEP 6: built snapshot dataframe rows=500","logger":"unusual_prefix_faea391ec71b1d4b4651510353e4a48d62001c31_2_refresh_traffic_speed","filename":"2_refresh_traffic_speed.py","lineno":49}
{"timestamp":"2026-04-09T13:33:37.659913Z","level":"info","event":"[SAVE START] inserting 500 rows into traffic_speed_latest","logger":"lta_common","filename":"lta_common.py","lineno":174}
{"timestamp":"2026-04-09T13:33:38.023712Z","level":"info","event":"[SAVE DONE] inserted=500 rows into traffic_speed_latest","logger":"lta_common","filename":"lta_common.py","lineno":192}
{"timestamp":"2026-04-09T13:33:38.024413Z","level":"info","event":"[SAVE START] inserting 500 rows into traffic_speed_recent","logger":"lta_common","filename":"lta_common.py","lineno":174}
{"timestamp":"2026-04-09T13:33:38.413967Z","level":"info","event":"[SAVE DONE] inserted=500 rows into traffic_speed_recent","logger":"lta_common","filename":"lta_common.py","lineno":192}
{"timestamp":"2026-04-09T13:33:38.414189Z","level":"info","event":"STEP 7: page saved skip=9000 | pages=19 | latest_rows=9500 | recent_rows=9500","logger":"unusual_prefix_faea391ec71b1d4b4651510353e4a48d62001c31_2_refresh_traffic_speed","filename":"2_refresh_traffic_speed.py","lineno":61}
{"timestamp":"2026-04-09T13:33:38.414225Z","level":"info","event":"========== PAGE START ==========","logger":"lta_common","filename":"lta_common.py","lineno":52}
{"timestamp":"2026-04-09T13:33:38.414247Z","level":"info","event":"[FETCH] requesting rows 9500–9999","logger":"lta_common","filename":"lta_common.py","lineno":53}
{"timestamp":"2026-04-09T13:33:38.414296Z","level":"info","event":"Fetching page from LTA: skip=9500","logger":"lta_common","filename":"lta_common.py","lineno":35}
{"timestamp":"2026-04-09T13:33:41.149468Z","level":"info","event":"Retrieved 500 rows from LTA at skip=9500","logger":"lta_common","filename":"lta_common.py","lineno":43}
{"timestamp":"2026-04-09T13:33:41.154951Z","level":"info","event":"[FETCH DONE] retrieved=500 rows at skip=9500","logger":"lta_common","filename":"lta_common.py","lineno":58}
{"timestamp":"2026-04-09T13:33:41.155913Z","level":"info","event":"STEP 5: processing page skip=9500 rows=500","logger":"unusual_prefix_faea391ec71b1d4b4651510353e4a48d62001c31_2_refresh_traffic_speed","filename":"2_refresh_traffic_speed.py","lineno":46}
{"timestamp":"2026-04-09T13:33:41.159043Z","level":"info","event":"STEP 6: built snapshot dataframe rows=500","logger":"unusual_prefix_faea391ec71b1d4b4651510353e4a48d62001c31_2_refresh_traffic_speed","filename":"2_refresh_traffic_speed.py","lineno":49}
{"timestamp":"2026-04-09T13:33:41.160452Z","level":"info","event":"[SAVE START] inserting 500 rows into traffic_speed_latest","logger":"lta_common","filename":"lta_common.py","lineno":174}
{"timestamp":"2026-04-09T13:33:41.544617Z","level":"info","event":"[SAVE DONE] inserted=500 rows into traffic_speed_latest","logger":"lta_common","filename":"lta_common.py","lineno":192}
{"timestamp":"2026-04-09T13:33:41.547621Z","level":"info","event":"[SAVE START] inserting 500 rows into traffic_speed_recent","logger":"lta_common","filename":"lta_common.py","lineno":174}
{"timestamp":"2026-04-09T13:33:42.963455Z","level":"info","event":"[SAVE DONE] inserted=500 rows into traffic_speed_recent","logger":"lta_common","filename":"lta_common.py","lineno":192}
{"timestamp":"2026-04-09T13:33:42.963613Z","level":"info","event":"STEP 7: page saved skip=9500 | pages=20 | latest_rows=10000 | recent_rows=10000","logger":"unusual_prefix_faea391ec71b1d4b4651510353e4a48d62001c31_2_refresh_traffic_speed","filename":"2_refresh_traffic_speed.py","lineno":61}
{"timestamp":"2026-04-09T13:33:42.963650Z","level":"info","event":"========== PAGE START ==========","logger":"lta_common","filename":"lta_common.py","lineno":52}
{"timestamp":"2026-04-09T13:33:42.963673Z","level":"info","event":"[FETCH] requesting rows 10000–10499","logger":"lta_common","filename":"lta_common.py","lineno":53}
{"timestamp":"2026-04-09T13:33:42.963714Z","level":"info","event":"Fetching page from LTA: skip=10000","logger":"lta_common","filename":"lta_common.py","lineno":35}
{"timestamp":"2026-04-09T13:33:45.175134Z","level":"info","event":"Retrieved 500 rows from LTA at skip=10000","logger":"lta_common","filename":"lta_common.py","lineno":43}
{"timestamp":"2026-04-09T13:33:45.176759Z","level":"info","event":"[FETCH DONE] retrieved=500 rows at skip=10000","logger":"lta_common","filename":"lta_common.py","lineno":58}
{"timestamp":"2026-04-09T13:33:45.176859Z","level":"info","event":"STEP 5: processing page skip=10000 rows=500","logger":"unusual_prefix_faea391ec71b1d4b4651510353e4a48d62001c31_2_refresh_traffic_speed","filename":"2_refresh_traffic_speed.py","lineno":46}
{"timestamp":"2026-04-09T13:33:45.177755Z","level":"info","event":"STEP 6: built snapshot dataframe rows=500","logger":"unusual_prefix_faea391ec71b1d4b4651510353e4a48d62001c31_2_refresh_traffic_speed","filename":"2_refresh_traffic_speed.py","lineno":49}
{"timestamp":"2026-04-09T13:33:45.178476Z","level":"info","event":"[SAVE START] inserting 500 rows into traffic_speed_latest","logger":"lta_common","filename":"lta_common.py","lineno":174}
{"timestamp":"2026-04-09T13:33:45.552844Z","level":"info","event":"[SAVE DONE] inserted=500 rows into traffic_speed_latest","logger":"lta_common","filename":"lta_common.py","lineno":192}
{"timestamp":"2026-04-09T13:33:45.555596Z","level":"info","event":"[SAVE START] inserting 500 rows into traffic_speed_recent","logger":"lta_common","filename":"lta_common.py","lineno":174}
{"timestamp":"2026-04-09T13:33:46.247353Z","level":"info","event":"[SAVE DONE] inserted=500 rows into traffic_speed_recent","logger":"lta_common","filename":"lta_common.py","lineno":192}
{"timestamp":"2026-04-09T13:33:46.247771Z","level":"info","event":"STEP 7: page saved skip=10000 | pages=21 | latest_rows=10500 | recent_rows=10500","logger":"unusual_prefix_faea391ec71b1d4b4651510353e4a48d62001c31_2_refresh_traffic_speed","filename":"2_refresh_traffic_speed.py","lineno":61}
{"timestamp":"2026-04-09T13:33:46.247841Z","level":"info","event":"========== PAGE START ==========","logger":"lta_common","filename":"lta_common.py","lineno":52}
{"timestamp":"2026-04-09T13:33:46.247884Z","level":"info","event":"[FETCH] requesting rows 10500–10999","logger":"lta_common","filename":"lta_common.py","lineno":53}
{"timestamp":"2026-04-09T13:33:46.247964Z","level":"info","event":"Fetching page from LTA: skip=10500","logger":"lta_common","filename":"lta_common.py","lineno":35}
{"timestamp":"2026-04-09T13:33:47.375895Z","level":"info","event":"Retrieved 500 rows from LTA at skip=10500","logger":"lta_common","filename":"lta_common.py","lineno":43}
{"timestamp":"2026-04-09T13:33:47.377970Z","level":"info","event":"[FETCH DONE] retrieved=500 rows at skip=10500","logger":"lta_common","filename":"lta_common.py","lineno":58}
{"timestamp":"2026-04-09T13:33:47.378240Z","level":"info","event":"STEP 5: processing page skip=10500 rows=500","logger":"unusual_prefix_faea391ec71b1d4b4651510353e4a48d62001c31_2_refresh_traffic_speed","filename":"2_refresh_traffic_speed.py","lineno":46}
{"timestamp":"2026-04-09T13:33:47.379896Z","level":"info","event":"STEP 6: built snapshot dataframe rows=500","logger":"unusual_prefix_faea391ec71b1d4b4651510353e4a48d62001c31_2_refresh_traffic_speed","filename":"2_refresh_traffic_speed.py","lineno":49}
{"timestamp":"2026-04-09T13:33:47.380452Z","level":"info","event":"[SAVE START] inserting 500 rows into traffic_speed_latest","logger":"lta_common","filename":"lta_common.py","lineno":174}
{"timestamp":"2026-04-09T13:33:48.896120Z","level":"info","event":"[SAVE DONE] inserted=500 rows into traffic_speed_latest","logger":"lta_common","filename":"lta_common.py","lineno":192}
{"timestamp":"2026-04-09T13:33:48.896801Z","level":"info","event":"[SAVE START] inserting 500 rows into traffic_speed_recent","logger":"lta_common","filename":"lta_common.py","lineno":174}
{"timestamp":"2026-04-09T13:33:49.691501Z","level":"info","event":"[SAVE DONE] inserted=500 rows into traffic_speed_recent","logger":"lta_common","filename":"lta_common.py","lineno":192}
{"timestamp":"2026-04-09T13:33:49.691668Z","level":"info","event":"STEP 7: page saved skip=10500 | pages=22 | latest_rows=11000 | recent_rows=11000","logger":"unusual_prefix_faea391ec71b1d4b4651510353e4a48d62001c31_2_refresh_traffic_speed","filename":"2_refresh_traffic_speed.py","lineno":61}
{"timestamp":"2026-04-09T13:33:49.691704Z","level":"info","event":"========== PAGE START ==========","logger":"lta_common","filename":"lta_common.py","lineno":52}
{"timestamp":"2026-04-09T13:33:49.691728Z","level":"info","event":"[FETCH] requesting rows 11000–11499","logger":"lta_common","filename":"lta_common.py","lineno":53}
{"timestamp":"2026-04-09T13:33:49.691768Z","level":"info","event":"Fetching page from LTA: skip=11000","logger":"lta_common","filename":"lta_common.py","lineno":35}
{"timestamp":"2026-04-09T13:33:51.346395Z","level":"info","event":"Retrieved 500 rows from LTA at skip=11000","logger":"lta_common","filename":"lta_common.py","lineno":43}
{"timestamp":"2026-04-09T13:33:51.347537Z","level":"info","event":"[FETCH DONE] retrieved=500 rows at skip=11000","logger":"lta_common","filename":"lta_common.py","lineno":58}
{"timestamp":"2026-04-09T13:33:51.347788Z","level":"info","event":"STEP 5: processing page skip=11000 rows=500","logger":"unusual_prefix_faea391ec71b1d4b4651510353e4a48d62001c31_2_refresh_traffic_speed","filename":"2_refresh_traffic_speed.py","lineno":46}
{"timestamp":"2026-04-09T13:33:51.348787Z","level":"info","event":"STEP 6: built snapshot dataframe rows=500","logger":"unusual_prefix_faea391ec71b1d4b4651510353e4a48d62001c31_2_refresh_traffic_speed","filename":"2_refresh_traffic_speed.py","lineno":49}
{"timestamp":"2026-04-09T13:33:51.349259Z","level":"info","event":"[SAVE START] inserting 500 rows into traffic_speed_latest","logger":"lta_common","filename":"lta_common.py","lineno":174}
{"timestamp":"2026-04-09T13:33:51.887542Z","level":"info","event":"[SAVE DONE] inserted=500 rows into traffic_speed_latest","logger":"lta_common","filename":"lta_common.py","lineno":192}
{"timestamp":"2026-04-09T13:33:51.888198Z","level":"info","event":"[SAVE START] inserting 500 rows into traffic_speed_recent","logger":"lta_common","filename":"lta_common.py","lineno":174}
{"timestamp":"2026-04-09T13:33:52.381253Z","level":"info","event":"[SAVE DONE] inserted=500 rows into traffic_speed_recent","logger":"lta_common","filename":"lta_common.py","lineno":192}
{"timestamp":"2026-04-09T13:33:52.381401Z","level":"info","event":"STEP 7: page saved skip=11000 | pages=23 | latest_rows=11500 | recent_rows=11500","logger":"unusual_prefix_faea391ec71b1d4b4651510353e4a48d62001c31_2_refresh_traffic_speed","filename":"2_refresh_traffic_speed.py","lineno":61}
{"timestamp":"2026-04-09T13:33:52.381433Z","level":"info","event":"========== PAGE START ==========","logger":"lta_common","filename":"lta_common.py","lineno":52}
{"timestamp":"2026-04-09T13:33:52.381455Z","level":"info","event":"[FETCH] requesting rows 11500–11999","logger":"lta_common","filename":"lta_common.py","lineno":53}
{"timestamp":"2026-04-09T13:33:52.381486Z","level":"info","event":"Fetching page from LTA: skip=11500","logger":"lta_common","filename":"lta_common.py","lineno":35}
{"timestamp":"2026-04-09T13:33:54.797697Z","level":"info","event":"Retrieved 500 rows from LTA at skip=11500","logger":"lta_common","filename":"lta_common.py","lineno":43}
{"timestamp":"2026-04-09T13:33:54.802181Z","level":"info","event":"[FETCH DONE] retrieved=500 rows at skip=11500","logger":"lta_common","filename":"lta_common.py","lineno":58}
{"timestamp":"2026-04-09T13:33:54.802630Z","level":"info","event":"STEP 5: processing page skip=11500 rows=500","logger":"unusual_prefix_faea391ec71b1d4b4651510353e4a48d62001c31_2_refresh_traffic_speed","filename":"2_refresh_traffic_speed.py","lineno":46}
{"timestamp":"2026-04-09T13:33:54.804472Z","level":"info","event":"STEP 6: built snapshot dataframe rows=500","logger":"unusual_prefix_faea391ec71b1d4b4651510353e4a48d62001c31_2_refresh_traffic_speed","filename":"2_refresh_traffic_speed.py","lineno":49}
{"timestamp":"2026-04-09T13:33:54.805576Z","level":"info","event":"[SAVE START] inserting 500 rows into traffic_speed_latest","logger":"lta_common","filename":"lta_common.py","lineno":174}
{"timestamp":"2026-04-09T13:33:55.172510Z","level":"info","event":"[SAVE DONE] inserted=500 rows into traffic_speed_latest","logger":"lta_common","filename":"lta_common.py","lineno":192}
{"timestamp":"2026-04-09T13:33:55.173100Z","level":"info","event":"[SAVE START] inserting 500 rows into traffic_speed_recent","logger":"lta_common","filename":"lta_common.py","lineno":174}
{"timestamp":"2026-04-09T13:33:55.871706Z","level":"info","event":"[SAVE DONE] inserted=500 rows into traffic_speed_recent","logger":"lta_common","filename":"lta_common.py","lineno":192}
{"timestamp":"2026-04-09T13:33:55.871827Z","level":"info","event":"STEP 7: page saved skip=11500 | pages=24 | latest_rows=12000 | recent_rows=12000","logger":"unusual_prefix_faea391ec71b1d4b4651510353e4a48d62001c31_2_refresh_traffic_speed","filename":"2_refresh_traffic_speed.py","lineno":61}
{"timestamp":"2026-04-09T13:33:55.871856Z","level":"info","event":"========== PAGE START ==========","logger":"lta_common","filename":"lta_common.py","lineno":52}
{"timestamp":"2026-04-09T13:33:55.871877Z","level":"info","event":"[FETCH] requesting rows 12000–12499","logger":"lta_common","filename":"lta_common.py","lineno":53}
{"timestamp":"2026-04-09T13:33:55.871906Z","level":"info","event":"Fetching page from LTA: skip=12000","logger":"lta_common","filename":"lta_common.py","lineno":35}
{"timestamp":"2026-04-09T13:33:56.616436Z","level":"info","event":"Retrieved 500 rows from LTA at skip=12000","logger":"lta_common","filename":"lta_common.py","lineno":43}
{"timestamp":"2026-04-09T13:33:56.617836Z","level":"info","event":"[FETCH DONE] retrieved=500 rows at skip=12000","logger":"lta_common","filename":"lta_common.py","lineno":58}
{"timestamp":"2026-04-09T13:33:56.617939Z","level":"info","event":"STEP 5: processing page skip=12000 rows=500","logger":"unusual_prefix_faea391ec71b1d4b4651510353e4a48d62001c31_2_refresh_traffic_speed","filename":"2_refresh_traffic_speed.py","lineno":46}
{"timestamp":"2026-04-09T13:33:56.618700Z","level":"info","event":"STEP 6: built snapshot dataframe rows=500","logger":"unusual_prefix_faea391ec71b1d4b4651510353e4a48d62001c31_2_refresh_traffic_speed","filename":"2_refresh_traffic_speed.py","lineno":49}
{"timestamp":"2026-04-09T13:33:56.619131Z","level":"info","event":"[SAVE START] inserting 500 rows into traffic_speed_latest","logger":"lta_common","filename":"lta_common.py","lineno":174}
{"timestamp":"2026-04-09T13:33:57.553432Z","level":"info","event":"[SAVE DONE] inserted=500 rows into traffic_speed_latest","logger":"lta_common","filename":"lta_common.py","lineno":192}
{"timestamp":"2026-04-09T13:33:57.555961Z","level":"info","event":"[SAVE START] inserting 500 rows into traffic_speed_recent","logger":"lta_common","filename":"lta_common.py","lineno":174}
{"timestamp":"2026-04-09T13:33:58.494632Z","level":"info","event":"[SAVE DONE] inserted=500 rows into traffic_speed_recent","logger":"lta_common","filename":"lta_common.py","lineno":192}
{"timestamp":"2026-04-09T13:33:58.495432Z","level":"info","event":"STEP 7: page saved skip=12000 | pages=25 | latest_rows=12500 | recent_rows=12500","logger":"unusual_prefix_faea391ec71b1d4b4651510353e4a48d62001c31_2_refresh_traffic_speed","filename":"2_refresh_traffic_speed.py","lineno":61}
{"timestamp":"2026-04-09T13:33:58.495550Z","level":"info","event":"========== PAGE START ==========","logger":"lta_common","filename":"lta_common.py","lineno":52}
{"timestamp":"2026-04-09T13:33:58.495641Z","level":"info","event":"[FETCH] requesting rows 12500–12999","logger":"lta_common","filename":"lta_common.py","lineno":53}
{"timestamp":"2026-04-09T13:33:58.495762Z","level":"info","event":"Fetching page from LTA: skip=12500","logger":"lta_common","filename":"lta_common.py","lineno":35}
{"timestamp":"2026-04-09T13:34:02.343195Z","level":"info","event":"Retrieved 500 rows from LTA at skip=12500","logger":"lta_common","filename":"lta_common.py","lineno":43}
{"timestamp":"2026-04-09T13:34:02.344471Z","level":"info","event":"[FETCH DONE] retrieved=500 rows at skip=12500","logger":"lta_common","filename":"lta_common.py","lineno":58}
{"timestamp":"2026-04-09T13:34:02.344695Z","level":"info","event":"STEP 5: processing page skip=12500 rows=500","logger":"unusual_prefix_faea391ec71b1d4b4651510353e4a48d62001c31_2_refresh_traffic_speed","filename":"2_refresh_traffic_speed.py","lineno":46}
{"timestamp":"2026-04-09T13:34:02.345577Z","level":"info","event":"STEP 6: built snapshot dataframe rows=500","logger":"unusual_prefix_faea391ec71b1d4b4651510353e4a48d62001c31_2_refresh_traffic_speed","filename":"2_refresh_traffic_speed.py","lineno":49}
{"timestamp":"2026-04-09T13:34:02.346038Z","level":"info","event":"[SAVE START] inserting 500 rows into traffic_speed_latest","logger":"lta_common","filename":"lta_common.py","lineno":174}
{"timestamp":"2026-04-09T13:34:02.981662Z","level":"info","event":"[SAVE DONE] inserted=500 rows into traffic_speed_latest","logger":"lta_common","filename":"lta_common.py","lineno":192}
{"timestamp":"2026-04-09T13:34:02.982281Z","level":"info","event":"[SAVE START] inserting 500 rows into traffic_speed_recent","logger":"lta_common","filename":"lta_common.py","lineno":174}
{"timestamp":"2026-04-09T13:34:03.682385Z","level":"info","event":"[SAVE DONE] inserted=500 rows into traffic_speed_recent","logger":"lta_common","filename":"lta_common.py","lineno":192}
{"timestamp":"2026-04-09T13:34:03.683073Z","level":"info","event":"STEP 7: page saved skip=12500 | pages=26 | latest_rows=13000 | recent_rows=13000","logger":"unusual_prefix_faea391ec71b1d4b4651510353e4a48d62001c31_2_refresh_traffic_speed","filename":"2_refresh_traffic_speed.py","lineno":61}
{"timestamp":"2026-04-09T13:34:03.683243Z","level":"info","event":"========== PAGE START ==========","logger":"lta_common","filename":"lta_common.py","lineno":52}
{"timestamp":"2026-04-09T13:34:03.683371Z","level":"info","event":"[FETCH] requesting rows 13000–13499","logger":"lta_common","filename":"lta_common.py","lineno":53}
{"timestamp":"2026-04-09T13:34:03.683527Z","level":"info","event":"Fetching page from LTA: skip=13000","logger":"lta_common","filename":"lta_common.py","lineno":35}
{"timestamp":"2026-04-09T13:34:04.965383Z","level":"info","event":"Retrieved 500 rows from LTA at skip=13000","logger":"lta_common","filename":"lta_common.py","lineno":43}
{"timestamp":"2026-04-09T13:34:04.966513Z","level":"info","event":"[FETCH DONE] retrieved=500 rows at skip=13000","logger":"lta_common","filename":"lta_common.py","lineno":58}
{"timestamp":"2026-04-09T13:34:04.966721Z","level":"info","event":"STEP 5: processing page skip=13000 rows=500","logger":"unusual_prefix_faea391ec71b1d4b4651510353e4a48d62001c31_2_refresh_traffic_speed","filename":"2_refresh_traffic_speed.py","lineno":46}
{"timestamp":"2026-04-09T13:34:04.967555Z","level":"info","event":"STEP 6: built snapshot dataframe rows=500","logger":"unusual_prefix_faea391ec71b1d4b4651510353e4a48d62001c31_2_refresh_traffic_speed","filename":"2_refresh_traffic_speed.py","lineno":49}
{"timestamp":"2026-04-09T13:34:04.967981Z","level":"info","event":"[SAVE START] inserting 500 rows into traffic_speed_latest","logger":"lta_common","filename":"lta_common.py","lineno":174}
{"timestamp":"2026-04-09T13:34:06.039202Z","level":"info","event":"[SAVE DONE] inserted=500 rows into traffic_speed_latest","logger":"lta_common","filename":"lta_common.py","lineno":192}
{"timestamp":"2026-04-09T13:34:06.040707Z","level":"info","event":"[SAVE START] inserting 500 rows into traffic_speed_recent","logger":"lta_common","filename":"lta_common.py","lineno":174}
{"timestamp":"2026-04-09T13:34:06.413681Z","level":"info","event":"[SAVE DONE] inserted=500 rows into traffic_speed_recent","logger":"lta_common","filename":"lta_common.py","lineno":192}
{"timestamp":"2026-04-09T13:34:06.414206Z","level":"info","event":"STEP 7: page saved skip=13000 | pages=27 | latest_rows=13500 | recent_rows=13500","logger":"unusual_prefix_faea391ec71b1d4b4651510353e4a48d62001c31_2_refresh_traffic_speed","filename":"2_refresh_traffic_speed.py","lineno":61}
{"timestamp":"2026-04-09T13:34:06.414284Z","level":"info","event":"========== PAGE START ==========","logger":"lta_common","filename":"lta_common.py","lineno":52}
{"timestamp":"2026-04-09T13:34:06.414345Z","level":"info","event":"[FETCH] requesting rows 13500–13999","logger":"lta_common","filename":"lta_common.py","lineno":53}
{"timestamp":"2026-04-09T13:34:06.414434Z","level":"info","event":"Fetching page from LTA: skip=13500","logger":"lta_common","filename":"lta_common.py","lineno":35}
{"timestamp":"2026-04-09T13:34:07.827586Z","level":"info","event":"Retrieved 500 rows from LTA at skip=13500","logger":"lta_common","filename":"lta_common.py","lineno":43}
{"timestamp":"2026-04-09T13:34:07.832904Z","level":"info","event":"[FETCH DONE] retrieved=500 rows at skip=13500","logger":"lta_common","filename":"lta_common.py","lineno":58}
{"timestamp":"2026-04-09T13:34:07.833778Z","level":"info","event":"STEP 5: processing page skip=13500 rows=500","logger":"unusual_prefix_faea391ec71b1d4b4651510353e4a48d62001c31_2_refresh_traffic_speed","filename":"2_refresh_traffic_speed.py","lineno":46}
{"timestamp":"2026-04-09T13:34:07.837145Z","level":"info","event":"STEP 6: built snapshot dataframe rows=500","logger":"unusual_prefix_faea391ec71b1d4b4651510353e4a48d62001c31_2_refresh_traffic_speed","filename":"2_refresh_traffic_speed.py","lineno":49}
{"timestamp":"2026-04-09T13:34:07.838386Z","level":"info","event":"[SAVE START] inserting 500 rows into traffic_speed_latest","logger":"lta_common","filename":"lta_common.py","lineno":174}
{"timestamp":"2026-04-09T13:34:08.223313Z","level":"info","event":"[SAVE DONE] inserted=500 rows into traffic_speed_latest","logger":"lta_common","filename":"lta_common.py","lineno":192}
{"timestamp":"2026-04-09T13:34:08.227385Z","level":"info","event":"[SAVE START] inserting 500 rows into traffic_speed_recent","logger":"lta_common","filename":"lta_common.py","lineno":174}
{"timestamp":"2026-04-09T13:34:08.612579Z","level":"info","event":"[SAVE DONE] inserted=500 rows into traffic_speed_recent","logger":"lta_common","filename":"lta_common.py","lineno":192}
{"timestamp":"2026-04-09T13:34:08.613805Z","level":"info","event":"STEP 7: page saved skip=13500 | pages=28 | latest_rows=14000 | recent_rows=14000","logger":"unusual_prefix_faea391ec71b1d4b4651510353e4a48d62001c31_2_refresh_traffic_speed","filename":"2_refresh_traffic_speed.py","lineno":61}
{"timestamp":"2026-04-09T13:34:08.613975Z","level":"info","event":"========== PAGE START ==========","logger":"lta_common","filename":"lta_common.py","lineno":52}
{"timestamp":"2026-04-09T13:34:08.614103Z","level":"info","event":"[FETCH] requesting rows 14000–14499","logger":"lta_common","filename":"lta_common.py","lineno":53}
{"timestamp":"2026-04-09T13:34:08.614860Z","level":"info","event":"Fetching page from LTA: skip=14000","logger":"lta_common","filename":"lta_common.py","lineno":35}
{"timestamp":"2026-04-09T13:34:09.966062Z","level":"info","event":"Retrieved 500 rows from LTA at skip=14000","logger":"lta_common","filename":"lta_common.py","lineno":43}
{"timestamp":"2026-04-09T13:34:09.970362Z","level":"info","event":"[FETCH DONE] retrieved=500 rows at skip=14000","logger":"lta_common","filename":"lta_common.py","lineno":58}
{"timestamp":"2026-04-09T13:34:09.971162Z","level":"info","event":"STEP 5: processing page skip=14000 rows=500","logger":"unusual_prefix_faea391ec71b1d4b4651510353e4a48d62001c31_2_refresh_traffic_speed","filename":"2_refresh_traffic_speed.py","lineno":46}
{"timestamp":"2026-04-09T13:34:09.973143Z","level":"info","event":"STEP 6: built snapshot dataframe rows=500","logger":"unusual_prefix_faea391ec71b1d4b4651510353e4a48d62001c31_2_refresh_traffic_speed","filename":"2_refresh_traffic_speed.py","lineno":49}
{"timestamp":"2026-04-09T13:34:09.974061Z","level":"info","event":"[SAVE START] inserting 500 rows into traffic_speed_latest","logger":"lta_common","filename":"lta_common.py","lineno":174}
{"timestamp":"2026-04-09T13:34:10.353532Z","level":"info","event":"[SAVE DONE] inserted=500 rows into traffic_speed_latest","logger":"lta_common","filename":"lta_common.py","lineno":192}
{"timestamp":"2026-04-09T13:34:10.360107Z","level":"info","event":"[SAVE START] inserting 500 rows into traffic_speed_recent","logger":"lta_common","filename":"lta_common.py","lineno":174}
{"timestamp":"2026-04-09T13:34:10.729009Z","level":"info","event":"[SAVE DONE] inserted=500 rows into traffic_speed_recent","logger":"lta_common","filename":"lta_common.py","lineno":192}
{"timestamp":"2026-04-09T13:34:10.729574Z","level":"info","event":"STEP 7: page saved skip=14000 | pages=29 | latest_rows=14500 | recent_rows=14500","logger":"unusual_prefix_faea391ec71b1d4b4651510353e4a48d62001c31_2_refresh_traffic_speed","filename":"2_refresh_traffic_speed.py","lineno":61}
{"timestamp":"2026-04-09T13:34:10.729648Z","level":"info","event":"========== PAGE START ==========","logger":"lta_common","filename":"lta_common.py","lineno":52}
{"timestamp":"2026-04-09T13:34:10.729696Z","level":"info","event":"[FETCH] requesting rows 14500–14999","logger":"lta_common","filename":"lta_common.py","lineno":53}
{"timestamp":"2026-04-09T13:34:10.729755Z","level":"info","event":"Fetching page from LTA: skip=14500","logger":"lta_common","filename":"lta_common.py","lineno":35}
{"timestamp":"2026-04-09T13:34:11.796273Z","level":"info","event":"Retrieved 500 rows from LTA at skip=14500","logger":"lta_common","filename":"lta_common.py","lineno":43}
{"timestamp":"2026-04-09T13:34:11.798174Z","level":"info","event":"[FETCH DONE] retrieved=500 rows at skip=14500","logger":"lta_common","filename":"lta_common.py","lineno":58}
{"timestamp":"2026-04-09T13:34:11.798524Z","level":"info","event":"STEP 5: processing page skip=14500 rows=500","logger":"unusual_prefix_faea391ec71b1d4b4651510353e4a48d62001c31_2_refresh_traffic_speed","filename":"2_refresh_traffic_speed.py","lineno":46}
{"timestamp":"2026-04-09T13:34:11.799746Z","level":"info","event":"STEP 6: built snapshot dataframe rows=500","logger":"unusual_prefix_faea391ec71b1d4b4651510353e4a48d62001c31_2_refresh_traffic_speed","filename":"2_refresh_traffic_speed.py","lineno":49}
{"timestamp":"2026-04-09T13:34:11.800454Z","level":"info","event":"[SAVE START] inserting 500 rows into traffic_speed_latest","logger":"lta_common","filename":"lta_common.py","lineno":174}
{"timestamp":"2026-04-09T13:34:12.173822Z","level":"info","event":"[SAVE DONE] inserted=500 rows into traffic_speed_latest","logger":"lta_common","filename":"lta_common.py","lineno":192}
{"timestamp":"2026-04-09T13:34:12.175037Z","level":"info","event":"[SAVE START] inserting 500 rows into traffic_speed_recent","logger":"lta_common","filename":"lta_common.py","lineno":174}
{"timestamp":"2026-04-09T13:34:12.921315Z","level":"info","event":"[SAVE DONE] inserted=500 rows into traffic_speed_recent","logger":"lta_common","filename":"lta_common.py","lineno":192}
{"timestamp":"2026-04-09T13:34:12.921937Z","level":"info","event":"STEP 7: page saved skip=14500 | pages=30 | latest_rows=15000 | recent_rows=15000","logger":"unusual_prefix_faea391ec71b1d4b4651510353e4a48d62001c31_2_refresh_traffic_speed","filename":"2_refresh_traffic_speed.py","lineno":61}
{"timestamp":"2026-04-09T13:34:12.922087Z","level":"info","event":"========== PAGE START ==========","logger":"lta_common","filename":"lta_common.py","lineno":52}
{"timestamp":"2026-04-09T13:34:12.922254Z","level":"info","event":"[FETCH] requesting rows 15000–15499","logger":"lta_common","filename":"lta_common.py","lineno":53}
{"timestamp":"2026-04-09T13:34:12.922414Z","level":"info","event":"Fetching page from LTA: skip=15000","logger":"lta_common","filename":"lta_common.py","lineno":35}
{"timestamp":"2026-04-09T13:34:15.395663Z","level":"info","event":"Retrieved 500 rows from LTA at skip=15000","logger":"lta_common","filename":"lta_common.py","lineno":43}
{"timestamp":"2026-04-09T13:34:15.397548Z","level":"info","event":"[FETCH DONE] retrieved=500 rows at skip=15000","logger":"lta_common","filename":"lta_common.py","lineno":58}
{"timestamp":"2026-04-09T13:34:15.397888Z","level":"info","event":"STEP 5: processing page skip=15000 rows=500","logger":"unusual_prefix_faea391ec71b1d4b4651510353e4a48d62001c31_2_refresh_traffic_speed","filename":"2_refresh_traffic_speed.py","lineno":46}
{"timestamp":"2026-04-09T13:34:15.399054Z","level":"info","event":"STEP 6: built snapshot dataframe rows=500","logger":"unusual_prefix_faea391ec71b1d4b4651510353e4a48d62001c31_2_refresh_traffic_speed","filename":"2_refresh_traffic_speed.py","lineno":49}
{"timestamp":"2026-04-09T13:34:15.399805Z","level":"info","event":"[SAVE START] inserting 500 rows into traffic_speed_latest","logger":"lta_common","filename":"lta_common.py","lineno":174}
{"timestamp":"2026-04-09T13:34:18.170832Z","level":"info","event":"[SAVE DONE] inserted=500 rows into traffic_speed_latest","logger":"lta_common","filename":"lta_common.py","lineno":192}
{"timestamp":"2026-04-09T13:34:18.173612Z","level":"info","event":"[SAVE START] inserting 500 rows into traffic_speed_recent","logger":"lta_common","filename":"lta_common.py","lineno":174}
{"timestamp":"2026-04-09T13:34:18.917012Z","level":"info","event":"[SAVE DONE] inserted=500 rows into traffic_speed_recent","logger":"lta_common","filename":"lta_common.py","lineno":192}
{"timestamp":"2026-04-09T13:34:18.917152Z","level":"info","event":"STEP 7: page saved skip=15000 | pages=31 | latest_rows=15500 | recent_rows=15500","logger":"unusual_prefix_faea391ec71b1d4b4651510353e4a48d62001c31_2_refresh_traffic_speed","filename":"2_refresh_traffic_speed.py","lineno":61}
{"timestamp":"2026-04-09T13:34:18.917200Z","level":"info","event":"========== PAGE START ==========","logger":"lta_common","filename":"lta_common.py","lineno":52}
{"timestamp":"2026-04-09T13:34:18.917235Z","level":"info","event":"[FETCH] requesting rows 15500–15999","logger":"lta_common","filename":"lta_common.py","lineno":53}
{"timestamp":"2026-04-09T13:34:18.917267Z","level":"info","event":"Fetching page from LTA: skip=15500","logger":"lta_common","filename":"lta_common.py","lineno":35}
{"timestamp":"2026-04-09T13:34:21.467250Z","level":"info","event":"Retrieved 500 rows from LTA at skip=15500","logger":"lta_common","filename":"lta_common.py","lineno":43}
{"timestamp":"2026-04-09T13:34:21.472904Z","level":"info","event":"[FETCH DONE] retrieved=500 rows at skip=15500","logger":"lta_common","filename":"lta_common.py","lineno":58}
{"timestamp":"2026-04-09T13:34:21.474398Z","level":"info","event":"STEP 5: processing page skip=15500 rows=500","logger":"unusual_prefix_faea391ec71b1d4b4651510353e4a48d62001c31_2_refresh_traffic_speed","filename":"2_refresh_traffic_speed.py","lineno":46}
{"timestamp":"2026-04-09T13:34:21.477865Z","level":"info","event":"STEP 6: built snapshot dataframe rows=500","logger":"unusual_prefix_faea391ec71b1d4b4651510353e4a48d62001c31_2_refresh_traffic_speed","filename":"2_refresh_traffic_speed.py","lineno":49}
{"timestamp":"2026-04-09T13:34:21.479160Z","level":"info","event":"[SAVE START] inserting 500 rows into traffic_speed_latest","logger":"lta_common","filename":"lta_common.py","lineno":174}
{"timestamp":"2026-04-09T13:34:21.991538Z","level":"info","event":"[SAVE DONE] inserted=500 rows into traffic_speed_latest","logger":"lta_common","filename":"lta_common.py","lineno":192}
{"timestamp":"2026-04-09T13:34:21.994663Z","level":"info","event":"[SAVE START] inserting 500 rows into traffic_speed_recent","logger":"lta_common","filename":"lta_common.py","lineno":174}
{"timestamp":"2026-04-09T13:34:22.573661Z","level":"info","event":"[SAVE DONE] inserted=500 rows into traffic_speed_recent","logger":"lta_common","filename":"lta_common.py","lineno":192}
{"timestamp":"2026-04-09T13:34:22.574574Z","level":"info","event":"STEP 7: page saved skip=15500 | pages=32 | latest_rows=16000 | recent_rows=16000","logger":"unusual_prefix_faea391ec71b1d4b4651510353e4a48d62001c31_2_refresh_traffic_speed","filename":"2_refresh_traffic_speed.py","lineno":61}
{"timestamp":"2026-04-09T13:34:22.574731Z","level":"info","event":"========== PAGE START ==========","logger":"lta_common","filename":"lta_common.py","lineno":52}
{"timestamp":"2026-04-09T13:34:22.574850Z","level":"info","event":"[FETCH] requesting rows 16000–16499","logger":"lta_common","filename":"lta_common.py","lineno":53}
{"timestamp":"2026-04-09T13:34:22.574991Z","level":"info","event":"Fetching page from LTA: skip=16000","logger":"lta_common","filename":"lta_common.py","lineno":35}
{"timestamp":"2026-04-09T13:34:25.267882Z","level":"info","event":"Retrieved 500 rows from LTA at skip=16000","logger":"lta_common","filename":"lta_common.py","lineno":43}
{"timestamp":"2026-04-09T13:34:25.270838Z","level":"info","event":"[FETCH DONE] retrieved=500 rows at skip=16000","logger":"lta_common","filename":"lta_common.py","lineno":58}
{"timestamp":"2026-04-09T13:34:25.271379Z","level":"info","event":"STEP 5: processing page skip=16000 rows=500","logger":"unusual_prefix_faea391ec71b1d4b4651510353e4a48d62001c31_2_refresh_traffic_speed","filename":"2_refresh_traffic_speed.py","lineno":46}
{"timestamp":"2026-04-09T13:34:25.273821Z","level":"info","event":"STEP 6: built snapshot dataframe rows=500","logger":"unusual_prefix_faea391ec71b1d4b4651510353e4a48d62001c31_2_refresh_traffic_speed","filename":"2_refresh_traffic_speed.py","lineno":49}
{"timestamp":"2026-04-09T13:34:25.275316Z","level":"info","event":"[SAVE START] inserting 500 rows into traffic_speed_latest","logger":"lta_common","filename":"lta_common.py","lineno":174}
{"timestamp":"2026-04-09T13:34:25.662200Z","level":"info","event":"[SAVE DONE] inserted=500 rows into traffic_speed_latest","logger":"lta_common","filename":"lta_common.py","lineno":192}
{"timestamp":"2026-04-09T13:34:25.665007Z","level":"info","event":"[SAVE START] inserting 500 rows into traffic_speed_recent","logger":"lta_common","filename":"lta_common.py","lineno":174}
{"timestamp":"2026-04-09T13:34:26.369175Z","level":"info","event":"[SAVE DONE] inserted=500 rows into traffic_speed_recent","logger":"lta_common","filename":"lta_common.py","lineno":192}
{"timestamp":"2026-04-09T13:34:26.369615Z","level":"info","event":"STEP 7: page saved skip=16000 | pages=33 | latest_rows=16500 | recent_rows=16500","logger":"unusual_prefix_faea391ec71b1d4b4651510353e4a48d62001c31_2_refresh_traffic_speed","filename":"2_refresh_traffic_speed.py","lineno":61}
{"timestamp":"2026-04-09T13:34:26.369688Z","level":"info","event":"========== PAGE START ==========","logger":"lta_common","filename":"lta_common.py","lineno":52}
{"timestamp":"2026-04-09T13:34:26.369746Z","level":"info","event":"[FETCH] requesting rows 16500–16999","logger":"lta_common","filename":"lta_common.py","lineno":53}
{"timestamp":"2026-04-09T13:34:26.369847Z","level":"info","event":"Fetching page from LTA: skip=16500","logger":"lta_common","filename":"lta_common.py","lineno":35}
{"timestamp":"2026-04-09T13:34:28.065003Z","level":"info","event":"Retrieved 500 rows from LTA at skip=16500","logger":"lta_common","filename":"lta_common.py","lineno":43}
{"timestamp":"2026-04-09T13:34:28.066343Z","level":"info","event":"[FETCH DONE] retrieved=500 rows at skip=16500","logger":"lta_common","filename":"lta_common.py","lineno":58}
{"timestamp":"2026-04-09T13:34:28.066573Z","level":"info","event":"STEP 5: processing page skip=16500 rows=500","logger":"unusual_prefix_faea391ec71b1d4b4651510353e4a48d62001c31_2_refresh_traffic_speed","filename":"2_refresh_traffic_speed.py","lineno":46}
{"timestamp":"2026-04-09T13:34:28.067471Z","level":"info","event":"STEP 6: built snapshot dataframe rows=500","logger":"unusual_prefix_faea391ec71b1d4b4651510353e4a48d62001c31_2_refresh_traffic_speed","filename":"2_refresh_traffic_speed.py","lineno":49}
{"timestamp":"2026-04-09T13:34:28.067932Z","level":"info","event":"[SAVE START] inserting 500 rows into traffic_speed_latest","logger":"lta_common","filename":"lta_common.py","lineno":174}
{"timestamp":"2026-04-09T13:34:29.504576Z","level":"info","event":"[SAVE DONE] inserted=500 rows into traffic_speed_latest","logger":"lta_common","filename":"lta_common.py","lineno":192}
{"timestamp":"2026-04-09T13:34:29.506446Z","level":"info","event":"[SAVE START] inserting 500 rows into traffic_speed_recent","logger":"lta_common","filename":"lta_common.py","lineno":174}
{"timestamp":"2026-04-09T13:34:30.262684Z","level":"info","event":"[SAVE DONE] inserted=500 rows into traffic_speed_recent","logger":"lta_common","filename":"lta_common.py","lineno":192}
{"timestamp":"2026-04-09T13:34:30.263476Z","level":"info","event":"STEP 7: page saved skip=16500 | pages=34 | latest_rows=17000 | recent_rows=17000","logger":"unusual_prefix_faea391ec71b1d4b4651510353e4a48d62001c31_2_refresh_traffic_speed","filename":"2_refresh_traffic_speed.py","lineno":61}
{"timestamp":"2026-04-09T13:34:30.263713Z","level":"info","event":"========== PAGE START ==========","logger":"lta_common","filename":"lta_common.py","lineno":52}
{"timestamp":"2026-04-09T13:34:30.263904Z","level":"info","event":"[FETCH] requesting rows 17000–17499","logger":"lta_common","filename":"lta_common.py","lineno":53}
{"timestamp":"2026-04-09T13:34:30.264116Z","level":"info","event":"Fetching page from LTA: skip=17000","logger":"lta_common","filename":"lta_common.py","lineno":35}
{"timestamp":"2026-04-09T13:34:31.492138Z","level":"info","event":"Retrieved 500 rows from LTA at skip=17000","logger":"lta_common","filename":"lta_common.py","lineno":43}
{"timestamp":"2026-04-09T13:34:31.498907Z","level":"info","event":"[FETCH DONE] retrieved=500 rows at skip=17000","logger":"lta_common","filename":"lta_common.py","lineno":58}
{"timestamp":"2026-04-09T13:34:31.499552Z","level":"info","event":"STEP 5: processing page skip=17000 rows=500","logger":"unusual_prefix_faea391ec71b1d4b4651510353e4a48d62001c31_2_refresh_traffic_speed","filename":"2_refresh_traffic_speed.py","lineno":46}
{"timestamp":"2026-04-09T13:34:31.504112Z","level":"info","event":"STEP 6: built snapshot dataframe rows=500","logger":"unusual_prefix_faea391ec71b1d4b4651510353e4a48d62001c31_2_refresh_traffic_speed","filename":"2_refresh_traffic_speed.py","lineno":49}
{"timestamp":"2026-04-09T13:34:31.505915Z","level":"info","event":"[SAVE START] inserting 500 rows into traffic_speed_latest","logger":"lta_common","filename":"lta_common.py","lineno":174}
{"timestamp":"2026-04-09T13:34:31.994492Z","level":"error","event":"FAILED: invalid input syntax for type integer: \"\"\nLINE 9: ...-09T13:32:39.759297+00:00'::timestamptz,'25882',0,'',''),('2...\n                                                             ^\n","logger":"unusual_prefix_faea391ec71b1d4b4651510353e4a48d62001c31_2_refresh_traffic_speed","filename":"2_refresh_traffic_speed.py","lineno":69}
{"timestamp":"2026-04-09T13:34:31.996990Z","level":"error","event":"Traceback (most recent call last):\n  File \"/opt/airflow/dags/2_refresh_traffic_speed.py\", line 52, in refresh_traffic_speed\n    insert_snapshot_rows(conn, \"traffic_speed_latest\", snapshots_df, batch_size=500)\n  File \"/opt/airflow/dags/lta_common.py\", line 188, in insert_snapshot_rows\n    execute_values(cur, sql, rows, page_size=batch_size)\n  File \"/home/airflow/.local/lib/python3.12/site-packages/psycopg2/extras.py\", line 1299, in execute_values\n    cur.execute(b''.join(parts))\npsycopg2.errors.InvalidTextRepresentation: invalid input syntax for type integer: \"\"\nLINE 9: ...-09T13:32:39.759297+00:00'::timestamptz,'25882',0,'',''),('2...\n                                                             ^\n\n","logger":"unusual_prefix_faea391ec71b1d4b4651510353e4a48d62001c31_2_refresh_traffic_speed","filename":"2_refresh_traffic_speed.py","lineno":70}
{"timestamp":"2026-04-09T13:34:31.999830Z","level":"info","event":"Database connection closed","logger":"unusual_prefix_faea391ec71b1d4b4651510353e4a48d62001c31_2_refresh_traffic_speed","filename":"2_refresh_traffic_speed.py","lineno":76}
{"timestamp":"2026-04-09T13:34:32.000495Z","level":"error","event":"Task failed with exception","logger":"task","filename":"task_runner.py","lineno":1142,"error_detail":[{"exc_type":"InvalidTextRepresentation","exc_value":"invalid input syntax for type integer: \"\"\nLINE 9: ...-09T13:32:39.759297+00:00'::timestamptz,'25882',0,'',''),('2...\n                                                             ^\n","exc_notes":[],"syntax_error":null,"is_cause":false,"frames":[{"filename":"/home/airflow/.local/lib/python3.12/site-packages/airflow/sdk/execution_time/task_runner.py","lineno":1068,"name":"run"},{"filename":"/home/airflow/.local/lib/python3.12/site-packages/airflow/sdk/execution_time/task_runner.py","lineno":1477,"name":"_execute_task"},{"filename":"/home/airflow/.local/lib/python3.12/site-packages/airflow/sdk/bases/operator.py","lineno":417,"name":"wrapper"},{"filename":"/home/airflow/.local/lib/python3.12/site-packages/airflow/providers/standard/operators/python.py","lineno":228,"name":"execute"},{"filename":"/home/airflow/.local/lib/python3.12/site-packages/airflow/providers/standard/operators/python.py","lineno":251,"name":"execute_callable"},{"filename":"/home/airflow/.local/lib/python3.12/site-packages/airflow/sdk/execution_time/callback_runner.py","lineno":82,"name":"run"},{"filename":"/opt/airflow/dags/2_refresh_traffic_speed.py","lineno":52,"name":"refresh_traffic_speed"},{"filename":"/opt/airflow/dags/lta_common.py","lineno":188,"name":"insert_snapshot_rows"},{"filename":"/home/airflow/.local/lib/python3.12/site-packages/psycopg2/extras.py","lineno":1299,"name":"execute_values"}],"is_group":false,"exceptions":[]}]}
