{"timestamp":"2026-04-09T12:10:13.445290Z","level":"info","event":"Filling up the DagBag from /opt/airflow/dags/1_load_road_segments.py","logger":"airflow.models.dagbag.BundleDagBag","filename":"dagbag.py","lineno":593}
{"timestamp":"2026-04-09T12:10:14.836586Z","level":"warning","event":"The `airflow.operators.python.PythonOperator` attribute is deprecated. Please use `'airflow.providers.standard.operators.python.PythonOperator'`.","category":"DeprecatedImportWarning","filename":"/opt/airflow/dags/1_load_road_segments.py","lineno":2,"logger":"py.warnings"}
{"timestamp":"2026-04-09T12:10:44.931366Z","level":"info","event":"Filling up the DagBag from /opt/airflow/dags/1_load_road_segments.py","logger":"airflow.models.dagbag.BundleDagBag","filename":"dagbag.py","lineno":593}
{"timestamp":"2026-04-09T12:10:45.290002Z","level":"warning","event":"The `airflow.operators.python.PythonOperator` attribute is deprecated. Please use `'airflow.providers.standard.operators.python.PythonOperator'`.","category":"DeprecatedImportWarning","filename":"/opt/airflow/dags/1_load_road_segments.py","lineno":2,"logger":"py.warnings"}
{"timestamp":"2026-04-09T12:11:32.561603Z","level":"info","event":"Filling up the DagBag from /opt/airflow/dags/1_load_road_segments.py","logger":"airflow.models.dagbag.BundleDagBag","filename":"dagbag.py","lineno":593}
{"timestamp":"2026-04-09T12:11:33.845592Z","level":"warning","event":"The `airflow.operators.python.PythonOperator` attribute is deprecated. Please use `'airflow.providers.standard.operators.python.PythonOperator'`.","category":"DeprecatedImportWarning","filename":"/opt/airflow/dags/1_load_road_segments.py","lineno":2,"logger":"py.warnings"}
{"timestamp":"2026-04-09T12:12:05.140655Z","level":"info","event":"Filling up the DagBag from /opt/airflow/dags/1_load_road_segments.py","logger":"airflow.models.dagbag.BundleDagBag","filename":"dagbag.py","lineno":593}
{"timestamp":"2026-04-09T12:12:05.407995Z","level":"warning","event":"The `airflow.operators.python.PythonOperator` attribute is deprecated. Please use `'airflow.providers.standard.operators.python.PythonOperator'`.","category":"DeprecatedImportWarning","filename":"/opt/airflow/dags/1_load_road_segments.py","lineno":2,"logger":"py.warnings"}
{"timestamp":"2026-04-09T12:12:36.254212Z","level":"info","event":"Filling up the DagBag from /opt/airflow/dags/1_load_road_segments.py","logger":"airflow.models.dagbag.BundleDagBag","filename":"dagbag.py","lineno":593}
{"timestamp":"2026-04-09T12:12:36.489547Z","level":"warning","event":"The `airflow.operators.python.PythonOperator` attribute is deprecated. Please use `'airflow.providers.standard.operators.python.PythonOperator'`.","category":"DeprecatedImportWarning","filename":"/opt/airflow/dags/1_load_road_segments.py","lineno":2,"logger":"py.warnings"}
{"timestamp":"2026-04-09T12:13:07.414731Z","level":"info","event":"Filling up the DagBag from /opt/airflow/dags/1_load_road_segments.py","logger":"airflow.models.dagbag.BundleDagBag","filename":"dagbag.py","lineno":593}
{"timestamp":"2026-04-09T12:13:07.693028Z","level":"warning","event":"The `airflow.operators.python.PythonOperator` attribute is deprecated. Please use `'airflow.providers.standard.operators.python.PythonOperator'`.","category":"DeprecatedImportWarning","filename":"/opt/airflow/dags/1_load_road_segments.py","lineno":2,"logger":"py.warnings"}
{"timestamp":"2026-04-09T12:13:38.653640Z","level":"info","event":"Filling up the DagBag from /opt/airflow/dags/1_load_road_segments.py","logger":"airflow.models.dagbag.BundleDagBag","filename":"dagbag.py","lineno":593}
{"timestamp":"2026-04-09T12:13:38.941730Z","level":"warning","event":"The `airflow.operators.python.PythonOperator` attribute is deprecated. Please use `'airflow.providers.standard.operators.python.PythonOperator'`.","category":"DeprecatedImportWarning","filename":"/opt/airflow/dags/1_load_road_segments.py","lineno":2,"logger":"py.warnings"}
{"timestamp":"2026-04-09T12:14:09.141159Z","level":"info","event":"Filling up the DagBag from /opt/airflow/dags/1_load_road_segments.py","logger":"airflow.models.dagbag.BundleDagBag","filename":"dagbag.py","lineno":593}
{"timestamp":"2026-04-09T12:14:09.375963Z","level":"warning","event":"The `airflow.operators.python.PythonOperator` attribute is deprecated. Please use `'airflow.providers.standard.operators.python.PythonOperator'`.","category":"DeprecatedImportWarning","filename":"/opt/airflow/dags/1_load_road_segments.py","lineno":2,"logger":"py.warnings"}
{"timestamp":"2026-04-09T12:14:40.281049Z","level":"info","event":"Filling up the DagBag from /opt/airflow/dags/1_load_road_segments.py","logger":"airflow.models.dagbag.BundleDagBag","filename":"dagbag.py","lineno":593}
{"timestamp":"2026-04-09T12:14:40.502726Z","level":"warning","event":"The `airflow.operators.python.PythonOperator` attribute is deprecated. Please use `'airflow.providers.standard.operators.python.PythonOperator'`.","category":"DeprecatedImportWarning","filename":"/opt/airflow/dags/1_load_road_segments.py","lineno":2,"logger":"py.warnings"}
{"timestamp":"2026-04-09T12:15:11.524790Z","level":"info","event":"Filling up the DagBag from /opt/airflow/dags/1_load_road_segments.py","logger":"airflow.models.dagbag.BundleDagBag","filename":"dagbag.py","lineno":593}
{"timestamp":"2026-04-09T12:15:11.768147Z","level":"warning","event":"The `airflow.operators.python.PythonOperator` attribute is deprecated. Please use `'airflow.providers.standard.operators.python.PythonOperator'`.","category":"DeprecatedImportWarning","filename":"/opt/airflow/dags/1_load_road_segments.py","lineno":2,"logger":"py.warnings"}
{"timestamp":"2026-04-09T12:15:42.719490Z","level":"info","event":"Filling up the DagBag from /opt/airflow/dags/1_load_road_segments.py","logger":"airflow.models.dagbag.BundleDagBag","filename":"dagbag.py","lineno":593}
{"timestamp":"2026-04-09T12:15:42.974922Z","level":"warning","event":"The `airflow.operators.python.PythonOperator` attribute is deprecated. Please use `'airflow.providers.standard.operators.python.PythonOperator'`.","category":"DeprecatedImportWarning","filename":"/opt/airflow/dags/1_load_road_segments.py","lineno":2,"logger":"py.warnings"}
{"timestamp":"2026-04-09T12:16:13.037283Z","level":"info","event":"Filling up the DagBag from /opt/airflow/dags/1_load_road_segments.py","logger":"airflow.models.dagbag.BundleDagBag","filename":"dagbag.py","lineno":593}
{"timestamp":"2026-04-09T12:16:13.238126Z","level":"warning","event":"The `airflow.operators.python.PythonOperator` attribute is deprecated. Please use `'airflow.providers.standard.operators.python.PythonOperator'`.","category":"DeprecatedImportWarning","filename":"/opt/airflow/dags/1_load_road_segments.py","lineno":2,"logger":"py.warnings"}
{"timestamp":"2026-04-09T12:16:44.126620Z","level":"info","event":"Filling up the DagBag from /opt/airflow/dags/1_load_road_segments.py","logger":"airflow.models.dagbag.BundleDagBag","filename":"dagbag.py","lineno":593}
{"timestamp":"2026-04-09T12:16:44.323528Z","level":"warning","event":"The `airflow.operators.python.PythonOperator` attribute is deprecated. Please use `'airflow.providers.standard.operators.python.PythonOperator'`.","category":"DeprecatedImportWarning","filename":"/opt/airflow/dags/1_load_road_segments.py","lineno":2,"logger":"py.warnings"}
{"timestamp":"2026-04-09T12:17:15.301708Z","level":"info","event":"Filling up the DagBag from /opt/airflow/dags/1_load_road_segments.py","logger":"airflow.models.dagbag.BundleDagBag","filename":"dagbag.py","lineno":593}
{"timestamp":"2026-04-09T12:17:15.542043Z","level":"warning","event":"The `airflow.operators.python.PythonOperator` attribute is deprecated. Please use `'airflow.providers.standard.operators.python.PythonOperator'`.","category":"DeprecatedImportWarning","filename":"/opt/airflow/dags/1_load_road_segments.py","lineno":2,"logger":"py.warnings"}
{"timestamp":"2026-04-09T12:19:27.179355Z","level":"info","event":"Filling up the DagBag from /opt/airflow/dags/1_load_road_segments.py","logger":"airflow.models.dagbag.BundleDagBag","filename":"dagbag.py","lineno":593}
{"timestamp":"2026-04-09T12:19:28.360518Z","level":"warning","event":"The `airflow.operators.python.PythonOperator` attribute is deprecated. Please use `'airflow.providers.standard.operators.python.PythonOperator'`.","category":"DeprecatedImportWarning","filename":"/opt/airflow/dags/1_load_road_segments.py","lineno":2,"logger":"py.warnings"}
{"timestamp":"2026-04-09T12:19:58.478458Z","level":"info","event":"Filling up the DagBag from /opt/airflow/dags/1_load_road_segments.py","logger":"airflow.models.dagbag.BundleDagBag","filename":"dagbag.py","lineno":593}
{"timestamp":"2026-04-09T12:19:58.760670Z","level":"warning","event":"The `airflow.operators.python.PythonOperator` attribute is deprecated. Please use `'airflow.providers.standard.operators.python.PythonOperator'`.","category":"DeprecatedImportWarning","filename":"/opt/airflow/dags/1_load_road_segments.py","lineno":2,"logger":"py.warnings"}
{"timestamp":"2026-04-09T12:20:30.038467Z","level":"info","event":"Filling up the DagBag from /opt/airflow/dags/1_load_road_segments.py","logger":"airflow.models.dagbag.BundleDagBag","filename":"dagbag.py","lineno":593}
{"timestamp":"2026-04-09T12:20:30.273689Z","level":"warning","event":"The `airflow.operators.python.PythonOperator` attribute is deprecated. Please use `'airflow.providers.standard.operators.python.PythonOperator'`.","category":"DeprecatedImportWarning","filename":"/opt/airflow/dags/1_load_road_segments.py","lineno":2,"logger":"py.warnings"}
{"timestamp":"2026-04-09T12:21:01.234454Z","level":"info","event":"Filling up the DagBag from /opt/airflow/dags/1_load_road_segments.py","logger":"airflow.models.dagbag.BundleDagBag","filename":"dagbag.py","lineno":593}
{"timestamp":"2026-04-09T12:21:01.464426Z","level":"warning","event":"The `airflow.operators.python.PythonOperator` attribute is deprecated. Please use `'airflow.providers.standard.operators.python.PythonOperator'`.","category":"DeprecatedImportWarning","filename":"/opt/airflow/dags/1_load_road_segments.py","lineno":2,"logger":"py.warnings"}
{"timestamp":"2026-04-09T12:21:32.371956Z","level":"info","event":"Filling up the DagBag from /opt/airflow/dags/1_load_road_segments.py","logger":"airflow.models.dagbag.BundleDagBag","filename":"dagbag.py","lineno":593}
{"timestamp":"2026-04-09T12:21:32.625309Z","level":"warning","event":"The `airflow.operators.python.PythonOperator` attribute is deprecated. Please use `'airflow.providers.standard.operators.python.PythonOperator'`.","category":"DeprecatedImportWarning","filename":"/opt/airflow/dags/1_load_road_segments.py","lineno":2,"logger":"py.warnings"}
{"timestamp":"2026-04-09T12:22:03.575464Z","level":"info","event":"Filling up the DagBag from /opt/airflow/dags/1_load_road_segments.py","logger":"airflow.models.dagbag.BundleDagBag","filename":"dagbag.py","lineno":593}
{"timestamp":"2026-04-09T12:22:03.834321Z","level":"warning","event":"The `airflow.operators.python.PythonOperator` attribute is deprecated. Please use `'airflow.providers.standard.operators.python.PythonOperator'`.","category":"DeprecatedImportWarning","filename":"/opt/airflow/dags/1_load_road_segments.py","lineno":2,"logger":"py.warnings"}
{"timestamp":"2026-04-09T12:22:34.784149Z","level":"info","event":"Filling up the DagBag from /opt/airflow/dags/1_load_road_segments.py","logger":"airflow.models.dagbag.BundleDagBag","filename":"dagbag.py","lineno":593}
{"timestamp":"2026-04-09T12:22:35.030985Z","level":"warning","event":"The `airflow.operators.python.PythonOperator` attribute is deprecated. Please use `'airflow.providers.standard.operators.python.PythonOperator'`.","category":"DeprecatedImportWarning","filename":"/opt/airflow/dags/1_load_road_segments.py","lineno":2,"logger":"py.warnings"}
{"timestamp":"2026-04-09T12:23:05.966381Z","level":"info","event":"Filling up the DagBag from /opt/airflow/dags/1_load_road_segments.py","logger":"airflow.models.dagbag.BundleDagBag","filename":"dagbag.py","lineno":593}
{"timestamp":"2026-04-09T12:23:06.180497Z","level":"warning","event":"The `airflow.operators.python.PythonOperator` attribute is deprecated. Please use `'airflow.providers.standard.operators.python.PythonOperator'`.","category":"DeprecatedImportWarning","filename":"/opt/airflow/dags/1_load_road_segments.py","lineno":2,"logger":"py.warnings"}
{"timestamp":"2026-04-09T12:23:37.096740Z","level":"info","event":"Filling up the DagBag from /opt/airflow/dags/1_load_road_segments.py","logger":"airflow.models.dagbag.BundleDagBag","filename":"dagbag.py","lineno":593}
{"timestamp":"2026-04-09T12:23:37.366272Z","level":"warning","event":"The `airflow.operators.python.PythonOperator` attribute is deprecated. Please use `'airflow.providers.standard.operators.python.PythonOperator'`.","category":"DeprecatedImportWarning","filename":"/opt/airflow/dags/1_load_road_segments.py","lineno":2,"logger":"py.warnings"}
{"timestamp":"2026-04-09T12:53:51.724590Z","level":"info","event":"Filling up the DagBag from /opt/airflow/dags/1_load_road_segments.py","logger":"airflow.dag_processing.dagbag.BundleDagBag","filename":"dagbag.py","lineno":469}
{"timestamp":"2026-04-09T12:53:52.143295Z","level":"warning","event":"The `airflow.operators.python.PythonOperator` attribute is deprecated. Please use `'airflow.providers.standard.operators.python.PythonOperator'`.","category":"UserWarning","filename":"/opt/airflow/dags/1_load_road_segments.py","lineno":2,"logger":"py.warnings"}
{"timestamp":"2026-04-09T12:54:22.302519Z","level":"info","event":"Filling up the DagBag from /opt/airflow/dags/1_load_road_segments.py","logger":"airflow.dag_processing.dagbag.BundleDagBag","filename":"dagbag.py","lineno":469}
{"timestamp":"2026-04-09T12:54:22.601790Z","level":"warning","event":"The `airflow.operators.python.PythonOperator` attribute is deprecated. Please use `'airflow.providers.standard.operators.python.PythonOperator'`.","category":"UserWarning","filename":"/opt/airflow/dags/1_load_road_segments.py","lineno":2,"logger":"py.warnings"}
{"timestamp":"2026-04-09T12:54:52.805834Z","level":"info","event":"Filling up the DagBag from /opt/airflow/dags/1_load_road_segments.py","logger":"airflow.dag_processing.dagbag.BundleDagBag","filename":"dagbag.py","lineno":469}
{"timestamp":"2026-04-09T12:54:53.130295Z","level":"warning","event":"The `airflow.operators.python.PythonOperator` attribute is deprecated. Please use `'airflow.providers.standard.operators.python.PythonOperator'`.","category":"UserWarning","filename":"/opt/airflow/dags/1_load_road_segments.py","lineno":2,"logger":"py.warnings"}
{"timestamp":"2026-04-09T12:55:23.367377Z","level":"info","event":"Filling up the DagBag from /opt/airflow/dags/1_load_road_segments.py","logger":"airflow.dag_processing.dagbag.BundleDagBag","filename":"dagbag.py","lineno":469}
{"timestamp":"2026-04-09T12:55:23.611956Z","level":"warning","event":"The `airflow.operators.python.PythonOperator` attribute is deprecated. Please use `'airflow.providers.standard.operators.python.PythonOperator'`.","category":"UserWarning","filename":"/opt/airflow/dags/1_load_road_segments.py","lineno":2,"logger":"py.warnings"}
{"timestamp":"2026-04-09T12:55:53.830218Z","level":"info","event":"Filling up the DagBag from /opt/airflow/dags/1_load_road_segments.py","logger":"airflow.dag_processing.dagbag.BundleDagBag","filename":"dagbag.py","lineno":469}
{"timestamp":"2026-04-09T12:55:54.067265Z","level":"warning","event":"The `airflow.operators.python.PythonOperator` attribute is deprecated. Please use `'airflow.providers.standard.operators.python.PythonOperator'`.","category":"UserWarning","filename":"/opt/airflow/dags/1_load_road_segments.py","lineno":2,"logger":"py.warnings"}
{"timestamp":"2026-04-09T12:56:24.140979Z","level":"info","event":"Filling up the DagBag from /opt/airflow/dags/1_load_road_segments.py","logger":"airflow.dag_processing.dagbag.BundleDagBag","filename":"dagbag.py","lineno":469}
{"timestamp":"2026-04-09T12:56:24.448008Z","level":"warning","event":"The `airflow.operators.python.PythonOperator` attribute is deprecated. Please use `'airflow.providers.standard.operators.python.PythonOperator'`.","category":"UserWarning","filename":"/opt/airflow/dags/1_load_road_segments.py","lineno":2,"logger":"py.warnings"}
{"timestamp":"2026-04-09T12:56:54.586633Z","level":"info","event":"Filling up the DagBag from /opt/airflow/dags/1_load_road_segments.py","logger":"airflow.dag_processing.dagbag.BundleDagBag","filename":"dagbag.py","lineno":469}
{"timestamp":"2026-04-09T12:56:54.904725Z","level":"warning","event":"The `airflow.operators.python.PythonOperator` attribute is deprecated. Please use `'airflow.providers.standard.operators.python.PythonOperator'`.","category":"UserWarning","filename":"/opt/airflow/dags/1_load_road_segments.py","lineno":2,"logger":"py.warnings"}
{"timestamp":"2026-04-09T12:57:24.985658Z","level":"info","event":"Filling up the DagBag from /opt/airflow/dags/1_load_road_segments.py","logger":"airflow.dag_processing.dagbag.BundleDagBag","filename":"dagbag.py","lineno":469}
{"timestamp":"2026-04-09T12:57:25.294940Z","level":"warning","event":"The `airflow.operators.python.PythonOperator` attribute is deprecated. Please use `'airflow.providers.standard.operators.python.PythonOperator'`.","category":"UserWarning","filename":"/opt/airflow/dags/1_load_road_segments.py","lineno":2,"logger":"py.warnings"}
{"timestamp":"2026-04-09T12:57:55.377389Z","level":"info","event":"Filling up the DagBag from /opt/airflow/dags/1_load_road_segments.py","logger":"airflow.dag_processing.dagbag.BundleDagBag","filename":"dagbag.py","lineno":469}
{"timestamp":"2026-04-09T12:57:55.729798Z","level":"warning","event":"The `airflow.operators.python.PythonOperator` attribute is deprecated. Please use `'airflow.providers.standard.operators.python.PythonOperator'`.","category":"UserWarning","filename":"/opt/airflow/dags/1_load_road_segments.py","lineno":2,"logger":"py.warnings"}
{"timestamp":"2026-04-09T12:58:25.828356Z","level":"info","event":"Filling up the DagBag from /opt/airflow/dags/1_load_road_segments.py","logger":"airflow.dag_processing.dagbag.BundleDagBag","filename":"dagbag.py","lineno":469}
{"timestamp":"2026-04-09T12:58:26.166001Z","level":"warning","event":"The `airflow.operators.python.PythonOperator` attribute is deprecated. Please use `'airflow.providers.standard.operators.python.PythonOperator'`.","category":"UserWarning","filename":"/opt/airflow/dags/1_load_road_segments.py","lineno":2,"logger":"py.warnings"}
{"timestamp":"2026-04-09T12:58:56.386936Z","level":"info","event":"Filling up the DagBag from /opt/airflow/dags/1_load_road_segments.py","logger":"airflow.dag_processing.dagbag.BundleDagBag","filename":"dagbag.py","lineno":469}
{"timestamp":"2026-04-09T12:58:56.712341Z","level":"warning","event":"The `airflow.operators.python.PythonOperator` attribute is deprecated. Please use `'airflow.providers.standard.operators.python.PythonOperator'`.","category":"UserWarning","filename":"/opt/airflow/dags/1_load_road_segments.py","lineno":2,"logger":"py.warnings"}
{"timestamp":"2026-04-09T12:59:27.013150Z","level":"info","event":"Filling up the DagBag from /opt/airflow/dags/1_load_road_segments.py","logger":"airflow.dag_processing.dagbag.BundleDagBag","filename":"dagbag.py","lineno":469}
{"timestamp":"2026-04-09T12:59:27.338211Z","level":"warning","event":"The `airflow.operators.python.PythonOperator` attribute is deprecated. Please use `'airflow.providers.standard.operators.python.PythonOperator'`.","category":"UserWarning","filename":"/opt/airflow/dags/1_load_road_segments.py","lineno":2,"logger":"py.warnings"}
{"timestamp":"2026-04-09T12:59:57.640311Z","level":"info","event":"Filling up the DagBag from /opt/airflow/dags/1_load_road_segments.py","logger":"airflow.dag_processing.dagbag.BundleDagBag","filename":"dagbag.py","lineno":469}
{"timestamp":"2026-04-09T12:59:57.906869Z","level":"warning","event":"The `airflow.operators.python.PythonOperator` attribute is deprecated. Please use `'airflow.providers.standard.operators.python.PythonOperator'`.","category":"UserWarning","filename":"/opt/airflow/dags/1_load_road_segments.py","lineno":2,"logger":"py.warnings"}
{"timestamp":"2026-04-09T13:00:28.245667Z","level":"info","event":"Filling up the DagBag from /opt/airflow/dags/1_load_road_segments.py","logger":"airflow.dag_processing.dagbag.BundleDagBag","filename":"dagbag.py","lineno":469}
{"timestamp":"2026-04-09T13:00:28.473189Z","level":"warning","event":"The `airflow.operators.python.PythonOperator` attribute is deprecated. Please use `'airflow.providers.standard.operators.python.PythonOperator'`.","category":"UserWarning","filename":"/opt/airflow/dags/1_load_road_segments.py","lineno":2,"logger":"py.warnings"}
{"timestamp":"2026-04-09T13:00:58.687231Z","level":"info","event":"Filling up the DagBag from /opt/airflow/dags/1_load_road_segments.py","logger":"airflow.dag_processing.dagbag.BundleDagBag","filename":"dagbag.py","lineno":469}
{"timestamp":"2026-04-09T13:00:58.912718Z","level":"warning","event":"The `airflow.operators.python.PythonOperator` attribute is deprecated. Please use `'airflow.providers.standard.operators.python.PythonOperator'`.","category":"UserWarning","filename":"/opt/airflow/dags/1_load_road_segments.py","lineno":2,"logger":"py.warnings"}
{"timestamp":"2026-04-09T13:01:29.211689Z","level":"info","event":"Filling up the DagBag from /opt/airflow/dags/1_load_road_segments.py","logger":"airflow.dag_processing.dagbag.BundleDagBag","filename":"dagbag.py","lineno":469}
{"timestamp":"2026-04-09T13:01:29.487229Z","level":"warning","event":"The `airflow.operators.python.PythonOperator` attribute is deprecated. Please use `'airflow.providers.standard.operators.python.PythonOperator'`.","category":"UserWarning","filename":"/opt/airflow/dags/1_load_road_segments.py","lineno":2,"logger":"py.warnings"}
{"timestamp":"2026-04-09T13:01:59.723110Z","level":"info","event":"Filling up the DagBag from /opt/airflow/dags/1_load_road_segments.py","logger":"airflow.dag_processing.dagbag.BundleDagBag","filename":"dagbag.py","lineno":469}
{"timestamp":"2026-04-09T13:01:59.983448Z","level":"warning","event":"The `airflow.operators.python.PythonOperator` attribute is deprecated. Please use `'airflow.providers.standard.operators.python.PythonOperator'`.","category":"UserWarning","filename":"/opt/airflow/dags/1_load_road_segments.py","lineno":2,"logger":"py.warnings"}
{"timestamp":"2026-04-09T13:02:30.198800Z","level":"info","event":"Filling up the DagBag from /opt/airflow/dags/1_load_road_segments.py","logger":"airflow.dag_processing.dagbag.BundleDagBag","filename":"dagbag.py","lineno":469}
{"timestamp":"2026-04-09T13:02:30.459871Z","level":"warning","event":"The `airflow.operators.python.PythonOperator` attribute is deprecated. Please use `'airflow.providers.standard.operators.python.PythonOperator'`.","category":"UserWarning","filename":"/opt/airflow/dags/1_load_road_segments.py","lineno":2,"logger":"py.warnings"}
{"timestamp":"2026-04-09T13:03:00.765214Z","level":"info","event":"Filling up the DagBag from /opt/airflow/dags/1_load_road_segments.py","logger":"airflow.dag_processing.dagbag.BundleDagBag","filename":"dagbag.py","lineno":469}
{"timestamp":"2026-04-09T13:03:01.014305Z","level":"warning","event":"The `airflow.operators.python.PythonOperator` attribute is deprecated. Please use `'airflow.providers.standard.operators.python.PythonOperator'`.","category":"UserWarning","filename":"/opt/airflow/dags/1_load_road_segments.py","lineno":2,"logger":"py.warnings"}
{"timestamp":"2026-04-09T13:03:31.248086Z","level":"info","event":"Filling up the DagBag from /opt/airflow/dags/1_load_road_segments.py","logger":"airflow.dag_processing.dagbag.BundleDagBag","filename":"dagbag.py","lineno":469}
{"timestamp":"2026-04-09T13:03:31.485124Z","level":"warning","event":"The `airflow.operators.python.PythonOperator` attribute is deprecated. Please use `'airflow.providers.standard.operators.python.PythonOperator'`.","category":"UserWarning","filename":"/opt/airflow/dags/1_load_road_segments.py","lineno":2,"logger":"py.warnings"}
{"timestamp":"2026-04-09T13:04:01.743365Z","level":"info","event":"Filling up the DagBag from /opt/airflow/dags/1_load_road_segments.py","logger":"airflow.dag_processing.dagbag.BundleDagBag","filename":"dagbag.py","lineno":469}
{"timestamp":"2026-04-09T13:04:01.979556Z","level":"warning","event":"The `airflow.operators.python.PythonOperator` attribute is deprecated. Please use `'airflow.providers.standard.operators.python.PythonOperator'`.","category":"UserWarning","filename":"/opt/airflow/dags/1_load_road_segments.py","lineno":2,"logger":"py.warnings"}
{"timestamp":"2026-04-09T13:04:32.316299Z","level":"info","event":"Filling up the DagBag from /opt/airflow/dags/1_load_road_segments.py","logger":"airflow.dag_processing.dagbag.BundleDagBag","filename":"dagbag.py","lineno":469}
{"timestamp":"2026-04-09T13:04:32.591809Z","level":"warning","event":"The `airflow.operators.python.PythonOperator` attribute is deprecated. Please use `'airflow.providers.standard.operators.python.PythonOperator'`.","category":"UserWarning","filename":"/opt/airflow/dags/1_load_road_segments.py","lineno":2,"logger":"py.warnings"}
{"timestamp":"2026-04-09T13:05:02.966614Z","level":"info","event":"Filling up the DagBag from /opt/airflow/dags/1_load_road_segments.py","logger":"airflow.dag_processing.dagbag.BundleDagBag","filename":"dagbag.py","lineno":469}
{"timestamp":"2026-04-09T13:05:03.245795Z","level":"warning","event":"The `airflow.operators.python.PythonOperator` attribute is deprecated. Please use `'airflow.providers.standard.operators.python.PythonOperator'`.","category":"UserWarning","filename":"/opt/airflow/dags/1_load_road_segments.py","lineno":2,"logger":"py.warnings"}
{"timestamp":"2026-04-09T13:05:33.492692Z","level":"info","event":"Filling up the DagBag from /opt/airflow/dags/1_load_road_segments.py","logger":"airflow.dag_processing.dagbag.BundleDagBag","filename":"dagbag.py","lineno":469}
{"timestamp":"2026-04-09T13:05:33.741982Z","level":"warning","event":"The `airflow.operators.python.PythonOperator` attribute is deprecated. Please use `'airflow.providers.standard.operators.python.PythonOperator'`.","category":"UserWarning","filename":"/opt/airflow/dags/1_load_road_segments.py","lineno":2,"logger":"py.warnings"}
{"timestamp":"2026-04-09T13:06:04.041652Z","level":"info","event":"Filling up the DagBag from /opt/airflow/dags/1_load_road_segments.py","logger":"airflow.dag_processing.dagbag.BundleDagBag","filename":"dagbag.py","lineno":469}
{"timestamp":"2026-04-09T13:06:04.293278Z","level":"warning","event":"The `airflow.operators.python.PythonOperator` attribute is deprecated. Please use `'airflow.providers.standard.operators.python.PythonOperator'`.","category":"UserWarning","filename":"/opt/airflow/dags/1_load_road_segments.py","lineno":2,"logger":"py.warnings"}
{"timestamp":"2026-04-09T13:14:34.195028Z","level":"info","event":"Filling up the DagBag from /opt/airflow/dags/1_load_road_segments.py","logger":"airflow.models.dagbag.BundleDagBag","filename":"dagbag.py","lineno":593}
{"timestamp":"2026-04-09T13:14:34.636768Z","level":"warning","event":"The `airflow.operators.python.PythonOperator` attribute is deprecated. Please use `'airflow.providers.standard.operators.python.PythonOperator'`.","category":"DeprecatedImportWarning","filename":"/opt/airflow/dags/1_load_road_segments.py","lineno":2,"logger":"py.warnings"}
{"timestamp":"2026-04-09T13:15:04.912408Z","level":"info","event":"Filling up the DagBag from /opt/airflow/dags/1_load_road_segments.py","logger":"airflow.models.dagbag.BundleDagBag","filename":"dagbag.py","lineno":593}
{"timestamp":"2026-04-09T13:15:05.129103Z","level":"warning","event":"The `airflow.operators.python.PythonOperator` attribute is deprecated. Please use `'airflow.providers.standard.operators.python.PythonOperator'`.","category":"DeprecatedImportWarning","filename":"/opt/airflow/dags/1_load_road_segments.py","lineno":2,"logger":"py.warnings"}
{"timestamp":"2026-04-09T13:15:35.900547Z","level":"info","event":"Filling up the DagBag from /opt/airflow/dags/1_load_road_segments.py","logger":"airflow.models.dagbag.BundleDagBag","filename":"dagbag.py","lineno":593}
{"timestamp":"2026-04-09T13:15:36.127309Z","level":"warning","event":"The `airflow.operators.python.PythonOperator` attribute is deprecated. Please use `'airflow.providers.standard.operators.python.PythonOperator'`.","category":"DeprecatedImportWarning","filename":"/opt/airflow/dags/1_load_road_segments.py","lineno":2,"logger":"py.warnings"}
{"timestamp":"2026-04-09T13:16:07.133869Z","level":"info","event":"Filling up the DagBag from /opt/airflow/dags/1_load_road_segments.py","logger":"airflow.models.dagbag.BundleDagBag","filename":"dagbag.py","lineno":593}
{"timestamp":"2026-04-09T13:16:07.469553Z","level":"warning","event":"The `airflow.operators.python.PythonOperator` attribute is deprecated. Please use `'airflow.providers.standard.operators.python.PythonOperator'`.","category":"DeprecatedImportWarning","filename":"/opt/airflow/dags/1_load_road_segments.py","lineno":2,"logger":"py.warnings"}
{"timestamp":"2026-04-09T13:16:37.573354Z","level":"info","event":"Filling up the DagBag from /opt/airflow/dags/1_load_road_segments.py","logger":"airflow.models.dagbag.BundleDagBag","filename":"dagbag.py","lineno":593}
{"timestamp":"2026-04-09T13:16:37.814818Z","level":"warning","event":"The `airflow.operators.python.PythonOperator` attribute is deprecated. Please use `'airflow.providers.standard.operators.python.PythonOperator'`.","category":"DeprecatedImportWarning","filename":"/opt/airflow/dags/1_load_road_segments.py","lineno":2,"logger":"py.warnings"}
{"timestamp":"2026-04-09T13:17:08.710777Z","level":"info","event":"Filling up the DagBag from /opt/airflow/dags/1_load_road_segments.py","logger":"airflow.models.dagbag.BundleDagBag","filename":"dagbag.py","lineno":593}
{"timestamp":"2026-04-09T13:17:08.944849Z","level":"warning","event":"The `airflow.operators.python.PythonOperator` attribute is deprecated. Please use `'airflow.providers.standard.operators.python.PythonOperator'`.","category":"DeprecatedImportWarning","filename":"/opt/airflow/dags/1_load_road_segments.py","lineno":2,"logger":"py.warnings"}
{"timestamp":"2026-04-09T13:17:39.836205Z","level":"info","event":"Filling up the DagBag from /opt/airflow/dags/1_load_road_segments.py","logger":"airflow.models.dagbag.BundleDagBag","filename":"dagbag.py","lineno":593}
{"timestamp":"2026-04-09T13:17:40.035819Z","level":"warning","event":"The `airflow.operators.python.PythonOperator` attribute is deprecated. Please use `'airflow.providers.standard.operators.python.PythonOperator'`.","category":"DeprecatedImportWarning","filename":"/opt/airflow/dags/1_load_road_segments.py","lineno":2,"logger":"py.warnings"}
{"timestamp":"2026-04-09T13:18:10.985810Z","level":"info","event":"Filling up the DagBag from /opt/airflow/dags/1_load_road_segments.py","logger":"airflow.models.dagbag.BundleDagBag","filename":"dagbag.py","lineno":593}
{"timestamp":"2026-04-09T13:18:11.171819Z","level":"warning","event":"The `airflow.operators.python.PythonOperator` attribute is deprecated. Please use `'airflow.providers.standard.operators.python.PythonOperator'`.","category":"DeprecatedImportWarning","filename":"/opt/airflow/dags/1_load_road_segments.py","lineno":2,"logger":"py.warnings"}
{"timestamp":"2026-04-09T13:18:42.082199Z","level":"info","event":"Filling up the DagBag from /opt/airflow/dags/1_load_road_segments.py","logger":"airflow.models.dagbag.BundleDagBag","filename":"dagbag.py","lineno":593}
{"timestamp":"2026-04-09T13:18:42.338831Z","level":"warning","event":"The `airflow.operators.python.PythonOperator` attribute is deprecated. Please use `'airflow.providers.standard.operators.python.PythonOperator'`.","category":"DeprecatedImportWarning","filename":"/opt/airflow/dags/1_load_road_segments.py","lineno":2,"logger":"py.warnings"}
{"timestamp":"2026-04-09T13:19:13.277469Z","level":"info","event":"Filling up the DagBag from /opt/airflow/dags/1_load_road_segments.py","logger":"airflow.models.dagbag.BundleDagBag","filename":"dagbag.py","lineno":593}
{"timestamp":"2026-04-09T13:19:13.541829Z","level":"warning","event":"The `airflow.operators.python.PythonOperator` attribute is deprecated. Please use `'airflow.providers.standard.operators.python.PythonOperator'`.","category":"DeprecatedImportWarning","filename":"/opt/airflow/dags/1_load_road_segments.py","lineno":2,"logger":"py.warnings"}
{"timestamp":"2026-04-09T13:19:44.471687Z","level":"info","event":"Filling up the DagBag from /opt/airflow/dags/1_load_road_segments.py","logger":"airflow.models.dagbag.BundleDagBag","filename":"dagbag.py","lineno":593}
{"timestamp":"2026-04-09T13:19:44.701592Z","level":"warning","event":"The `airflow.operators.python.PythonOperator` attribute is deprecated. Please use `'airflow.providers.standard.operators.python.PythonOperator'`.","category":"DeprecatedImportWarning","filename":"/opt/airflow/dags/1_load_road_segments.py","lineno":2,"logger":"py.warnings"}
{"timestamp":"2026-04-09T13:20:15.552889Z","level":"info","event":"Filling up the DagBag from /opt/airflow/dags/1_load_road_segments.py","logger":"airflow.models.dagbag.BundleDagBag","filename":"dagbag.py","lineno":593}
{"timestamp":"2026-04-09T13:20:15.777173Z","level":"warning","event":"The `airflow.operators.python.PythonOperator` attribute is deprecated. Please use `'airflow.providers.standard.operators.python.PythonOperator'`.","category":"DeprecatedImportWarning","filename":"/opt/airflow/dags/1_load_road_segments.py","lineno":2,"logger":"py.warnings"}
{"timestamp":"2026-04-09T13:20:46.638147Z","level":"info","event":"Filling up the DagBag from /opt/airflow/dags/1_load_road_segments.py","logger":"airflow.models.dagbag.BundleDagBag","filename":"dagbag.py","lineno":593}
{"timestamp":"2026-04-09T13:20:46.855710Z","level":"warning","event":"The `airflow.operators.python.PythonOperator` attribute is deprecated. Please use `'airflow.providers.standard.operators.python.PythonOperator'`.","category":"DeprecatedImportWarning","filename":"/opt/airflow/dags/1_load_road_segments.py","lineno":2,"logger":"py.warnings"}
{"timestamp":"2026-04-09T13:21:17.862016Z","level":"info","event":"Filling up the DagBag from /opt/airflow/dags/1_load_road_segments.py","logger":"airflow.models.dagbag.BundleDagBag","filename":"dagbag.py","lineno":593}
{"timestamp":"2026-04-09T13:21:18.121957Z","level":"warning","event":"The `airflow.operators.python.PythonOperator` attribute is deprecated. Please use `'airflow.providers.standard.operators.python.PythonOperator'`.","category":"DeprecatedImportWarning","filename":"/opt/airflow/dags/1_load_road_segments.py","lineno":2,"logger":"py.warnings"}
{"timestamp":"2026-04-09T13:21:49.108588Z","level":"info","event":"Filling up the DagBag from /opt/airflow/dags/1_load_road_segments.py","logger":"airflow.models.dagbag.BundleDagBag","filename":"dagbag.py","lineno":593}
{"timestamp":"2026-04-09T13:21:49.337215Z","level":"warning","event":"The `airflow.operators.python.PythonOperator` attribute is deprecated. Please use `'airflow.providers.standard.operators.python.PythonOperator'`.","category":"DeprecatedImportWarning","filename":"/opt/airflow/dags/1_load_road_segments.py","lineno":2,"logger":"py.warnings"}
{"timestamp":"2026-04-09T13:22:20.248852Z","level":"info","event":"Filling up the DagBag from /opt/airflow/dags/1_load_road_segments.py","logger":"airflow.models.dagbag.BundleDagBag","filename":"dagbag.py","lineno":593}
{"timestamp":"2026-04-09T13:22:20.487609Z","level":"warning","event":"The `airflow.operators.python.PythonOperator` attribute is deprecated. Please use `'airflow.providers.standard.operators.python.PythonOperator'`.","category":"DeprecatedImportWarning","filename":"/opt/airflow/dags/1_load_road_segments.py","lineno":2,"logger":"py.warnings"}
{"timestamp":"2026-04-09T13:22:51.489006Z","level":"info","event":"Filling up the DagBag from /opt/airflow/dags/1_load_road_segments.py","logger":"airflow.models.dagbag.BundleDagBag","filename":"dagbag.py","lineno":593}
{"timestamp":"2026-04-09T13:22:51.746671Z","level":"warning","event":"The `airflow.operators.python.PythonOperator` attribute is deprecated. Please use `'airflow.providers.standard.operators.python.PythonOperator'`.","category":"DeprecatedImportWarning","filename":"/opt/airflow/dags/1_load_road_segments.py","lineno":2,"logger":"py.warnings"}
{"timestamp":"2026-04-09T13:23:21.904215Z","level":"info","event":"Filling up the DagBag from /opt/airflow/dags/1_load_road_segments.py","logger":"airflow.models.dagbag.BundleDagBag","filename":"dagbag.py","lineno":593}
{"timestamp":"2026-04-09T13:23:22.136016Z","level":"warning","event":"The `airflow.operators.python.PythonOperator` attribute is deprecated. Please use `'airflow.providers.standard.operators.python.PythonOperator'`.","category":"DeprecatedImportWarning","filename":"/opt/airflow/dags/1_load_road_segments.py","lineno":2,"logger":"py.warnings"}
{"timestamp":"2026-04-09T13:23:53.158346Z","level":"info","event":"Filling up the DagBag from /opt/airflow/dags/1_load_road_segments.py","logger":"airflow.models.dagbag.BundleDagBag","filename":"dagbag.py","lineno":593}
{"timestamp":"2026-04-09T13:23:53.388476Z","level":"warning","event":"The `airflow.operators.python.PythonOperator` attribute is deprecated. Please use `'airflow.providers.standard.operators.python.PythonOperator'`.","category":"DeprecatedImportWarning","filename":"/opt/airflow/dags/1_load_road_segments.py","lineno":2,"logger":"py.warnings"}
{"timestamp":"2026-04-09T13:24:23.484609Z","level":"info","event":"Filling up the DagBag from /opt/airflow/dags/1_load_road_segments.py","logger":"airflow.models.dagbag.BundleDagBag","filename":"dagbag.py","lineno":593}
{"timestamp":"2026-04-09T13:24:23.743091Z","level":"warning","event":"The `airflow.operators.python.PythonOperator` attribute is deprecated. Please use `'airflow.providers.standard.operators.python.PythonOperator'`.","category":"DeprecatedImportWarning","filename":"/opt/airflow/dags/1_load_road_segments.py","lineno":2,"logger":"py.warnings"}
{"timestamp":"2026-04-09T13:24:54.697506Z","level":"info","event":"Filling up the DagBag from /opt/airflow/dags/1_load_road_segments.py","logger":"airflow.models.dagbag.BundleDagBag","filename":"dagbag.py","lineno":593}
{"timestamp":"2026-04-09T13:24:54.938626Z","level":"warning","event":"The `airflow.operators.python.PythonOperator` attribute is deprecated. Please use `'airflow.providers.standard.operators.python.PythonOperator'`.","category":"DeprecatedImportWarning","filename":"/opt/airflow/dags/1_load_road_segments.py","lineno":2,"logger":"py.warnings"}
{"timestamp":"2026-04-09T13:25:25.785057Z","level":"info","event":"Filling up the DagBag from /opt/airflow/dags/1_load_road_segments.py","logger":"airflow.models.dagbag.BundleDagBag","filename":"dagbag.py","lineno":593}
{"timestamp":"2026-04-09T13:25:26.036842Z","level":"warning","event":"The `airflow.operators.python.PythonOperator` attribute is deprecated. Please use `'airflow.providers.standard.operators.python.PythonOperator'`.","category":"DeprecatedImportWarning","filename":"/opt/airflow/dags/1_load_road_segments.py","lineno":2,"logger":"py.warnings"}
{"timestamp":"2026-04-09T13:25:56.975822Z","level":"info","event":"Filling up the DagBag from /opt/airflow/dags/1_load_road_segments.py","logger":"airflow.models.dagbag.BundleDagBag","filename":"dagbag.py","lineno":593}
{"timestamp":"2026-04-09T13:25:57.253053Z","level":"warning","event":"The `airflow.operators.python.PythonOperator` attribute is deprecated. Please use `'airflow.providers.standard.operators.python.PythonOperator'`.","category":"DeprecatedImportWarning","filename":"/opt/airflow/dags/1_load_road_segments.py","lineno":2,"logger":"py.warnings"}
{"timestamp":"2026-04-09T13:26:28.221449Z","level":"info","event":"Filling up the DagBag from /opt/airflow/dags/1_load_road_segments.py","logger":"airflow.models.dagbag.BundleDagBag","filename":"dagbag.py","lineno":593}
{"timestamp":"2026-04-09T13:26:28.476255Z","level":"warning","event":"The `airflow.operators.python.PythonOperator` attribute is deprecated. Please use `'airflow.providers.standard.operators.python.PythonOperator'`.","category":"DeprecatedImportWarning","filename":"/opt/airflow/dags/1_load_road_segments.py","lineno":2,"logger":"py.warnings"}
{"timestamp":"2026-04-09T13:26:59.428110Z","level":"info","event":"Filling up the DagBag from /opt/airflow/dags/1_load_road_segments.py","logger":"airflow.models.dagbag.BundleDagBag","filename":"dagbag.py","lineno":593}
{"timestamp":"2026-04-09T13:26:59.693843Z","level":"warning","event":"The `airflow.operators.python.PythonOperator` attribute is deprecated. Please use `'airflow.providers.standard.operators.python.PythonOperator'`.","category":"DeprecatedImportWarning","filename":"/opt/airflow/dags/1_load_road_segments.py","lineno":2,"logger":"py.warnings"}
{"timestamp":"2026-04-09T13:27:30.567126Z","level":"info","event":"Filling up the DagBag from /opt/airflow/dags/1_load_road_segments.py","logger":"airflow.models.dagbag.BundleDagBag","filename":"dagbag.py","lineno":593}
{"timestamp":"2026-04-09T13:27:30.746655Z","level":"warning","event":"The `airflow.operators.python.PythonOperator` attribute is deprecated. Please use `'airflow.providers.standard.operators.python.PythonOperator'`.","category":"DeprecatedImportWarning","filename":"/opt/airflow/dags/1_load_road_segments.py","lineno":2,"logger":"py.warnings"}
{"timestamp":"2026-04-09T13:28:01.651235Z","level":"info","event":"Filling up the DagBag from /opt/airflow/dags/1_load_road_segments.py","logger":"airflow.models.dagbag.BundleDagBag","filename":"dagbag.py","lineno":593}
{"timestamp":"2026-04-09T13:28:01.857544Z","level":"warning","event":"The `airflow.operators.python.PythonOperator` attribute is deprecated. Please use `'airflow.providers.standard.operators.python.PythonOperator'`.","category":"DeprecatedImportWarning","filename":"/opt/airflow/dags/1_load_road_segments.py","lineno":2,"logger":"py.warnings"}
{"timestamp":"2026-04-09T13:28:32.739593Z","level":"info","event":"Filling up the DagBag from /opt/airflow/dags/1_load_road_segments.py","logger":"airflow.models.dagbag.BundleDagBag","filename":"dagbag.py","lineno":593}
{"timestamp":"2026-04-09T13:28:32.942396Z","level":"warning","event":"The `airflow.operators.python.PythonOperator` attribute is deprecated. Please use `'airflow.providers.standard.operators.python.PythonOperator'`.","category":"DeprecatedImportWarning","filename":"/opt/airflow/dags/1_load_road_segments.py","lineno":2,"logger":"py.warnings"}
{"timestamp":"2026-04-09T13:29:03.936587Z","level":"info","event":"Filling up the DagBag from /opt/airflow/dags/1_load_road_segments.py","logger":"airflow.models.dagbag.BundleDagBag","filename":"dagbag.py","lineno":593}
{"timestamp":"2026-04-09T13:29:04.253050Z","level":"warning","event":"The `airflow.operators.python.PythonOperator` attribute is deprecated. Please use `'airflow.providers.standard.operators.python.PythonOperator'`.","category":"DeprecatedImportWarning","filename":"/opt/airflow/dags/1_load_road_segments.py","lineno":2,"logger":"py.warnings"}
{"timestamp":"2026-04-09T13:29:34.327851Z","level":"info","event":"Filling up the DagBag from /opt/airflow/dags/1_load_road_segments.py","logger":"airflow.models.dagbag.BundleDagBag","filename":"dagbag.py","lineno":593}
{"timestamp":"2026-04-09T13:29:34.585510Z","level":"warning","event":"The `airflow.operators.python.PythonOperator` attribute is deprecated. Please use `'airflow.providers.standard.operators.python.PythonOperator'`.","category":"DeprecatedImportWarning","filename":"/opt/airflow/dags/1_load_road_segments.py","lineno":2,"logger":"py.warnings"}
{"timestamp":"2026-04-09T13:30:04.866017Z","level":"info","event":"Filling up the DagBag from /opt/airflow/dags/1_load_road_segments.py","logger":"airflow.models.dagbag.BundleDagBag","filename":"dagbag.py","lineno":593}
{"timestamp":"2026-04-09T13:30:05.098480Z","level":"warning","event":"The `airflow.operators.python.PythonOperator` attribute is deprecated. Please use `'airflow.providers.standard.operators.python.PythonOperator'`.","category":"DeprecatedImportWarning","filename":"/opt/airflow/dags/1_load_road_segments.py","lineno":2,"logger":"py.warnings"}
{"timestamp":"2026-04-09T13:30:35.181372Z","level":"info","event":"Filling up the DagBag from /opt/airflow/dags/1_load_road_segments.py","logger":"airflow.models.dagbag.BundleDagBag","filename":"dagbag.py","lineno":593}
{"timestamp":"2026-04-09T13:30:35.428741Z","level":"warning","event":"The `airflow.operators.python.PythonOperator` attribute is deprecated. Please use `'airflow.providers.standard.operators.python.PythonOperator'`.","category":"DeprecatedImportWarning","filename":"/opt/airflow/dags/1_load_road_segments.py","lineno":2,"logger":"py.warnings"}
{"timestamp":"2026-04-09T13:31:05.529823Z","level":"info","event":"Filling up the DagBag from /opt/airflow/dags/1_load_road_segments.py","logger":"airflow.models.dagbag.BundleDagBag","filename":"dagbag.py","lineno":593}
{"timestamp":"2026-04-09T13:31:05.789650Z","level":"warning","event":"The `airflow.operators.python.PythonOperator` attribute is deprecated. Please use `'airflow.providers.standard.operators.python.PythonOperator'`.","category":"DeprecatedImportWarning","filename":"/opt/airflow/dags/1_load_road_segments.py","lineno":2,"logger":"py.warnings"}
{"timestamp":"2026-04-09T13:31:35.889081Z","level":"info","event":"Filling up the DagBag from /opt/airflow/dags/1_load_road_segments.py","logger":"airflow.models.dagbag.BundleDagBag","filename":"dagbag.py","lineno":593}
{"timestamp":"2026-04-09T13:31:36.114224Z","level":"warning","event":"The `airflow.operators.python.PythonOperator` attribute is deprecated. Please use `'airflow.providers.standard.operators.python.PythonOperator'`.","category":"DeprecatedImportWarning","filename":"/opt/airflow/dags/1_load_road_segments.py","lineno":2,"logger":"py.warnings"}
{"timestamp":"2026-04-09T13:32:06.201658Z","level":"info","event":"Filling up the DagBag from /opt/airflow/dags/1_load_road_segments.py","logger":"airflow.models.dagbag.BundleDagBag","filename":"dagbag.py","lineno":593}
{"timestamp":"2026-04-09T13:32:06.430224Z","level":"warning","event":"The `airflow.operators.python.PythonOperator` attribute is deprecated. Please use `'airflow.providers.standard.operators.python.PythonOperator'`.","category":"DeprecatedImportWarning","filename":"/opt/airflow/dags/1_load_road_segments.py","lineno":2,"logger":"py.warnings"}
{"timestamp":"2026-04-09T13:32:37.361922Z","level":"info","event":"Filling up the DagBag from /opt/airflow/dags/1_load_road_segments.py","logger":"airflow.models.dagbag.BundleDagBag","filename":"dagbag.py","lineno":593}
{"timestamp":"2026-04-09T13:32:37.642646Z","level":"warning","event":"The `airflow.operators.python.PythonOperator` attribute is deprecated. Please use `'airflow.providers.standard.operators.python.PythonOperator'`.","category":"DeprecatedImportWarning","filename":"/opt/airflow/dags/1_load_road_segments.py","lineno":2,"logger":"py.warnings"}
{"timestamp":"2026-04-09T13:33:07.790048Z","level":"info","event":"Filling up the DagBag from /opt/airflow/dags/1_load_road_segments.py","logger":"airflow.models.dagbag.BundleDagBag","filename":"dagbag.py","lineno":593}
{"timestamp":"2026-04-09T13:33:07.997371Z","level":"warning","event":"The `airflow.operators.python.PythonOperator` attribute is deprecated. Please use `'airflow.providers.standard.operators.python.PythonOperator'`.","category":"DeprecatedImportWarning","filename":"/opt/airflow/dags/1_load_road_segments.py","lineno":2,"logger":"py.warnings"}
{"timestamp":"2026-04-09T13:33:39.102299Z","level":"info","event":"Filling up the DagBag from /opt/airflow/dags/1_load_road_segments.py","logger":"airflow.models.dagbag.BundleDagBag","filename":"dagbag.py","lineno":593}
{"timestamp":"2026-04-09T13:33:39.370128Z","level":"warning","event":"The `airflow.operators.python.PythonOperator` attribute is deprecated. Please use `'airflow.providers.standard.operators.python.PythonOperator'`.","category":"DeprecatedImportWarning","filename":"/opt/airflow/dags/1_load_road_segments.py","lineno":2,"logger":"py.warnings"}
{"timestamp":"2026-04-09T13:34:09.532533Z","level":"info","event":"Filling up the DagBag from /opt/airflow/dags/1_load_road_segments.py","logger":"airflow.models.dagbag.BundleDagBag","filename":"dagbag.py","lineno":593}
{"timestamp":"2026-04-09T13:34:09.783829Z","level":"warning","event":"The `airflow.operators.python.PythonOperator` attribute is deprecated. Please use `'airflow.providers.standard.operators.python.PythonOperator'`.","category":"DeprecatedImportWarning","filename":"/opt/airflow/dags/1_load_road_segments.py","lineno":2,"logger":"py.warnings"}
{"timestamp":"2026-04-09T13:34:39.911541Z","level":"info","event":"Filling up the DagBag from /opt/airflow/dags/1_load_road_segments.py","logger":"airflow.models.dagbag.BundleDagBag","filename":"dagbag.py","lineno":593}
{"timestamp":"2026-04-09T13:34:40.111940Z","level":"warning","event":"The `airflow.operators.python.PythonOperator` attribute is deprecated. Please use `'airflow.providers.standard.operators.python.PythonOperator'`.","category":"DeprecatedImportWarning","filename":"/opt/airflow/dags/1_load_road_segments.py","lineno":2,"logger":"py.warnings"}
{"timestamp":"2026-04-09T13:35:11.169515Z","level":"info","event":"Filling up the DagBag from /opt/airflow/dags/1_load_road_segments.py","logger":"airflow.models.dagbag.BundleDagBag","filename":"dagbag.py","lineno":593}
{"timestamp":"2026-04-09T13:35:11.368099Z","level":"warning","event":"The `airflow.operators.python.PythonOperator` attribute is deprecated. Please use `'airflow.providers.standard.operators.python.PythonOperator'`.","category":"DeprecatedImportWarning","filename":"/opt/airflow/dags/1_load_road_segments.py","lineno":2,"logger":"py.warnings"}
{"timestamp":"2026-04-09T13:35:42.365322Z","level":"info","event":"Filling up the DagBag from /opt/airflow/dags/1_load_road_segments.py","logger":"airflow.models.dagbag.BundleDagBag","filename":"dagbag.py","lineno":593}
{"timestamp":"2026-04-09T13:35:42.608115Z","level":"warning","event":"The `airflow.operators.python.PythonOperator` attribute is deprecated. Please use `'airflow.providers.standard.operators.python.PythonOperator'`.","category":"DeprecatedImportWarning","filename":"/opt/airflow/dags/1_load_road_segments.py","lineno":2,"logger":"py.warnings"}
{"timestamp":"2026-04-09T13:36:13.553015Z","level":"info","event":"Filling up the DagBag from /opt/airflow/dags/1_load_road_segments.py","logger":"airflow.models.dagbag.BundleDagBag","filename":"dagbag.py","lineno":593}
{"timestamp":"2026-04-09T13:36:13.810558Z","level":"warning","event":"The `airflow.operators.python.PythonOperator` attribute is deprecated. Please use `'airflow.providers.standard.operators.python.PythonOperator'`.","category":"DeprecatedImportWarning","filename":"/opt/airflow/dags/1_load_road_segments.py","lineno":2,"logger":"py.warnings"}
{"timestamp":"2026-04-09T13:36:44.808049Z","level":"info","event":"Filling up the DagBag from /opt/airflow/dags/1_load_road_segments.py","logger":"airflow.models.dagbag.BundleDagBag","filename":"dagbag.py","lineno":593}
{"timestamp":"2026-04-09T13:36:45.053705Z","level":"warning","event":"The `airflow.operators.python.PythonOperator` attribute is deprecated. Please use `'airflow.providers.standard.operators.python.PythonOperator'`.","category":"DeprecatedImportWarning","filename":"/opt/airflow/dags/1_load_road_segments.py","lineno":2,"logger":"py.warnings"}
{"timestamp":"2026-04-09T13:37:16.012597Z","level":"info","event":"Filling up the DagBag from /opt/airflow/dags/1_load_road_segments.py","logger":"airflow.models.dagbag.BundleDagBag","filename":"dagbag.py","lineno":593}
{"timestamp":"2026-04-09T13:37:16.222377Z","level":"warning","event":"The `airflow.operators.python.PythonOperator` attribute is deprecated. Please use `'airflow.providers.standard.operators.python.PythonOperator'`.","category":"DeprecatedImportWarning","filename":"/opt/airflow/dags/1_load_road_segments.py","lineno":2,"logger":"py.warnings"}
{"timestamp":"2026-04-09T13:37:47.185254Z","level":"info","event":"Filling up the DagBag from /opt/airflow/dags/1_load_road_segments.py","logger":"airflow.models.dagbag.BundleDagBag","filename":"dagbag.py","lineno":593}
{"timestamp":"2026-04-09T13:37:47.453903Z","level":"warning","event":"The `airflow.operators.python.PythonOperator` attribute is deprecated. Please use `'airflow.providers.standard.operators.python.PythonOperator'`.","category":"DeprecatedImportWarning","filename":"/opt/airflow/dags/1_load_road_segments.py","lineno":2,"logger":"py.warnings"}
{"timestamp":"2026-04-09T13:38:18.475485Z","level":"info","event":"Filling up the DagBag from /opt/airflow/dags/1_load_road_segments.py","logger":"airflow.models.dagbag.BundleDagBag","filename":"dagbag.py","lineno":593}
{"timestamp":"2026-04-09T13:38:18.718293Z","level":"warning","event":"The `airflow.operators.python.PythonOperator` attribute is deprecated. Please use `'airflow.providers.standard.operators.python.PythonOperator'`.","category":"DeprecatedImportWarning","filename":"/opt/airflow/dags/1_load_road_segments.py","lineno":2,"logger":"py.warnings"}
{"timestamp":"2026-04-09T13:38:49.744464Z","level":"info","event":"Filling up the DagBag from /opt/airflow/dags/1_load_road_segments.py","logger":"airflow.models.dagbag.BundleDagBag","filename":"dagbag.py","lineno":593}
{"timestamp":"2026-04-09T13:38:49.970855Z","level":"warning","event":"The `airflow.operators.python.PythonOperator` attribute is deprecated. Please use `'airflow.providers.standard.operators.python.PythonOperator'`.","category":"DeprecatedImportWarning","filename":"/opt/airflow/dags/1_load_road_segments.py","lineno":2,"logger":"py.warnings"}
{"timestamp":"2026-04-09T13:39:21.034134Z","level":"info","event":"Filling up the DagBag from /opt/airflow/dags/1_load_road_segments.py","logger":"airflow.models.dagbag.BundleDagBag","filename":"dagbag.py","lineno":593}
{"timestamp":"2026-04-09T13:39:21.266810Z","level":"warning","event":"The `airflow.operators.python.PythonOperator` attribute is deprecated. Please use `'airflow.providers.standard.operators.python.PythonOperator'`.","category":"DeprecatedImportWarning","filename":"/opt/airflow/dags/1_load_road_segments.py","lineno":2,"logger":"py.warnings"}
{"timestamp":"2026-04-09T13:39:51.554166Z","level":"info","event":"Filling up the DagBag from /opt/airflow/dags/1_load_road_segments.py","logger":"airflow.models.dagbag.BundleDagBag","filename":"dagbag.py","lineno":593}
{"timestamp":"2026-04-09T13:39:51.770347Z","level":"warning","event":"The `airflow.operators.python.PythonOperator` attribute is deprecated. Please use `'airflow.providers.standard.operators.python.PythonOperator'`.","category":"DeprecatedImportWarning","filename":"/opt/airflow/dags/1_load_road_segments.py","lineno":2,"logger":"py.warnings"}
{"timestamp":"2026-04-09T13:40:22.969265Z","level":"info","event":"Filling up the DagBag from /opt/airflow/dags/1_load_road_segments.py","logger":"airflow.models.dagbag.BundleDagBag","filename":"dagbag.py","lineno":593}
{"timestamp":"2026-04-09T13:40:23.254658Z","level":"warning","event":"The `airflow.operators.python.PythonOperator` attribute is deprecated. Please use `'airflow.providers.standard.operators.python.PythonOperator'`.","category":"DeprecatedImportWarning","filename":"/opt/airflow/dags/1_load_road_segments.py","lineno":2,"logger":"py.warnings"}
{"timestamp":"2026-04-09T13:40:53.442143Z","level":"info","event":"Filling up the DagBag from /opt/airflow/dags/1_load_road_segments.py","logger":"airflow.models.dagbag.BundleDagBag","filename":"dagbag.py","lineno":593}
{"timestamp":"2026-04-09T13:40:53.707789Z","level":"warning","event":"The `airflow.operators.python.PythonOperator` attribute is deprecated. Please use `'airflow.providers.standard.operators.python.PythonOperator'`.","category":"DeprecatedImportWarning","filename":"/opt/airflow/dags/1_load_road_segments.py","lineno":2,"logger":"py.warnings"}
{"timestamp":"2026-04-09T13:41:25.000766Z","level":"info","event":"Filling up the DagBag from /opt/airflow/dags/1_load_road_segments.py","logger":"airflow.models.dagbag.BundleDagBag","filename":"dagbag.py","lineno":593}
{"timestamp":"2026-04-09T13:41:25.272274Z","level":"warning","event":"The `airflow.operators.python.PythonOperator` attribute is deprecated. Please use `'airflow.providers.standard.operators.python.PythonOperator'`.","category":"DeprecatedImportWarning","filename":"/opt/airflow/dags/1_load_road_segments.py","lineno":2,"logger":"py.warnings"}
{"timestamp":"2026-04-09T13:41:55.418848Z","level":"info","event":"Filling up the DagBag from /opt/airflow/dags/1_load_road_segments.py","logger":"airflow.models.dagbag.BundleDagBag","filename":"dagbag.py","lineno":593}
{"timestamp":"2026-04-09T13:41:55.596187Z","level":"warning","event":"The `airflow.operators.python.PythonOperator` attribute is deprecated. Please use `'airflow.providers.standard.operators.python.PythonOperator'`.","category":"DeprecatedImportWarning","filename":"/opt/airflow/dags/1_load_road_segments.py","lineno":2,"logger":"py.warnings"}
{"timestamp":"2026-04-09T13:42:26.488173Z","level":"info","event":"Filling up the DagBag from /opt/airflow/dags/1_load_road_segments.py","logger":"airflow.models.dagbag.BundleDagBag","filename":"dagbag.py","lineno":593}
{"timestamp":"2026-04-09T13:42:26.714115Z","level":"warning","event":"The `airflow.operators.python.PythonOperator` attribute is deprecated. Please use `'airflow.providers.standard.operators.python.PythonOperator'`.","category":"DeprecatedImportWarning","filename":"/opt/airflow/dags/1_load_road_segments.py","lineno":2,"logger":"py.warnings"}
{"timestamp":"2026-04-09T13:42:57.666891Z","level":"info","event":"Filling up the DagBag from /opt/airflow/dags/1_load_road_segments.py","logger":"airflow.models.dagbag.BundleDagBag","filename":"dagbag.py","lineno":593}
{"timestamp":"2026-04-09T13:42:57.875792Z","level":"warning","event":"The `airflow.operators.python.PythonOperator` attribute is deprecated. Please use `'airflow.providers.standard.operators.python.PythonOperator'`.","category":"DeprecatedImportWarning","filename":"/opt/airflow/dags/1_load_road_segments.py","lineno":2,"logger":"py.warnings"}
{"timestamp":"2026-04-09T13:43:28.960496Z","level":"info","event":"Filling up the DagBag from /opt/airflow/dags/1_load_road_segments.py","logger":"airflow.models.dagbag.BundleDagBag","filename":"dagbag.py","lineno":593}
{"timestamp":"2026-04-09T13:43:29.211912Z","level":"warning","event":"The `airflow.operators.python.PythonOperator` attribute is deprecated. Please use `'airflow.providers.standard.operators.python.PythonOperator'`.","category":"DeprecatedImportWarning","filename":"/opt/airflow/dags/1_load_road_segments.py","lineno":2,"logger":"py.warnings"}
{"timestamp":"2026-04-09T13:43:59.366837Z","level":"info","event":"Filling up the DagBag from /opt/airflow/dags/1_load_road_segments.py","logger":"airflow.models.dagbag.BundleDagBag","filename":"dagbag.py","lineno":593}
{"timestamp":"2026-04-09T13:43:59.561961Z","level":"warning","event":"The `airflow.operators.python.PythonOperator` attribute is deprecated. Please use `'airflow.providers.standard.operators.python.PythonOperator'`.","category":"DeprecatedImportWarning","filename":"/opt/airflow/dags/1_load_road_segments.py","lineno":2,"logger":"py.warnings"}
{"timestamp":"2026-04-09T13:44:29.815263Z","level":"info","event":"Filling up the DagBag from /opt/airflow/dags/1_load_road_segments.py","logger":"airflow.models.dagbag.BundleDagBag","filename":"dagbag.py","lineno":593}
{"timestamp":"2026-04-09T13:44:30.086515Z","level":"warning","event":"The `airflow.operators.python.PythonOperator` attribute is deprecated. Please use `'airflow.providers.standard.operators.python.PythonOperator'`.","category":"DeprecatedImportWarning","filename":"/opt/airflow/dags/1_load_road_segments.py","lineno":2,"logger":"py.warnings"}
{"timestamp":"2026-04-09T13:45:00.281158Z","level":"info","event":"Filling up the DagBag from /opt/airflow/dags/1_load_road_segments.py","logger":"airflow.models.dagbag.BundleDagBag","filename":"dagbag.py","lineno":593}
{"timestamp":"2026-04-09T13:45:00.495062Z","level":"warning","event":"The `airflow.operators.python.PythonOperator` attribute is deprecated. Please use `'airflow.providers.standard.operators.python.PythonOperator'`.","category":"DeprecatedImportWarning","filename":"/opt/airflow/dags/1_load_road_segments.py","lineno":2,"logger":"py.warnings"}
{"timestamp":"2026-04-09T13:45:31.524401Z","level":"info","event":"Filling up the DagBag from /opt/airflow/dags/1_load_road_segments.py","logger":"airflow.models.dagbag.BundleDagBag","filename":"dagbag.py","lineno":593}
{"timestamp":"2026-04-09T13:45:31.761745Z","level":"warning","event":"The `airflow.operators.python.PythonOperator` attribute is deprecated. Please use `'airflow.providers.standard.operators.python.PythonOperator'`.","category":"DeprecatedImportWarning","filename":"/opt/airflow/dags/1_load_road_segments.py","lineno":2,"logger":"py.warnings"}
{"timestamp":"2026-04-09T13:46:02.641511Z","level":"info","event":"Filling up the DagBag from /opt/airflow/dags/1_load_road_segments.py","logger":"airflow.models.dagbag.BundleDagBag","filename":"dagbag.py","lineno":593}
{"timestamp":"2026-04-09T13:46:02.843459Z","level":"warning","event":"The `airflow.operators.python.PythonOperator` attribute is deprecated. Please use `'airflow.providers.standard.operators.python.PythonOperator'`.","category":"DeprecatedImportWarning","filename":"/opt/airflow/dags/1_load_road_segments.py","lineno":2,"logger":"py.warnings"}
{"timestamp":"2026-04-09T13:46:34.057395Z","level":"info","event":"Filling up the DagBag from /opt/airflow/dags/1_load_road_segments.py","logger":"airflow.models.dagbag.BundleDagBag","filename":"dagbag.py","lineno":593}
{"timestamp":"2026-04-09T13:46:34.273507Z","level":"warning","event":"The `airflow.operators.python.PythonOperator` attribute is deprecated. Please use `'airflow.providers.standard.operators.python.PythonOperator'`.","category":"DeprecatedImportWarning","filename":"/opt/airflow/dags/1_load_road_segments.py","lineno":2,"logger":"py.warnings"}
{"timestamp":"2026-04-09T13:47:05.202869Z","level":"info","event":"Filling up the DagBag from /opt/airflow/dags/1_load_road_segments.py","logger":"airflow.models.dagbag.BundleDagBag","filename":"dagbag.py","lineno":593}
{"timestamp":"2026-04-09T13:47:05.392849Z","level":"warning","event":"The `airflow.operators.python.PythonOperator` attribute is deprecated. Please use `'airflow.providers.standard.operators.python.PythonOperator'`.","category":"DeprecatedImportWarning","filename":"/opt/airflow/dags/1_load_road_segments.py","lineno":2,"logger":"py.warnings"}
{"timestamp":"2026-04-09T13:47:36.312726Z","level":"info","event":"Filling up the DagBag from /opt/airflow/dags/1_load_road_segments.py","logger":"airflow.models.dagbag.BundleDagBag","filename":"dagbag.py","lineno":593}
{"timestamp":"2026-04-09T13:47:36.527143Z","level":"warning","event":"The `airflow.operators.python.PythonOperator` attribute is deprecated. Please use `'airflow.providers.standard.operators.python.PythonOperator'`.","category":"DeprecatedImportWarning","filename":"/opt/airflow/dags/1_load_road_segments.py","lineno":2,"logger":"py.warnings"}
{"timestamp":"2026-04-09T13:48:07.456970Z","level":"info","event":"Filling up the DagBag from /opt/airflow/dags/1_load_road_segments.py","logger":"airflow.models.dagbag.BundleDagBag","filename":"dagbag.py","lineno":593}
{"timestamp":"2026-04-09T13:48:07.657098Z","level":"warning","event":"The `airflow.operators.python.PythonOperator` attribute is deprecated. Please use `'airflow.providers.standard.operators.python.PythonOperator'`.","category":"DeprecatedImportWarning","filename":"/opt/airflow/dags/1_load_road_segments.py","lineno":2,"logger":"py.warnings"}
{"timestamp":"2026-04-09T13:48:38.614406Z","level":"info","event":"Filling up the DagBag from /opt/airflow/dags/1_load_road_segments.py","logger":"airflow.models.dagbag.BundleDagBag","filename":"dagbag.py","lineno":593}
{"timestamp":"2026-04-09T13:48:38.823880Z","level":"warning","event":"The `airflow.operators.python.PythonOperator` attribute is deprecated. Please use `'airflow.providers.standard.operators.python.PythonOperator'`.","category":"DeprecatedImportWarning","filename":"/opt/airflow/dags/1_load_road_segments.py","lineno":2,"logger":"py.warnings"}
{"timestamp":"2026-04-09T13:49:09.910593Z","level":"info","event":"Filling up the DagBag from /opt/airflow/dags/1_load_road_segments.py","logger":"airflow.models.dagbag.BundleDagBag","filename":"dagbag.py","lineno":593}
{"timestamp":"2026-04-09T13:49:10.124987Z","level":"warning","event":"The `airflow.operators.python.PythonOperator` attribute is deprecated. Please use `'airflow.providers.standard.operators.python.PythonOperator'`.","category":"DeprecatedImportWarning","filename":"/opt/airflow/dags/1_load_road_segments.py","lineno":2,"logger":"py.warnings"}
{"timestamp":"2026-04-09T13:49:41.109115Z","level":"info","event":"Filling up the DagBag from /opt/airflow/dags/1_load_road_segments.py","logger":"airflow.models.dagbag.BundleDagBag","filename":"dagbag.py","lineno":593}
{"timestamp":"2026-04-09T13:49:41.373910Z","level":"warning","event":"The `airflow.operators.python.PythonOperator` attribute is deprecated. Please use `'airflow.providers.standard.operators.python.PythonOperator'`.","category":"DeprecatedImportWarning","filename":"/opt/airflow/dags/1_load_road_segments.py","lineno":2,"logger":"py.warnings"}
{"timestamp":"2026-04-09T13:50:12.323688Z","level":"info","event":"Filling up the DagBag from /opt/airflow/dags/1_load_road_segments.py","logger":"airflow.models.dagbag.BundleDagBag","filename":"dagbag.py","lineno":593}
{"timestamp":"2026-04-09T13:50:12.524369Z","level":"warning","event":"The `airflow.operators.python.PythonOperator` attribute is deprecated. Please use `'airflow.providers.standard.operators.python.PythonOperator'`.","category":"DeprecatedImportWarning","filename":"/opt/airflow/dags/1_load_road_segments.py","lineno":2,"logger":"py.warnings"}
{"timestamp":"2026-04-09T13:50:43.465999Z","level":"info","event":"Filling up the DagBag from /opt/airflow/dags/1_load_road_segments.py","logger":"airflow.models.dagbag.BundleDagBag","filename":"dagbag.py","lineno":593}
{"timestamp":"2026-04-09T13:50:43.672993Z","level":"warning","event":"The `airflow.operators.python.PythonOperator` attribute is deprecated. Please use `'airflow.providers.standard.operators.python.PythonOperator'`.","category":"DeprecatedImportWarning","filename":"/opt/airflow/dags/1_load_road_segments.py","lineno":2,"logger":"py.warnings"}
{"timestamp":"2026-04-09T13:51:14.639385Z","level":"info","event":"Filling up the DagBag from /opt/airflow/dags/1_load_road_segments.py","logger":"airflow.models.dagbag.BundleDagBag","filename":"dagbag.py","lineno":593}
{"timestamp":"2026-04-09T13:51:14.832636Z","level":"warning","event":"The `airflow.operators.python.PythonOperator` attribute is deprecated. Please use `'airflow.providers.standard.operators.python.PythonOperator'`.","category":"DeprecatedImportWarning","filename":"/opt/airflow/dags/1_load_road_segments.py","lineno":2,"logger":"py.warnings"}
{"timestamp":"2026-04-09T13:51:45.021054Z","level":"info","event":"Filling up the DagBag from /opt/airflow/dags/1_load_road_segments.py","logger":"airflow.models.dagbag.BundleDagBag","filename":"dagbag.py","lineno":593}
{"timestamp":"2026-04-09T13:51:45.253118Z","level":"warning","event":"The `airflow.operators.python.PythonOperator` attribute is deprecated. Please use `'airflow.providers.standard.operators.python.PythonOperator'`.","category":"DeprecatedImportWarning","filename":"/opt/airflow/dags/1_load_road_segments.py","lineno":2,"logger":"py.warnings"}
{"timestamp":"2026-04-09T13:52:15.459457Z","level":"info","event":"Filling up the DagBag from /opt/airflow/dags/1_load_road_segments.py","logger":"airflow.models.dagbag.BundleDagBag","filename":"dagbag.py","lineno":593}
{"timestamp":"2026-04-09T13:52:15.781372Z","level":"warning","event":"The `airflow.operators.python.PythonOperator` attribute is deprecated. Please use `'airflow.providers.standard.operators.python.PythonOperator'`.","category":"DeprecatedImportWarning","filename":"/opt/airflow/dags/1_load_road_segments.py","lineno":2,"logger":"py.warnings"}
{"timestamp":"2026-04-09T13:52:46.750172Z","level":"info","event":"Filling up the DagBag from /opt/airflow/dags/1_load_road_segments.py","logger":"airflow.models.dagbag.BundleDagBag","filename":"dagbag.py","lineno":593}
{"timestamp":"2026-04-09T13:52:47.021887Z","level":"warning","event":"The `airflow.operators.python.PythonOperator` attribute is deprecated. Please use `'airflow.providers.standard.operators.python.PythonOperator'`.","category":"DeprecatedImportWarning","filename":"/opt/airflow/dags/1_load_road_segments.py","lineno":2,"logger":"py.warnings"}
{"timestamp":"2026-04-09T13:53:17.127468Z","level":"info","event":"Filling up the DagBag from /opt/airflow/dags/1_load_road_segments.py","logger":"airflow.models.dagbag.BundleDagBag","filename":"dagbag.py","lineno":593}
{"timestamp":"2026-04-09T13:53:17.346515Z","level":"warning","event":"The `airflow.operators.python.PythonOperator` attribute is deprecated. Please use `'airflow.providers.standard.operators.python.PythonOperator'`.","category":"DeprecatedImportWarning","filename":"/opt/airflow/dags/1_load_road_segments.py","lineno":2,"logger":"py.warnings"}
{"timestamp":"2026-04-09T13:53:47.596258Z","level":"info","event":"Filling up the DagBag from /opt/airflow/dags/1_load_road_segments.py","logger":"airflow.models.dagbag.BundleDagBag","filename":"dagbag.py","lineno":593}
{"timestamp":"2026-04-09T13:53:47.862752Z","level":"warning","event":"The `airflow.operators.python.PythonOperator` attribute is deprecated. Please use `'airflow.providers.standard.operators.python.PythonOperator'`.","category":"DeprecatedImportWarning","filename":"/opt/airflow/dags/1_load_road_segments.py","lineno":2,"logger":"py.warnings"}
{"timestamp":"2026-04-09T13:54:18.112737Z","level":"info","event":"Filling up the DagBag from /opt/airflow/dags/1_load_road_segments.py","logger":"airflow.models.dagbag.BundleDagBag","filename":"dagbag.py","lineno":593}
{"timestamp":"2026-04-09T13:54:18.333254Z","level":"warning","event":"The `airflow.operators.python.PythonOperator` attribute is deprecated. Please use `'airflow.providers.standard.operators.python.PythonOperator'`.","category":"DeprecatedImportWarning","filename":"/opt/airflow/dags/1_load_road_segments.py","lineno":2,"logger":"py.warnings"}
{"timestamp":"2026-04-09T13:54:49.324194Z","level":"info","event":"Filling up the DagBag from /opt/airflow/dags/1_load_road_segments.py","logger":"airflow.models.dagbag.BundleDagBag","filename":"dagbag.py","lineno":593}
{"timestamp":"2026-04-09T13:54:49.529872Z","level":"warning","event":"The `airflow.operators.python.PythonOperator` attribute is deprecated. Please use `'airflow.providers.standard.operators.python.PythonOperator'`.","category":"DeprecatedImportWarning","filename":"/opt/airflow/dags/1_load_road_segments.py","lineno":2,"logger":"py.warnings"}
{"timestamp":"2026-04-09T13:55:20.715401Z","level":"info","event":"Filling up the DagBag from /opt/airflow/dags/1_load_road_segments.py","logger":"airflow.models.dagbag.BundleDagBag","filename":"dagbag.py","lineno":593}
{"timestamp":"2026-04-09T13:55:20.946392Z","level":"warning","event":"The `airflow.operators.python.PythonOperator` attribute is deprecated. Please use `'airflow.providers.standard.operators.python.PythonOperator'`.","category":"DeprecatedImportWarning","filename":"/opt/airflow/dags/1_load_road_segments.py","lineno":2,"logger":"py.warnings"}
{"timestamp":"2026-04-09T13:55:51.779757Z","level":"info","event":"Filling up the DagBag from /opt/airflow/dags/1_load_road_segments.py","logger":"airflow.models.dagbag.BundleDagBag","filename":"dagbag.py","lineno":593}
{"timestamp":"2026-04-09T13:55:52.087007Z","level":"warning","event":"The `airflow.operators.python.PythonOperator` attribute is deprecated. Please use `'airflow.providers.standard.operators.python.PythonOperator'`.","category":"DeprecatedImportWarning","filename":"/opt/airflow/dags/1_load_road_segments.py","lineno":2,"logger":"py.warnings"}
{"timestamp":"2026-04-09T13:56:22.356848Z","level":"info","event":"Filling up the DagBag from /opt/airflow/dags/1_load_road_segments.py","logger":"airflow.models.dagbag.BundleDagBag","filename":"dagbag.py","lineno":593}
{"timestamp":"2026-04-09T13:56:22.627714Z","level":"warning","event":"The `airflow.operators.python.PythonOperator` attribute is deprecated. Please use `'airflow.providers.standard.operators.python.PythonOperator'`.","category":"DeprecatedImportWarning","filename":"/opt/airflow/dags/1_load_road_segments.py","lineno":2,"logger":"py.warnings"}
{"timestamp":"2026-04-09T13:56:52.939752Z","level":"info","event":"Filling up the DagBag from /opt/airflow/dags/1_load_road_segments.py","logger":"airflow.models.dagbag.BundleDagBag","filename":"dagbag.py","lineno":593}
{"timestamp":"2026-04-09T13:56:53.207376Z","level":"warning","event":"The `airflow.operators.python.PythonOperator` attribute is deprecated. Please use `'airflow.providers.standard.operators.python.PythonOperator'`.","category":"DeprecatedImportWarning","filename":"/opt/airflow/dags/1_load_road_segments.py","lineno":2,"logger":"py.warnings"}
{"timestamp":"2026-04-09T13:57:23.893890Z","level":"info","event":"Filling up the DagBag from /opt/airflow/dags/1_load_road_segments.py","logger":"airflow.models.dagbag.BundleDagBag","filename":"dagbag.py","lineno":593}
{"timestamp":"2026-04-09T13:57:24.261870Z","level":"warning","event":"The `airflow.operators.python.PythonOperator` attribute is deprecated. Please use `'airflow.providers.standard.operators.python.PythonOperator'`.","category":"DeprecatedImportWarning","filename":"/opt/airflow/dags/1_load_road_segments.py","lineno":2,"logger":"py.warnings"}
{"timestamp":"2026-04-09T13:57:54.534080Z","level":"info","event":"Filling up the DagBag from /opt/airflow/dags/1_load_road_segments.py","logger":"airflow.models.dagbag.BundleDagBag","filename":"dagbag.py","lineno":593}
{"timestamp":"2026-04-09T13:57:54.766135Z","level":"warning","event":"The `airflow.operators.python.PythonOperator` attribute is deprecated. Please use `'airflow.providers.standard.operators.python.PythonOperator'`.","category":"DeprecatedImportWarning","filename":"/opt/airflow/dags/1_load_road_segments.py","lineno":2,"logger":"py.warnings"}
{"timestamp":"2026-04-09T13:58:25.066746Z","level":"info","event":"Filling up the DagBag from /opt/airflow/dags/1_load_road_segments.py","logger":"airflow.models.dagbag.BundleDagBag","filename":"dagbag.py","lineno":593}
{"timestamp":"2026-04-09T13:58:25.319042Z","level":"warning","event":"The `airflow.operators.python.PythonOperator` attribute is deprecated. Please use `'airflow.providers.standard.operators.python.PythonOperator'`.","category":"DeprecatedImportWarning","filename":"/opt/airflow/dags/1_load_road_segments.py","lineno":2,"logger":"py.warnings"}
{"timestamp":"2026-04-09T13:58:55.418126Z","level":"info","event":"Filling up the DagBag from /opt/airflow/dags/1_load_road_segments.py","logger":"airflow.models.dagbag.BundleDagBag","filename":"dagbag.py","lineno":593}
{"timestamp":"2026-04-09T13:58:55.653607Z","level":"warning","event":"The `airflow.operators.python.PythonOperator` attribute is deprecated. Please use `'airflow.providers.standard.operators.python.PythonOperator'`.","category":"DeprecatedImportWarning","filename":"/opt/airflow/dags/1_load_road_segments.py","lineno":2,"logger":"py.warnings"}
{"timestamp":"2026-04-09T13:59:25.845967Z","level":"info","event":"Filling up the DagBag from /opt/airflow/dags/1_load_road_segments.py","logger":"airflow.models.dagbag.BundleDagBag","filename":"dagbag.py","lineno":593}
{"timestamp":"2026-04-09T13:59:26.036297Z","level":"warning","event":"The `airflow.operators.python.PythonOperator` attribute is deprecated. Please use `'airflow.providers.standard.operators.python.PythonOperator'`.","category":"DeprecatedImportWarning","filename":"/opt/airflow/dags/1_load_road_segments.py","lineno":2,"logger":"py.warnings"}
{"timestamp":"2026-04-09T13:59:56.272358Z","level":"info","event":"Filling up the DagBag from /opt/airflow/dags/1_load_road_segments.py","logger":"airflow.models.dagbag.BundleDagBag","filename":"dagbag.py","lineno":593}
{"timestamp":"2026-04-09T13:59:56.507754Z","level":"warning","event":"The `airflow.operators.python.PythonOperator` attribute is deprecated. Please use `'airflow.providers.standard.operators.python.PythonOperator'`.","category":"DeprecatedImportWarning","filename":"/opt/airflow/dags/1_load_road_segments.py","lineno":2,"logger":"py.warnings"}
{"timestamp":"2026-04-09T14:00:26.837406Z","level":"info","event":"Filling up the DagBag from /opt/airflow/dags/1_load_road_segments.py","logger":"airflow.models.dagbag.BundleDagBag","filename":"dagbag.py","lineno":593}
{"timestamp":"2026-04-09T14:00:27.106593Z","level":"warning","event":"The `airflow.operators.python.PythonOperator` attribute is deprecated. Please use `'airflow.providers.standard.operators.python.PythonOperator'`.","category":"DeprecatedImportWarning","filename":"/opt/airflow/dags/1_load_road_segments.py","lineno":2,"logger":"py.warnings"}
{"timestamp":"2026-04-09T14:00:57.269437Z","level":"info","event":"Filling up the DagBag from /opt/airflow/dags/1_load_road_segments.py","logger":"airflow.models.dagbag.BundleDagBag","filename":"dagbag.py","lineno":593}
{"timestamp":"2026-04-09T14:00:57.500451Z","level":"warning","event":"The `airflow.operators.python.PythonOperator` attribute is deprecated. Please use `'airflow.providers.standard.operators.python.PythonOperator'`.","category":"DeprecatedImportWarning","filename":"/opt/airflow/dags/1_load_road_segments.py","lineno":2,"logger":"py.warnings"}
{"timestamp":"2026-04-09T14:01:27.632657Z","level":"info","event":"Filling up the DagBag from /opt/airflow/dags/1_load_road_segments.py","logger":"airflow.models.dagbag.BundleDagBag","filename":"dagbag.py","lineno":593}
{"timestamp":"2026-04-09T14:01:27.835567Z","level":"warning","event":"The `airflow.operators.python.PythonOperator` attribute is deprecated. Please use `'airflow.providers.standard.operators.python.PythonOperator'`.","category":"DeprecatedImportWarning","filename":"/opt/airflow/dags/1_load_road_segments.py","lineno":2,"logger":"py.warnings"}
{"timestamp":"2026-04-09T14:01:57.974480Z","level":"info","event":"Filling up the DagBag from /opt/airflow/dags/1_load_road_segments.py","logger":"airflow.models.dagbag.BundleDagBag","filename":"dagbag.py","lineno":593}
{"timestamp":"2026-04-09T14:01:58.160194Z","level":"warning","event":"The `airflow.operators.python.PythonOperator` attribute is deprecated. Please use `'airflow.providers.standard.operators.python.PythonOperator'`.","category":"DeprecatedImportWarning","filename":"/opt/airflow/dags/1_load_road_segments.py","lineno":2,"logger":"py.warnings"}
{"timestamp":"2026-04-09T14:02:28.297501Z","level":"info","event":"Filling up the DagBag from /opt/airflow/dags/1_load_road_segments.py","logger":"airflow.models.dagbag.BundleDagBag","filename":"dagbag.py","lineno":593}
{"timestamp":"2026-04-09T14:02:28.499663Z","level":"warning","event":"The `airflow.operators.python.PythonOperator` attribute is deprecated. Please use `'airflow.providers.standard.operators.python.PythonOperator'`.","category":"DeprecatedImportWarning","filename":"/opt/airflow/dags/1_load_road_segments.py","lineno":2,"logger":"py.warnings"}
{"timestamp":"2026-04-09T14:02:58.867964Z","level":"info","event":"Filling up the DagBag from /opt/airflow/dags/1_load_road_segments.py","logger":"airflow.models.dagbag.BundleDagBag","filename":"dagbag.py","lineno":593}
{"timestamp":"2026-04-09T14:02:59.250543Z","level":"warning","event":"The `airflow.operators.python.PythonOperator` attribute is deprecated. Please use `'airflow.providers.standard.operators.python.PythonOperator'`.","category":"DeprecatedImportWarning","filename":"/opt/airflow/dags/1_load_road_segments.py","lineno":2,"logger":"py.warnings"}
{"timestamp":"2026-04-09T14:03:29.541609Z","level":"info","event":"Filling up the DagBag from /opt/airflow/dags/1_load_road_segments.py","logger":"airflow.models.dagbag.BundleDagBag","filename":"dagbag.py","lineno":593}
{"timestamp":"2026-04-09T14:03:29.793702Z","level":"warning","event":"The `airflow.operators.python.PythonOperator` attribute is deprecated. Please use `'airflow.providers.standard.operators.python.PythonOperator'`.","category":"DeprecatedImportWarning","filename":"/opt/airflow/dags/1_load_road_segments.py","lineno":2,"logger":"py.warnings"}
{"timestamp":"2026-04-09T14:03:59.816699Z","level":"info","event":"Filling up the DagBag from /opt/airflow/dags/1_load_road_segments.py","logger":"airflow.models.dagbag.BundleDagBag","filename":"dagbag.py","lineno":593}
{"timestamp":"2026-04-09T14:03:59.993358Z","level":"warning","event":"The `airflow.operators.python.PythonOperator` attribute is deprecated. Please use `'airflow.providers.standard.operators.python.PythonOperator'`.","category":"DeprecatedImportWarning","filename":"/opt/airflow/dags/1_load_road_segments.py","lineno":2,"logger":"py.warnings"}
{"timestamp":"2026-04-09T14:04:30.413117Z","level":"info","event":"Filling up the DagBag from /opt/airflow/dags/1_load_road_segments.py","logger":"airflow.models.dagbag.BundleDagBag","filename":"dagbag.py","lineno":593}
{"timestamp":"2026-04-09T14:04:30.816792Z","level":"warning","event":"The `airflow.operators.python.PythonOperator` attribute is deprecated. Please use `'airflow.providers.standard.operators.python.PythonOperator'`.","category":"DeprecatedImportWarning","filename":"/opt/airflow/dags/1_load_road_segments.py","lineno":2,"logger":"py.warnings"}
{"timestamp":"2026-04-09T14:05:00.982046Z","level":"info","event":"Filling up the DagBag from /opt/airflow/dags/1_load_road_segments.py","logger":"airflow.models.dagbag.BundleDagBag","filename":"dagbag.py","lineno":593}
{"timestamp":"2026-04-09T14:05:01.219773Z","level":"warning","event":"The `airflow.operators.python.PythonOperator` attribute is deprecated. Please use `'airflow.providers.standard.operators.python.PythonOperator'`.","category":"DeprecatedImportWarning","filename":"/opt/airflow/dags/1_load_road_segments.py","lineno":2,"logger":"py.warnings"}
{"timestamp":"2026-04-09T14:05:31.428155Z","level":"info","event":"Filling up the DagBag from /opt/airflow/dags/1_load_road_segments.py","logger":"airflow.models.dagbag.BundleDagBag","filename":"dagbag.py","lineno":593}
{"timestamp":"2026-04-09T14:05:31.703924Z","level":"warning","event":"The `airflow.operators.python.PythonOperator` attribute is deprecated. Please use `'airflow.providers.standard.operators.python.PythonOperator'`.","category":"DeprecatedImportWarning","filename":"/opt/airflow/dags/1_load_road_segments.py","lineno":2,"logger":"py.warnings"}
