{"timestamp":"2026-04-09T12:10:15.258597Z","level":"info","event":"Filling up the DagBag from /opt/airflow/dags/3_aggregate_traffic_speed_15min.py","logger":"airflow.models.dagbag.BundleDagBag","filename":"dagbag.py","lineno":593}
{"timestamp":"2026-04-09T12:10:15.586302Z","level":"warning","event":"The `airflow.operators.python.PythonOperator` attribute is deprecated. Please use `'airflow.providers.standard.operators.python.PythonOperator'`.","category":"DeprecatedImportWarning","filename":"/opt/airflow/dags/3_aggregate_traffic_speed_15min.py","lineno":2,"logger":"py.warnings"}
{"timestamp":"2026-04-09T12:10:45.643021Z","level":"info","event":"Filling up the DagBag from /opt/airflow/dags/3_aggregate_traffic_speed_15min.py","logger":"airflow.models.dagbag.BundleDagBag","filename":"dagbag.py","lineno":593}
{"timestamp":"2026-04-09T12:10:45.953007Z","level":"warning","event":"The `airflow.operators.python.PythonOperator` attribute is deprecated. Please use `'airflow.providers.standard.operators.python.PythonOperator'`.","category":"DeprecatedImportWarning","filename":"/opt/airflow/dags/3_aggregate_traffic_speed_15min.py","lineno":2,"logger":"py.warnings"}
{"timestamp":"2026-04-09T12:11:34.234366Z","level":"info","event":"Filling up the DagBag from /opt/airflow/dags/3_aggregate_traffic_speed_15min.py","logger":"airflow.models.dagbag.BundleDagBag","filename":"dagbag.py","lineno":593}
{"timestamp":"2026-04-09T12:11:34.497091Z","level":"warning","event":"The `airflow.operators.python.PythonOperator` attribute is deprecated. Please use `'airflow.providers.standard.operators.python.PythonOperator'`.","category":"DeprecatedImportWarning","filename":"/opt/airflow/dags/3_aggregate_traffic_speed_15min.py","lineno":2,"logger":"py.warnings"}
{"timestamp":"2026-04-09T12:12:04.814613Z","level":"info","event":"Filling up the DagBag from /opt/airflow/dags/3_aggregate_traffic_speed_15min.py","logger":"airflow.models.dagbag.BundleDagBag","filename":"dagbag.py","lineno":593}
{"timestamp":"2026-04-09T12:12:05.059353Z","level":"warning","event":"The `airflow.operators.python.PythonOperator` attribute is deprecated. Please use `'airflow.providers.standard.operators.python.PythonOperator'`.","category":"DeprecatedImportWarning","filename":"/opt/airflow/dags/3_aggregate_traffic_speed_15min.py","lineno":2,"logger":"py.warnings"}
{"timestamp":"2026-04-09T12:12:35.929512Z","level":"info","event":"Filling up the DagBag from /opt/airflow/dags/3_aggregate_traffic_speed_15min.py","logger":"airflow.models.dagbag.BundleDagBag","filename":"dagbag.py","lineno":593}
{"timestamp":"2026-04-09T12:12:36.209590Z","level":"warning","event":"The `airflow.operators.python.PythonOperator` attribute is deprecated. Please use `'airflow.providers.standard.operators.python.PythonOperator'`.","category":"DeprecatedImportWarning","filename":"/opt/airflow/dags/3_aggregate_traffic_speed_15min.py","lineno":2,"logger":"py.warnings"}
{"timestamp":"2026-04-09T12:13:07.048239Z","level":"info","event":"Filling up the DagBag from /opt/airflow/dags/3_aggregate_traffic_speed_15min.py","logger":"airflow.models.dagbag.BundleDagBag","filename":"dagbag.py","lineno":593}
{"timestamp":"2026-04-09T12:13:07.306343Z","level":"warning","event":"The `airflow.operators.python.PythonOperator` attribute is deprecated. Please use `'airflow.providers.standard.operators.python.PythonOperator'`.","category":"DeprecatedImportWarning","filename":"/opt/airflow/dags/3_aggregate_traffic_speed_15min.py","lineno":2,"logger":"py.warnings"}
{"timestamp":"2026-04-09T12:13:38.242963Z","level":"info","event":"Filling up the DagBag from /opt/airflow/dags/3_aggregate_traffic_speed_15min.py","logger":"airflow.models.dagbag.BundleDagBag","filename":"dagbag.py","lineno":593}
{"timestamp":"2026-04-09T12:13:38.542075Z","level":"warning","event":"The `airflow.operators.python.PythonOperator` attribute is deprecated. Please use `'airflow.providers.standard.operators.python.PythonOperator'`.","category":"DeprecatedImportWarning","filename":"/opt/airflow/dags/3_aggregate_traffic_speed_15min.py","lineno":2,"logger":"py.warnings"}
{"timestamp":"2026-04-09T12:14:08.645488Z","level":"info","event":"Filling up the DagBag from /opt/airflow/dags/3_aggregate_traffic_speed_15min.py","logger":"airflow.models.dagbag.BundleDagBag","filename":"dagbag.py","lineno":593}
{"timestamp":"2026-04-09T12:14:08.897450Z","level":"warning","event":"The `airflow.operators.python.PythonOperator` attribute is deprecated. Please use `'airflow.providers.standard.operators.python.PythonOperator'`.","category":"DeprecatedImportWarning","filename":"/opt/airflow/dags/3_aggregate_traffic_speed_15min.py","lineno":2,"logger":"py.warnings"}
{"timestamp":"2026-04-09T12:14:39.928385Z","level":"info","event":"Filling up the DagBag from /opt/airflow/dags/3_aggregate_traffic_speed_15min.py","logger":"airflow.models.dagbag.BundleDagBag","filename":"dagbag.py","lineno":593}
{"timestamp":"2026-04-09T12:14:40.182636Z","level":"warning","event":"The `airflow.operators.python.PythonOperator` attribute is deprecated. Please use `'airflow.providers.standard.operators.python.PythonOperator'`.","category":"DeprecatedImportWarning","filename":"/opt/airflow/dags/3_aggregate_traffic_speed_15min.py","lineno":2,"logger":"py.warnings"}
{"timestamp":"2026-04-09T12:15:11.153808Z","level":"info","event":"Filling up the DagBag from /opt/airflow/dags/3_aggregate_traffic_speed_15min.py","logger":"airflow.models.dagbag.BundleDagBag","filename":"dagbag.py","lineno":593}
{"timestamp":"2026-04-09T12:15:11.423182Z","level":"warning","event":"The `airflow.operators.python.PythonOperator` attribute is deprecated. Please use `'airflow.providers.standard.operators.python.PythonOperator'`.","category":"DeprecatedImportWarning","filename":"/opt/airflow/dags/3_aggregate_traffic_speed_15min.py","lineno":2,"logger":"py.warnings"}
{"timestamp":"2026-04-09T12:15:42.342557Z","level":"info","event":"Filling up the DagBag from /opt/airflow/dags/3_aggregate_traffic_speed_15min.py","logger":"airflow.models.dagbag.BundleDagBag","filename":"dagbag.py","lineno":593}
{"timestamp":"2026-04-09T12:15:42.585917Z","level":"warning","event":"The `airflow.operators.python.PythonOperator` attribute is deprecated. Please use `'airflow.providers.standard.operators.python.PythonOperator'`.","category":"DeprecatedImportWarning","filename":"/opt/airflow/dags/3_aggregate_traffic_speed_15min.py","lineno":2,"logger":"py.warnings"}
{"timestamp":"2026-04-09T12:16:12.682794Z","level":"info","event":"Filling up the DagBag from /opt/airflow/dags/3_aggregate_traffic_speed_15min.py","logger":"airflow.models.dagbag.BundleDagBag","filename":"dagbag.py","lineno":593}
{"timestamp":"2026-04-09T12:16:12.914088Z","level":"warning","event":"The `airflow.operators.python.PythonOperator` attribute is deprecated. Please use `'airflow.providers.standard.operators.python.PythonOperator'`.","category":"DeprecatedImportWarning","filename":"/opt/airflow/dags/3_aggregate_traffic_speed_15min.py","lineno":2,"logger":"py.warnings"}
{"timestamp":"2026-04-09T12:16:43.794608Z","level":"info","event":"Filling up the DagBag from /opt/airflow/dags/3_aggregate_traffic_speed_15min.py","logger":"airflow.models.dagbag.BundleDagBag","filename":"dagbag.py","lineno":593}
{"timestamp":"2026-04-09T12:16:43.997699Z","level":"warning","event":"The `airflow.operators.python.PythonOperator` attribute is deprecated. Please use `'airflow.providers.standard.operators.python.PythonOperator'`.","category":"DeprecatedImportWarning","filename":"/opt/airflow/dags/3_aggregate_traffic_speed_15min.py","lineno":2,"logger":"py.warnings"}
{"timestamp":"2026-04-09T12:17:14.934354Z","level":"info","event":"Filling up the DagBag from /opt/airflow/dags/3_aggregate_traffic_speed_15min.py","logger":"airflow.models.dagbag.BundleDagBag","filename":"dagbag.py","lineno":593}
{"timestamp":"2026-04-09T12:17:15.231427Z","level":"warning","event":"The `airflow.operators.python.PythonOperator` attribute is deprecated. Please use `'airflow.providers.standard.operators.python.PythonOperator'`.","category":"DeprecatedImportWarning","filename":"/opt/airflow/dags/3_aggregate_traffic_speed_15min.py","lineno":2,"logger":"py.warnings"}
{"timestamp":"2026-04-09T12:19:28.754892Z","level":"info","event":"Filling up the DagBag from /opt/airflow/dags/3_aggregate_traffic_speed_15min.py","logger":"airflow.models.dagbag.BundleDagBag","filename":"dagbag.py","lineno":593}
{"timestamp":"2026-04-09T12:19:29.034417Z","level":"warning","event":"The `airflow.operators.python.PythonOperator` attribute is deprecated. Please use `'airflow.providers.standard.operators.python.PythonOperator'`.","category":"DeprecatedImportWarning","filename":"/opt/airflow/dags/3_aggregate_traffic_speed_15min.py","lineno":2,"logger":"py.warnings"}
{"timestamp":"2026-04-09T12:19:59.091644Z","level":"info","event":"Filling up the DagBag from /opt/airflow/dags/3_aggregate_traffic_speed_15min.py","logger":"airflow.models.dagbag.BundleDagBag","filename":"dagbag.py","lineno":593}
{"timestamp":"2026-04-09T12:19:59.355091Z","level":"warning","event":"The `airflow.operators.python.PythonOperator` attribute is deprecated. Please use `'airflow.providers.standard.operators.python.PythonOperator'`.","category":"DeprecatedImportWarning","filename":"/opt/airflow/dags/3_aggregate_traffic_speed_15min.py","lineno":2,"logger":"py.warnings"}
{"timestamp":"2026-04-09T12:20:29.714308Z","level":"info","event":"Filling up the DagBag from /opt/airflow/dags/3_aggregate_traffic_speed_15min.py","logger":"airflow.models.dagbag.BundleDagBag","filename":"dagbag.py","lineno":593}
{"timestamp":"2026-04-09T12:20:29.950776Z","level":"warning","event":"The `airflow.operators.python.PythonOperator` attribute is deprecated. Please use `'airflow.providers.standard.operators.python.PythonOperator'`.","category":"DeprecatedImportWarning","filename":"/opt/airflow/dags/3_aggregate_traffic_speed_15min.py","lineno":2,"logger":"py.warnings"}
{"timestamp":"2026-04-09T12:21:00.832347Z","level":"info","event":"Filling up the DagBag from /opt/airflow/dags/3_aggregate_traffic_speed_15min.py","logger":"airflow.models.dagbag.BundleDagBag","filename":"dagbag.py","lineno":593}
{"timestamp":"2026-04-09T12:21:01.096365Z","level":"warning","event":"The `airflow.operators.python.PythonOperator` attribute is deprecated. Please use `'airflow.providers.standard.operators.python.PythonOperator'`.","category":"DeprecatedImportWarning","filename":"/opt/airflow/dags/3_aggregate_traffic_speed_15min.py","lineno":2,"logger":"py.warnings"}
{"timestamp":"2026-04-09T12:21:32.057018Z","level":"info","event":"Filling up the DagBag from /opt/airflow/dags/3_aggregate_traffic_speed_15min.py","logger":"airflow.models.dagbag.BundleDagBag","filename":"dagbag.py","lineno":593}
{"timestamp":"2026-04-09T12:21:32.305906Z","level":"warning","event":"The `airflow.operators.python.PythonOperator` attribute is deprecated. Please use `'airflow.providers.standard.operators.python.PythonOperator'`.","category":"DeprecatedImportWarning","filename":"/opt/airflow/dags/3_aggregate_traffic_speed_15min.py","lineno":2,"logger":"py.warnings"}
{"timestamp":"2026-04-09T12:22:03.245707Z","level":"info","event":"Filling up the DagBag from /opt/airflow/dags/3_aggregate_traffic_speed_15min.py","logger":"airflow.models.dagbag.BundleDagBag","filename":"dagbag.py","lineno":593}
{"timestamp":"2026-04-09T12:22:03.498449Z","level":"warning","event":"The `airflow.operators.python.PythonOperator` attribute is deprecated. Please use `'airflow.providers.standard.operators.python.PythonOperator'`.","category":"DeprecatedImportWarning","filename":"/opt/airflow/dags/3_aggregate_traffic_speed_15min.py","lineno":2,"logger":"py.warnings"}
{"timestamp":"2026-04-09T12:22:34.442409Z","level":"info","event":"Filling up the DagBag from /opt/airflow/dags/3_aggregate_traffic_speed_15min.py","logger":"airflow.models.dagbag.BundleDagBag","filename":"dagbag.py","lineno":593}
{"timestamp":"2026-04-09T12:22:34.687857Z","level":"warning","event":"The `airflow.operators.python.PythonOperator` attribute is deprecated. Please use `'airflow.providers.standard.operators.python.PythonOperator'`.","category":"DeprecatedImportWarning","filename":"/opt/airflow/dags/3_aggregate_traffic_speed_15min.py","lineno":2,"logger":"py.warnings"}
{"timestamp":"2026-04-09T12:23:05.625872Z","level":"info","event":"Filling up the DagBag from /opt/airflow/dags/3_aggregate_traffic_speed_15min.py","logger":"airflow.models.dagbag.BundleDagBag","filename":"dagbag.py","lineno":593}
{"timestamp":"2026-04-09T12:23:05.864090Z","level":"warning","event":"The `airflow.operators.python.PythonOperator` attribute is deprecated. Please use `'airflow.providers.standard.operators.python.PythonOperator'`.","category":"DeprecatedImportWarning","filename":"/opt/airflow/dags/3_aggregate_traffic_speed_15min.py","lineno":2,"logger":"py.warnings"}
{"timestamp":"2026-04-09T12:23:36.740926Z","level":"info","event":"Filling up the DagBag from /opt/airflow/dags/3_aggregate_traffic_speed_15min.py","logger":"airflow.models.dagbag.BundleDagBag","filename":"dagbag.py","lineno":593}
{"timestamp":"2026-04-09T12:23:36.989587Z","level":"warning","event":"The `airflow.operators.python.PythonOperator` attribute is deprecated. Please use `'airflow.providers.standard.operators.python.PythonOperator'`.","category":"DeprecatedImportWarning","filename":"/opt/airflow/dags/3_aggregate_traffic_speed_15min.py","lineno":2,"logger":"py.warnings"}
{"timestamp":"2026-04-09T12:53:51.582964Z","level":"info","event":"Filling up the DagBag from /opt/airflow/dags/3_aggregate_traffic_speed_15min.py","logger":"airflow.dag_processing.dagbag.BundleDagBag","filename":"dagbag.py","lineno":469}
{"timestamp":"2026-04-09T12:53:51.966248Z","level":"warning","event":"The `airflow.operators.python.PythonOperator` attribute is deprecated. Please use `'airflow.providers.standard.operators.python.PythonOperator'`.","category":"UserWarning","filename":"/opt/airflow/dags/3_aggregate_traffic_speed_15min.py","lineno":2,"logger":"py.warnings"}
{"timestamp":"2026-04-09T12:54:22.246391Z","level":"info","event":"Filling up the DagBag from /opt/airflow/dags/3_aggregate_traffic_speed_15min.py","logger":"airflow.dag_processing.dagbag.BundleDagBag","filename":"dagbag.py","lineno":469}
{"timestamp":"2026-04-09T12:54:22.547849Z","level":"warning","event":"The `airflow.operators.python.PythonOperator` attribute is deprecated. Please use `'airflow.providers.standard.operators.python.PythonOperator'`.","category":"UserWarning","filename":"/opt/airflow/dags/3_aggregate_traffic_speed_15min.py","lineno":2,"logger":"py.warnings"}
{"timestamp":"2026-04-09T12:54:52.729750Z","level":"info","event":"Filling up the DagBag from /opt/airflow/dags/3_aggregate_traffic_speed_15min.py","logger":"airflow.dag_processing.dagbag.BundleDagBag","filename":"dagbag.py","lineno":469}
{"timestamp":"2026-04-09T12:54:53.061470Z","level":"warning","event":"The `airflow.operators.python.PythonOperator` attribute is deprecated. Please use `'airflow.providers.standard.operators.python.PythonOperator'`.","category":"UserWarning","filename":"/opt/airflow/dags/3_aggregate_traffic_speed_15min.py","lineno":2,"logger":"py.warnings"}
{"timestamp":"2026-04-09T12:55:23.116181Z","level":"info","event":"Filling up the DagBag from /opt/airflow/dags/3_aggregate_traffic_speed_15min.py","logger":"airflow.dag_processing.dagbag.BundleDagBag","filename":"dagbag.py","lineno":469}
{"timestamp":"2026-04-09T12:55:23.350937Z","level":"warning","event":"The `airflow.operators.python.PythonOperator` attribute is deprecated. Please use `'airflow.providers.standard.operators.python.PythonOperator'`.","category":"UserWarning","filename":"/opt/airflow/dags/3_aggregate_traffic_speed_15min.py","lineno":2,"logger":"py.warnings"}
{"timestamp":"2026-04-09T12:55:53.594375Z","level":"info","event":"Filling up the DagBag from /opt/airflow/dags/3_aggregate_traffic_speed_15min.py","logger":"airflow.dag_processing.dagbag.BundleDagBag","filename":"dagbag.py","lineno":469}
{"timestamp":"2026-04-09T12:55:53.813344Z","level":"warning","event":"The `airflow.operators.python.PythonOperator` attribute is deprecated. Please use `'airflow.providers.standard.operators.python.PythonOperator'`.","category":"UserWarning","filename":"/opt/airflow/dags/3_aggregate_traffic_speed_15min.py","lineno":2,"logger":"py.warnings"}
{"timestamp":"2026-04-09T12:56:24.033257Z","level":"info","event":"Filling up the DagBag from /opt/airflow/dags/3_aggregate_traffic_speed_15min.py","logger":"airflow.dag_processing.dagbag.BundleDagBag","filename":"dagbag.py","lineno":469}
{"timestamp":"2026-04-09T12:56:24.351340Z","level":"warning","event":"The `airflow.operators.python.PythonOperator` attribute is deprecated. Please use `'airflow.providers.standard.operators.python.PythonOperator'`.","category":"UserWarning","filename":"/opt/airflow/dags/3_aggregate_traffic_speed_15min.py","lineno":2,"logger":"py.warnings"}
{"timestamp":"2026-04-09T12:56:54.522050Z","level":"info","event":"Filling up the DagBag from /opt/airflow/dags/3_aggregate_traffic_speed_15min.py","logger":"airflow.dag_processing.dagbag.BundleDagBag","filename":"dagbag.py","lineno":469}
{"timestamp":"2026-04-09T12:56:54.806887Z","level":"warning","event":"The `airflow.operators.python.PythonOperator` attribute is deprecated. Please use `'airflow.providers.standard.operators.python.PythonOperator'`.","category":"UserWarning","filename":"/opt/airflow/dags/3_aggregate_traffic_speed_15min.py","lineno":2,"logger":"py.warnings"}
{"timestamp":"2026-04-09T12:57:24.905220Z","level":"info","event":"Filling up the DagBag from /opt/airflow/dags/3_aggregate_traffic_speed_15min.py","logger":"airflow.dag_processing.dagbag.BundleDagBag","filename":"dagbag.py","lineno":469}
{"timestamp":"2026-04-09T12:57:25.194624Z","level":"warning","event":"The `airflow.operators.python.PythonOperator` attribute is deprecated. Please use `'airflow.providers.standard.operators.python.PythonOperator'`.","category":"UserWarning","filename":"/opt/airflow/dags/3_aggregate_traffic_speed_15min.py","lineno":2,"logger":"py.warnings"}
{"timestamp":"2026-04-09T12:57:55.329092Z","level":"info","event":"Filling up the DagBag from /opt/airflow/dags/3_aggregate_traffic_speed_15min.py","logger":"airflow.dag_processing.dagbag.BundleDagBag","filename":"dagbag.py","lineno":469}
{"timestamp":"2026-04-09T12:57:55.625634Z","level":"warning","event":"The `airflow.operators.python.PythonOperator` attribute is deprecated. Please use `'airflow.providers.standard.operators.python.PythonOperator'`.","category":"UserWarning","filename":"/opt/airflow/dags/3_aggregate_traffic_speed_15min.py","lineno":2,"logger":"py.warnings"}
{"timestamp":"2026-04-09T12:58:25.760933Z","level":"info","event":"Filling up the DagBag from /opt/airflow/dags/3_aggregate_traffic_speed_15min.py","logger":"airflow.dag_processing.dagbag.BundleDagBag","filename":"dagbag.py","lineno":469}
{"timestamp":"2026-04-09T12:58:26.052504Z","level":"warning","event":"The `airflow.operators.python.PythonOperator` attribute is deprecated. Please use `'airflow.providers.standard.operators.python.PythonOperator'`.","category":"UserWarning","filename":"/opt/airflow/dags/3_aggregate_traffic_speed_15min.py","lineno":2,"logger":"py.warnings"}
{"timestamp":"2026-04-09T12:58:56.134560Z","level":"info","event":"Filling up the DagBag from /opt/airflow/dags/3_aggregate_traffic_speed_15min.py","logger":"airflow.dag_processing.dagbag.BundleDagBag","filename":"dagbag.py","lineno":469}
{"timestamp":"2026-04-09T12:58:56.370870Z","level":"warning","event":"The `airflow.operators.python.PythonOperator` attribute is deprecated. Please use `'airflow.providers.standard.operators.python.PythonOperator'`.","category":"UserWarning","filename":"/opt/airflow/dags/3_aggregate_traffic_speed_15min.py","lineno":2,"logger":"py.warnings"}
{"timestamp":"2026-04-09T12:59:26.662518Z","level":"info","event":"Filling up the DagBag from /opt/airflow/dags/3_aggregate_traffic_speed_15min.py","logger":"airflow.dag_processing.dagbag.BundleDagBag","filename":"dagbag.py","lineno":469}
{"timestamp":"2026-04-09T12:59:26.928925Z","level":"warning","event":"The `airflow.operators.python.PythonOperator` attribute is deprecated. Please use `'airflow.providers.standard.operators.python.PythonOperator'`.","category":"UserWarning","filename":"/opt/airflow/dags/3_aggregate_traffic_speed_15min.py","lineno":2,"logger":"py.warnings"}
{"timestamp":"2026-04-09T12:59:57.279357Z","level":"info","event":"Filling up the DagBag from /opt/airflow/dags/3_aggregate_traffic_speed_15min.py","logger":"airflow.dag_processing.dagbag.BundleDagBag","filename":"dagbag.py","lineno":469}
{"timestamp":"2026-04-09T12:59:57.594195Z","level":"warning","event":"The `airflow.operators.python.PythonOperator` attribute is deprecated. Please use `'airflow.providers.standard.operators.python.PythonOperator'`.","category":"UserWarning","filename":"/opt/airflow/dags/3_aggregate_traffic_speed_15min.py","lineno":2,"logger":"py.warnings"}
{"timestamp":"2026-04-09T13:00:27.916428Z","level":"info","event":"Filling up the DagBag from /opt/airflow/dags/3_aggregate_traffic_speed_15min.py","logger":"airflow.dag_processing.dagbag.BundleDagBag","filename":"dagbag.py","lineno":469}
{"timestamp":"2026-04-09T13:00:28.207450Z","level":"warning","event":"The `airflow.operators.python.PythonOperator` attribute is deprecated. Please use `'airflow.providers.standard.operators.python.PythonOperator'`.","category":"UserWarning","filename":"/opt/airflow/dags/3_aggregate_traffic_speed_15min.py","lineno":2,"logger":"py.warnings"}
{"timestamp":"2026-04-09T13:00:58.353814Z","level":"info","event":"Filling up the DagBag from /opt/airflow/dags/3_aggregate_traffic_speed_15min.py","logger":"airflow.dag_processing.dagbag.BundleDagBag","filename":"dagbag.py","lineno":469}
{"timestamp":"2026-04-09T13:00:58.649685Z","level":"warning","event":"The `airflow.operators.python.PythonOperator` attribute is deprecated. Please use `'airflow.providers.standard.operators.python.PythonOperator'`.","category":"UserWarning","filename":"/opt/airflow/dags/3_aggregate_traffic_speed_15min.py","lineno":2,"logger":"py.warnings"}
{"timestamp":"2026-04-09T13:01:28.865408Z","level":"info","event":"Filling up the DagBag from /opt/airflow/dags/3_aggregate_traffic_speed_15min.py","logger":"airflow.dag_processing.dagbag.BundleDagBag","filename":"dagbag.py","lineno":469}
{"timestamp":"2026-04-09T13:01:29.177926Z","level":"warning","event":"The `airflow.operators.python.PythonOperator` attribute is deprecated. Please use `'airflow.providers.standard.operators.python.PythonOperator'`.","category":"UserWarning","filename":"/opt/airflow/dags/3_aggregate_traffic_speed_15min.py","lineno":2,"logger":"py.warnings"}
{"timestamp":"2026-04-09T13:01:59.359117Z","level":"info","event":"Filling up the DagBag from /opt/airflow/dags/3_aggregate_traffic_speed_15min.py","logger":"airflow.dag_processing.dagbag.BundleDagBag","filename":"dagbag.py","lineno":469}
{"timestamp":"2026-04-09T13:01:59.674750Z","level":"warning","event":"The `airflow.operators.python.PythonOperator` attribute is deprecated. Please use `'airflow.providers.standard.operators.python.PythonOperator'`.","category":"UserWarning","filename":"/opt/airflow/dags/3_aggregate_traffic_speed_15min.py","lineno":2,"logger":"py.warnings"}
{"timestamp":"2026-04-09T13:02:29.916610Z","level":"info","event":"Filling up the DagBag from /opt/airflow/dags/3_aggregate_traffic_speed_15min.py","logger":"airflow.dag_processing.dagbag.BundleDagBag","filename":"dagbag.py","lineno":469}
{"timestamp":"2026-04-09T13:02:30.162143Z","level":"warning","event":"The `airflow.operators.python.PythonOperator` attribute is deprecated. Please use `'airflow.providers.standard.operators.python.PythonOperator'`.","category":"UserWarning","filename":"/opt/airflow/dags/3_aggregate_traffic_speed_15min.py","lineno":2,"logger":"py.warnings"}
{"timestamp":"2026-04-09T13:03:00.407741Z","level":"info","event":"Filling up the DagBag from /opt/airflow/dags/3_aggregate_traffic_speed_15min.py","logger":"airflow.dag_processing.dagbag.BundleDagBag","filename":"dagbag.py","lineno":469}
{"timestamp":"2026-04-09T13:03:00.723866Z","level":"warning","event":"The `airflow.operators.python.PythonOperator` attribute is deprecated. Please use `'airflow.providers.standard.operators.python.PythonOperator'`.","category":"UserWarning","filename":"/opt/airflow/dags/3_aggregate_traffic_speed_15min.py","lineno":2,"logger":"py.warnings"}
{"timestamp":"2026-04-09T13:03:30.898614Z","level":"info","event":"Filling up the DagBag from /opt/airflow/dags/3_aggregate_traffic_speed_15min.py","logger":"airflow.dag_processing.dagbag.BundleDagBag","filename":"dagbag.py","lineno":469}
{"timestamp":"2026-04-09T13:03:31.206287Z","level":"warning","event":"The `airflow.operators.python.PythonOperator` attribute is deprecated. Please use `'airflow.providers.standard.operators.python.PythonOperator'`.","category":"UserWarning","filename":"/opt/airflow/dags/3_aggregate_traffic_speed_15min.py","lineno":2,"logger":"py.warnings"}
{"timestamp":"2026-04-09T13:04:01.384915Z","level":"info","event":"Filling up the DagBag from /opt/airflow/dags/3_aggregate_traffic_speed_15min.py","logger":"airflow.dag_processing.dagbag.BundleDagBag","filename":"dagbag.py","lineno":469}
{"timestamp":"2026-04-09T13:04:01.701273Z","level":"warning","event":"The `airflow.operators.python.PythonOperator` attribute is deprecated. Please use `'airflow.providers.standard.operators.python.PythonOperator'`.","category":"UserWarning","filename":"/opt/airflow/dags/3_aggregate_traffic_speed_15min.py","lineno":2,"logger":"py.warnings"}
{"timestamp":"2026-04-09T13:04:31.919280Z","level":"info","event":"Filling up the DagBag from /opt/airflow/dags/3_aggregate_traffic_speed_15min.py","logger":"airflow.dag_processing.dagbag.BundleDagBag","filename":"dagbag.py","lineno":469}
{"timestamp":"2026-04-09T13:04:32.272659Z","level":"warning","event":"The `airflow.operators.python.PythonOperator` attribute is deprecated. Please use `'airflow.providers.standard.operators.python.PythonOperator'`.","category":"UserWarning","filename":"/opt/airflow/dags/3_aggregate_traffic_speed_15min.py","lineno":2,"logger":"py.warnings"}
{"timestamp":"2026-04-09T13:05:02.590415Z","level":"info","event":"Filling up the DagBag from /opt/airflow/dags/3_aggregate_traffic_speed_15min.py","logger":"airflow.dag_processing.dagbag.BundleDagBag","filename":"dagbag.py","lineno":469}
{"timestamp":"2026-04-09T13:05:02.926664Z","level":"warning","event":"The `airflow.operators.python.PythonOperator` attribute is deprecated. Please use `'airflow.providers.standard.operators.python.PythonOperator'`.","category":"UserWarning","filename":"/opt/airflow/dags/3_aggregate_traffic_speed_15min.py","lineno":2,"logger":"py.warnings"}
{"timestamp":"2026-04-09T13:05:33.165163Z","level":"info","event":"Filling up the DagBag from /opt/airflow/dags/3_aggregate_traffic_speed_15min.py","logger":"airflow.dag_processing.dagbag.BundleDagBag","filename":"dagbag.py","lineno":469}
{"timestamp":"2026-04-09T13:05:33.457653Z","level":"warning","event":"The `airflow.operators.python.PythonOperator` attribute is deprecated. Please use `'airflow.providers.standard.operators.python.PythonOperator'`.","category":"UserWarning","filename":"/opt/airflow/dags/3_aggregate_traffic_speed_15min.py","lineno":2,"logger":"py.warnings"}
{"timestamp":"2026-04-09T13:06:03.725109Z","level":"info","event":"Filling up the DagBag from /opt/airflow/dags/3_aggregate_traffic_speed_15min.py","logger":"airflow.dag_processing.dagbag.BundleDagBag","filename":"dagbag.py","lineno":469}
{"timestamp":"2026-04-09T13:06:04.005842Z","level":"warning","event":"The `airflow.operators.python.PythonOperator` attribute is deprecated. Please use `'airflow.providers.standard.operators.python.PythonOperator'`.","category":"UserWarning","filename":"/opt/airflow/dags/3_aggregate_traffic_speed_15min.py","lineno":2,"logger":"py.warnings"}
{"timestamp":"2026-04-09T13:14:29.699206Z","level":"info","event":"Filling up the DagBag from /opt/airflow/dags/3_aggregate_traffic_speed_15min.py","logger":"airflow.models.dagbag.BundleDagBag","filename":"dagbag.py","lineno":593}
{"timestamp":"2026-04-09T13:14:33.160786Z","level":"warning","event":"The `airflow.operators.python.PythonOperator` attribute is deprecated. Please use `'airflow.providers.standard.operators.python.PythonOperator'`.","category":"DeprecatedImportWarning","filename":"/opt/airflow/dags/3_aggregate_traffic_speed_15min.py","lineno":2,"logger":"py.warnings"}
{"timestamp":"2026-04-09T13:15:04.074311Z","level":"info","event":"Filling up the DagBag from /opt/airflow/dags/3_aggregate_traffic_speed_15min.py","logger":"airflow.models.dagbag.BundleDagBag","filename":"dagbag.py","lineno":593}
{"timestamp":"2026-04-09T13:15:04.442837Z","level":"warning","event":"The `airflow.operators.python.PythonOperator` attribute is deprecated. Please use `'airflow.providers.standard.operators.python.PythonOperator'`.","category":"DeprecatedImportWarning","filename":"/opt/airflow/dags/3_aggregate_traffic_speed_15min.py","lineno":2,"logger":"py.warnings"}
{"timestamp":"2026-04-09T13:15:35.381551Z","level":"info","event":"Filling up the DagBag from /opt/airflow/dags/3_aggregate_traffic_speed_15min.py","logger":"airflow.models.dagbag.BundleDagBag","filename":"dagbag.py","lineno":593}
{"timestamp":"2026-04-09T13:15:35.646061Z","level":"warning","event":"The `airflow.operators.python.PythonOperator` attribute is deprecated. Please use `'airflow.providers.standard.operators.python.PythonOperator'`.","category":"DeprecatedImportWarning","filename":"/opt/airflow/dags/3_aggregate_traffic_speed_15min.py","lineno":2,"logger":"py.warnings"}
{"timestamp":"2026-04-09T13:16:05.822700Z","level":"info","event":"Filling up the DagBag from /opt/airflow/dags/3_aggregate_traffic_speed_15min.py","logger":"airflow.models.dagbag.BundleDagBag","filename":"dagbag.py","lineno":593}
{"timestamp":"2026-04-09T13:16:06.078287Z","level":"warning","event":"The `airflow.operators.python.PythonOperator` attribute is deprecated. Please use `'airflow.providers.standard.operators.python.PythonOperator'`.","category":"DeprecatedImportWarning","filename":"/opt/airflow/dags/3_aggregate_traffic_speed_15min.py","lineno":2,"logger":"py.warnings"}
{"timestamp":"2026-04-09T13:16:36.197897Z","level":"info","event":"Filling up the DagBag from /opt/airflow/dags/3_aggregate_traffic_speed_15min.py","logger":"airflow.models.dagbag.BundleDagBag","filename":"dagbag.py","lineno":593}
{"timestamp":"2026-04-09T13:16:36.473555Z","level":"warning","event":"The `airflow.operators.python.PythonOperator` attribute is deprecated. Please use `'airflow.providers.standard.operators.python.PythonOperator'`.","category":"DeprecatedImportWarning","filename":"/opt/airflow/dags/3_aggregate_traffic_speed_15min.py","lineno":2,"logger":"py.warnings"}
{"timestamp":"2026-04-09T13:17:07.429708Z","level":"info","event":"Filling up the DagBag from /opt/airflow/dags/3_aggregate_traffic_speed_15min.py","logger":"airflow.models.dagbag.BundleDagBag","filename":"dagbag.py","lineno":593}
{"timestamp":"2026-04-09T13:17:07.649524Z","level":"warning","event":"The `airflow.operators.python.PythonOperator` attribute is deprecated. Please use `'airflow.providers.standard.operators.python.PythonOperator'`.","category":"DeprecatedImportWarning","filename":"/opt/airflow/dags/3_aggregate_traffic_speed_15min.py","lineno":2,"logger":"py.warnings"}
{"timestamp":"2026-04-09T13:17:38.527193Z","level":"info","event":"Filling up the DagBag from /opt/airflow/dags/3_aggregate_traffic_speed_15min.py","logger":"airflow.models.dagbag.BundleDagBag","filename":"dagbag.py","lineno":593}
{"timestamp":"2026-04-09T13:17:38.775020Z","level":"warning","event":"The `airflow.operators.python.PythonOperator` attribute is deprecated. Please use `'airflow.providers.standard.operators.python.PythonOperator'`.","category":"DeprecatedImportWarning","filename":"/opt/airflow/dags/3_aggregate_traffic_speed_15min.py","lineno":2,"logger":"py.warnings"}
{"timestamp":"2026-04-09T13:18:09.677274Z","level":"info","event":"Filling up the DagBag from /opt/airflow/dags/3_aggregate_traffic_speed_15min.py","logger":"airflow.models.dagbag.BundleDagBag","filename":"dagbag.py","lineno":593}
{"timestamp":"2026-04-09T13:18:09.919486Z","level":"warning","event":"The `airflow.operators.python.PythonOperator` attribute is deprecated. Please use `'airflow.providers.standard.operators.python.PythonOperator'`.","category":"DeprecatedImportWarning","filename":"/opt/airflow/dags/3_aggregate_traffic_speed_15min.py","lineno":2,"logger":"py.warnings"}
{"timestamp":"2026-04-09T13:18:40.810707Z","level":"info","event":"Filling up the DagBag from /opt/airflow/dags/3_aggregate_traffic_speed_15min.py","logger":"airflow.models.dagbag.BundleDagBag","filename":"dagbag.py","lineno":593}
{"timestamp":"2026-04-09T13:18:41.056105Z","level":"warning","event":"The `airflow.operators.python.PythonOperator` attribute is deprecated. Please use `'airflow.providers.standard.operators.python.PythonOperator'`.","category":"DeprecatedImportWarning","filename":"/opt/airflow/dags/3_aggregate_traffic_speed_15min.py","lineno":2,"logger":"py.warnings"}
{"timestamp":"2026-04-09T13:19:11.975287Z","level":"info","event":"Filling up the DagBag from /opt/airflow/dags/3_aggregate_traffic_speed_15min.py","logger":"airflow.models.dagbag.BundleDagBag","filename":"dagbag.py","lineno":593}
{"timestamp":"2026-04-09T13:19:12.227698Z","level":"warning","event":"The `airflow.operators.python.PythonOperator` attribute is deprecated. Please use `'airflow.providers.standard.operators.python.PythonOperator'`.","category":"DeprecatedImportWarning","filename":"/opt/airflow/dags/3_aggregate_traffic_speed_15min.py","lineno":2,"logger":"py.warnings"}
{"timestamp":"2026-04-09T13:19:43.185488Z","level":"info","event":"Filling up the DagBag from /opt/airflow/dags/3_aggregate_traffic_speed_15min.py","logger":"airflow.models.dagbag.BundleDagBag","filename":"dagbag.py","lineno":593}
{"timestamp":"2026-04-09T13:19:43.403074Z","level":"warning","event":"The `airflow.operators.python.PythonOperator` attribute is deprecated. Please use `'airflow.providers.standard.operators.python.PythonOperator'`.","category":"DeprecatedImportWarning","filename":"/opt/airflow/dags/3_aggregate_traffic_speed_15min.py","lineno":2,"logger":"py.warnings"}
{"timestamp":"2026-04-09T13:20:14.249168Z","level":"info","event":"Filling up the DagBag from /opt/airflow/dags/3_aggregate_traffic_speed_15min.py","logger":"airflow.models.dagbag.BundleDagBag","filename":"dagbag.py","lineno":593}
{"timestamp":"2026-04-09T13:20:14.459637Z","level":"warning","event":"The `airflow.operators.python.PythonOperator` attribute is deprecated. Please use `'airflow.providers.standard.operators.python.PythonOperator'`.","category":"DeprecatedImportWarning","filename":"/opt/airflow/dags/3_aggregate_traffic_speed_15min.py","lineno":2,"logger":"py.warnings"}
{"timestamp":"2026-04-09T13:20:45.340316Z","level":"info","event":"Filling up the DagBag from /opt/airflow/dags/3_aggregate_traffic_speed_15min.py","logger":"airflow.models.dagbag.BundleDagBag","filename":"dagbag.py","lineno":593}
{"timestamp":"2026-04-09T13:20:45.601365Z","level":"warning","event":"The `airflow.operators.python.PythonOperator` attribute is deprecated. Please use `'airflow.providers.standard.operators.python.PythonOperator'`.","category":"DeprecatedImportWarning","filename":"/opt/airflow/dags/3_aggregate_traffic_speed_15min.py","lineno":2,"logger":"py.warnings"}
{"timestamp":"2026-04-09T13:21:16.521358Z","level":"info","event":"Filling up the DagBag from /opt/airflow/dags/3_aggregate_traffic_speed_15min.py","logger":"airflow.models.dagbag.BundleDagBag","filename":"dagbag.py","lineno":593}
{"timestamp":"2026-04-09T13:21:16.810356Z","level":"warning","event":"The `airflow.operators.python.PythonOperator` attribute is deprecated. Please use `'airflow.providers.standard.operators.python.PythonOperator'`.","category":"DeprecatedImportWarning","filename":"/opt/airflow/dags/3_aggregate_traffic_speed_15min.py","lineno":2,"logger":"py.warnings"}
{"timestamp":"2026-04-09T13:21:47.819115Z","level":"info","event":"Filling up the DagBag from /opt/airflow/dags/3_aggregate_traffic_speed_15min.py","logger":"airflow.models.dagbag.BundleDagBag","filename":"dagbag.py","lineno":593}
{"timestamp":"2026-04-09T13:21:48.044603Z","level":"warning","event":"The `airflow.operators.python.PythonOperator` attribute is deprecated. Please use `'airflow.providers.standard.operators.python.PythonOperator'`.","category":"DeprecatedImportWarning","filename":"/opt/airflow/dags/3_aggregate_traffic_speed_15min.py","lineno":2,"logger":"py.warnings"}
{"timestamp":"2026-04-09T13:22:18.906016Z","level":"info","event":"Filling up the DagBag from /opt/airflow/dags/3_aggregate_traffic_speed_15min.py","logger":"airflow.models.dagbag.BundleDagBag","filename":"dagbag.py","lineno":593}
{"timestamp":"2026-04-09T13:22:19.185373Z","level":"warning","event":"The `airflow.operators.python.PythonOperator` attribute is deprecated. Please use `'airflow.providers.standard.operators.python.PythonOperator'`.","category":"DeprecatedImportWarning","filename":"/opt/airflow/dags/3_aggregate_traffic_speed_15min.py","lineno":2,"logger":"py.warnings"}
{"timestamp":"2026-04-09T13:22:50.153540Z","level":"info","event":"Filling up the DagBag from /opt/airflow/dags/3_aggregate_traffic_speed_15min.py","logger":"airflow.models.dagbag.BundleDagBag","filename":"dagbag.py","lineno":593}
{"timestamp":"2026-04-09T13:22:50.420778Z","level":"warning","event":"The `airflow.operators.python.PythonOperator` attribute is deprecated. Please use `'airflow.providers.standard.operators.python.PythonOperator'`.","category":"DeprecatedImportWarning","filename":"/opt/airflow/dags/3_aggregate_traffic_speed_15min.py","lineno":2,"logger":"py.warnings"}
{"timestamp":"2026-04-09T13:23:20.564245Z","level":"info","event":"Filling up the DagBag from /opt/airflow/dags/3_aggregate_traffic_speed_15min.py","logger":"airflow.models.dagbag.BundleDagBag","filename":"dagbag.py","lineno":593}
{"timestamp":"2026-04-09T13:23:20.863893Z","level":"warning","event":"The `airflow.operators.python.PythonOperator` attribute is deprecated. Please use `'airflow.providers.standard.operators.python.PythonOperator'`.","category":"DeprecatedImportWarning","filename":"/opt/airflow/dags/3_aggregate_traffic_speed_15min.py","lineno":2,"logger":"py.warnings"}
{"timestamp":"2026-04-09T13:23:51.821080Z","level":"info","event":"Filling up the DagBag from /opt/airflow/dags/3_aggregate_traffic_speed_15min.py","logger":"airflow.models.dagbag.BundleDagBag","filename":"dagbag.py","lineno":593}
{"timestamp":"2026-04-09T13:23:52.086643Z","level":"warning","event":"The `airflow.operators.python.PythonOperator` attribute is deprecated. Please use `'airflow.providers.standard.operators.python.PythonOperator'`.","category":"DeprecatedImportWarning","filename":"/opt/airflow/dags/3_aggregate_traffic_speed_15min.py","lineno":2,"logger":"py.warnings"}
{"timestamp":"2026-04-09T13:24:22.216571Z","level":"info","event":"Filling up the DagBag from /opt/airflow/dags/3_aggregate_traffic_speed_15min.py","logger":"airflow.models.dagbag.BundleDagBag","filename":"dagbag.py","lineno":593}
{"timestamp":"2026-04-09T13:24:22.416599Z","level":"warning","event":"The `airflow.operators.python.PythonOperator` attribute is deprecated. Please use `'airflow.providers.standard.operators.python.PythonOperator'`.","category":"DeprecatedImportWarning","filename":"/opt/airflow/dags/3_aggregate_traffic_speed_15min.py","lineno":2,"logger":"py.warnings"}
{"timestamp":"2026-04-09T13:24:53.392919Z","level":"info","event":"Filling up the DagBag from /opt/airflow/dags/3_aggregate_traffic_speed_15min.py","logger":"airflow.models.dagbag.BundleDagBag","filename":"dagbag.py","lineno":593}
{"timestamp":"2026-04-09T13:24:53.638017Z","level":"warning","event":"The `airflow.operators.python.PythonOperator` attribute is deprecated. Please use `'airflow.providers.standard.operators.python.PythonOperator'`.","category":"DeprecatedImportWarning","filename":"/opt/airflow/dags/3_aggregate_traffic_speed_15min.py","lineno":2,"logger":"py.warnings"}
{"timestamp":"2026-04-09T13:25:24.495894Z","level":"info","event":"Filling up the DagBag from /opt/airflow/dags/3_aggregate_traffic_speed_15min.py","logger":"airflow.models.dagbag.BundleDagBag","filename":"dagbag.py","lineno":593}
{"timestamp":"2026-04-09T13:25:24.741383Z","level":"warning","event":"The `airflow.operators.python.PythonOperator` attribute is deprecated. Please use `'airflow.providers.standard.operators.python.PythonOperator'`.","category":"DeprecatedImportWarning","filename":"/opt/airflow/dags/3_aggregate_traffic_speed_15min.py","lineno":2,"logger":"py.warnings"}
{"timestamp":"2026-04-09T13:25:55.677615Z","level":"info","event":"Filling up the DagBag from /opt/airflow/dags/3_aggregate_traffic_speed_15min.py","logger":"airflow.models.dagbag.BundleDagBag","filename":"dagbag.py","lineno":593}
{"timestamp":"2026-04-09T13:25:55.923848Z","level":"warning","event":"The `airflow.operators.python.PythonOperator` attribute is deprecated. Please use `'airflow.providers.standard.operators.python.PythonOperator'`.","category":"DeprecatedImportWarning","filename":"/opt/airflow/dags/3_aggregate_traffic_speed_15min.py","lineno":2,"logger":"py.warnings"}
{"timestamp":"2026-04-09T13:26:26.849034Z","level":"info","event":"Filling up the DagBag from /opt/airflow/dags/3_aggregate_traffic_speed_15min.py","logger":"airflow.models.dagbag.BundleDagBag","filename":"dagbag.py","lineno":593}
{"timestamp":"2026-04-09T13:26:27.132644Z","level":"warning","event":"The `airflow.operators.python.PythonOperator` attribute is deprecated. Please use `'airflow.providers.standard.operators.python.PythonOperator'`.","category":"DeprecatedImportWarning","filename":"/opt/airflow/dags/3_aggregate_traffic_speed_15min.py","lineno":2,"logger":"py.warnings"}
{"timestamp":"2026-04-09T13:26:58.080365Z","level":"info","event":"Filling up the DagBag from /opt/airflow/dags/3_aggregate_traffic_speed_15min.py","logger":"airflow.models.dagbag.BundleDagBag","filename":"dagbag.py","lineno":593}
{"timestamp":"2026-04-09T13:26:58.352373Z","level":"warning","event":"The `airflow.operators.python.PythonOperator` attribute is deprecated. Please use `'airflow.providers.standard.operators.python.PythonOperator'`.","category":"DeprecatedImportWarning","filename":"/opt/airflow/dags/3_aggregate_traffic_speed_15min.py","lineno":2,"logger":"py.warnings"}
{"timestamp":"2026-04-09T13:27:29.247030Z","level":"info","event":"Filling up the DagBag from /opt/airflow/dags/3_aggregate_traffic_speed_15min.py","logger":"airflow.models.dagbag.BundleDagBag","filename":"dagbag.py","lineno":593}
{"timestamp":"2026-04-09T13:27:29.491810Z","level":"warning","event":"The `airflow.operators.python.PythonOperator` attribute is deprecated. Please use `'airflow.providers.standard.operators.python.PythonOperator'`.","category":"DeprecatedImportWarning","filename":"/opt/airflow/dags/3_aggregate_traffic_speed_15min.py","lineno":2,"logger":"py.warnings"}
{"timestamp":"2026-04-09T13:28:00.346247Z","level":"info","event":"Filling up the DagBag from /opt/airflow/dags/3_aggregate_traffic_speed_15min.py","logger":"airflow.models.dagbag.BundleDagBag","filename":"dagbag.py","lineno":593}
{"timestamp":"2026-04-09T13:28:00.568993Z","level":"warning","event":"The `airflow.operators.python.PythonOperator` attribute is deprecated. Please use `'airflow.providers.standard.operators.python.PythonOperator'`.","category":"DeprecatedImportWarning","filename":"/opt/airflow/dags/3_aggregate_traffic_speed_15min.py","lineno":2,"logger":"py.warnings"}
{"timestamp":"2026-04-09T13:28:31.429306Z","level":"info","event":"Filling up the DagBag from /opt/airflow/dags/3_aggregate_traffic_speed_15min.py","logger":"airflow.models.dagbag.BundleDagBag","filename":"dagbag.py","lineno":593}
{"timestamp":"2026-04-09T13:28:31.692656Z","level":"warning","event":"The `airflow.operators.python.PythonOperator` attribute is deprecated. Please use `'airflow.providers.standard.operators.python.PythonOperator'`.","category":"DeprecatedImportWarning","filename":"/opt/airflow/dags/3_aggregate_traffic_speed_15min.py","lineno":2,"logger":"py.warnings"}
{"timestamp":"2026-04-09T13:29:02.545546Z","level":"info","event":"Filling up the DagBag from /opt/airflow/dags/3_aggregate_traffic_speed_15min.py","logger":"airflow.models.dagbag.BundleDagBag","filename":"dagbag.py","lineno":593}
{"timestamp":"2026-04-09T13:29:02.860547Z","level":"warning","event":"The `airflow.operators.python.PythonOperator` attribute is deprecated. Please use `'airflow.providers.standard.operators.python.PythonOperator'`.","category":"DeprecatedImportWarning","filename":"/opt/airflow/dags/3_aggregate_traffic_speed_15min.py","lineno":2,"logger":"py.warnings"}
{"timestamp":"2026-04-09T13:29:33.015386Z","level":"info","event":"Filling up the DagBag from /opt/airflow/dags/3_aggregate_traffic_speed_15min.py","logger":"airflow.models.dagbag.BundleDagBag","filename":"dagbag.py","lineno":593}
{"timestamp":"2026-04-09T13:29:33.268473Z","level":"warning","event":"The `airflow.operators.python.PythonOperator` attribute is deprecated. Please use `'airflow.providers.standard.operators.python.PythonOperator'`.","category":"DeprecatedImportWarning","filename":"/opt/airflow/dags/3_aggregate_traffic_speed_15min.py","lineno":2,"logger":"py.warnings"}
{"timestamp":"2026-04-09T13:30:03.510083Z","level":"info","event":"Filling up the DagBag from /opt/airflow/dags/3_aggregate_traffic_speed_15min.py","logger":"airflow.models.dagbag.BundleDagBag","filename":"dagbag.py","lineno":593}
{"timestamp":"2026-04-09T13:30:03.781835Z","level":"warning","event":"The `airflow.operators.python.PythonOperator` attribute is deprecated. Please use `'airflow.providers.standard.operators.python.PythonOperator'`.","category":"DeprecatedImportWarning","filename":"/opt/airflow/dags/3_aggregate_traffic_speed_15min.py","lineno":2,"logger":"py.warnings"}
{"timestamp":"2026-04-09T13:30:33.847007Z","level":"info","event":"Filling up the DagBag from /opt/airflow/dags/3_aggregate_traffic_speed_15min.py","logger":"airflow.models.dagbag.BundleDagBag","filename":"dagbag.py","lineno":593}
{"timestamp":"2026-04-09T13:30:34.128490Z","level":"warning","event":"The `airflow.operators.python.PythonOperator` attribute is deprecated. Please use `'airflow.providers.standard.operators.python.PythonOperator'`.","category":"DeprecatedImportWarning","filename":"/opt/airflow/dags/3_aggregate_traffic_speed_15min.py","lineno":2,"logger":"py.warnings"}
{"timestamp":"2026-04-09T13:31:04.235483Z","level":"info","event":"Filling up the DagBag from /opt/airflow/dags/3_aggregate_traffic_speed_15min.py","logger":"airflow.models.dagbag.BundleDagBag","filename":"dagbag.py","lineno":593}
{"timestamp":"2026-04-09T13:31:04.473627Z","level":"warning","event":"The `airflow.operators.python.PythonOperator` attribute is deprecated. Please use `'airflow.providers.standard.operators.python.PythonOperator'`.","category":"DeprecatedImportWarning","filename":"/opt/airflow/dags/3_aggregate_traffic_speed_15min.py","lineno":2,"logger":"py.warnings"}
{"timestamp":"2026-04-09T13:31:34.574851Z","level":"info","event":"Filling up the DagBag from /opt/airflow/dags/3_aggregate_traffic_speed_15min.py","logger":"airflow.models.dagbag.BundleDagBag","filename":"dagbag.py","lineno":593}
{"timestamp":"2026-04-09T13:31:34.832084Z","level":"warning","event":"The `airflow.operators.python.PythonOperator` attribute is deprecated. Please use `'airflow.providers.standard.operators.python.PythonOperator'`.","category":"DeprecatedImportWarning","filename":"/opt/airflow/dags/3_aggregate_traffic_speed_15min.py","lineno":2,"logger":"py.warnings"}
{"timestamp":"2026-04-09T13:32:04.888330Z","level":"info","event":"Filling up the DagBag from /opt/airflow/dags/3_aggregate_traffic_speed_15min.py","logger":"airflow.models.dagbag.BundleDagBag","filename":"dagbag.py","lineno":593}
{"timestamp":"2026-04-09T13:32:05.147647Z","level":"warning","event":"The `airflow.operators.python.PythonOperator` attribute is deprecated. Please use `'airflow.providers.standard.operators.python.PythonOperator'`.","category":"DeprecatedImportWarning","filename":"/opt/airflow/dags/3_aggregate_traffic_speed_15min.py","lineno":2,"logger":"py.warnings"}
{"timestamp":"2026-04-09T13:32:36.082956Z","level":"info","event":"Filling up the DagBag from /opt/airflow/dags/3_aggregate_traffic_speed_15min.py","logger":"airflow.models.dagbag.BundleDagBag","filename":"dagbag.py","lineno":593}
{"timestamp":"2026-04-09T13:32:36.320539Z","level":"warning","event":"The `airflow.operators.python.PythonOperator` attribute is deprecated. Please use `'airflow.providers.standard.operators.python.PythonOperator'`.","category":"DeprecatedImportWarning","filename":"/opt/airflow/dags/3_aggregate_traffic_speed_15min.py","lineno":2,"logger":"py.warnings"}
{"timestamp":"2026-04-09T13:33:07.298261Z","level":"info","event":"Filling up the DagBag from /opt/airflow/dags/3_aggregate_traffic_speed_15min.py","logger":"airflow.models.dagbag.BundleDagBag","filename":"dagbag.py","lineno":593}
{"timestamp":"2026-04-09T13:33:07.641412Z","level":"warning","event":"The `airflow.operators.python.PythonOperator` attribute is deprecated. Please use `'airflow.providers.standard.operators.python.PythonOperator'`.","category":"DeprecatedImportWarning","filename":"/opt/airflow/dags/3_aggregate_traffic_speed_15min.py","lineno":2,"logger":"py.warnings"}
{"timestamp":"2026-04-09T13:33:38.648203Z","level":"info","event":"Filling up the DagBag from /opt/airflow/dags/3_aggregate_traffic_speed_15min.py","logger":"airflow.models.dagbag.BundleDagBag","filename":"dagbag.py","lineno":593}
{"timestamp":"2026-04-09T13:33:38.958680Z","level":"warning","event":"The `airflow.operators.python.PythonOperator` attribute is deprecated. Please use `'airflow.providers.standard.operators.python.PythonOperator'`.","category":"DeprecatedImportWarning","filename":"/opt/airflow/dags/3_aggregate_traffic_speed_15min.py","lineno":2,"logger":"py.warnings"}
{"timestamp":"2026-04-09T13:34:08.999220Z","level":"info","event":"Filling up the DagBag from /opt/airflow/dags/3_aggregate_traffic_speed_15min.py","logger":"airflow.models.dagbag.BundleDagBag","filename":"dagbag.py","lineno":593}
{"timestamp":"2026-04-09T13:34:09.194584Z","level":"warning","event":"The `airflow.operators.python.PythonOperator` attribute is deprecated. Please use `'airflow.providers.standard.operators.python.PythonOperator'`.","category":"DeprecatedImportWarning","filename":"/opt/airflow/dags/3_aggregate_traffic_speed_15min.py","lineno":2,"logger":"py.warnings"}
{"timestamp":"2026-04-09T13:34:39.497416Z","level":"info","event":"Filling up the DagBag from /opt/airflow/dags/3_aggregate_traffic_speed_15min.py","logger":"airflow.models.dagbag.BundleDagBag","filename":"dagbag.py","lineno":593}
{"timestamp":"2026-04-09T13:34:39.766573Z","level":"warning","event":"The `airflow.operators.python.PythonOperator` attribute is deprecated. Please use `'airflow.providers.standard.operators.python.PythonOperator'`.","category":"DeprecatedImportWarning","filename":"/opt/airflow/dags/3_aggregate_traffic_speed_15min.py","lineno":2,"logger":"py.warnings"}
{"timestamp":"2026-04-09T13:35:10.760285Z","level":"info","event":"Filling up the DagBag from /opt/airflow/dags/3_aggregate_traffic_speed_15min.py","logger":"airflow.models.dagbag.BundleDagBag","filename":"dagbag.py","lineno":593}
{"timestamp":"2026-04-09T13:35:11.038765Z","level":"warning","event":"The `airflow.operators.python.PythonOperator` attribute is deprecated. Please use `'airflow.providers.standard.operators.python.PythonOperator'`.","category":"DeprecatedImportWarning","filename":"/opt/airflow/dags/3_aggregate_traffic_speed_15min.py","lineno":2,"logger":"py.warnings"}
{"timestamp":"2026-04-09T13:35:42.006718Z","level":"info","event":"Filling up the DagBag from /opt/airflow/dags/3_aggregate_traffic_speed_15min.py","logger":"airflow.models.dagbag.BundleDagBag","filename":"dagbag.py","lineno":593}
{"timestamp":"2026-04-09T13:35:42.297042Z","level":"warning","event":"The `airflow.operators.python.PythonOperator` attribute is deprecated. Please use `'airflow.providers.standard.operators.python.PythonOperator'`.","category":"DeprecatedImportWarning","filename":"/opt/airflow/dags/3_aggregate_traffic_speed_15min.py","lineno":2,"logger":"py.warnings"}
{"timestamp":"2026-04-09T13:36:13.219936Z","level":"info","event":"Filling up the DagBag from /opt/airflow/dags/3_aggregate_traffic_speed_15min.py","logger":"airflow.models.dagbag.BundleDagBag","filename":"dagbag.py","lineno":593}
{"timestamp":"2026-04-09T13:36:13.460047Z","level":"warning","event":"The `airflow.operators.python.PythonOperator` attribute is deprecated. Please use `'airflow.providers.standard.operators.python.PythonOperator'`.","category":"DeprecatedImportWarning","filename":"/opt/airflow/dags/3_aggregate_traffic_speed_15min.py","lineno":2,"logger":"py.warnings"}
{"timestamp":"2026-04-09T13:36:44.410044Z","level":"info","event":"Filling up the DagBag from /opt/airflow/dags/3_aggregate_traffic_speed_15min.py","logger":"airflow.models.dagbag.BundleDagBag","filename":"dagbag.py","lineno":593}
{"timestamp":"2026-04-09T13:36:44.685704Z","level":"warning","event":"The `airflow.operators.python.PythonOperator` attribute is deprecated. Please use `'airflow.providers.standard.operators.python.PythonOperator'`.","category":"DeprecatedImportWarning","filename":"/opt/airflow/dags/3_aggregate_traffic_speed_15min.py","lineno":2,"logger":"py.warnings"}
{"timestamp":"2026-04-09T13:37:15.648351Z","level":"info","event":"Filling up the DagBag from /opt/airflow/dags/3_aggregate_traffic_speed_15min.py","logger":"airflow.models.dagbag.BundleDagBag","filename":"dagbag.py","lineno":593}
{"timestamp":"2026-04-09T13:37:15.871071Z","level":"warning","event":"The `airflow.operators.python.PythonOperator` attribute is deprecated. Please use `'airflow.providers.standard.operators.python.PythonOperator'`.","category":"DeprecatedImportWarning","filename":"/opt/airflow/dags/3_aggregate_traffic_speed_15min.py","lineno":2,"logger":"py.warnings"}
{"timestamp":"2026-04-09T13:37:46.858586Z","level":"info","event":"Filling up the DagBag from /opt/airflow/dags/3_aggregate_traffic_speed_15min.py","logger":"airflow.models.dagbag.BundleDagBag","filename":"dagbag.py","lineno":593}
{"timestamp":"2026-04-09T13:37:47.116573Z","level":"warning","event":"The `airflow.operators.python.PythonOperator` attribute is deprecated. Please use `'airflow.providers.standard.operators.python.PythonOperator'`.","category":"DeprecatedImportWarning","filename":"/opt/airflow/dags/3_aggregate_traffic_speed_15min.py","lineno":2,"logger":"py.warnings"}
{"timestamp":"2026-04-09T13:38:18.074893Z","level":"info","event":"Filling up the DagBag from /opt/airflow/dags/3_aggregate_traffic_speed_15min.py","logger":"airflow.models.dagbag.BundleDagBag","filename":"dagbag.py","lineno":593}
{"timestamp":"2026-04-09T13:38:18.359018Z","level":"warning","event":"The `airflow.operators.python.PythonOperator` attribute is deprecated. Please use `'airflow.providers.standard.operators.python.PythonOperator'`.","category":"DeprecatedImportWarning","filename":"/opt/airflow/dags/3_aggregate_traffic_speed_15min.py","lineno":2,"logger":"py.warnings"}
{"timestamp":"2026-04-09T13:38:49.351217Z","level":"info","event":"Filling up the DagBag from /opt/airflow/dags/3_aggregate_traffic_speed_15min.py","logger":"airflow.models.dagbag.BundleDagBag","filename":"dagbag.py","lineno":593}
{"timestamp":"2026-04-09T13:38:49.627893Z","level":"warning","event":"The `airflow.operators.python.PythonOperator` attribute is deprecated. Please use `'airflow.providers.standard.operators.python.PythonOperator'`.","category":"DeprecatedImportWarning","filename":"/opt/airflow/dags/3_aggregate_traffic_speed_15min.py","lineno":2,"logger":"py.warnings"}
{"timestamp":"2026-04-09T13:39:20.645606Z","level":"info","event":"Filling up the DagBag from /opt/airflow/dags/3_aggregate_traffic_speed_15min.py","logger":"airflow.models.dagbag.BundleDagBag","filename":"dagbag.py","lineno":593}
{"timestamp":"2026-04-09T13:39:20.963068Z","level":"warning","event":"The `airflow.operators.python.PythonOperator` attribute is deprecated. Please use `'airflow.providers.standard.operators.python.PythonOperator'`.","category":"DeprecatedImportWarning","filename":"/opt/airflow/dags/3_aggregate_traffic_speed_15min.py","lineno":2,"logger":"py.warnings"}
{"timestamp":"2026-04-09T13:39:51.212298Z","level":"info","event":"Filling up the DagBag from /opt/airflow/dags/3_aggregate_traffic_speed_15min.py","logger":"airflow.models.dagbag.BundleDagBag","filename":"dagbag.py","lineno":593}
{"timestamp":"2026-04-09T13:39:51.457297Z","level":"warning","event":"The `airflow.operators.python.PythonOperator` attribute is deprecated. Please use `'airflow.providers.standard.operators.python.PythonOperator'`.","category":"DeprecatedImportWarning","filename":"/opt/airflow/dags/3_aggregate_traffic_speed_15min.py","lineno":2,"logger":"py.warnings"}
{"timestamp":"2026-04-09T13:40:22.479533Z","level":"info","event":"Filling up the DagBag from /opt/airflow/dags/3_aggregate_traffic_speed_15min.py","logger":"airflow.models.dagbag.BundleDagBag","filename":"dagbag.py","lineno":593}
{"timestamp":"2026-04-09T13:40:22.805912Z","level":"warning","event":"The `airflow.operators.python.PythonOperator` attribute is deprecated. Please use `'airflow.providers.standard.operators.python.PythonOperator'`.","category":"DeprecatedImportWarning","filename":"/opt/airflow/dags/3_aggregate_traffic_speed_15min.py","lineno":2,"logger":"py.warnings"}
{"timestamp":"2026-04-09T13:40:53.051810Z","level":"info","event":"Filling up the DagBag from /opt/airflow/dags/3_aggregate_traffic_speed_15min.py","logger":"airflow.models.dagbag.BundleDagBag","filename":"dagbag.py","lineno":593}
{"timestamp":"2026-04-09T13:40:53.373637Z","level":"warning","event":"The `airflow.operators.python.PythonOperator` attribute is deprecated. Please use `'airflow.providers.standard.operators.python.PythonOperator'`.","category":"DeprecatedImportWarning","filename":"/opt/airflow/dags/3_aggregate_traffic_speed_15min.py","lineno":2,"logger":"py.warnings"}
{"timestamp":"2026-04-09T13:41:24.530339Z","level":"info","event":"Filling up the DagBag from /opt/airflow/dags/3_aggregate_traffic_speed_15min.py","logger":"airflow.models.dagbag.BundleDagBag","filename":"dagbag.py","lineno":593}
{"timestamp":"2026-04-09T13:41:24.855652Z","level":"warning","event":"The `airflow.operators.python.PythonOperator` attribute is deprecated. Please use `'airflow.providers.standard.operators.python.PythonOperator'`.","category":"DeprecatedImportWarning","filename":"/opt/airflow/dags/3_aggregate_traffic_speed_15min.py","lineno":2,"logger":"py.warnings"}
{"timestamp":"2026-04-09T13:41:54.915575Z","level":"info","event":"Filling up the DagBag from /opt/airflow/dags/3_aggregate_traffic_speed_15min.py","logger":"airflow.models.dagbag.BundleDagBag","filename":"dagbag.py","lineno":593}
{"timestamp":"2026-04-09T13:41:55.177878Z","level":"warning","event":"The `airflow.operators.python.PythonOperator` attribute is deprecated. Please use `'airflow.providers.standard.operators.python.PythonOperator'`.","category":"DeprecatedImportWarning","filename":"/opt/airflow/dags/3_aggregate_traffic_speed_15min.py","lineno":2,"logger":"py.warnings"}
{"timestamp":"2026-04-09T13:42:26.134394Z","level":"info","event":"Filling up the DagBag from /opt/airflow/dags/3_aggregate_traffic_speed_15min.py","logger":"airflow.models.dagbag.BundleDagBag","filename":"dagbag.py","lineno":593}
{"timestamp":"2026-04-09T13:42:26.371211Z","level":"warning","event":"The `airflow.operators.python.PythonOperator` attribute is deprecated. Please use `'airflow.providers.standard.operators.python.PythonOperator'`.","category":"DeprecatedImportWarning","filename":"/opt/airflow/dags/3_aggregate_traffic_speed_15min.py","lineno":2,"logger":"py.warnings"}
{"timestamp":"2026-04-09T13:42:57.234679Z","level":"info","event":"Filling up the DagBag from /opt/airflow/dags/3_aggregate_traffic_speed_15min.py","logger":"airflow.models.dagbag.BundleDagBag","filename":"dagbag.py","lineno":593}
{"timestamp":"2026-04-09T13:42:57.525873Z","level":"warning","event":"The `airflow.operators.python.PythonOperator` attribute is deprecated. Please use `'airflow.providers.standard.operators.python.PythonOperator'`.","category":"DeprecatedImportWarning","filename":"/opt/airflow/dags/3_aggregate_traffic_speed_15min.py","lineno":2,"logger":"py.warnings"}
{"timestamp":"2026-04-09T13:43:28.544829Z","level":"info","event":"Filling up the DagBag from /opt/airflow/dags/3_aggregate_traffic_speed_15min.py","logger":"airflow.models.dagbag.BundleDagBag","filename":"dagbag.py","lineno":593}
{"timestamp":"2026-04-09T13:43:28.810674Z","level":"warning","event":"The `airflow.operators.python.PythonOperator` attribute is deprecated. Please use `'airflow.providers.standard.operators.python.PythonOperator'`.","category":"DeprecatedImportWarning","filename":"/opt/airflow/dags/3_aggregate_traffic_speed_15min.py","lineno":2,"logger":"py.warnings"}
{"timestamp":"2026-04-09T13:43:58.908679Z","level":"info","event":"Filling up the DagBag from /opt/airflow/dags/3_aggregate_traffic_speed_15min.py","logger":"airflow.models.dagbag.BundleDagBag","filename":"dagbag.py","lineno":593}
{"timestamp":"2026-04-09T13:43:59.125664Z","level":"warning","event":"The `airflow.operators.python.PythonOperator` attribute is deprecated. Please use `'airflow.providers.standard.operators.python.PythonOperator'`.","category":"DeprecatedImportWarning","filename":"/opt/airflow/dags/3_aggregate_traffic_speed_15min.py","lineno":2,"logger":"py.warnings"}
{"timestamp":"2026-04-09T13:44:29.400123Z","level":"info","event":"Filling up the DagBag from /opt/airflow/dags/3_aggregate_traffic_speed_15min.py","logger":"airflow.models.dagbag.BundleDagBag","filename":"dagbag.py","lineno":593}
{"timestamp":"2026-04-09T13:44:29.671784Z","level":"warning","event":"The `airflow.operators.python.PythonOperator` attribute is deprecated. Please use `'airflow.providers.standard.operators.python.PythonOperator'`.","category":"DeprecatedImportWarning","filename":"/opt/airflow/dags/3_aggregate_traffic_speed_15min.py","lineno":2,"logger":"py.warnings"}
{"timestamp":"2026-04-09T13:44:59.863442Z","level":"info","event":"Filling up the DagBag from /opt/airflow/dags/3_aggregate_traffic_speed_15min.py","logger":"airflow.models.dagbag.BundleDagBag","filename":"dagbag.py","lineno":593}
{"timestamp":"2026-04-09T13:45:00.139439Z","level":"warning","event":"The `airflow.operators.python.PythonOperator` attribute is deprecated. Please use `'airflow.providers.standard.operators.python.PythonOperator'`.","category":"DeprecatedImportWarning","filename":"/opt/airflow/dags/3_aggregate_traffic_speed_15min.py","lineno":2,"logger":"py.warnings"}
{"timestamp":"2026-04-09T13:45:31.101622Z","level":"info","event":"Filling up the DagBag from /opt/airflow/dags/3_aggregate_traffic_speed_15min.py","logger":"airflow.models.dagbag.BundleDagBag","filename":"dagbag.py","lineno":593}
{"timestamp":"2026-04-09T13:45:31.403984Z","level":"warning","event":"The `airflow.operators.python.PythonOperator` attribute is deprecated. Please use `'airflow.providers.standard.operators.python.PythonOperator'`.","category":"DeprecatedImportWarning","filename":"/opt/airflow/dags/3_aggregate_traffic_speed_15min.py","lineno":2,"logger":"py.warnings"}
{"timestamp":"2026-04-09T13:46:02.341835Z","level":"info","event":"Filling up the DagBag from /opt/airflow/dags/3_aggregate_traffic_speed_15min.py","logger":"airflow.models.dagbag.BundleDagBag","filename":"dagbag.py","lineno":593}
{"timestamp":"2026-04-09T13:46:02.545173Z","level":"warning","event":"The `airflow.operators.python.PythonOperator` attribute is deprecated. Please use `'airflow.providers.standard.operators.python.PythonOperator'`.","category":"DeprecatedImportWarning","filename":"/opt/airflow/dags/3_aggregate_traffic_speed_15min.py","lineno":2,"logger":"py.warnings"}
{"timestamp":"2026-04-09T13:46:33.512758Z","level":"info","event":"Filling up the DagBag from /opt/airflow/dags/3_aggregate_traffic_speed_15min.py","logger":"airflow.models.dagbag.BundleDagBag","filename":"dagbag.py","lineno":593}
{"timestamp":"2026-04-09T13:46:33.915328Z","level":"warning","event":"The `airflow.operators.python.PythonOperator` attribute is deprecated. Please use `'airflow.providers.standard.operators.python.PythonOperator'`.","category":"DeprecatedImportWarning","filename":"/opt/airflow/dags/3_aggregate_traffic_speed_15min.py","lineno":2,"logger":"py.warnings"}
{"timestamp":"2026-04-09T13:47:04.899964Z","level":"info","event":"Filling up the DagBag from /opt/airflow/dags/3_aggregate_traffic_speed_15min.py","logger":"airflow.models.dagbag.BundleDagBag","filename":"dagbag.py","lineno":593}
{"timestamp":"2026-04-09T13:47:05.084490Z","level":"warning","event":"The `airflow.operators.python.PythonOperator` attribute is deprecated. Please use `'airflow.providers.standard.operators.python.PythonOperator'`.","category":"DeprecatedImportWarning","filename":"/opt/airflow/dags/3_aggregate_traffic_speed_15min.py","lineno":2,"logger":"py.warnings"}
{"timestamp":"2026-04-09T13:47:35.995658Z","level":"info","event":"Filling up the DagBag from /opt/airflow/dags/3_aggregate_traffic_speed_15min.py","logger":"airflow.models.dagbag.BundleDagBag","filename":"dagbag.py","lineno":593}
{"timestamp":"2026-04-09T13:47:36.198854Z","level":"warning","event":"The `airflow.operators.python.PythonOperator` attribute is deprecated. Please use `'airflow.providers.standard.operators.python.PythonOperator'`.","category":"DeprecatedImportWarning","filename":"/opt/airflow/dags/3_aggregate_traffic_speed_15min.py","lineno":2,"logger":"py.warnings"}
{"timestamp":"2026-04-09T13:48:07.140574Z","level":"info","event":"Filling up the DagBag from /opt/airflow/dags/3_aggregate_traffic_speed_15min.py","logger":"airflow.models.dagbag.BundleDagBag","filename":"dagbag.py","lineno":593}
{"timestamp":"2026-04-09T13:48:07.359313Z","level":"warning","event":"The `airflow.operators.python.PythonOperator` attribute is deprecated. Please use `'airflow.providers.standard.operators.python.PythonOperator'`.","category":"DeprecatedImportWarning","filename":"/opt/airflow/dags/3_aggregate_traffic_speed_15min.py","lineno":2,"logger":"py.warnings"}
{"timestamp":"2026-04-09T13:48:38.245855Z","level":"info","event":"Filling up the DagBag from /opt/airflow/dags/3_aggregate_traffic_speed_15min.py","logger":"airflow.models.dagbag.BundleDagBag","filename":"dagbag.py","lineno":593}
{"timestamp":"2026-04-09T13:48:38.536444Z","level":"warning","event":"The `airflow.operators.python.PythonOperator` attribute is deprecated. Please use `'airflow.providers.standard.operators.python.PythonOperator'`.","category":"DeprecatedImportWarning","filename":"/opt/airflow/dags/3_aggregate_traffic_speed_15min.py","lineno":2,"logger":"py.warnings"}
{"timestamp":"2026-04-09T13:49:09.507322Z","level":"info","event":"Filling up the DagBag from /opt/airflow/dags/3_aggregate_traffic_speed_15min.py","logger":"airflow.models.dagbag.BundleDagBag","filename":"dagbag.py","lineno":593}
{"timestamp":"2026-04-09T13:49:09.788632Z","level":"warning","event":"The `airflow.operators.python.PythonOperator` attribute is deprecated. Please use `'airflow.providers.standard.operators.python.PythonOperator'`.","category":"DeprecatedImportWarning","filename":"/opt/airflow/dags/3_aggregate_traffic_speed_15min.py","lineno":2,"logger":"py.warnings"}
{"timestamp":"2026-04-09T13:49:40.742901Z","level":"info","event":"Filling up the DagBag from /opt/airflow/dags/3_aggregate_traffic_speed_15min.py","logger":"airflow.models.dagbag.BundleDagBag","filename":"dagbag.py","lineno":593}
{"timestamp":"2026-04-09T13:49:40.980006Z","level":"warning","event":"The `airflow.operators.python.PythonOperator` attribute is deprecated. Please use `'airflow.providers.standard.operators.python.PythonOperator'`.","category":"DeprecatedImportWarning","filename":"/opt/airflow/dags/3_aggregate_traffic_speed_15min.py","lineno":2,"logger":"py.warnings"}
{"timestamp":"2026-04-09T13:50:11.978329Z","level":"info","event":"Filling up the DagBag from /opt/airflow/dags/3_aggregate_traffic_speed_15min.py","logger":"airflow.models.dagbag.BundleDagBag","filename":"dagbag.py","lineno":593}
{"timestamp":"2026-04-09T13:50:12.215391Z","level":"warning","event":"The `airflow.operators.python.PythonOperator` attribute is deprecated. Please use `'airflow.providers.standard.operators.python.PythonOperator'`.","category":"DeprecatedImportWarning","filename":"/opt/airflow/dags/3_aggregate_traffic_speed_15min.py","lineno":2,"logger":"py.warnings"}
{"timestamp":"2026-04-09T13:50:43.106139Z","level":"info","event":"Filling up the DagBag from /opt/airflow/dags/3_aggregate_traffic_speed_15min.py","logger":"airflow.models.dagbag.BundleDagBag","filename":"dagbag.py","lineno":593}
{"timestamp":"2026-04-09T13:50:43.351528Z","level":"warning","event":"The `airflow.operators.python.PythonOperator` attribute is deprecated. Please use `'airflow.providers.standard.operators.python.PythonOperator'`.","category":"DeprecatedImportWarning","filename":"/opt/airflow/dags/3_aggregate_traffic_speed_15min.py","lineno":2,"logger":"py.warnings"}
{"timestamp":"2026-04-09T13:51:14.253560Z","level":"info","event":"Filling up the DagBag from /opt/airflow/dags/3_aggregate_traffic_speed_15min.py","logger":"airflow.models.dagbag.BundleDagBag","filename":"dagbag.py","lineno":593}
{"timestamp":"2026-04-09T13:51:14.501363Z","level":"warning","event":"The `airflow.operators.python.PythonOperator` attribute is deprecated. Please use `'airflow.providers.standard.operators.python.PythonOperator'`.","category":"DeprecatedImportWarning","filename":"/opt/airflow/dags/3_aggregate_traffic_speed_15min.py","lineno":2,"logger":"py.warnings"}
{"timestamp":"2026-04-09T13:51:44.559795Z","level":"info","event":"Filling up the DagBag from /opt/airflow/dags/3_aggregate_traffic_speed_15min.py","logger":"airflow.models.dagbag.BundleDagBag","filename":"dagbag.py","lineno":593}
{"timestamp":"2026-04-09T13:51:44.888220Z","level":"warning","event":"The `airflow.operators.python.PythonOperator` attribute is deprecated. Please use `'airflow.providers.standard.operators.python.PythonOperator'`.","category":"DeprecatedImportWarning","filename":"/opt/airflow/dags/3_aggregate_traffic_speed_15min.py","lineno":2,"logger":"py.warnings"}
{"timestamp":"2026-04-09T13:52:14.988117Z","level":"info","event":"Filling up the DagBag from /opt/airflow/dags/3_aggregate_traffic_speed_15min.py","logger":"airflow.models.dagbag.BundleDagBag","filename":"dagbag.py","lineno":593}
{"timestamp":"2026-04-09T13:52:15.344834Z","level":"warning","event":"The `airflow.operators.python.PythonOperator` attribute is deprecated. Please use `'airflow.providers.standard.operators.python.PythonOperator'`.","category":"DeprecatedImportWarning","filename":"/opt/airflow/dags/3_aggregate_traffic_speed_15min.py","lineno":2,"logger":"py.warnings"}
{"timestamp":"2026-04-09T13:52:46.379216Z","level":"info","event":"Filling up the DagBag from /opt/airflow/dags/3_aggregate_traffic_speed_15min.py","logger":"airflow.models.dagbag.BundleDagBag","filename":"dagbag.py","lineno":593}
{"timestamp":"2026-04-09T13:52:46.651067Z","level":"warning","event":"The `airflow.operators.python.PythonOperator` attribute is deprecated. Please use `'airflow.providers.standard.operators.python.PythonOperator'`.","category":"DeprecatedImportWarning","filename":"/opt/airflow/dags/3_aggregate_traffic_speed_15min.py","lineno":2,"logger":"py.warnings"}
{"timestamp":"2026-04-09T13:53:16.793804Z","level":"info","event":"Filling up the DagBag from /opt/airflow/dags/3_aggregate_traffic_speed_15min.py","logger":"airflow.models.dagbag.BundleDagBag","filename":"dagbag.py","lineno":593}
{"timestamp":"2026-04-09T13:53:17.062189Z","level":"warning","event":"The `airflow.operators.python.PythonOperator` attribute is deprecated. Please use `'airflow.providers.standard.operators.python.PythonOperator'`.","category":"DeprecatedImportWarning","filename":"/opt/airflow/dags/3_aggregate_traffic_speed_15min.py","lineno":2,"logger":"py.warnings"}
{"timestamp":"2026-04-09T13:53:47.172306Z","level":"info","event":"Filling up the DagBag from /opt/airflow/dags/3_aggregate_traffic_speed_15min.py","logger":"airflow.models.dagbag.BundleDagBag","filename":"dagbag.py","lineno":593}
{"timestamp":"2026-04-09T13:53:47.491543Z","level":"warning","event":"The `airflow.operators.python.PythonOperator` attribute is deprecated. Please use `'airflow.providers.standard.operators.python.PythonOperator'`.","category":"DeprecatedImportWarning","filename":"/opt/airflow/dags/3_aggregate_traffic_speed_15min.py","lineno":2,"logger":"py.warnings"}
{"timestamp":"2026-04-09T13:54:17.729143Z","level":"info","event":"Filling up the DagBag from /opt/airflow/dags/3_aggregate_traffic_speed_15min.py","logger":"airflow.models.dagbag.BundleDagBag","filename":"dagbag.py","lineno":593}
{"timestamp":"2026-04-09T13:54:17.999524Z","level":"warning","event":"The `airflow.operators.python.PythonOperator` attribute is deprecated. Please use `'airflow.providers.standard.operators.python.PythonOperator'`.","category":"DeprecatedImportWarning","filename":"/opt/airflow/dags/3_aggregate_traffic_speed_15min.py","lineno":2,"logger":"py.warnings"}
{"timestamp":"2026-04-09T13:54:48.893821Z","level":"info","event":"Filling up the DagBag from /opt/airflow/dags/3_aggregate_traffic_speed_15min.py","logger":"airflow.models.dagbag.BundleDagBag","filename":"dagbag.py","lineno":593}
{"timestamp":"2026-04-09T13:54:49.195166Z","level":"warning","event":"The `airflow.operators.python.PythonOperator` attribute is deprecated. Please use `'airflow.providers.standard.operators.python.PythonOperator'`.","category":"DeprecatedImportWarning","filename":"/opt/airflow/dags/3_aggregate_traffic_speed_15min.py","lineno":2,"logger":"py.warnings"}
{"timestamp":"2026-04-09T13:55:20.335409Z","level":"info","event":"Filling up the DagBag from /opt/airflow/dags/3_aggregate_traffic_speed_15min.py","logger":"airflow.models.dagbag.BundleDagBag","filename":"dagbag.py","lineno":593}
{"timestamp":"2026-04-09T13:55:20.641424Z","level":"warning","event":"The `airflow.operators.python.PythonOperator` attribute is deprecated. Please use `'airflow.providers.standard.operators.python.PythonOperator'`.","category":"DeprecatedImportWarning","filename":"/opt/airflow/dags/3_aggregate_traffic_speed_15min.py","lineno":2,"logger":"py.warnings"}
{"timestamp":"2026-04-09T13:55:51.174993Z","level":"info","event":"Filling up the DagBag from /opt/airflow/dags/3_aggregate_traffic_speed_15min.py","logger":"airflow.models.dagbag.BundleDagBag","filename":"dagbag.py","lineno":593}
{"timestamp":"2026-04-09T13:55:51.707822Z","level":"warning","event":"The `airflow.operators.python.PythonOperator` attribute is deprecated. Please use `'airflow.providers.standard.operators.python.PythonOperator'`.","category":"DeprecatedImportWarning","filename":"/opt/airflow/dags/3_aggregate_traffic_speed_15min.py","lineno":2,"logger":"py.warnings"}
{"timestamp":"2026-04-09T13:56:21.970428Z","level":"info","event":"Filling up the DagBag from /opt/airflow/dags/3_aggregate_traffic_speed_15min.py","logger":"airflow.models.dagbag.BundleDagBag","filename":"dagbag.py","lineno":593}
{"timestamp":"2026-04-09T13:56:22.302121Z","level":"warning","event":"The `airflow.operators.python.PythonOperator` attribute is deprecated. Please use `'airflow.providers.standard.operators.python.PythonOperator'`.","category":"DeprecatedImportWarning","filename":"/opt/airflow/dags/3_aggregate_traffic_speed_15min.py","lineno":2,"logger":"py.warnings"}
{"timestamp":"2026-04-09T13:56:52.601781Z","level":"info","event":"Filling up the DagBag from /opt/airflow/dags/3_aggregate_traffic_speed_15min.py","logger":"airflow.models.dagbag.BundleDagBag","filename":"dagbag.py","lineno":593}
{"timestamp":"2026-04-09T13:56:52.891138Z","level":"warning","event":"The `airflow.operators.python.PythonOperator` attribute is deprecated. Please use `'airflow.providers.standard.operators.python.PythonOperator'`.","category":"DeprecatedImportWarning","filename":"/opt/airflow/dags/3_aggregate_traffic_speed_15min.py","lineno":2,"logger":"py.warnings"}
{"timestamp":"2026-04-09T13:57:23.258835Z","level":"info","event":"Filling up the DagBag from /opt/airflow/dags/3_aggregate_traffic_speed_15min.py","logger":"airflow.models.dagbag.BundleDagBag","filename":"dagbag.py","lineno":593}
{"timestamp":"2026-04-09T13:57:23.625692Z","level":"warning","event":"The `airflow.operators.python.PythonOperator` attribute is deprecated. Please use `'airflow.providers.standard.operators.python.PythonOperator'`.","category":"DeprecatedImportWarning","filename":"/opt/airflow/dags/3_aggregate_traffic_speed_15min.py","lineno":2,"logger":"py.warnings"}
{"timestamp":"2026-04-09T13:57:54.195738Z","level":"info","event":"Filling up the DagBag from /opt/airflow/dags/3_aggregate_traffic_speed_15min.py","logger":"airflow.models.dagbag.BundleDagBag","filename":"dagbag.py","lineno":593}
{"timestamp":"2026-04-09T13:57:54.501929Z","level":"warning","event":"The `airflow.operators.python.PythonOperator` attribute is deprecated. Please use `'airflow.providers.standard.operators.python.PythonOperator'`.","category":"DeprecatedImportWarning","filename":"/opt/airflow/dags/3_aggregate_traffic_speed_15min.py","lineno":2,"logger":"py.warnings"}
{"timestamp":"2026-04-09T13:58:24.777408Z","level":"info","event":"Filling up the DagBag from /opt/airflow/dags/3_aggregate_traffic_speed_15min.py","logger":"airflow.models.dagbag.BundleDagBag","filename":"dagbag.py","lineno":593}
{"timestamp":"2026-04-09T13:58:25.018739Z","level":"warning","event":"The `airflow.operators.python.PythonOperator` attribute is deprecated. Please use `'airflow.providers.standard.operators.python.PythonOperator'`.","category":"DeprecatedImportWarning","filename":"/opt/airflow/dags/3_aggregate_traffic_speed_15min.py","lineno":2,"logger":"py.warnings"}
{"timestamp":"2026-04-09T13:58:55.130000Z","level":"info","event":"Filling up the DagBag from /opt/airflow/dags/3_aggregate_traffic_speed_15min.py","logger":"airflow.models.dagbag.BundleDagBag","filename":"dagbag.py","lineno":593}
{"timestamp":"2026-04-09T13:58:55.370619Z","level":"warning","event":"The `airflow.operators.python.PythonOperator` attribute is deprecated. Please use `'airflow.providers.standard.operators.python.PythonOperator'`.","category":"DeprecatedImportWarning","filename":"/opt/airflow/dags/3_aggregate_traffic_speed_15min.py","lineno":2,"logger":"py.warnings"}
{"timestamp":"2026-04-09T13:59:25.596381Z","level":"info","event":"Filling up the DagBag from /opt/airflow/dags/3_aggregate_traffic_speed_15min.py","logger":"airflow.models.dagbag.BundleDagBag","filename":"dagbag.py","lineno":593}
{"timestamp":"2026-04-09T13:59:25.840591Z","level":"warning","event":"The `airflow.operators.python.PythonOperator` attribute is deprecated. Please use `'airflow.providers.standard.operators.python.PythonOperator'`.","category":"DeprecatedImportWarning","filename":"/opt/airflow/dags/3_aggregate_traffic_speed_15min.py","lineno":2,"logger":"py.warnings"}
{"timestamp":"2026-04-09T13:59:55.997102Z","level":"info","event":"Filling up the DagBag from /opt/airflow/dags/3_aggregate_traffic_speed_15min.py","logger":"airflow.models.dagbag.BundleDagBag","filename":"dagbag.py","lineno":593}
{"timestamp":"2026-04-09T13:59:56.223572Z","level":"warning","event":"The `airflow.operators.python.PythonOperator` attribute is deprecated. Please use `'airflow.providers.standard.operators.python.PythonOperator'`.","category":"DeprecatedImportWarning","filename":"/opt/airflow/dags/3_aggregate_traffic_speed_15min.py","lineno":2,"logger":"py.warnings"}
{"timestamp":"2026-04-09T14:00:26.546701Z","level":"info","event":"Filling up the DagBag from /opt/airflow/dags/3_aggregate_traffic_speed_15min.py","logger":"airflow.models.dagbag.BundleDagBag","filename":"dagbag.py","lineno":593}
{"timestamp":"2026-04-09T14:00:26.799160Z","level":"warning","event":"The `airflow.operators.python.PythonOperator` attribute is deprecated. Please use `'airflow.providers.standard.operators.python.PythonOperator'`.","category":"DeprecatedImportWarning","filename":"/opt/airflow/dags/3_aggregate_traffic_speed_15min.py","lineno":2,"logger":"py.warnings"}
{"timestamp":"2026-04-09T14:00:56.967188Z","level":"info","event":"Filling up the DagBag from /opt/airflow/dags/3_aggregate_traffic_speed_15min.py","logger":"airflow.models.dagbag.BundleDagBag","filename":"dagbag.py","lineno":593}
{"timestamp":"2026-04-09T14:00:57.229264Z","level":"warning","event":"The `airflow.operators.python.PythonOperator` attribute is deprecated. Please use `'airflow.providers.standard.operators.python.PythonOperator'`.","category":"DeprecatedImportWarning","filename":"/opt/airflow/dags/3_aggregate_traffic_speed_15min.py","lineno":2,"logger":"py.warnings"}
{"timestamp":"2026-04-09T14:01:27.367623Z","level":"info","event":"Filling up the DagBag from /opt/airflow/dags/3_aggregate_traffic_speed_15min.py","logger":"airflow.models.dagbag.BundleDagBag","filename":"dagbag.py","lineno":593}
{"timestamp":"2026-04-09T14:01:27.593980Z","level":"warning","event":"The `airflow.operators.python.PythonOperator` attribute is deprecated. Please use `'airflow.providers.standard.operators.python.PythonOperator'`.","category":"DeprecatedImportWarning","filename":"/opt/airflow/dags/3_aggregate_traffic_speed_15min.py","lineno":2,"logger":"py.warnings"}
{"timestamp":"2026-04-09T14:01:57.732137Z","level":"info","event":"Filling up the DagBag from /opt/airflow/dags/3_aggregate_traffic_speed_15min.py","logger":"airflow.models.dagbag.BundleDagBag","filename":"dagbag.py","lineno":593}
{"timestamp":"2026-04-09T14:01:57.936301Z","level":"warning","event":"The `airflow.operators.python.PythonOperator` attribute is deprecated. Please use `'airflow.providers.standard.operators.python.PythonOperator'`.","category":"DeprecatedImportWarning","filename":"/opt/airflow/dags/3_aggregate_traffic_speed_15min.py","lineno":2,"logger":"py.warnings"}
{"timestamp":"2026-04-09T14:02:28.011200Z","level":"info","event":"Filling up the DagBag from /opt/airflow/dags/3_aggregate_traffic_speed_15min.py","logger":"airflow.models.dagbag.BundleDagBag","filename":"dagbag.py","lineno":593}
{"timestamp":"2026-04-09T14:02:28.257470Z","level":"warning","event":"The `airflow.operators.python.PythonOperator` attribute is deprecated. Please use `'airflow.providers.standard.operators.python.PythonOperator'`.","category":"DeprecatedImportWarning","filename":"/opt/airflow/dags/3_aggregate_traffic_speed_15min.py","lineno":2,"logger":"py.warnings"}
{"timestamp":"2026-04-09T14:02:58.491982Z","level":"info","event":"Filling up the DagBag from /opt/airflow/dags/3_aggregate_traffic_speed_15min.py","logger":"airflow.models.dagbag.BundleDagBag","filename":"dagbag.py","lineno":593}
{"timestamp":"2026-04-09T14:02:58.799855Z","level":"warning","event":"The `airflow.operators.python.PythonOperator` attribute is deprecated. Please use `'airflow.providers.standard.operators.python.PythonOperator'`.","category":"DeprecatedImportWarning","filename":"/opt/airflow/dags/3_aggregate_traffic_speed_15min.py","lineno":2,"logger":"py.warnings"}
{"timestamp":"2026-04-09T14:03:29.267419Z","level":"info","event":"Filling up the DagBag from /opt/airflow/dags/3_aggregate_traffic_speed_15min.py","logger":"airflow.models.dagbag.BundleDagBag","filename":"dagbag.py","lineno":593}
{"timestamp":"2026-04-09T14:03:29.497045Z","level":"warning","event":"The `airflow.operators.python.PythonOperator` attribute is deprecated. Please use `'airflow.providers.standard.operators.python.PythonOperator'`.","category":"DeprecatedImportWarning","filename":"/opt/airflow/dags/3_aggregate_traffic_speed_15min.py","lineno":2,"logger":"py.warnings"}
{"timestamp":"2026-04-09T14:03:59.540720Z","level":"info","event":"Filling up the DagBag from /opt/airflow/dags/3_aggregate_traffic_speed_15min.py","logger":"airflow.models.dagbag.BundleDagBag","filename":"dagbag.py","lineno":593}
{"timestamp":"2026-04-09T14:03:59.763422Z","level":"warning","event":"The `airflow.operators.python.PythonOperator` attribute is deprecated. Please use `'airflow.providers.standard.operators.python.PythonOperator'`.","category":"DeprecatedImportWarning","filename":"/opt/airflow/dags/3_aggregate_traffic_speed_15min.py","lineno":2,"logger":"py.warnings"}
{"timestamp":"2026-04-09T14:04:29.912076Z","level":"info","event":"Filling up the DagBag from /opt/airflow/dags/3_aggregate_traffic_speed_15min.py","logger":"airflow.models.dagbag.BundleDagBag","filename":"dagbag.py","lineno":593}
{"timestamp":"2026-04-09T14:04:30.339898Z","level":"warning","event":"The `airflow.operators.python.PythonOperator` attribute is deprecated. Please use `'airflow.providers.standard.operators.python.PythonOperator'`.","category":"DeprecatedImportWarning","filename":"/opt/airflow/dags/3_aggregate_traffic_speed_15min.py","lineno":2,"logger":"py.warnings"}
{"timestamp":"2026-04-09T14:05:00.672348Z","level":"info","event":"Filling up the DagBag from /opt/airflow/dags/3_aggregate_traffic_speed_15min.py","logger":"airflow.models.dagbag.BundleDagBag","filename":"dagbag.py","lineno":593}
{"timestamp":"2026-04-09T14:05:00.946919Z","level":"warning","event":"The `airflow.operators.python.PythonOperator` attribute is deprecated. Please use `'airflow.providers.standard.operators.python.PythonOperator'`.","category":"DeprecatedImportWarning","filename":"/opt/airflow/dags/3_aggregate_traffic_speed_15min.py","lineno":2,"logger":"py.warnings"}
{"timestamp":"2026-04-09T14:05:31.046681Z","level":"info","event":"Filling up the DagBag from /opt/airflow/dags/3_aggregate_traffic_speed_15min.py","logger":"airflow.models.dagbag.BundleDagBag","filename":"dagbag.py","lineno":593}
{"timestamp":"2026-04-09T14:05:31.361399Z","level":"warning","event":"The `airflow.operators.python.PythonOperator` attribute is deprecated. Please use `'airflow.providers.standard.operators.python.PythonOperator'`.","category":"DeprecatedImportWarning","filename":"/opt/airflow/dags/3_aggregate_traffic_speed_15min.py","lineno":2,"logger":"py.warnings"}
{"timestamp":"2026-04-09T14:06:01.424837Z","level":"info","event":"Filling up the DagBag from /opt/airflow/dags/3_aggregate_traffic_speed_15min.py","logger":"airflow.models.dagbag.BundleDagBag","filename":"dagbag.py","lineno":593}
{"timestamp":"2026-04-09T14:06:01.681778Z","level":"warning","event":"The `airflow.operators.python.PythonOperator` attribute is deprecated. Please use `'airflow.providers.standard.operators.python.PythonOperator'`.","category":"DeprecatedImportWarning","filename":"/opt/airflow/dags/3_aggregate_traffic_speed_15min.py","lineno":2,"logger":"py.warnings"}
