{"timestamp":"2026-04-09T12:10:15.387215Z","level":"info","event":"Filling up the DagBag from /opt/airflow/dags/4_cleanup_recent_history.py","logger":"airflow.models.dagbag.BundleDagBag","filename":"dagbag.py","lineno":593}
{"timestamp":"2026-04-09T12:10:15.641300Z","level":"warning","event":"The `airflow.operators.python.PythonOperator` attribute is deprecated. Please use `'airflow.providers.standard.operators.python.PythonOperator'`.","category":"DeprecatedImportWarning","filename":"/opt/airflow/dags/4_cleanup_recent_history.py","lineno":2,"logger":"py.warnings"}
{"timestamp":"2026-04-09T12:10:45.714611Z","level":"info","event":"Filling up the DagBag from /opt/airflow/dags/4_cleanup_recent_history.py","logger":"airflow.models.dagbag.BundleDagBag","filename":"dagbag.py","lineno":593}
{"timestamp":"2026-04-09T12:10:46.020020Z","level":"warning","event":"The `airflow.operators.python.PythonOperator` attribute is deprecated. Please use `'airflow.providers.standard.operators.python.PythonOperator'`.","category":"DeprecatedImportWarning","filename":"/opt/airflow/dags/4_cleanup_recent_history.py","lineno":2,"logger":"py.warnings"}
{"timestamp":"2026-04-09T12:11:34.175354Z","level":"info","event":"Filling up the DagBag from /opt/airflow/dags/4_cleanup_recent_history.py","logger":"airflow.models.dagbag.BundleDagBag","filename":"dagbag.py","lineno":593}
{"timestamp":"2026-04-09T12:11:34.446132Z","level":"warning","event":"The `airflow.operators.python.PythonOperator` attribute is deprecated. Please use `'airflow.providers.standard.operators.python.PythonOperator'`.","category":"DeprecatedImportWarning","filename":"/opt/airflow/dags/4_cleanup_recent_history.py","lineno":2,"logger":"py.warnings"}
{"timestamp":"2026-04-09T12:12:04.812553Z","level":"info","event":"Filling up the DagBag from /opt/airflow/dags/4_cleanup_recent_history.py","logger":"airflow.models.dagbag.BundleDagBag","filename":"dagbag.py","lineno":593}
{"timestamp":"2026-04-09T12:12:05.059358Z","level":"warning","event":"The `airflow.operators.python.PythonOperator` attribute is deprecated. Please use `'airflow.providers.standard.operators.python.PythonOperator'`.","category":"DeprecatedImportWarning","filename":"/opt/airflow/dags/4_cleanup_recent_history.py","lineno":2,"logger":"py.warnings"}
{"timestamp":"2026-04-09T12:12:35.929477Z","level":"info","event":"Filling up the DagBag from /opt/airflow/dags/4_cleanup_recent_history.py","logger":"airflow.models.dagbag.BundleDagBag","filename":"dagbag.py","lineno":593}
{"timestamp":"2026-04-09T12:12:36.209710Z","level":"warning","event":"The `airflow.operators.python.PythonOperator` attribute is deprecated. Please use `'airflow.providers.standard.operators.python.PythonOperator'`.","category":"DeprecatedImportWarning","filename":"/opt/airflow/dags/4_cleanup_recent_history.py","lineno":2,"logger":"py.warnings"}
{"timestamp":"2026-04-09T12:13:07.042106Z","level":"info","event":"Filling up the DagBag from /opt/airflow/dags/4_cleanup_recent_history.py","logger":"airflow.models.dagbag.BundleDagBag","filename":"dagbag.py","lineno":593}
{"timestamp":"2026-04-09T12:13:07.306299Z","level":"warning","event":"The `airflow.operators.python.PythonOperator` attribute is deprecated. Please use `'airflow.providers.standard.operators.python.PythonOperator'`.","category":"DeprecatedImportWarning","filename":"/opt/airflow/dags/4_cleanup_recent_history.py","lineno":2,"logger":"py.warnings"}
{"timestamp":"2026-04-09T12:13:38.238611Z","level":"info","event":"Filling up the DagBag from /opt/airflow/dags/4_cleanup_recent_history.py","logger":"airflow.models.dagbag.BundleDagBag","filename":"dagbag.py","lineno":593}
{"timestamp":"2026-04-09T12:13:38.562264Z","level":"warning","event":"The `airflow.operators.python.PythonOperator` attribute is deprecated. Please use `'airflow.providers.standard.operators.python.PythonOperator'`.","category":"DeprecatedImportWarning","filename":"/opt/airflow/dags/4_cleanup_recent_history.py","lineno":2,"logger":"py.warnings"}
{"timestamp":"2026-04-09T12:14:08.635327Z","level":"info","event":"Filling up the DagBag from /opt/airflow/dags/4_cleanup_recent_history.py","logger":"airflow.models.dagbag.BundleDagBag","filename":"dagbag.py","lineno":593}
{"timestamp":"2026-04-09T12:14:08.897450Z","level":"warning","event":"The `airflow.operators.python.PythonOperator` attribute is deprecated. Please use `'airflow.providers.standard.operators.python.PythonOperator'`.","category":"DeprecatedImportWarning","filename":"/opt/airflow/dags/4_cleanup_recent_history.py","lineno":2,"logger":"py.warnings"}
{"timestamp":"2026-04-09T12:14:39.925116Z","level":"info","event":"Filling up the DagBag from /opt/airflow/dags/4_cleanup_recent_history.py","logger":"airflow.models.dagbag.BundleDagBag","filename":"dagbag.py","lineno":593}
{"timestamp":"2026-04-09T12:14:40.182636Z","level":"warning","event":"The `airflow.operators.python.PythonOperator` attribute is deprecated. Please use `'airflow.providers.standard.operators.python.PythonOperator'`.","category":"DeprecatedImportWarning","filename":"/opt/airflow/dags/4_cleanup_recent_history.py","lineno":2,"logger":"py.warnings"}
{"timestamp":"2026-04-09T12:15:11.150321Z","level":"info","event":"Filling up the DagBag from /opt/airflow/dags/4_cleanup_recent_history.py","logger":"airflow.models.dagbag.BundleDagBag","filename":"dagbag.py","lineno":593}
{"timestamp":"2026-04-09T12:15:11.423183Z","level":"warning","event":"The `airflow.operators.python.PythonOperator` attribute is deprecated. Please use `'airflow.providers.standard.operators.python.PythonOperator'`.","category":"DeprecatedImportWarning","filename":"/opt/airflow/dags/4_cleanup_recent_history.py","lineno":2,"logger":"py.warnings"}
{"timestamp":"2026-04-09T12:15:42.337539Z","level":"info","event":"Filling up the DagBag from /opt/airflow/dags/4_cleanup_recent_history.py","logger":"airflow.models.dagbag.BundleDagBag","filename":"dagbag.py","lineno":593}
{"timestamp":"2026-04-09T12:15:42.614636Z","level":"warning","event":"The `airflow.operators.python.PythonOperator` attribute is deprecated. Please use `'airflow.providers.standard.operators.python.PythonOperator'`.","category":"DeprecatedImportWarning","filename":"/opt/airflow/dags/4_cleanup_recent_history.py","lineno":2,"logger":"py.warnings"}
{"timestamp":"2026-04-09T12:16:12.676812Z","level":"info","event":"Filling up the DagBag from /opt/airflow/dags/4_cleanup_recent_history.py","logger":"airflow.models.dagbag.BundleDagBag","filename":"dagbag.py","lineno":593}
{"timestamp":"2026-04-09T12:16:12.956339Z","level":"warning","event":"The `airflow.operators.python.PythonOperator` attribute is deprecated. Please use `'airflow.providers.standard.operators.python.PythonOperator'`.","category":"DeprecatedImportWarning","filename":"/opt/airflow/dags/4_cleanup_recent_history.py","lineno":2,"logger":"py.warnings"}
{"timestamp":"2026-04-09T12:16:43.791534Z","level":"info","event":"Filling up the DagBag from /opt/airflow/dags/4_cleanup_recent_history.py","logger":"airflow.models.dagbag.BundleDagBag","filename":"dagbag.py","lineno":593}
{"timestamp":"2026-04-09T12:16:44.033788Z","level":"warning","event":"The `airflow.operators.python.PythonOperator` attribute is deprecated. Please use `'airflow.providers.standard.operators.python.PythonOperator'`.","category":"DeprecatedImportWarning","filename":"/opt/airflow/dags/4_cleanup_recent_history.py","lineno":2,"logger":"py.warnings"}
{"timestamp":"2026-04-09T12:17:14.932390Z","level":"info","event":"Filling up the DagBag from /opt/airflow/dags/4_cleanup_recent_history.py","logger":"airflow.models.dagbag.BundleDagBag","filename":"dagbag.py","lineno":593}
{"timestamp":"2026-04-09T12:17:15.203397Z","level":"warning","event":"The `airflow.operators.python.PythonOperator` attribute is deprecated. Please use `'airflow.providers.standard.operators.python.PythonOperator'`.","category":"DeprecatedImportWarning","filename":"/opt/airflow/dags/4_cleanup_recent_history.py","lineno":2,"logger":"py.warnings"}
{"timestamp":"2026-04-09T12:19:28.421864Z","level":"info","event":"Filling up the DagBag from /opt/airflow/dags/4_cleanup_recent_history.py","logger":"airflow.models.dagbag.BundleDagBag","filename":"dagbag.py","lineno":593}
{"timestamp":"2026-04-09T12:19:28.718538Z","level":"warning","event":"The `airflow.operators.python.PythonOperator` attribute is deprecated. Please use `'airflow.providers.standard.operators.python.PythonOperator'`.","category":"DeprecatedImportWarning","filename":"/opt/airflow/dags/4_cleanup_recent_history.py","lineno":2,"logger":"py.warnings"}
{"timestamp":"2026-04-09T12:19:58.779185Z","level":"info","event":"Filling up the DagBag from /opt/airflow/dags/4_cleanup_recent_history.py","logger":"airflow.models.dagbag.BundleDagBag","filename":"dagbag.py","lineno":593}
{"timestamp":"2026-04-09T12:19:59.055434Z","level":"warning","event":"The `airflow.operators.python.PythonOperator` attribute is deprecated. Please use `'airflow.providers.standard.operators.python.PythonOperator'`.","category":"DeprecatedImportWarning","filename":"/opt/airflow/dags/4_cleanup_recent_history.py","lineno":2,"logger":"py.warnings"}
{"timestamp":"2026-04-09T12:20:29.711514Z","level":"info","event":"Filling up the DagBag from /opt/airflow/dags/4_cleanup_recent_history.py","logger":"airflow.models.dagbag.BundleDagBag","filename":"dagbag.py","lineno":593}
{"timestamp":"2026-04-09T12:20:29.963180Z","level":"warning","event":"The `airflow.operators.python.PythonOperator` attribute is deprecated. Please use `'airflow.providers.standard.operators.python.PythonOperator'`.","category":"DeprecatedImportWarning","filename":"/opt/airflow/dags/4_cleanup_recent_history.py","lineno":2,"logger":"py.warnings"}
{"timestamp":"2026-04-09T12:21:00.828789Z","level":"info","event":"Filling up the DagBag from /opt/airflow/dags/4_cleanup_recent_history.py","logger":"airflow.models.dagbag.BundleDagBag","filename":"dagbag.py","lineno":593}
{"timestamp":"2026-04-09T12:21:01.104235Z","level":"warning","event":"The `airflow.operators.python.PythonOperator` attribute is deprecated. Please use `'airflow.providers.standard.operators.python.PythonOperator'`.","category":"DeprecatedImportWarning","filename":"/opt/airflow/dags/4_cleanup_recent_history.py","lineno":2,"logger":"py.warnings"}
{"timestamp":"2026-04-09T12:21:32.053797Z","level":"info","event":"Filling up the DagBag from /opt/airflow/dags/4_cleanup_recent_history.py","logger":"airflow.models.dagbag.BundleDagBag","filename":"dagbag.py","lineno":593}
{"timestamp":"2026-04-09T12:21:32.297575Z","level":"warning","event":"The `airflow.operators.python.PythonOperator` attribute is deprecated. Please use `'airflow.providers.standard.operators.python.PythonOperator'`.","category":"DeprecatedImportWarning","filename":"/opt/airflow/dags/4_cleanup_recent_history.py","lineno":2,"logger":"py.warnings"}
{"timestamp":"2026-04-09T12:22:03.241147Z","level":"info","event":"Filling up the DagBag from /opt/airflow/dags/4_cleanup_recent_history.py","logger":"airflow.models.dagbag.BundleDagBag","filename":"dagbag.py","lineno":593}
{"timestamp":"2026-04-09T12:22:03.498823Z","level":"warning","event":"The `airflow.operators.python.PythonOperator` attribute is deprecated. Please use `'airflow.providers.standard.operators.python.PythonOperator'`.","category":"DeprecatedImportWarning","filename":"/opt/airflow/dags/4_cleanup_recent_history.py","lineno":2,"logger":"py.warnings"}
{"timestamp":"2026-04-09T12:22:34.437117Z","level":"info","event":"Filling up the DagBag from /opt/airflow/dags/4_cleanup_recent_history.py","logger":"airflow.models.dagbag.BundleDagBag","filename":"dagbag.py","lineno":593}
{"timestamp":"2026-04-09T12:22:34.690530Z","level":"warning","event":"The `airflow.operators.python.PythonOperator` attribute is deprecated. Please use `'airflow.providers.standard.operators.python.PythonOperator'`.","category":"DeprecatedImportWarning","filename":"/opt/airflow/dags/4_cleanup_recent_history.py","lineno":2,"logger":"py.warnings"}
{"timestamp":"2026-04-09T12:23:05.623002Z","level":"info","event":"Filling up the DagBag from /opt/airflow/dags/4_cleanup_recent_history.py","logger":"airflow.models.dagbag.BundleDagBag","filename":"dagbag.py","lineno":593}
{"timestamp":"2026-04-09T12:23:05.889834Z","level":"warning","event":"The `airflow.operators.python.PythonOperator` attribute is deprecated. Please use `'airflow.providers.standard.operators.python.PythonOperator'`.","category":"DeprecatedImportWarning","filename":"/opt/airflow/dags/4_cleanup_recent_history.py","lineno":2,"logger":"py.warnings"}
{"timestamp":"2026-04-09T12:23:36.737519Z","level":"info","event":"Filling up the DagBag from /opt/airflow/dags/4_cleanup_recent_history.py","logger":"airflow.models.dagbag.BundleDagBag","filename":"dagbag.py","lineno":593}
{"timestamp":"2026-04-09T12:23:36.997334Z","level":"warning","event":"The `airflow.operators.python.PythonOperator` attribute is deprecated. Please use `'airflow.providers.standard.operators.python.PythonOperator'`.","category":"DeprecatedImportWarning","filename":"/opt/airflow/dags/4_cleanup_recent_history.py","lineno":2,"logger":"py.warnings"}
{"timestamp":"2026-04-09T12:53:50.178681Z","level":"info","event":"Filling up the DagBag from /opt/airflow/dags/4_cleanup_recent_history.py","logger":"airflow.dag_processing.dagbag.BundleDagBag","filename":"dagbag.py","lineno":469}
{"timestamp":"2026-04-09T12:53:51.562625Z","level":"warning","event":"The `airflow.operators.python.PythonOperator` attribute is deprecated. Please use `'airflow.providers.standard.operators.python.PythonOperator'`.","category":"UserWarning","filename":"/opt/airflow/dags/4_cleanup_recent_history.py","lineno":2,"logger":"py.warnings"}
{"timestamp":"2026-04-09T12:54:21.902583Z","level":"info","event":"Filling up the DagBag from /opt/airflow/dags/4_cleanup_recent_history.py","logger":"airflow.dag_processing.dagbag.BundleDagBag","filename":"dagbag.py","lineno":469}
{"timestamp":"2026-04-09T12:54:22.252022Z","level":"warning","event":"The `airflow.operators.python.PythonOperator` attribute is deprecated. Please use `'airflow.providers.standard.operators.python.PythonOperator'`.","category":"UserWarning","filename":"/opt/airflow/dags/4_cleanup_recent_history.py","lineno":2,"logger":"py.warnings"}
{"timestamp":"2026-04-09T12:54:52.341759Z","level":"info","event":"Filling up the DagBag from /opt/airflow/dags/4_cleanup_recent_history.py","logger":"airflow.dag_processing.dagbag.BundleDagBag","filename":"dagbag.py","lineno":469}
{"timestamp":"2026-04-09T12:54:52.681778Z","level":"warning","event":"The `airflow.operators.python.PythonOperator` attribute is deprecated. Please use `'airflow.providers.standard.operators.python.PythonOperator'`.","category":"UserWarning","filename":"/opt/airflow/dags/4_cleanup_recent_history.py","lineno":2,"logger":"py.warnings"}
{"timestamp":"2026-04-09T12:55:22.795852Z","level":"info","event":"Filling up the DagBag from /opt/airflow/dags/4_cleanup_recent_history.py","logger":"airflow.dag_processing.dagbag.BundleDagBag","filename":"dagbag.py","lineno":469}
{"timestamp":"2026-04-09T12:55:23.077419Z","level":"warning","event":"The `airflow.operators.python.PythonOperator` attribute is deprecated. Please use `'airflow.providers.standard.operators.python.PythonOperator'`.","category":"UserWarning","filename":"/opt/airflow/dags/4_cleanup_recent_history.py","lineno":2,"logger":"py.warnings"}
{"timestamp":"2026-04-09T12:55:53.267560Z","level":"info","event":"Filling up the DagBag from /opt/airflow/dags/4_cleanup_recent_history.py","logger":"airflow.dag_processing.dagbag.BundleDagBag","filename":"dagbag.py","lineno":469}
{"timestamp":"2026-04-09T12:55:53.559608Z","level":"warning","event":"The `airflow.operators.python.PythonOperator` attribute is deprecated. Please use `'airflow.providers.standard.operators.python.PythonOperator'`.","category":"UserWarning","filename":"/opt/airflow/dags/4_cleanup_recent_history.py","lineno":2,"logger":"py.warnings"}
{"timestamp":"2026-04-09T12:56:23.704589Z","level":"info","event":"Filling up the DagBag from /opt/airflow/dags/4_cleanup_recent_history.py","logger":"airflow.dag_processing.dagbag.BundleDagBag","filename":"dagbag.py","lineno":469}
{"timestamp":"2026-04-09T12:56:24.044669Z","level":"warning","event":"The `airflow.operators.python.PythonOperator` attribute is deprecated. Please use `'airflow.providers.standard.operators.python.PythonOperator'`.","category":"UserWarning","filename":"/opt/airflow/dags/4_cleanup_recent_history.py","lineno":2,"logger":"py.warnings"}
{"timestamp":"2026-04-09T12:56:54.175026Z","level":"info","event":"Filling up the DagBag from /opt/airflow/dags/4_cleanup_recent_history.py","logger":"airflow.dag_processing.dagbag.BundleDagBag","filename":"dagbag.py","lineno":469}
{"timestamp":"2026-04-09T12:56:54.495684Z","level":"warning","event":"The `airflow.operators.python.PythonOperator` attribute is deprecated. Please use `'airflow.providers.standard.operators.python.PythonOperator'`.","category":"UserWarning","filename":"/opt/airflow/dags/4_cleanup_recent_history.py","lineno":2,"logger":"py.warnings"}
{"timestamp":"2026-04-09T12:57:24.547864Z","level":"info","event":"Filling up the DagBag from /opt/airflow/dags/4_cleanup_recent_history.py","logger":"airflow.dag_processing.dagbag.BundleDagBag","filename":"dagbag.py","lineno":469}
{"timestamp":"2026-04-09T12:57:24.867820Z","level":"warning","event":"The `airflow.operators.python.PythonOperator` attribute is deprecated. Please use `'airflow.providers.standard.operators.python.PythonOperator'`.","category":"UserWarning","filename":"/opt/airflow/dags/4_cleanup_recent_history.py","lineno":2,"logger":"py.warnings"}
{"timestamp":"2026-04-09T12:57:54.987623Z","level":"info","event":"Filling up the DagBag from /opt/airflow/dags/4_cleanup_recent_history.py","logger":"airflow.dag_processing.dagbag.BundleDagBag","filename":"dagbag.py","lineno":469}
{"timestamp":"2026-04-09T12:57:55.301241Z","level":"warning","event":"The `airflow.operators.python.PythonOperator` attribute is deprecated. Please use `'airflow.providers.standard.operators.python.PythonOperator'`.","category":"UserWarning","filename":"/opt/airflow/dags/4_cleanup_recent_history.py","lineno":2,"logger":"py.warnings"}
{"timestamp":"2026-04-09T12:58:25.414102Z","level":"info","event":"Filling up the DagBag from /opt/airflow/dags/4_cleanup_recent_history.py","logger":"airflow.dag_processing.dagbag.BundleDagBag","filename":"dagbag.py","lineno":469}
{"timestamp":"2026-04-09T12:58:25.729697Z","level":"warning","event":"The `airflow.operators.python.PythonOperator` attribute is deprecated. Please use `'airflow.providers.standard.operators.python.PythonOperator'`.","category":"UserWarning","filename":"/opt/airflow/dags/4_cleanup_recent_history.py","lineno":2,"logger":"py.warnings"}
{"timestamp":"2026-04-09T12:58:55.793670Z","level":"info","event":"Filling up the DagBag from /opt/airflow/dags/4_cleanup_recent_history.py","logger":"airflow.dag_processing.dagbag.BundleDagBag","filename":"dagbag.py","lineno":469}
{"timestamp":"2026-04-09T12:58:56.110522Z","level":"warning","event":"The `airflow.operators.python.PythonOperator` attribute is deprecated. Please use `'airflow.providers.standard.operators.python.PythonOperator'`.","category":"UserWarning","filename":"/opt/airflow/dags/4_cleanup_recent_history.py","lineno":2,"logger":"py.warnings"}
{"timestamp":"2026-04-09T12:59:26.258936Z","level":"info","event":"Filling up the DagBag from /opt/airflow/dags/4_cleanup_recent_history.py","logger":"airflow.dag_processing.dagbag.BundleDagBag","filename":"dagbag.py","lineno":469}
{"timestamp":"2026-04-09T12:59:26.627411Z","level":"warning","event":"The `airflow.operators.python.PythonOperator` attribute is deprecated. Please use `'airflow.providers.standard.operators.python.PythonOperator'`.","category":"UserWarning","filename":"/opt/airflow/dags/4_cleanup_recent_history.py","lineno":2,"logger":"py.warnings"}
{"timestamp":"2026-04-09T12:59:56.908597Z","level":"info","event":"Filling up the DagBag from /opt/airflow/dags/4_cleanup_recent_history.py","logger":"airflow.dag_processing.dagbag.BundleDagBag","filename":"dagbag.py","lineno":469}
{"timestamp":"2026-04-09T12:59:57.230620Z","level":"warning","event":"The `airflow.operators.python.PythonOperator` attribute is deprecated. Please use `'airflow.providers.standard.operators.python.PythonOperator'`.","category":"UserWarning","filename":"/opt/airflow/dags/4_cleanup_recent_history.py","lineno":2,"logger":"py.warnings"}
{"timestamp":"2026-04-09T13:00:27.534016Z","level":"info","event":"Filling up the DagBag from /opt/airflow/dags/4_cleanup_recent_history.py","logger":"airflow.dag_processing.dagbag.BundleDagBag","filename":"dagbag.py","lineno":469}
{"timestamp":"2026-04-09T13:00:27.868930Z","level":"warning","event":"The `airflow.operators.python.PythonOperator` attribute is deprecated. Please use `'airflow.providers.standard.operators.python.PythonOperator'`.","category":"UserWarning","filename":"/opt/airflow/dags/4_cleanup_recent_history.py","lineno":2,"logger":"py.warnings"}
{"timestamp":"2026-04-09T13:00:57.997812Z","level":"info","event":"Filling up the DagBag from /opt/airflow/dags/4_cleanup_recent_history.py","logger":"airflow.dag_processing.dagbag.BundleDagBag","filename":"dagbag.py","lineno":469}
{"timestamp":"2026-04-09T13:00:58.320066Z","level":"warning","event":"The `airflow.operators.python.PythonOperator` attribute is deprecated. Please use `'airflow.providers.standard.operators.python.PythonOperator'`.","category":"UserWarning","filename":"/opt/airflow/dags/4_cleanup_recent_history.py","lineno":2,"logger":"py.warnings"}
{"timestamp":"2026-04-09T13:01:28.505267Z","level":"info","event":"Filling up the DagBag from /opt/airflow/dags/4_cleanup_recent_history.py","logger":"airflow.dag_processing.dagbag.BundleDagBag","filename":"dagbag.py","lineno":469}
{"timestamp":"2026-04-09T13:01:28.828864Z","level":"warning","event":"The `airflow.operators.python.PythonOperator` attribute is deprecated. Please use `'airflow.providers.standard.operators.python.PythonOperator'`.","category":"UserWarning","filename":"/opt/airflow/dags/4_cleanup_recent_history.py","lineno":2,"logger":"py.warnings"}
{"timestamp":"2026-04-09T13:01:59.039854Z","level":"info","event":"Filling up the DagBag from /opt/airflow/dags/4_cleanup_recent_history.py","logger":"airflow.dag_processing.dagbag.BundleDagBag","filename":"dagbag.py","lineno":469}
{"timestamp":"2026-04-09T13:01:59.323429Z","level":"warning","event":"The `airflow.operators.python.PythonOperator` attribute is deprecated. Please use `'airflow.providers.standard.operators.python.PythonOperator'`.","category":"UserWarning","filename":"/opt/airflow/dags/4_cleanup_recent_history.py","lineno":2,"logger":"py.warnings"}
{"timestamp":"2026-04-09T13:02:29.554326Z","level":"info","event":"Filling up the DagBag from /opt/airflow/dags/4_cleanup_recent_history.py","logger":"airflow.dag_processing.dagbag.BundleDagBag","filename":"dagbag.py","lineno":469}
{"timestamp":"2026-04-09T13:02:29.870166Z","level":"warning","event":"The `airflow.operators.python.PythonOperator` attribute is deprecated. Please use `'airflow.providers.standard.operators.python.PythonOperator'`.","category":"UserWarning","filename":"/opt/airflow/dags/4_cleanup_recent_history.py","lineno":2,"logger":"py.warnings"}
{"timestamp":"2026-04-09T13:03:00.048249Z","level":"info","event":"Filling up the DagBag from /opt/airflow/dags/4_cleanup_recent_history.py","logger":"airflow.dag_processing.dagbag.BundleDagBag","filename":"dagbag.py","lineno":469}
{"timestamp":"2026-04-09T13:03:00.362565Z","level":"warning","event":"The `airflow.operators.python.PythonOperator` attribute is deprecated. Please use `'airflow.providers.standard.operators.python.PythonOperator'`.","category":"UserWarning","filename":"/opt/airflow/dags/4_cleanup_recent_history.py","lineno":2,"logger":"py.warnings"}
{"timestamp":"2026-04-09T13:03:30.593879Z","level":"info","event":"Filling up the DagBag from /opt/airflow/dags/4_cleanup_recent_history.py","logger":"airflow.dag_processing.dagbag.BundleDagBag","filename":"dagbag.py","lineno":469}
{"timestamp":"2026-04-09T13:03:30.904983Z","level":"warning","event":"The `airflow.operators.python.PythonOperator` attribute is deprecated. Please use `'airflow.providers.standard.operators.python.PythonOperator'`.","category":"UserWarning","filename":"/opt/airflow/dags/4_cleanup_recent_history.py","lineno":2,"logger":"py.warnings"}
{"timestamp":"2026-04-09T13:04:01.066704Z","level":"info","event":"Filling up the DagBag from /opt/airflow/dags/4_cleanup_recent_history.py","logger":"airflow.dag_processing.dagbag.BundleDagBag","filename":"dagbag.py","lineno":469}
{"timestamp":"2026-04-09T13:04:01.357393Z","level":"warning","event":"The `airflow.operators.python.PythonOperator` attribute is deprecated. Please use `'airflow.providers.standard.operators.python.PythonOperator'`.","category":"UserWarning","filename":"/opt/airflow/dags/4_cleanup_recent_history.py","lineno":2,"logger":"py.warnings"}
{"timestamp":"2026-04-09T13:04:31.554911Z","level":"info","event":"Filling up the DagBag from /opt/airflow/dags/4_cleanup_recent_history.py","logger":"airflow.dag_processing.dagbag.BundleDagBag","filename":"dagbag.py","lineno":469}
{"timestamp":"2026-04-09T13:04:31.871964Z","level":"warning","event":"The `airflow.operators.python.PythonOperator` attribute is deprecated. Please use `'airflow.providers.standard.operators.python.PythonOperator'`.","category":"UserWarning","filename":"/opt/airflow/dags/4_cleanup_recent_history.py","lineno":2,"logger":"py.warnings"}
{"timestamp":"2026-04-09T13:05:02.206518Z","level":"info","event":"Filling up the DagBag from /opt/airflow/dags/4_cleanup_recent_history.py","logger":"airflow.dag_processing.dagbag.BundleDagBag","filename":"dagbag.py","lineno":469}
{"timestamp":"2026-04-09T13:05:02.566362Z","level":"warning","event":"The `airflow.operators.python.PythonOperator` attribute is deprecated. Please use `'airflow.providers.standard.operators.python.PythonOperator'`.","category":"UserWarning","filename":"/opt/airflow/dags/4_cleanup_recent_history.py","lineno":2,"logger":"py.warnings"}
{"timestamp":"2026-04-09T13:05:32.839476Z","level":"info","event":"Filling up the DagBag from /opt/airflow/dags/4_cleanup_recent_history.py","logger":"airflow.dag_processing.dagbag.BundleDagBag","filename":"dagbag.py","lineno":469}
{"timestamp":"2026-04-09T13:05:33.165148Z","level":"warning","event":"The `airflow.operators.python.PythonOperator` attribute is deprecated. Please use `'airflow.providers.standard.operators.python.PythonOperator'`.","category":"UserWarning","filename":"/opt/airflow/dags/4_cleanup_recent_history.py","lineno":2,"logger":"py.warnings"}
{"timestamp":"2026-04-09T13:06:03.326850Z","level":"info","event":"Filling up the DagBag from /opt/airflow/dags/4_cleanup_recent_history.py","logger":"airflow.dag_processing.dagbag.BundleDagBag","filename":"dagbag.py","lineno":469}
{"timestamp":"2026-04-09T13:06:03.682415Z","level":"warning","event":"The `airflow.operators.python.PythonOperator` attribute is deprecated. Please use `'airflow.providers.standard.operators.python.PythonOperator'`.","category":"UserWarning","filename":"/opt/airflow/dags/4_cleanup_recent_history.py","lineno":2,"logger":"py.warnings"}
{"timestamp":"2026-04-09T13:14:33.525953Z","level":"info","event":"Filling up the DagBag from /opt/airflow/dags/4_cleanup_recent_history.py","logger":"airflow.models.dagbag.BundleDagBag","filename":"dagbag.py","lineno":593}
{"timestamp":"2026-04-09T13:14:34.078248Z","level":"warning","event":"The `airflow.operators.python.PythonOperator` attribute is deprecated. Please use `'airflow.providers.standard.operators.python.PythonOperator'`.","category":"DeprecatedImportWarning","filename":"/opt/airflow/dags/4_cleanup_recent_history.py","lineno":2,"logger":"py.warnings"}
{"timestamp":"2026-04-09T13:15:04.539860Z","level":"info","event":"Filling up the DagBag from /opt/airflow/dags/4_cleanup_recent_history.py","logger":"airflow.models.dagbag.BundleDagBag","filename":"dagbag.py","lineno":593}
{"timestamp":"2026-04-09T13:15:04.805620Z","level":"warning","event":"The `airflow.operators.python.PythonOperator` attribute is deprecated. Please use `'airflow.providers.standard.operators.python.PythonOperator'`.","category":"DeprecatedImportWarning","filename":"/opt/airflow/dags/4_cleanup_recent_history.py","lineno":2,"logger":"py.warnings"}
{"timestamp":"2026-04-09T13:15:35.377117Z","level":"info","event":"Filling up the DagBag from /opt/airflow/dags/4_cleanup_recent_history.py","logger":"airflow.models.dagbag.BundleDagBag","filename":"dagbag.py","lineno":593}
{"timestamp":"2026-04-09T13:15:35.646062Z","level":"warning","event":"The `airflow.operators.python.PythonOperator` attribute is deprecated. Please use `'airflow.providers.standard.operators.python.PythonOperator'`.","category":"DeprecatedImportWarning","filename":"/opt/airflow/dags/4_cleanup_recent_history.py","lineno":2,"logger":"py.warnings"}
{"timestamp":"2026-04-09T13:16:05.820882Z","level":"info","event":"Filling up the DagBag from /opt/airflow/dags/4_cleanup_recent_history.py","logger":"airflow.models.dagbag.BundleDagBag","filename":"dagbag.py","lineno":593}
{"timestamp":"2026-04-09T13:16:06.078286Z","level":"warning","event":"The `airflow.operators.python.PythonOperator` attribute is deprecated. Please use `'airflow.providers.standard.operators.python.PythonOperator'`.","category":"DeprecatedImportWarning","filename":"/opt/airflow/dags/4_cleanup_recent_history.py","lineno":2,"logger":"py.warnings"}
{"timestamp":"2026-04-09T13:16:36.195048Z","level":"info","event":"Filling up the DagBag from /opt/airflow/dags/4_cleanup_recent_history.py","logger":"airflow.models.dagbag.BundleDagBag","filename":"dagbag.py","lineno":593}
{"timestamp":"2026-04-09T13:16:36.482805Z","level":"warning","event":"The `airflow.operators.python.PythonOperator` attribute is deprecated. Please use `'airflow.providers.standard.operators.python.PythonOperator'`.","category":"DeprecatedImportWarning","filename":"/opt/airflow/dags/4_cleanup_recent_history.py","lineno":2,"logger":"py.warnings"}
{"timestamp":"2026-04-09T13:17:07.426850Z","level":"info","event":"Filling up the DagBag from /opt/airflow/dags/4_cleanup_recent_history.py","logger":"airflow.models.dagbag.BundleDagBag","filename":"dagbag.py","lineno":593}
{"timestamp":"2026-04-09T13:17:07.660391Z","level":"warning","event":"The `airflow.operators.python.PythonOperator` attribute is deprecated. Please use `'airflow.providers.standard.operators.python.PythonOperator'`.","category":"DeprecatedImportWarning","filename":"/opt/airflow/dags/4_cleanup_recent_history.py","lineno":2,"logger":"py.warnings"}
{"timestamp":"2026-04-09T13:17:38.527193Z","level":"info","event":"Filling up the DagBag from /opt/airflow/dags/4_cleanup_recent_history.py","logger":"airflow.models.dagbag.BundleDagBag","filename":"dagbag.py","lineno":593}
{"timestamp":"2026-04-09T13:17:38.775108Z","level":"warning","event":"The `airflow.operators.python.PythonOperator` attribute is deprecated. Please use `'airflow.providers.standard.operators.python.PythonOperator'`.","category":"DeprecatedImportWarning","filename":"/opt/airflow/dags/4_cleanup_recent_history.py","lineno":2,"logger":"py.warnings"}
{"timestamp":"2026-04-09T13:18:09.675322Z","level":"info","event":"Filling up the DagBag from /opt/airflow/dags/4_cleanup_recent_history.py","logger":"airflow.models.dagbag.BundleDagBag","filename":"dagbag.py","lineno":593}
{"timestamp":"2026-04-09T13:18:09.928745Z","level":"warning","event":"The `airflow.operators.python.PythonOperator` attribute is deprecated. Please use `'airflow.providers.standard.operators.python.PythonOperator'`.","category":"DeprecatedImportWarning","filename":"/opt/airflow/dags/4_cleanup_recent_history.py","lineno":2,"logger":"py.warnings"}
{"timestamp":"2026-04-09T13:18:40.808305Z","level":"info","event":"Filling up the DagBag from /opt/airflow/dags/4_cleanup_recent_history.py","logger":"airflow.models.dagbag.BundleDagBag","filename":"dagbag.py","lineno":593}
{"timestamp":"2026-04-09T13:18:41.021972Z","level":"warning","event":"The `airflow.operators.python.PythonOperator` attribute is deprecated. Please use `'airflow.providers.standard.operators.python.PythonOperator'`.","category":"DeprecatedImportWarning","filename":"/opt/airflow/dags/4_cleanup_recent_history.py","lineno":2,"logger":"py.warnings"}
{"timestamp":"2026-04-09T13:19:11.975288Z","level":"info","event":"Filling up the DagBag from /opt/airflow/dags/4_cleanup_recent_history.py","logger":"airflow.models.dagbag.BundleDagBag","filename":"dagbag.py","lineno":593}
{"timestamp":"2026-04-09T13:19:12.227697Z","level":"warning","event":"The `airflow.operators.python.PythonOperator` attribute is deprecated. Please use `'airflow.providers.standard.operators.python.PythonOperator'`.","category":"DeprecatedImportWarning","filename":"/opt/airflow/dags/4_cleanup_recent_history.py","lineno":2,"logger":"py.warnings"}
{"timestamp":"2026-04-09T13:19:43.179969Z","level":"info","event":"Filling up the DagBag from /opt/airflow/dags/4_cleanup_recent_history.py","logger":"airflow.models.dagbag.BundleDagBag","filename":"dagbag.py","lineno":593}
{"timestamp":"2026-04-09T13:19:43.403074Z","level":"warning","event":"The `airflow.operators.python.PythonOperator` attribute is deprecated. Please use `'airflow.providers.standard.operators.python.PythonOperator'`.","category":"DeprecatedImportWarning","filename":"/opt/airflow/dags/4_cleanup_recent_history.py","lineno":2,"logger":"py.warnings"}
{"timestamp":"2026-04-09T13:20:14.247755Z","level":"info","event":"Filling up the DagBag from /opt/airflow/dags/4_cleanup_recent_history.py","logger":"airflow.models.dagbag.BundleDagBag","filename":"dagbag.py","lineno":593}
{"timestamp":"2026-04-09T13:20:14.501485Z","level":"warning","event":"The `airflow.operators.python.PythonOperator` attribute is deprecated. Please use `'airflow.providers.standard.operators.python.PythonOperator'`.","category":"DeprecatedImportWarning","filename":"/opt/airflow/dags/4_cleanup_recent_history.py","lineno":2,"logger":"py.warnings"}
{"timestamp":"2026-04-09T13:20:45.335845Z","level":"info","event":"Filling up the DagBag from /opt/airflow/dags/4_cleanup_recent_history.py","logger":"airflow.models.dagbag.BundleDagBag","filename":"dagbag.py","lineno":593}
{"timestamp":"2026-04-09T13:20:45.601426Z","level":"warning","event":"The `airflow.operators.python.PythonOperator` attribute is deprecated. Please use `'airflow.providers.standard.operators.python.PythonOperator'`.","category":"DeprecatedImportWarning","filename":"/opt/airflow/dags/4_cleanup_recent_history.py","lineno":2,"logger":"py.warnings"}
{"timestamp":"2026-04-09T13:21:16.517142Z","level":"info","event":"Filling up the DagBag from /opt/airflow/dags/4_cleanup_recent_history.py","logger":"airflow.models.dagbag.BundleDagBag","filename":"dagbag.py","lineno":593}
{"timestamp":"2026-04-09T13:21:16.804896Z","level":"warning","event":"The `airflow.operators.python.PythonOperator` attribute is deprecated. Please use `'airflow.providers.standard.operators.python.PythonOperator'`.","category":"DeprecatedImportWarning","filename":"/opt/airflow/dags/4_cleanup_recent_history.py","lineno":2,"logger":"py.warnings"}
{"timestamp":"2026-04-09T13:21:47.816716Z","level":"info","event":"Filling up the DagBag from /opt/airflow/dags/4_cleanup_recent_history.py","logger":"airflow.models.dagbag.BundleDagBag","filename":"dagbag.py","lineno":593}
{"timestamp":"2026-04-09T13:21:48.069616Z","level":"warning","event":"The `airflow.operators.python.PythonOperator` attribute is deprecated. Please use `'airflow.providers.standard.operators.python.PythonOperator'`.","category":"DeprecatedImportWarning","filename":"/opt/airflow/dags/4_cleanup_recent_history.py","lineno":2,"logger":"py.warnings"}
{"timestamp":"2026-04-09T13:22:18.900057Z","level":"info","event":"Filling up the DagBag from /opt/airflow/dags/4_cleanup_recent_history.py","logger":"airflow.models.dagbag.BundleDagBag","filename":"dagbag.py","lineno":593}
{"timestamp":"2026-04-09T13:22:19.185487Z","level":"warning","event":"The `airflow.operators.python.PythonOperator` attribute is deprecated. Please use `'airflow.providers.standard.operators.python.PythonOperator'`.","category":"DeprecatedImportWarning","filename":"/opt/airflow/dags/4_cleanup_recent_history.py","lineno":2,"logger":"py.warnings"}
{"timestamp":"2026-04-09T13:22:50.147413Z","level":"info","event":"Filling up the DagBag from /opt/airflow/dags/4_cleanup_recent_history.py","logger":"airflow.models.dagbag.BundleDagBag","filename":"dagbag.py","lineno":593}
{"timestamp":"2026-04-09T13:22:50.435935Z","level":"warning","event":"The `airflow.operators.python.PythonOperator` attribute is deprecated. Please use `'airflow.providers.standard.operators.python.PythonOperator'`.","category":"DeprecatedImportWarning","filename":"/opt/airflow/dags/4_cleanup_recent_history.py","lineno":2,"logger":"py.warnings"}
{"timestamp":"2026-04-09T13:23:20.564246Z","level":"info","event":"Filling up the DagBag from /opt/airflow/dags/4_cleanup_recent_history.py","logger":"airflow.models.dagbag.BundleDagBag","filename":"dagbag.py","lineno":593}
{"timestamp":"2026-04-09T13:23:20.863890Z","level":"warning","event":"The `airflow.operators.python.PythonOperator` attribute is deprecated. Please use `'airflow.providers.standard.operators.python.PythonOperator'`.","category":"DeprecatedImportWarning","filename":"/opt/airflow/dags/4_cleanup_recent_history.py","lineno":2,"logger":"py.warnings"}
{"timestamp":"2026-04-09T13:23:51.821079Z","level":"info","event":"Filling up the DagBag from /opt/airflow/dags/4_cleanup_recent_history.py","logger":"airflow.models.dagbag.BundleDagBag","filename":"dagbag.py","lineno":593}
{"timestamp":"2026-04-09T13:23:52.086643Z","level":"warning","event":"The `airflow.operators.python.PythonOperator` attribute is deprecated. Please use `'airflow.providers.standard.operators.python.PythonOperator'`.","category":"DeprecatedImportWarning","filename":"/opt/airflow/dags/4_cleanup_recent_history.py","lineno":2,"logger":"py.warnings"}
{"timestamp":"2026-04-09T13:24:22.212704Z","level":"info","event":"Filling up the DagBag from /opt/airflow/dags/4_cleanup_recent_history.py","logger":"airflow.models.dagbag.BundleDagBag","filename":"dagbag.py","lineno":593}
{"timestamp":"2026-04-09T13:24:22.446251Z","level":"warning","event":"The `airflow.operators.python.PythonOperator` attribute is deprecated. Please use `'airflow.providers.standard.operators.python.PythonOperator'`.","category":"DeprecatedImportWarning","filename":"/opt/airflow/dags/4_cleanup_recent_history.py","lineno":2,"logger":"py.warnings"}
{"timestamp":"2026-04-09T13:24:53.392920Z","level":"info","event":"Filling up the DagBag from /opt/airflow/dags/4_cleanup_recent_history.py","logger":"airflow.models.dagbag.BundleDagBag","filename":"dagbag.py","lineno":593}
{"timestamp":"2026-04-09T13:24:53.649933Z","level":"warning","event":"The `airflow.operators.python.PythonOperator` attribute is deprecated. Please use `'airflow.providers.standard.operators.python.PythonOperator'`.","category":"DeprecatedImportWarning","filename":"/opt/airflow/dags/4_cleanup_recent_history.py","lineno":2,"logger":"py.warnings"}
{"timestamp":"2026-04-09T13:25:24.495332Z","level":"info","event":"Filling up the DagBag from /opt/airflow/dags/4_cleanup_recent_history.py","logger":"airflow.models.dagbag.BundleDagBag","filename":"dagbag.py","lineno":593}
{"timestamp":"2026-04-09T13:25:24.728001Z","level":"warning","event":"The `airflow.operators.python.PythonOperator` attribute is deprecated. Please use `'airflow.providers.standard.operators.python.PythonOperator'`.","category":"DeprecatedImportWarning","filename":"/opt/airflow/dags/4_cleanup_recent_history.py","lineno":2,"logger":"py.warnings"}
{"timestamp":"2026-04-09T13:25:55.674154Z","level":"info","event":"Filling up the DagBag from /opt/airflow/dags/4_cleanup_recent_history.py","logger":"airflow.models.dagbag.BundleDagBag","filename":"dagbag.py","lineno":593}
{"timestamp":"2026-04-09T13:25:55.924075Z","level":"warning","event":"The `airflow.operators.python.PythonOperator` attribute is deprecated. Please use `'airflow.providers.standard.operators.python.PythonOperator'`.","category":"DeprecatedImportWarning","filename":"/opt/airflow/dags/4_cleanup_recent_history.py","lineno":2,"logger":"py.warnings"}
{"timestamp":"2026-04-09T13:26:26.848076Z","level":"info","event":"Filling up the DagBag from /opt/airflow/dags/4_cleanup_recent_history.py","logger":"airflow.models.dagbag.BundleDagBag","filename":"dagbag.py","lineno":593}
{"timestamp":"2026-04-09T13:26:27.132643Z","level":"warning","event":"The `airflow.operators.python.PythonOperator` attribute is deprecated. Please use `'airflow.providers.standard.operators.python.PythonOperator'`.","category":"DeprecatedImportWarning","filename":"/opt/airflow/dags/4_cleanup_recent_history.py","lineno":2,"logger":"py.warnings"}
{"timestamp":"2026-04-09T13:26:58.080365Z","level":"info","event":"Filling up the DagBag from /opt/airflow/dags/4_cleanup_recent_history.py","logger":"airflow.models.dagbag.BundleDagBag","filename":"dagbag.py","lineno":593}
{"timestamp":"2026-04-09T13:26:58.352763Z","level":"warning","event":"The `airflow.operators.python.PythonOperator` attribute is deprecated. Please use `'airflow.providers.standard.operators.python.PythonOperator'`.","category":"DeprecatedImportWarning","filename":"/opt/airflow/dags/4_cleanup_recent_history.py","lineno":2,"logger":"py.warnings"}
{"timestamp":"2026-04-09T13:27:29.245294Z","level":"info","event":"Filling up the DagBag from /opt/airflow/dags/4_cleanup_recent_history.py","logger":"airflow.models.dagbag.BundleDagBag","filename":"dagbag.py","lineno":593}
{"timestamp":"2026-04-09T13:27:29.491184Z","level":"warning","event":"The `airflow.operators.python.PythonOperator` attribute is deprecated. Please use `'airflow.providers.standard.operators.python.PythonOperator'`.","category":"DeprecatedImportWarning","filename":"/opt/airflow/dags/4_cleanup_recent_history.py","lineno":2,"logger":"py.warnings"}
{"timestamp":"2026-04-09T13:28:00.342399Z","level":"info","event":"Filling up the DagBag from /opt/airflow/dags/4_cleanup_recent_history.py","logger":"airflow.models.dagbag.BundleDagBag","filename":"dagbag.py","lineno":593}
{"timestamp":"2026-04-09T13:28:00.568993Z","level":"warning","event":"The `airflow.operators.python.PythonOperator` attribute is deprecated. Please use `'airflow.providers.standard.operators.python.PythonOperator'`.","category":"DeprecatedImportWarning","filename":"/opt/airflow/dags/4_cleanup_recent_history.py","lineno":2,"logger":"py.warnings"}
{"timestamp":"2026-04-09T13:28:31.419477Z","level":"info","event":"Filling up the DagBag from /opt/airflow/dags/4_cleanup_recent_history.py","logger":"airflow.models.dagbag.BundleDagBag","filename":"dagbag.py","lineno":593}
{"timestamp":"2026-04-09T13:28:31.692656Z","level":"warning","event":"The `airflow.operators.python.PythonOperator` attribute is deprecated. Please use `'airflow.providers.standard.operators.python.PythonOperator'`.","category":"DeprecatedImportWarning","filename":"/opt/airflow/dags/4_cleanup_recent_history.py","lineno":2,"logger":"py.warnings"}
{"timestamp":"2026-04-09T13:29:02.545546Z","level":"info","event":"Filling up the DagBag from /opt/airflow/dags/4_cleanup_recent_history.py","logger":"airflow.models.dagbag.BundleDagBag","filename":"dagbag.py","lineno":593}
{"timestamp":"2026-04-09T13:29:02.859156Z","level":"warning","event":"The `airflow.operators.python.PythonOperator` attribute is deprecated. Please use `'airflow.providers.standard.operators.python.PythonOperator'`.","category":"DeprecatedImportWarning","filename":"/opt/airflow/dags/4_cleanup_recent_history.py","lineno":2,"logger":"py.warnings"}
{"timestamp":"2026-04-09T13:29:33.015183Z","level":"info","event":"Filling up the DagBag from /opt/airflow/dags/4_cleanup_recent_history.py","logger":"airflow.models.dagbag.BundleDagBag","filename":"dagbag.py","lineno":593}
{"timestamp":"2026-04-09T13:29:33.270704Z","level":"warning","event":"The `airflow.operators.python.PythonOperator` attribute is deprecated. Please use `'airflow.providers.standard.operators.python.PythonOperator'`.","category":"DeprecatedImportWarning","filename":"/opt/airflow/dags/4_cleanup_recent_history.py","lineno":2,"logger":"py.warnings"}
{"timestamp":"2026-04-09T13:30:03.510063Z","level":"info","event":"Filling up the DagBag from /opt/airflow/dags/4_cleanup_recent_history.py","logger":"airflow.models.dagbag.BundleDagBag","filename":"dagbag.py","lineno":593}
{"timestamp":"2026-04-09T13:30:03.781836Z","level":"warning","event":"The `airflow.operators.python.PythonOperator` attribute is deprecated. Please use `'airflow.providers.standard.operators.python.PythonOperator'`.","category":"DeprecatedImportWarning","filename":"/opt/airflow/dags/4_cleanup_recent_history.py","lineno":2,"logger":"py.warnings"}
{"timestamp":"2026-04-09T13:30:33.827829Z","level":"info","event":"Filling up the DagBag from /opt/airflow/dags/4_cleanup_recent_history.py","logger":"airflow.models.dagbag.BundleDagBag","filename":"dagbag.py","lineno":593}
{"timestamp":"2026-04-09T13:30:34.102841Z","level":"warning","event":"The `airflow.operators.python.PythonOperator` attribute is deprecated. Please use `'airflow.providers.standard.operators.python.PythonOperator'`.","category":"DeprecatedImportWarning","filename":"/opt/airflow/dags/4_cleanup_recent_history.py","lineno":2,"logger":"py.warnings"}
{"timestamp":"2026-04-09T13:31:04.235483Z","level":"info","event":"Filling up the DagBag from /opt/airflow/dags/4_cleanup_recent_history.py","logger":"airflow.models.dagbag.BundleDagBag","filename":"dagbag.py","lineno":593}
{"timestamp":"2026-04-09T13:31:04.491480Z","level":"warning","event":"The `airflow.operators.python.PythonOperator` attribute is deprecated. Please use `'airflow.providers.standard.operators.python.PythonOperator'`.","category":"DeprecatedImportWarning","filename":"/opt/airflow/dags/4_cleanup_recent_history.py","lineno":2,"logger":"py.warnings"}
{"timestamp":"2026-04-09T13:31:34.570392Z","level":"info","event":"Filling up the DagBag from /opt/airflow/dags/4_cleanup_recent_history.py","logger":"airflow.models.dagbag.BundleDagBag","filename":"dagbag.py","lineno":593}
{"timestamp":"2026-04-09T13:31:34.832085Z","level":"warning","event":"The `airflow.operators.python.PythonOperator` attribute is deprecated. Please use `'airflow.providers.standard.operators.python.PythonOperator'`.","category":"DeprecatedImportWarning","filename":"/opt/airflow/dags/4_cleanup_recent_history.py","lineno":2,"logger":"py.warnings"}
{"timestamp":"2026-04-09T13:32:04.884476Z","level":"info","event":"Filling up the DagBag from /opt/airflow/dags/4_cleanup_recent_history.py","logger":"airflow.models.dagbag.BundleDagBag","filename":"dagbag.py","lineno":593}
{"timestamp":"2026-04-09T13:32:05.147646Z","level":"warning","event":"The `airflow.operators.python.PythonOperator` attribute is deprecated. Please use `'airflow.providers.standard.operators.python.PythonOperator'`.","category":"DeprecatedImportWarning","filename":"/opt/airflow/dags/4_cleanup_recent_history.py","lineno":2,"logger":"py.warnings"}
{"timestamp":"2026-04-09T13:32:36.079554Z","level":"info","event":"Filling up the DagBag from /opt/airflow/dags/4_cleanup_recent_history.py","logger":"airflow.models.dagbag.BundleDagBag","filename":"dagbag.py","lineno":593}
{"timestamp":"2026-04-09T13:32:36.306889Z","level":"warning","event":"The `airflow.operators.python.PythonOperator` attribute is deprecated. Please use `'airflow.providers.standard.operators.python.PythonOperator'`.","category":"DeprecatedImportWarning","filename":"/opt/airflow/dags/4_cleanup_recent_history.py","lineno":2,"logger":"py.warnings"}
{"timestamp":"2026-04-09T13:33:07.290165Z","level":"info","event":"Filling up the DagBag from /opt/airflow/dags/4_cleanup_recent_history.py","logger":"airflow.models.dagbag.BundleDagBag","filename":"dagbag.py","lineno":593}
{"timestamp":"2026-04-09T13:33:07.641407Z","level":"warning","event":"The `airflow.operators.python.PythonOperator` attribute is deprecated. Please use `'airflow.providers.standard.operators.python.PythonOperator'`.","category":"DeprecatedImportWarning","filename":"/opt/airflow/dags/4_cleanup_recent_history.py","lineno":2,"logger":"py.warnings"}
{"timestamp":"2026-04-09T13:33:38.648181Z","level":"info","event":"Filling up the DagBag from /opt/airflow/dags/4_cleanup_recent_history.py","logger":"airflow.models.dagbag.BundleDagBag","filename":"dagbag.py","lineno":593}
{"timestamp":"2026-04-09T13:33:38.972957Z","level":"warning","event":"The `airflow.operators.python.PythonOperator` attribute is deprecated. Please use `'airflow.providers.standard.operators.python.PythonOperator'`.","category":"DeprecatedImportWarning","filename":"/opt/airflow/dags/4_cleanup_recent_history.py","lineno":2,"logger":"py.warnings"}
{"timestamp":"2026-04-09T13:34:09.208374Z","level":"info","event":"Filling up the DagBag from /opt/airflow/dags/4_cleanup_recent_history.py","logger":"airflow.models.dagbag.BundleDagBag","filename":"dagbag.py","lineno":593}
{"timestamp":"2026-04-09T13:34:09.433937Z","level":"warning","event":"The `airflow.operators.python.PythonOperator` attribute is deprecated. Please use `'airflow.providers.standard.operators.python.PythonOperator'`.","category":"DeprecatedImportWarning","filename":"/opt/airflow/dags/4_cleanup_recent_history.py","lineno":2,"logger":"py.warnings"}
{"timestamp":"2026-04-09T13:34:39.510869Z","level":"info","event":"Filling up the DagBag from /opt/airflow/dags/4_cleanup_recent_history.py","logger":"airflow.models.dagbag.BundleDagBag","filename":"dagbag.py","lineno":593}
{"timestamp":"2026-04-09T13:34:39.766570Z","level":"warning","event":"The `airflow.operators.python.PythonOperator` attribute is deprecated. Please use `'airflow.providers.standard.operators.python.PythonOperator'`.","category":"DeprecatedImportWarning","filename":"/opt/airflow/dags/4_cleanup_recent_history.py","lineno":2,"logger":"py.warnings"}
{"timestamp":"2026-04-09T13:35:10.760285Z","level":"info","event":"Filling up the DagBag from /opt/airflow/dags/4_cleanup_recent_history.py","logger":"airflow.models.dagbag.BundleDagBag","filename":"dagbag.py","lineno":593}
{"timestamp":"2026-04-09T13:35:11.038764Z","level":"warning","event":"The `airflow.operators.python.PythonOperator` attribute is deprecated. Please use `'airflow.providers.standard.operators.python.PythonOperator'`.","category":"DeprecatedImportWarning","filename":"/opt/airflow/dags/4_cleanup_recent_history.py","lineno":2,"logger":"py.warnings"}
{"timestamp":"2026-04-09T13:35:42.006723Z","level":"info","event":"Filling up the DagBag from /opt/airflow/dags/4_cleanup_recent_history.py","logger":"airflow.models.dagbag.BundleDagBag","filename":"dagbag.py","lineno":593}
{"timestamp":"2026-04-09T13:35:42.297039Z","level":"warning","event":"The `airflow.operators.python.PythonOperator` attribute is deprecated. Please use `'airflow.providers.standard.operators.python.PythonOperator'`.","category":"DeprecatedImportWarning","filename":"/opt/airflow/dags/4_cleanup_recent_history.py","lineno":2,"logger":"py.warnings"}
{"timestamp":"2026-04-09T13:36:13.215772Z","level":"info","event":"Filling up the DagBag from /opt/airflow/dags/4_cleanup_recent_history.py","logger":"airflow.models.dagbag.BundleDagBag","filename":"dagbag.py","lineno":593}
{"timestamp":"2026-04-09T13:36:13.426051Z","level":"warning","event":"The `airflow.operators.python.PythonOperator` attribute is deprecated. Please use `'airflow.providers.standard.operators.python.PythonOperator'`.","category":"DeprecatedImportWarning","filename":"/opt/airflow/dags/4_cleanup_recent_history.py","lineno":2,"logger":"py.warnings"}
{"timestamp":"2026-04-09T13:36:44.408403Z","level":"info","event":"Filling up the DagBag from /opt/airflow/dags/4_cleanup_recent_history.py","logger":"airflow.models.dagbag.BundleDagBag","filename":"dagbag.py","lineno":593}
{"timestamp":"2026-04-09T13:36:44.685702Z","level":"warning","event":"The `airflow.operators.python.PythonOperator` attribute is deprecated. Please use `'airflow.providers.standard.operators.python.PythonOperator'`.","category":"DeprecatedImportWarning","filename":"/opt/airflow/dags/4_cleanup_recent_history.py","lineno":2,"logger":"py.warnings"}
{"timestamp":"2026-04-09T13:37:15.647206Z","level":"info","event":"Filling up the DagBag from /opt/airflow/dags/4_cleanup_recent_history.py","logger":"airflow.models.dagbag.BundleDagBag","filename":"dagbag.py","lineno":593}
{"timestamp":"2026-04-09T13:37:15.897408Z","level":"warning","event":"The `airflow.operators.python.PythonOperator` attribute is deprecated. Please use `'airflow.providers.standard.operators.python.PythonOperator'`.","category":"DeprecatedImportWarning","filename":"/opt/airflow/dags/4_cleanup_recent_history.py","lineno":2,"logger":"py.warnings"}
{"timestamp":"2026-04-09T13:37:46.858654Z","level":"info","event":"Filling up the DagBag from /opt/airflow/dags/4_cleanup_recent_history.py","logger":"airflow.models.dagbag.BundleDagBag","filename":"dagbag.py","lineno":593}
{"timestamp":"2026-04-09T13:37:47.111706Z","level":"warning","event":"The `airflow.operators.python.PythonOperator` attribute is deprecated. Please use `'airflow.providers.standard.operators.python.PythonOperator'`.","category":"DeprecatedImportWarning","filename":"/opt/airflow/dags/4_cleanup_recent_history.py","lineno":2,"logger":"py.warnings"}
{"timestamp":"2026-04-09T13:38:18.076023Z","level":"info","event":"Filling up the DagBag from /opt/airflow/dags/4_cleanup_recent_history.py","logger":"airflow.models.dagbag.BundleDagBag","filename":"dagbag.py","lineno":593}
{"timestamp":"2026-04-09T13:38:18.331326Z","level":"warning","event":"The `airflow.operators.python.PythonOperator` attribute is deprecated. Please use `'airflow.providers.standard.operators.python.PythonOperator'`.","category":"DeprecatedImportWarning","filename":"/opt/airflow/dags/4_cleanup_recent_history.py","lineno":2,"logger":"py.warnings"}
{"timestamp":"2026-04-09T13:38:49.351170Z","level":"info","event":"Filling up the DagBag from /opt/airflow/dags/4_cleanup_recent_history.py","logger":"airflow.models.dagbag.BundleDagBag","filename":"dagbag.py","lineno":593}
{"timestamp":"2026-04-09T13:38:49.627907Z","level":"warning","event":"The `airflow.operators.python.PythonOperator` attribute is deprecated. Please use `'airflow.providers.standard.operators.python.PythonOperator'`.","category":"DeprecatedImportWarning","filename":"/opt/airflow/dags/4_cleanup_recent_history.py","lineno":2,"logger":"py.warnings"}
{"timestamp":"2026-04-09T13:39:20.639583Z","level":"info","event":"Filling up the DagBag from /opt/airflow/dags/4_cleanup_recent_history.py","logger":"airflow.models.dagbag.BundleDagBag","filename":"dagbag.py","lineno":593}
{"timestamp":"2026-04-09T13:39:20.964585Z","level":"warning","event":"The `airflow.operators.python.PythonOperator` attribute is deprecated. Please use `'airflow.providers.standard.operators.python.PythonOperator'`.","category":"DeprecatedImportWarning","filename":"/opt/airflow/dags/4_cleanup_recent_history.py","lineno":2,"logger":"py.warnings"}
{"timestamp":"2026-04-09T13:39:51.210748Z","level":"info","event":"Filling up the DagBag from /opt/airflow/dags/4_cleanup_recent_history.py","logger":"airflow.models.dagbag.BundleDagBag","filename":"dagbag.py","lineno":593}
{"timestamp":"2026-04-09T13:39:51.421696Z","level":"warning","event":"The `airflow.operators.python.PythonOperator` attribute is deprecated. Please use `'airflow.providers.standard.operators.python.PythonOperator'`.","category":"DeprecatedImportWarning","filename":"/opt/airflow/dags/4_cleanup_recent_history.py","lineno":2,"logger":"py.warnings"}
{"timestamp":"2026-04-09T13:40:22.473271Z","level":"info","event":"Filling up the DagBag from /opt/airflow/dags/4_cleanup_recent_history.py","logger":"airflow.models.dagbag.BundleDagBag","filename":"dagbag.py","lineno":593}
{"timestamp":"2026-04-09T13:40:22.805912Z","level":"warning","event":"The `airflow.operators.python.PythonOperator` attribute is deprecated. Please use `'airflow.providers.standard.operators.python.PythonOperator'`.","category":"DeprecatedImportWarning","filename":"/opt/airflow/dags/4_cleanup_recent_history.py","lineno":2,"logger":"py.warnings"}
{"timestamp":"2026-04-09T13:40:53.051810Z","level":"info","event":"Filling up the DagBag from /opt/airflow/dags/4_cleanup_recent_history.py","logger":"airflow.models.dagbag.BundleDagBag","filename":"dagbag.py","lineno":593}
{"timestamp":"2026-04-09T13:40:53.375016Z","level":"warning","event":"The `airflow.operators.python.PythonOperator` attribute is deprecated. Please use `'airflow.providers.standard.operators.python.PythonOperator'`.","category":"DeprecatedImportWarning","filename":"/opt/airflow/dags/4_cleanup_recent_history.py","lineno":2,"logger":"py.warnings"}
{"timestamp":"2026-04-09T13:41:24.526081Z","level":"info","event":"Filling up the DagBag from /opt/airflow/dags/4_cleanup_recent_history.py","logger":"airflow.models.dagbag.BundleDagBag","filename":"dagbag.py","lineno":593}
{"timestamp":"2026-04-09T13:41:24.835891Z","level":"warning","event":"The `airflow.operators.python.PythonOperator` attribute is deprecated. Please use `'airflow.providers.standard.operators.python.PythonOperator'`.","category":"DeprecatedImportWarning","filename":"/opt/airflow/dags/4_cleanup_recent_history.py","lineno":2,"logger":"py.warnings"}
{"timestamp":"2026-04-09T13:41:54.911659Z","level":"info","event":"Filling up the DagBag from /opt/airflow/dags/4_cleanup_recent_history.py","logger":"airflow.models.dagbag.BundleDagBag","filename":"dagbag.py","lineno":593}
{"timestamp":"2026-04-09T13:41:55.177844Z","level":"warning","event":"The `airflow.operators.python.PythonOperator` attribute is deprecated. Please use `'airflow.providers.standard.operators.python.PythonOperator'`.","category":"DeprecatedImportWarning","filename":"/opt/airflow/dags/4_cleanup_recent_history.py","lineno":2,"logger":"py.warnings"}
{"timestamp":"2026-04-09T13:42:26.128355Z","level":"info","event":"Filling up the DagBag from /opt/airflow/dags/4_cleanup_recent_history.py","logger":"airflow.models.dagbag.BundleDagBag","filename":"dagbag.py","lineno":593}
{"timestamp":"2026-04-09T13:42:26.384419Z","level":"warning","event":"The `airflow.operators.python.PythonOperator` attribute is deprecated. Please use `'airflow.providers.standard.operators.python.PythonOperator'`.","category":"DeprecatedImportWarning","filename":"/opt/airflow/dags/4_cleanup_recent_history.py","lineno":2,"logger":"py.warnings"}
{"timestamp":"2026-04-09T13:42:57.234680Z","level":"info","event":"Filling up the DagBag from /opt/airflow/dags/4_cleanup_recent_history.py","logger":"airflow.models.dagbag.BundleDagBag","filename":"dagbag.py","lineno":593}
{"timestamp":"2026-04-09T13:42:57.525876Z","level":"warning","event":"The `airflow.operators.python.PythonOperator` attribute is deprecated. Please use `'airflow.providers.standard.operators.python.PythonOperator'`.","category":"DeprecatedImportWarning","filename":"/opt/airflow/dags/4_cleanup_recent_history.py","lineno":2,"logger":"py.warnings"}
{"timestamp":"2026-04-09T13:43:28.544776Z","level":"info","event":"Filling up the DagBag from /opt/airflow/dags/4_cleanup_recent_history.py","logger":"airflow.models.dagbag.BundleDagBag","filename":"dagbag.py","lineno":593}
{"timestamp":"2026-04-09T13:43:28.804478Z","level":"warning","event":"The `airflow.operators.python.PythonOperator` attribute is deprecated. Please use `'airflow.providers.standard.operators.python.PythonOperator'`.","category":"DeprecatedImportWarning","filename":"/opt/airflow/dags/4_cleanup_recent_history.py","lineno":2,"logger":"py.warnings"}
{"timestamp":"2026-04-09T13:43:58.901988Z","level":"info","event":"Filling up the DagBag from /opt/airflow/dags/4_cleanup_recent_history.py","logger":"airflow.models.dagbag.BundleDagBag","filename":"dagbag.py","lineno":593}
{"timestamp":"2026-04-09T13:43:59.125664Z","level":"warning","event":"The `airflow.operators.python.PythonOperator` attribute is deprecated. Please use `'airflow.providers.standard.operators.python.PythonOperator'`.","category":"DeprecatedImportWarning","filename":"/opt/airflow/dags/4_cleanup_recent_history.py","lineno":2,"logger":"py.warnings"}
{"timestamp":"2026-04-09T13:44:29.400123Z","level":"info","event":"Filling up the DagBag from /opt/airflow/dags/4_cleanup_recent_history.py","logger":"airflow.models.dagbag.BundleDagBag","filename":"dagbag.py","lineno":593}
{"timestamp":"2026-04-09T13:44:29.671788Z","level":"warning","event":"The `airflow.operators.python.PythonOperator` attribute is deprecated. Please use `'airflow.providers.standard.operators.python.PythonOperator'`.","category":"DeprecatedImportWarning","filename":"/opt/airflow/dags/4_cleanup_recent_history.py","lineno":2,"logger":"py.warnings"}
{"timestamp":"2026-04-09T13:44:59.859453Z","level":"info","event":"Filling up the DagBag from /opt/airflow/dags/4_cleanup_recent_history.py","logger":"airflow.models.dagbag.BundleDagBag","filename":"dagbag.py","lineno":593}
{"timestamp":"2026-04-09T13:45:00.132041Z","level":"warning","event":"The `airflow.operators.python.PythonOperator` attribute is deprecated. Please use `'airflow.providers.standard.operators.python.PythonOperator'`.","category":"DeprecatedImportWarning","filename":"/opt/airflow/dags/4_cleanup_recent_history.py","lineno":2,"logger":"py.warnings"}
{"timestamp":"2026-04-09T13:45:31.093016Z","level":"info","event":"Filling up the DagBag from /opt/airflow/dags/4_cleanup_recent_history.py","logger":"airflow.models.dagbag.BundleDagBag","filename":"dagbag.py","lineno":593}
{"timestamp":"2026-04-09T13:45:31.403984Z","level":"warning","event":"The `airflow.operators.python.PythonOperator` attribute is deprecated. Please use `'airflow.providers.standard.operators.python.PythonOperator'`.","category":"DeprecatedImportWarning","filename":"/opt/airflow/dags/4_cleanup_recent_history.py","lineno":2,"logger":"py.warnings"}
{"timestamp":"2026-04-09T13:46:02.338717Z","level":"info","event":"Filling up the DagBag from /opt/airflow/dags/4_cleanup_recent_history.py","logger":"airflow.models.dagbag.BundleDagBag","filename":"dagbag.py","lineno":593}
{"timestamp":"2026-04-09T13:46:02.554860Z","level":"warning","event":"The `airflow.operators.python.PythonOperator` attribute is deprecated. Please use `'airflow.providers.standard.operators.python.PythonOperator'`.","category":"DeprecatedImportWarning","filename":"/opt/airflow/dags/4_cleanup_recent_history.py","lineno":2,"logger":"py.warnings"}
{"timestamp":"2026-04-09T13:46:33.510470Z","level":"info","event":"Filling up the DagBag from /opt/airflow/dags/4_cleanup_recent_history.py","logger":"airflow.models.dagbag.BundleDagBag","filename":"dagbag.py","lineno":593}
{"timestamp":"2026-04-09T13:46:33.915329Z","level":"warning","event":"The `airflow.operators.python.PythonOperator` attribute is deprecated. Please use `'airflow.providers.standard.operators.python.PythonOperator'`.","category":"DeprecatedImportWarning","filename":"/opt/airflow/dags/4_cleanup_recent_history.py","lineno":2,"logger":"py.warnings"}
{"timestamp":"2026-04-09T13:47:04.896479Z","level":"info","event":"Filling up the DagBag from /opt/airflow/dags/4_cleanup_recent_history.py","logger":"airflow.models.dagbag.BundleDagBag","filename":"dagbag.py","lineno":593}
{"timestamp":"2026-04-09T13:47:05.122279Z","level":"warning","event":"The `airflow.operators.python.PythonOperator` attribute is deprecated. Please use `'airflow.providers.standard.operators.python.PythonOperator'`.","category":"DeprecatedImportWarning","filename":"/opt/airflow/dags/4_cleanup_recent_history.py","lineno":2,"logger":"py.warnings"}
{"timestamp":"2026-04-09T13:47:35.993138Z","level":"info","event":"Filling up the DagBag from /opt/airflow/dags/4_cleanup_recent_history.py","logger":"airflow.models.dagbag.BundleDagBag","filename":"dagbag.py","lineno":593}
{"timestamp":"2026-04-09T13:47:36.208703Z","level":"warning","event":"The `airflow.operators.python.PythonOperator` attribute is deprecated. Please use `'airflow.providers.standard.operators.python.PythonOperator'`.","category":"DeprecatedImportWarning","filename":"/opt/airflow/dags/4_cleanup_recent_history.py","lineno":2,"logger":"py.warnings"}
{"timestamp":"2026-04-09T13:48:07.135450Z","level":"info","event":"Filling up the DagBag from /opt/airflow/dags/4_cleanup_recent_history.py","logger":"airflow.models.dagbag.BundleDagBag","filename":"dagbag.py","lineno":593}
{"timestamp":"2026-04-09T13:48:07.359316Z","level":"warning","event":"The `airflow.operators.python.PythonOperator` attribute is deprecated. Please use `'airflow.providers.standard.operators.python.PythonOperator'`.","category":"DeprecatedImportWarning","filename":"/opt/airflow/dags/4_cleanup_recent_history.py","lineno":2,"logger":"py.warnings"}
{"timestamp":"2026-04-09T13:48:38.245852Z","level":"info","event":"Filling up the DagBag from /opt/airflow/dags/4_cleanup_recent_history.py","logger":"airflow.models.dagbag.BundleDagBag","filename":"dagbag.py","lineno":593}
{"timestamp":"2026-04-09T13:48:38.536444Z","level":"warning","event":"The `airflow.operators.python.PythonOperator` attribute is deprecated. Please use `'airflow.providers.standard.operators.python.PythonOperator'`.","category":"DeprecatedImportWarning","filename":"/opt/airflow/dags/4_cleanup_recent_history.py","lineno":2,"logger":"py.warnings"}
{"timestamp":"2026-04-09T13:49:09.503639Z","level":"info","event":"Filling up the DagBag from /opt/airflow/dags/4_cleanup_recent_history.py","logger":"airflow.models.dagbag.BundleDagBag","filename":"dagbag.py","lineno":593}
{"timestamp":"2026-04-09T13:49:09.788736Z","level":"warning","event":"The `airflow.operators.python.PythonOperator` attribute is deprecated. Please use `'airflow.providers.standard.operators.python.PythonOperator'`.","category":"DeprecatedImportWarning","filename":"/opt/airflow/dags/4_cleanup_recent_history.py","lineno":2,"logger":"py.warnings"}
{"timestamp":"2026-04-09T13:49:40.736537Z","level":"info","event":"Filling up the DagBag from /opt/airflow/dags/4_cleanup_recent_history.py","logger":"airflow.models.dagbag.BundleDagBag","filename":"dagbag.py","lineno":593}
{"timestamp":"2026-04-09T13:49:40.994529Z","level":"warning","event":"The `airflow.operators.python.PythonOperator` attribute is deprecated. Please use `'airflow.providers.standard.operators.python.PythonOperator'`.","category":"DeprecatedImportWarning","filename":"/opt/airflow/dags/4_cleanup_recent_history.py","lineno":2,"logger":"py.warnings"}
{"timestamp":"2026-04-09T13:50:11.978328Z","level":"info","event":"Filling up the DagBag from /opt/airflow/dags/4_cleanup_recent_history.py","logger":"airflow.models.dagbag.BundleDagBag","filename":"dagbag.py","lineno":593}
{"timestamp":"2026-04-09T13:50:12.195671Z","level":"warning","event":"The `airflow.operators.python.PythonOperator` attribute is deprecated. Please use `'airflow.providers.standard.operators.python.PythonOperator'`.","category":"DeprecatedImportWarning","filename":"/opt/airflow/dags/4_cleanup_recent_history.py","lineno":2,"logger":"py.warnings"}
{"timestamp":"2026-04-09T13:50:43.104733Z","level":"info","event":"Filling up the DagBag from /opt/airflow/dags/4_cleanup_recent_history.py","logger":"airflow.models.dagbag.BundleDagBag","filename":"dagbag.py","lineno":593}
{"timestamp":"2026-04-09T13:50:43.351529Z","level":"warning","event":"The `airflow.operators.python.PythonOperator` attribute is deprecated. Please use `'airflow.providers.standard.operators.python.PythonOperator'`.","category":"DeprecatedImportWarning","filename":"/opt/airflow/dags/4_cleanup_recent_history.py","lineno":2,"logger":"py.warnings"}
{"timestamp":"2026-04-09T13:51:14.249424Z","level":"info","event":"Filling up the DagBag from /opt/airflow/dags/4_cleanup_recent_history.py","logger":"airflow.models.dagbag.BundleDagBag","filename":"dagbag.py","lineno":593}
{"timestamp":"2026-04-09T13:51:14.501147Z","level":"warning","event":"The `airflow.operators.python.PythonOperator` attribute is deprecated. Please use `'airflow.providers.standard.operators.python.PythonOperator'`.","category":"DeprecatedImportWarning","filename":"/opt/airflow/dags/4_cleanup_recent_history.py","lineno":2,"logger":"py.warnings"}
{"timestamp":"2026-04-09T13:51:44.555991Z","level":"info","event":"Filling up the DagBag from /opt/airflow/dags/4_cleanup_recent_history.py","logger":"airflow.models.dagbag.BundleDagBag","filename":"dagbag.py","lineno":593}
{"timestamp":"2026-04-09T13:51:44.869788Z","level":"warning","event":"The `airflow.operators.python.PythonOperator` attribute is deprecated. Please use `'airflow.providers.standard.operators.python.PythonOperator'`.","category":"DeprecatedImportWarning","filename":"/opt/airflow/dags/4_cleanup_recent_history.py","lineno":2,"logger":"py.warnings"}
{"timestamp":"2026-04-09T13:52:14.978095Z","level":"info","event":"Filling up the DagBag from /opt/airflow/dags/4_cleanup_recent_history.py","logger":"airflow.models.dagbag.BundleDagBag","filename":"dagbag.py","lineno":593}
{"timestamp":"2026-04-09T13:52:15.344834Z","level":"warning","event":"The `airflow.operators.python.PythonOperator` attribute is deprecated. Please use `'airflow.providers.standard.operators.python.PythonOperator'`.","category":"DeprecatedImportWarning","filename":"/opt/airflow/dags/4_cleanup_recent_history.py","lineno":2,"logger":"py.warnings"}
{"timestamp":"2026-04-09T13:52:46.370837Z","level":"info","event":"Filling up the DagBag from /opt/airflow/dags/4_cleanup_recent_history.py","logger":"airflow.models.dagbag.BundleDagBag","filename":"dagbag.py","lineno":593}
{"timestamp":"2026-04-09T13:52:46.651066Z","level":"warning","event":"The `airflow.operators.python.PythonOperator` attribute is deprecated. Please use `'airflow.providers.standard.operators.python.PythonOperator'`.","category":"DeprecatedImportWarning","filename":"/opt/airflow/dags/4_cleanup_recent_history.py","lineno":2,"logger":"py.warnings"}
{"timestamp":"2026-04-09T13:53:16.793804Z","level":"info","event":"Filling up the DagBag from /opt/airflow/dags/4_cleanup_recent_history.py","logger":"airflow.models.dagbag.BundleDagBag","filename":"dagbag.py","lineno":593}
{"timestamp":"2026-04-09T13:53:17.062189Z","level":"warning","event":"The `airflow.operators.python.PythonOperator` attribute is deprecated. Please use `'airflow.providers.standard.operators.python.PythonOperator'`.","category":"DeprecatedImportWarning","filename":"/opt/airflow/dags/4_cleanup_recent_history.py","lineno":2,"logger":"py.warnings"}
{"timestamp":"2026-04-09T13:53:47.170642Z","level":"info","event":"Filling up the DagBag from /opt/airflow/dags/4_cleanup_recent_history.py","logger":"airflow.models.dagbag.BundleDagBag","filename":"dagbag.py","lineno":593}
{"timestamp":"2026-04-09T13:53:47.492672Z","level":"warning","event":"The `airflow.operators.python.PythonOperator` attribute is deprecated. Please use `'airflow.providers.standard.operators.python.PythonOperator'`.","category":"DeprecatedImportWarning","filename":"/opt/airflow/dags/4_cleanup_recent_history.py","lineno":2,"logger":"py.warnings"}
{"timestamp":"2026-04-09T13:54:17.729139Z","level":"info","event":"Filling up the DagBag from /opt/airflow/dags/4_cleanup_recent_history.py","logger":"airflow.models.dagbag.BundleDagBag","filename":"dagbag.py","lineno":593}
{"timestamp":"2026-04-09T13:54:17.999413Z","level":"warning","event":"The `airflow.operators.python.PythonOperator` attribute is deprecated. Please use `'airflow.providers.standard.operators.python.PythonOperator'`.","category":"DeprecatedImportWarning","filename":"/opt/airflow/dags/4_cleanup_recent_history.py","lineno":2,"logger":"py.warnings"}
{"timestamp":"2026-04-09T13:54:48.889715Z","level":"info","event":"Filling up the DagBag from /opt/airflow/dags/4_cleanup_recent_history.py","logger":"airflow.models.dagbag.BundleDagBag","filename":"dagbag.py","lineno":593}
{"timestamp":"2026-04-09T13:54:49.195163Z","level":"warning","event":"The `airflow.operators.python.PythonOperator` attribute is deprecated. Please use `'airflow.providers.standard.operators.python.PythonOperator'`.","category":"DeprecatedImportWarning","filename":"/opt/airflow/dags/4_cleanup_recent_history.py","lineno":2,"logger":"py.warnings"}
{"timestamp":"2026-04-09T13:55:20.327834Z","level":"info","event":"Filling up the DagBag from /opt/airflow/dags/4_cleanup_recent_history.py","logger":"airflow.models.dagbag.BundleDagBag","filename":"dagbag.py","lineno":593}
{"timestamp":"2026-04-09T13:55:20.641424Z","level":"warning","event":"The `airflow.operators.python.PythonOperator` attribute is deprecated. Please use `'airflow.providers.standard.operators.python.PythonOperator'`.","category":"DeprecatedImportWarning","filename":"/opt/airflow/dags/4_cleanup_recent_history.py","lineno":2,"logger":"py.warnings"}
{"timestamp":"2026-04-09T13:55:51.170391Z","level":"info","event":"Filling up the DagBag from /opt/airflow/dags/4_cleanup_recent_history.py","logger":"airflow.models.dagbag.BundleDagBag","filename":"dagbag.py","lineno":593}
{"timestamp":"2026-04-09T13:55:51.739478Z","level":"warning","event":"The `airflow.operators.python.PythonOperator` attribute is deprecated. Please use `'airflow.providers.standard.operators.python.PythonOperator'`.","category":"DeprecatedImportWarning","filename":"/opt/airflow/dags/4_cleanup_recent_history.py","lineno":2,"logger":"py.warnings"}
{"timestamp":"2026-04-09T13:56:21.949467Z","level":"info","event":"Filling up the DagBag from /opt/airflow/dags/4_cleanup_recent_history.py","logger":"airflow.models.dagbag.BundleDagBag","filename":"dagbag.py","lineno":593}
{"timestamp":"2026-04-09T13:56:22.302120Z","level":"warning","event":"The `airflow.operators.python.PythonOperator` attribute is deprecated. Please use `'airflow.providers.standard.operators.python.PythonOperator'`.","category":"DeprecatedImportWarning","filename":"/opt/airflow/dags/4_cleanup_recent_history.py","lineno":2,"logger":"py.warnings"}
{"timestamp":"2026-04-09T13:56:52.594072Z","level":"info","event":"Filling up the DagBag from /opt/airflow/dags/4_cleanup_recent_history.py","logger":"airflow.models.dagbag.BundleDagBag","filename":"dagbag.py","lineno":593}
{"timestamp":"2026-04-09T13:56:52.891140Z","level":"warning","event":"The `airflow.operators.python.PythonOperator` attribute is deprecated. Please use `'airflow.providers.standard.operators.python.PythonOperator'`.","category":"DeprecatedImportWarning","filename":"/opt/airflow/dags/4_cleanup_recent_history.py","lineno":2,"logger":"py.warnings"}
{"timestamp":"2026-04-09T13:57:23.148276Z","level":"info","event":"Filling up the DagBag from /opt/airflow/dags/4_cleanup_recent_history.py","logger":"airflow.models.dagbag.BundleDagBag","filename":"dagbag.py","lineno":593}
{"timestamp":"2026-04-09T13:57:23.625694Z","level":"warning","event":"The `airflow.operators.python.PythonOperator` attribute is deprecated. Please use `'airflow.providers.standard.operators.python.PythonOperator'`.","category":"DeprecatedImportWarning","filename":"/opt/airflow/dags/4_cleanup_recent_history.py","lineno":2,"logger":"py.warnings"}
{"timestamp":"2026-04-09T13:57:54.191267Z","level":"info","event":"Filling up the DagBag from /opt/airflow/dags/4_cleanup_recent_history.py","logger":"airflow.models.dagbag.BundleDagBag","filename":"dagbag.py","lineno":593}
{"timestamp":"2026-04-09T13:57:54.485620Z","level":"warning","event":"The `airflow.operators.python.PythonOperator` attribute is deprecated. Please use `'airflow.providers.standard.operators.python.PythonOperator'`.","category":"DeprecatedImportWarning","filename":"/opt/airflow/dags/4_cleanup_recent_history.py","lineno":2,"logger":"py.warnings"}
{"timestamp":"2026-04-09T13:58:24.775956Z","level":"info","event":"Filling up the DagBag from /opt/airflow/dags/4_cleanup_recent_history.py","logger":"airflow.models.dagbag.BundleDagBag","filename":"dagbag.py","lineno":593}
{"timestamp":"2026-04-09T13:58:25.054648Z","level":"warning","event":"The `airflow.operators.python.PythonOperator` attribute is deprecated. Please use `'airflow.providers.standard.operators.python.PythonOperator'`.","category":"DeprecatedImportWarning","filename":"/opt/airflow/dags/4_cleanup_recent_history.py","lineno":2,"logger":"py.warnings"}
{"timestamp":"2026-04-09T13:58:55.129088Z","level":"info","event":"Filling up the DagBag from /opt/airflow/dags/4_cleanup_recent_history.py","logger":"airflow.models.dagbag.BundleDagBag","filename":"dagbag.py","lineno":593}
{"timestamp":"2026-04-09T13:58:55.387270Z","level":"warning","event":"The `airflow.operators.python.PythonOperator` attribute is deprecated. Please use `'airflow.providers.standard.operators.python.PythonOperator'`.","category":"DeprecatedImportWarning","filename":"/opt/airflow/dags/4_cleanup_recent_history.py","lineno":2,"logger":"py.warnings"}
{"timestamp":"2026-04-09T13:59:25.596381Z","level":"info","event":"Filling up the DagBag from /opt/airflow/dags/4_cleanup_recent_history.py","logger":"airflow.models.dagbag.BundleDagBag","filename":"dagbag.py","lineno":593}
{"timestamp":"2026-04-09T13:59:25.804707Z","level":"warning","event":"The `airflow.operators.python.PythonOperator` attribute is deprecated. Please use `'airflow.providers.standard.operators.python.PythonOperator'`.","category":"DeprecatedImportWarning","filename":"/opt/airflow/dags/4_cleanup_recent_history.py","lineno":2,"logger":"py.warnings"}
{"timestamp":"2026-04-09T13:59:55.985692Z","level":"info","event":"Filling up the DagBag from /opt/airflow/dags/4_cleanup_recent_history.py","logger":"airflow.models.dagbag.BundleDagBag","filename":"dagbag.py","lineno":593}
{"timestamp":"2026-04-09T13:59:56.265070Z","level":"warning","event":"The `airflow.operators.python.PythonOperator` attribute is deprecated. Please use `'airflow.providers.standard.operators.python.PythonOperator'`.","category":"DeprecatedImportWarning","filename":"/opt/airflow/dags/4_cleanup_recent_history.py","lineno":2,"logger":"py.warnings"}
{"timestamp":"2026-04-09T14:00:26.546700Z","level":"info","event":"Filling up the DagBag from /opt/airflow/dags/4_cleanup_recent_history.py","logger":"airflow.models.dagbag.BundleDagBag","filename":"dagbag.py","lineno":593}
{"timestamp":"2026-04-09T14:00:26.792310Z","level":"warning","event":"The `airflow.operators.python.PythonOperator` attribute is deprecated. Please use `'airflow.providers.standard.operators.python.PythonOperator'`.","category":"DeprecatedImportWarning","filename":"/opt/airflow/dags/4_cleanup_recent_history.py","lineno":2,"logger":"py.warnings"}
{"timestamp":"2026-04-09T14:00:56.967188Z","level":"info","event":"Filling up the DagBag from /opt/airflow/dags/4_cleanup_recent_history.py","logger":"airflow.models.dagbag.BundleDagBag","filename":"dagbag.py","lineno":593}
{"timestamp":"2026-04-09T14:00:57.229263Z","level":"warning","event":"The `airflow.operators.python.PythonOperator` attribute is deprecated. Please use `'airflow.providers.standard.operators.python.PythonOperator'`.","category":"DeprecatedImportWarning","filename":"/opt/airflow/dags/4_cleanup_recent_history.py","lineno":2,"logger":"py.warnings"}
{"timestamp":"2026-04-09T14:01:27.362139Z","level":"info","event":"Filling up the DagBag from /opt/airflow/dags/4_cleanup_recent_history.py","logger":"airflow.models.dagbag.BundleDagBag","filename":"dagbag.py","lineno":593}
{"timestamp":"2026-04-09T14:01:27.597352Z","level":"warning","event":"The `airflow.operators.python.PythonOperator` attribute is deprecated. Please use `'airflow.providers.standard.operators.python.PythonOperator'`.","category":"DeprecatedImportWarning","filename":"/opt/airflow/dags/4_cleanup_recent_history.py","lineno":2,"logger":"py.warnings"}
{"timestamp":"2026-04-09T14:01:57.727291Z","level":"info","event":"Filling up the DagBag from /opt/airflow/dags/4_cleanup_recent_history.py","logger":"airflow.models.dagbag.BundleDagBag","filename":"dagbag.py","lineno":593}
{"timestamp":"2026-04-09T14:01:57.976895Z","level":"warning","event":"The `airflow.operators.python.PythonOperator` attribute is deprecated. Please use `'airflow.providers.standard.operators.python.PythonOperator'`.","category":"DeprecatedImportWarning","filename":"/opt/airflow/dags/4_cleanup_recent_history.py","lineno":2,"logger":"py.warnings"}
{"timestamp":"2026-04-09T14:02:28.053973Z","level":"info","event":"Filling up the DagBag from /opt/airflow/dags/4_cleanup_recent_history.py","logger":"airflow.models.dagbag.BundleDagBag","filename":"dagbag.py","lineno":593}
{"timestamp":"2026-04-09T14:02:28.293419Z","level":"warning","event":"The `airflow.operators.python.PythonOperator` attribute is deprecated. Please use `'airflow.providers.standard.operators.python.PythonOperator'`.","category":"DeprecatedImportWarning","filename":"/opt/airflow/dags/4_cleanup_recent_history.py","lineno":2,"logger":"py.warnings"}
{"timestamp":"2026-04-09T14:02:58.477595Z","level":"info","event":"Filling up the DagBag from /opt/airflow/dags/4_cleanup_recent_history.py","logger":"airflow.models.dagbag.BundleDagBag","filename":"dagbag.py","lineno":593}
{"timestamp":"2026-04-09T14:02:58.806820Z","level":"warning","event":"The `airflow.operators.python.PythonOperator` attribute is deprecated. Please use `'airflow.providers.standard.operators.python.PythonOperator'`.","category":"DeprecatedImportWarning","filename":"/opt/airflow/dags/4_cleanup_recent_history.py","lineno":2,"logger":"py.warnings"}
{"timestamp":"2026-04-09T14:03:29.262371Z","level":"info","event":"Filling up the DagBag from /opt/airflow/dags/4_cleanup_recent_history.py","logger":"airflow.models.dagbag.BundleDagBag","filename":"dagbag.py","lineno":593}
{"timestamp":"2026-04-09T14:03:29.519865Z","level":"warning","event":"The `airflow.operators.python.PythonOperator` attribute is deprecated. Please use `'airflow.providers.standard.operators.python.PythonOperator'`.","category":"DeprecatedImportWarning","filename":"/opt/airflow/dags/4_cleanup_recent_history.py","lineno":2,"logger":"py.warnings"}
{"timestamp":"2026-04-09T14:03:59.554086Z","level":"info","event":"Filling up the DagBag from /opt/airflow/dags/4_cleanup_recent_history.py","logger":"airflow.models.dagbag.BundleDagBag","filename":"dagbag.py","lineno":593}
{"timestamp":"2026-04-09T14:03:59.779378Z","level":"warning","event":"The `airflow.operators.python.PythonOperator` attribute is deprecated. Please use `'airflow.providers.standard.operators.python.PythonOperator'`.","category":"DeprecatedImportWarning","filename":"/opt/airflow/dags/4_cleanup_recent_history.py","lineno":2,"logger":"py.warnings"}
{"timestamp":"2026-04-09T14:04:29.896393Z","level":"info","event":"Filling up the DagBag from /opt/airflow/dags/4_cleanup_recent_history.py","logger":"airflow.models.dagbag.BundleDagBag","filename":"dagbag.py","lineno":593}
{"timestamp":"2026-04-09T14:04:30.351243Z","level":"warning","event":"The `airflow.operators.python.PythonOperator` attribute is deprecated. Please use `'airflow.providers.standard.operators.python.PythonOperator'`.","category":"DeprecatedImportWarning","filename":"/opt/airflow/dags/4_cleanup_recent_history.py","lineno":2,"logger":"py.warnings"}
{"timestamp":"2026-04-09T14:05:00.672350Z","level":"info","event":"Filling up the DagBag from /opt/airflow/dags/4_cleanup_recent_history.py","logger":"airflow.models.dagbag.BundleDagBag","filename":"dagbag.py","lineno":593}
{"timestamp":"2026-04-09T14:05:00.945983Z","level":"warning","event":"The `airflow.operators.python.PythonOperator` attribute is deprecated. Please use `'airflow.providers.standard.operators.python.PythonOperator'`.","category":"DeprecatedImportWarning","filename":"/opt/airflow/dags/4_cleanup_recent_history.py","lineno":2,"logger":"py.warnings"}
{"timestamp":"2026-04-09T14:05:31.046972Z","level":"info","event":"Filling up the DagBag from /opt/airflow/dags/4_cleanup_recent_history.py","logger":"airflow.models.dagbag.BundleDagBag","filename":"dagbag.py","lineno":593}
{"timestamp":"2026-04-09T14:05:31.365277Z","level":"warning","event":"The `airflow.operators.python.PythonOperator` attribute is deprecated. Please use `'airflow.providers.standard.operators.python.PythonOperator'`.","category":"DeprecatedImportWarning","filename":"/opt/airflow/dags/4_cleanup_recent_history.py","lineno":2,"logger":"py.warnings"}
{"timestamp":"2026-04-09T14:06:01.423947Z","level":"info","event":"Filling up the DagBag from /opt/airflow/dags/4_cleanup_recent_history.py","logger":"airflow.models.dagbag.BundleDagBag","filename":"dagbag.py","lineno":593}
{"timestamp":"2026-04-09T14:06:01.681779Z","level":"warning","event":"The `airflow.operators.python.PythonOperator` attribute is deprecated. Please use `'airflow.providers.standard.operators.python.PythonOperator'`.","category":"DeprecatedImportWarning","filename":"/opt/airflow/dags/4_cleanup_recent_history.py","lineno":2,"logger":"py.warnings"}
