{"timestamp":"2026-04-09T12:10:14.898058Z","level":"info","event":"Filling up the DagBag from /opt/airflow/dags/retrieve_speed_bands.py","logger":"airflow.models.dagbag.BundleDagBag","filename":"dagbag.py","lineno":593}
{"timestamp":"2026-04-09T12:10:15.195778Z","level":"warning","event":"The `airflow.operators.python.PythonOperator` attribute is deprecated. Please use `'airflow.providers.standard.operators.python.PythonOperator'`.","category":"DeprecatedImportWarning","filename":"/opt/airflow/dags/retrieve_speed_bands.py","lineno":2,"logger":"py.warnings"}
{"timestamp":"2026-04-09T12:10:45.323347Z","level":"info","event":"Filling up the DagBag from /opt/airflow/dags/retrieve_speed_bands.py","logger":"airflow.models.dagbag.BundleDagBag","filename":"dagbag.py","lineno":593}
{"timestamp":"2026-04-09T12:10:45.598180Z","level":"warning","event":"The `airflow.operators.python.PythonOperator` attribute is deprecated. Please use `'airflow.providers.standard.operators.python.PythonOperator'`.","category":"DeprecatedImportWarning","filename":"/opt/airflow/dags/retrieve_speed_bands.py","lineno":2,"logger":"py.warnings"}
{"timestamp":"2026-04-09T12:11:33.894182Z","level":"info","event":"Filling up the DagBag from /opt/airflow/dags/retrieve_speed_bands.py","logger":"airflow.models.dagbag.BundleDagBag","filename":"dagbag.py","lineno":593}
{"timestamp":"2026-04-09T12:11:34.138707Z","level":"warning","event":"The `airflow.operators.python.PythonOperator` attribute is deprecated. Please use `'airflow.providers.standard.operators.python.PythonOperator'`.","category":"DeprecatedImportWarning","filename":"/opt/airflow/dags/retrieve_speed_bands.py","lineno":2,"logger":"py.warnings"}
{"timestamp":"2026-04-09T12:12:05.444761Z","level":"info","event":"Filling up the DagBag from /opt/airflow/dags/retrieve_speed_bands.py","logger":"airflow.models.dagbag.BundleDagBag","filename":"dagbag.py","lineno":593}
{"timestamp":"2026-04-09T12:12:05.655140Z","level":"warning","event":"The `airflow.operators.python.PythonOperator` attribute is deprecated. Please use `'airflow.providers.standard.operators.python.PythonOperator'`.","category":"DeprecatedImportWarning","filename":"/opt/airflow/dags/retrieve_speed_bands.py","lineno":2,"logger":"py.warnings"}
{"timestamp":"2026-04-09T12:12:36.542082Z","level":"info","event":"Filling up the DagBag from /opt/airflow/dags/retrieve_speed_bands.py","logger":"airflow.models.dagbag.BundleDagBag","filename":"dagbag.py","lineno":593}
{"timestamp":"2026-04-09T12:12:36.785850Z","level":"warning","event":"The `airflow.operators.python.PythonOperator` attribute is deprecated. Please use `'airflow.providers.standard.operators.python.PythonOperator'`.","category":"DeprecatedImportWarning","filename":"/opt/airflow/dags/retrieve_speed_bands.py","lineno":2,"logger":"py.warnings"}
{"timestamp":"2026-04-09T12:13:07.754132Z","level":"info","event":"Filling up the DagBag from /opt/airflow/dags/retrieve_speed_bands.py","logger":"airflow.models.dagbag.BundleDagBag","filename":"dagbag.py","lineno":593}
{"timestamp":"2026-04-09T12:13:08.006328Z","level":"warning","event":"The `airflow.operators.python.PythonOperator` attribute is deprecated. Please use `'airflow.providers.standard.operators.python.PythonOperator'`.","category":"DeprecatedImportWarning","filename":"/opt/airflow/dags/retrieve_speed_bands.py","lineno":2,"logger":"py.warnings"}
{"timestamp":"2026-04-09T12:13:39.140860Z","level":"info","event":"Filling up the DagBag from /opt/airflow/dags/retrieve_speed_bands.py","logger":"airflow.models.dagbag.BundleDagBag","filename":"dagbag.py","lineno":593}
{"timestamp":"2026-04-09T12:13:39.337602Z","level":"warning","event":"The `airflow.operators.python.PythonOperator` attribute is deprecated. Please use `'airflow.providers.standard.operators.python.PythonOperator'`.","category":"DeprecatedImportWarning","filename":"/opt/airflow/dags/retrieve_speed_bands.py","lineno":2,"logger":"py.warnings"}
{"timestamp":"2026-04-09T12:14:09.405788Z","level":"info","event":"Filling up the DagBag from /opt/airflow/dags/retrieve_speed_bands.py","logger":"airflow.models.dagbag.BundleDagBag","filename":"dagbag.py","lineno":593}
{"timestamp":"2026-04-09T12:14:09.641329Z","level":"warning","event":"The `airflow.operators.python.PythonOperator` attribute is deprecated. Please use `'airflow.providers.standard.operators.python.PythonOperator'`.","category":"DeprecatedImportWarning","filename":"/opt/airflow/dags/retrieve_speed_bands.py","lineno":2,"logger":"py.warnings"}
{"timestamp":"2026-04-09T12:14:40.534507Z","level":"info","event":"Filling up the DagBag from /opt/airflow/dags/retrieve_speed_bands.py","logger":"airflow.models.dagbag.BundleDagBag","filename":"dagbag.py","lineno":593}
{"timestamp":"2026-04-09T12:14:40.788298Z","level":"warning","event":"The `airflow.operators.python.PythonOperator` attribute is deprecated. Please use `'airflow.providers.standard.operators.python.PythonOperator'`.","category":"DeprecatedImportWarning","filename":"/opt/airflow/dags/retrieve_speed_bands.py","lineno":2,"logger":"py.warnings"}
{"timestamp":"2026-04-09T12:15:11.810540Z","level":"info","event":"Filling up the DagBag from /opt/airflow/dags/retrieve_speed_bands.py","logger":"airflow.models.dagbag.BundleDagBag","filename":"dagbag.py","lineno":593}
{"timestamp":"2026-04-09T12:15:12.064250Z","level":"warning","event":"The `airflow.operators.python.PythonOperator` attribute is deprecated. Please use `'airflow.providers.standard.operators.python.PythonOperator'`.","category":"DeprecatedImportWarning","filename":"/opt/airflow/dags/retrieve_speed_bands.py","lineno":2,"logger":"py.warnings"}
{"timestamp":"2026-04-09T12:15:43.045027Z","level":"info","event":"Filling up the DagBag from /opt/airflow/dags/retrieve_speed_bands.py","logger":"airflow.models.dagbag.BundleDagBag","filename":"dagbag.py","lineno":593}
{"timestamp":"2026-04-09T12:15:43.337108Z","level":"warning","event":"The `airflow.operators.python.PythonOperator` attribute is deprecated. Please use `'airflow.providers.standard.operators.python.PythonOperator'`.","category":"DeprecatedImportWarning","filename":"/opt/airflow/dags/retrieve_speed_bands.py","lineno":2,"logger":"py.warnings"}
{"timestamp":"2026-04-09T12:16:14.276280Z","level":"info","event":"Filling up the DagBag from /opt/airflow/dags/retrieve_speed_bands.py","logger":"airflow.models.dagbag.BundleDagBag","filename":"dagbag.py","lineno":593}
{"timestamp":"2026-04-09T12:16:14.470342Z","level":"warning","event":"The `airflow.operators.python.PythonOperator` attribute is deprecated. Please use `'airflow.providers.standard.operators.python.PythonOperator'`.","category":"DeprecatedImportWarning","filename":"/opt/airflow/dags/retrieve_speed_bands.py","lineno":2,"logger":"py.warnings"}
{"timestamp":"2026-04-09T12:16:45.374953Z","level":"info","event":"Filling up the DagBag from /opt/airflow/dags/retrieve_speed_bands.py","logger":"airflow.models.dagbag.BundleDagBag","filename":"dagbag.py","lineno":593}
{"timestamp":"2026-04-09T12:16:45.584530Z","level":"warning","event":"The `airflow.operators.python.PythonOperator` attribute is deprecated. Please use `'airflow.providers.standard.operators.python.PythonOperator'`.","category":"DeprecatedImportWarning","filename":"/opt/airflow/dags/retrieve_speed_bands.py","lineno":2,"logger":"py.warnings"}
{"timestamp":"2026-04-09T12:17:16.589732Z","level":"info","event":"Filling up the DagBag from /opt/airflow/dags/retrieve_speed_bands.py","logger":"airflow.models.dagbag.BundleDagBag","filename":"dagbag.py","lineno":593}
{"timestamp":"2026-04-09T12:17:16.792681Z","level":"warning","event":"The `airflow.operators.python.PythonOperator` attribute is deprecated. Please use `'airflow.providers.standard.operators.python.PythonOperator'`.","category":"DeprecatedImportWarning","filename":"/opt/airflow/dags/retrieve_speed_bands.py","lineno":2,"logger":"py.warnings"}
{"timestamp":"2026-04-09T12:19:27.165296Z","level":"info","event":"Filling up the DagBag from /opt/airflow/dags/retrieve_speed_bands.py","logger":"airflow.models.dagbag.BundleDagBag","filename":"dagbag.py","lineno":593}
{"timestamp":"2026-04-09T12:19:28.341156Z","level":"warning","event":"The `airflow.operators.python.PythonOperator` attribute is deprecated. Please use `'airflow.providers.standard.operators.python.PythonOperator'`.","category":"DeprecatedImportWarning","filename":"/opt/airflow/dags/retrieve_speed_bands.py","lineno":2,"logger":"py.warnings"}
{"timestamp":"2026-04-09T12:19:58.479853Z","level":"info","event":"Filling up the DagBag from /opt/airflow/dags/retrieve_speed_bands.py","logger":"airflow.models.dagbag.BundleDagBag","filename":"dagbag.py","lineno":593}
{"timestamp":"2026-04-09T12:19:58.738961Z","level":"warning","event":"The `airflow.operators.python.PythonOperator` attribute is deprecated. Please use `'airflow.providers.standard.operators.python.PythonOperator'`.","category":"DeprecatedImportWarning","filename":"/opt/airflow/dags/retrieve_speed_bands.py","lineno":2,"logger":"py.warnings"}
{"timestamp":"2026-04-09T12:20:30.312512Z","level":"info","event":"Filling up the DagBag from /opt/airflow/dags/retrieve_speed_bands.py","logger":"airflow.models.dagbag.BundleDagBag","filename":"dagbag.py","lineno":593}
{"timestamp":"2026-04-09T12:20:30.510598Z","level":"warning","event":"The `airflow.operators.python.PythonOperator` attribute is deprecated. Please use `'airflow.providers.standard.operators.python.PythonOperator'`.","category":"DeprecatedImportWarning","filename":"/opt/airflow/dags/retrieve_speed_bands.py","lineno":2,"logger":"py.warnings"}
{"timestamp":"2026-04-09T12:21:01.496807Z","level":"info","event":"Filling up the DagBag from /opt/airflow/dags/retrieve_speed_bands.py","logger":"airflow.models.dagbag.BundleDagBag","filename":"dagbag.py","lineno":593}
{"timestamp":"2026-04-09T12:21:01.756765Z","level":"warning","event":"The `airflow.operators.python.PythonOperator` attribute is deprecated. Please use `'airflow.providers.standard.operators.python.PythonOperator'`.","category":"DeprecatedImportWarning","filename":"/opt/airflow/dags/retrieve_speed_bands.py","lineno":2,"logger":"py.warnings"}
{"timestamp":"2026-04-09T12:21:32.660776Z","level":"info","event":"Filling up the DagBag from /opt/airflow/dags/retrieve_speed_bands.py","logger":"airflow.models.dagbag.BundleDagBag","filename":"dagbag.py","lineno":593}
{"timestamp":"2026-04-09T12:21:32.909668Z","level":"warning","event":"The `airflow.operators.python.PythonOperator` attribute is deprecated. Please use `'airflow.providers.standard.operators.python.PythonOperator'`.","category":"DeprecatedImportWarning","filename":"/opt/airflow/dags/retrieve_speed_bands.py","lineno":2,"logger":"py.warnings"}
{"timestamp":"2026-04-09T12:22:03.869720Z","level":"info","event":"Filling up the DagBag from /opt/airflow/dags/retrieve_speed_bands.py","logger":"airflow.models.dagbag.BundleDagBag","filename":"dagbag.py","lineno":593}
{"timestamp":"2026-04-09T12:22:04.171102Z","level":"warning","event":"The `airflow.operators.python.PythonOperator` attribute is deprecated. Please use `'airflow.providers.standard.operators.python.PythonOperator'`.","category":"DeprecatedImportWarning","filename":"/opt/airflow/dags/retrieve_speed_bands.py","lineno":2,"logger":"py.warnings"}
{"timestamp":"2026-04-09T12:22:35.078506Z","level":"info","event":"Filling up the DagBag from /opt/airflow/dags/retrieve_speed_bands.py","logger":"airflow.models.dagbag.BundleDagBag","filename":"dagbag.py","lineno":593}
{"timestamp":"2026-04-09T12:22:35.344027Z","level":"warning","event":"The `airflow.operators.python.PythonOperator` attribute is deprecated. Please use `'airflow.providers.standard.operators.python.PythonOperator'`.","category":"DeprecatedImportWarning","filename":"/opt/airflow/dags/retrieve_speed_bands.py","lineno":2,"logger":"py.warnings"}
{"timestamp":"2026-04-09T12:23:06.215394Z","level":"info","event":"Filling up the DagBag from /opt/airflow/dags/retrieve_speed_bands.py","logger":"airflow.models.dagbag.BundleDagBag","filename":"dagbag.py","lineno":593}
{"timestamp":"2026-04-09T12:23:06.427991Z","level":"warning","event":"The `airflow.operators.python.PythonOperator` attribute is deprecated. Please use `'airflow.providers.standard.operators.python.PythonOperator'`.","category":"DeprecatedImportWarning","filename":"/opt/airflow/dags/retrieve_speed_bands.py","lineno":2,"logger":"py.warnings"}
{"timestamp":"2026-04-09T12:23:37.445881Z","level":"info","event":"Filling up the DagBag from /opt/airflow/dags/retrieve_speed_bands.py","logger":"airflow.models.dagbag.BundleDagBag","filename":"dagbag.py","lineno":593}
{"timestamp":"2026-04-09T12:23:37.727975Z","level":"warning","event":"The `airflow.operators.python.PythonOperator` attribute is deprecated. Please use `'airflow.providers.standard.operators.python.PythonOperator'`.","category":"DeprecatedImportWarning","filename":"/opt/airflow/dags/retrieve_speed_bands.py","lineno":2,"logger":"py.warnings"}
{"timestamp":"2026-04-09T12:53:50.187283Z","level":"info","event":"Filling up the DagBag from /opt/airflow/dags/retrieve_speed_bands.py","logger":"airflow.dag_processing.dagbag.BundleDagBag","filename":"dagbag.py","lineno":469}
{"timestamp":"2026-04-09T12:53:51.498317Z","level":"warning","event":"The `airflow.operators.python.PythonOperator` attribute is deprecated. Please use `'airflow.providers.standard.operators.python.PythonOperator'`.","category":"UserWarning","filename":"/opt/airflow/dags/retrieve_speed_bands.py","lineno":2,"logger":"py.warnings"}
{"timestamp":"2026-04-09T12:54:21.904116Z","level":"info","event":"Filling up the DagBag from /opt/airflow/dags/retrieve_speed_bands.py","logger":"airflow.dag_processing.dagbag.BundleDagBag","filename":"dagbag.py","lineno":469}
{"timestamp":"2026-04-09T12:54:22.201138Z","level":"warning","event":"The `airflow.operators.python.PythonOperator` attribute is deprecated. Please use `'airflow.providers.standard.operators.python.PythonOperator'`.","category":"UserWarning","filename":"/opt/airflow/dags/retrieve_speed_bands.py","lineno":2,"logger":"py.warnings"}
{"timestamp":"2026-04-09T12:54:52.346840Z","level":"info","event":"Filling up the DagBag from /opt/airflow/dags/retrieve_speed_bands.py","logger":"airflow.dag_processing.dagbag.BundleDagBag","filename":"dagbag.py","lineno":469}
{"timestamp":"2026-04-09T12:54:52.673160Z","level":"warning","event":"The `airflow.operators.python.PythonOperator` attribute is deprecated. Please use `'airflow.providers.standard.operators.python.PythonOperator'`.","category":"UserWarning","filename":"/opt/airflow/dags/retrieve_speed_bands.py","lineno":2,"logger":"py.warnings"}
{"timestamp":"2026-04-09T12:55:22.800491Z","level":"info","event":"Filling up the DagBag from /opt/airflow/dags/retrieve_speed_bands.py","logger":"airflow.dag_processing.dagbag.BundleDagBag","filename":"dagbag.py","lineno":469}
{"timestamp":"2026-04-09T12:55:23.089340Z","level":"warning","event":"The `airflow.operators.python.PythonOperator` attribute is deprecated. Please use `'airflow.providers.standard.operators.python.PythonOperator'`.","category":"UserWarning","filename":"/opt/airflow/dags/retrieve_speed_bands.py","lineno":2,"logger":"py.warnings"}
{"timestamp":"2026-04-09T12:55:53.272251Z","level":"info","event":"Filling up the DagBag from /opt/airflow/dags/retrieve_speed_bands.py","logger":"airflow.dag_processing.dagbag.BundleDagBag","filename":"dagbag.py","lineno":469}
{"timestamp":"2026-04-09T12:55:53.555806Z","level":"warning","event":"The `airflow.operators.python.PythonOperator` attribute is deprecated. Please use `'airflow.providers.standard.operators.python.PythonOperator'`.","category":"UserWarning","filename":"/opt/airflow/dags/retrieve_speed_bands.py","lineno":2,"logger":"py.warnings"}
{"timestamp":"2026-04-09T12:56:23.709414Z","level":"info","event":"Filling up the DagBag from /opt/airflow/dags/retrieve_speed_bands.py","logger":"airflow.dag_processing.dagbag.BundleDagBag","filename":"dagbag.py","lineno":469}
{"timestamp":"2026-04-09T12:56:23.992002Z","level":"warning","event":"The `airflow.operators.python.PythonOperator` attribute is deprecated. Please use `'airflow.providers.standard.operators.python.PythonOperator'`.","category":"UserWarning","filename":"/opt/airflow/dags/retrieve_speed_bands.py","lineno":2,"logger":"py.warnings"}
{"timestamp":"2026-04-09T12:56:54.181407Z","level":"info","event":"Filling up the DagBag from /opt/airflow/dags/retrieve_speed_bands.py","logger":"airflow.dag_processing.dagbag.BundleDagBag","filename":"dagbag.py","lineno":469}
{"timestamp":"2026-04-09T12:56:54.482147Z","level":"warning","event":"The `airflow.operators.python.PythonOperator` attribute is deprecated. Please use `'airflow.providers.standard.operators.python.PythonOperator'`.","category":"UserWarning","filename":"/opt/airflow/dags/retrieve_speed_bands.py","lineno":2,"logger":"py.warnings"}
{"timestamp":"2026-04-09T12:57:24.554196Z","level":"info","event":"Filling up the DagBag from /opt/airflow/dags/retrieve_speed_bands.py","logger":"airflow.dag_processing.dagbag.BundleDagBag","filename":"dagbag.py","lineno":469}
{"timestamp":"2026-04-09T12:57:24.884612Z","level":"warning","event":"The `airflow.operators.python.PythonOperator` attribute is deprecated. Please use `'airflow.providers.standard.operators.python.PythonOperator'`.","category":"UserWarning","filename":"/opt/airflow/dags/retrieve_speed_bands.py","lineno":2,"logger":"py.warnings"}
{"timestamp":"2026-04-09T12:57:54.991919Z","level":"info","event":"Filling up the DagBag from /opt/airflow/dags/retrieve_speed_bands.py","logger":"airflow.dag_processing.dagbag.BundleDagBag","filename":"dagbag.py","lineno":469}
{"timestamp":"2026-04-09T12:57:55.281030Z","level":"warning","event":"The `airflow.operators.python.PythonOperator` attribute is deprecated. Please use `'airflow.providers.standard.operators.python.PythonOperator'`.","category":"UserWarning","filename":"/opt/airflow/dags/retrieve_speed_bands.py","lineno":2,"logger":"py.warnings"}
{"timestamp":"2026-04-09T12:58:25.418232Z","level":"info","event":"Filling up the DagBag from /opt/airflow/dags/retrieve_speed_bands.py","logger":"airflow.dag_processing.dagbag.BundleDagBag","filename":"dagbag.py","lineno":469}
{"timestamp":"2026-04-09T12:58:25.725658Z","level":"warning","event":"The `airflow.operators.python.PythonOperator` attribute is deprecated. Please use `'airflow.providers.standard.operators.python.PythonOperator'`.","category":"UserWarning","filename":"/opt/airflow/dags/retrieve_speed_bands.py","lineno":2,"logger":"py.warnings"}
{"timestamp":"2026-04-09T12:58:55.801119Z","level":"info","event":"Filling up the DagBag from /opt/airflow/dags/retrieve_speed_bands.py","logger":"airflow.dag_processing.dagbag.BundleDagBag","filename":"dagbag.py","lineno":469}
{"timestamp":"2026-04-09T12:58:56.094193Z","level":"warning","event":"The `airflow.operators.python.PythonOperator` attribute is deprecated. Please use `'airflow.providers.standard.operators.python.PythonOperator'`.","category":"UserWarning","filename":"/opt/airflow/dags/retrieve_speed_bands.py","lineno":2,"logger":"py.warnings"}
{"timestamp":"2026-04-09T12:59:26.266865Z","level":"info","event":"Filling up the DagBag from /opt/airflow/dags/retrieve_speed_bands.py","logger":"airflow.dag_processing.dagbag.BundleDagBag","filename":"dagbag.py","lineno":469}
{"timestamp":"2026-04-09T12:59:26.618577Z","level":"warning","event":"The `airflow.operators.python.PythonOperator` attribute is deprecated. Please use `'airflow.providers.standard.operators.python.PythonOperator'`.","category":"UserWarning","filename":"/opt/airflow/dags/retrieve_speed_bands.py","lineno":2,"logger":"py.warnings"}
{"timestamp":"2026-04-09T12:59:56.916027Z","level":"info","event":"Filling up the DagBag from /opt/airflow/dags/retrieve_speed_bands.py","logger":"airflow.dag_processing.dagbag.BundleDagBag","filename":"dagbag.py","lineno":469}
{"timestamp":"2026-04-09T12:59:57.217304Z","level":"warning","event":"The `airflow.operators.python.PythonOperator` attribute is deprecated. Please use `'airflow.providers.standard.operators.python.PythonOperator'`.","category":"UserWarning","filename":"/opt/airflow/dags/retrieve_speed_bands.py","lineno":2,"logger":"py.warnings"}
{"timestamp":"2026-04-09T13:00:27.536378Z","level":"info","event":"Filling up the DagBag from /opt/airflow/dags/retrieve_speed_bands.py","logger":"airflow.dag_processing.dagbag.BundleDagBag","filename":"dagbag.py","lineno":469}
{"timestamp":"2026-04-09T13:00:27.896978Z","level":"warning","event":"The `airflow.operators.python.PythonOperator` attribute is deprecated. Please use `'airflow.providers.standard.operators.python.PythonOperator'`.","category":"UserWarning","filename":"/opt/airflow/dags/retrieve_speed_bands.py","lineno":2,"logger":"py.warnings"}
{"timestamp":"2026-04-09T13:00:58.001624Z","level":"info","event":"Filling up the DagBag from /opt/airflow/dags/retrieve_speed_bands.py","logger":"airflow.dag_processing.dagbag.BundleDagBag","filename":"dagbag.py","lineno":469}
{"timestamp":"2026-04-09T13:00:58.297380Z","level":"warning","event":"The `airflow.operators.python.PythonOperator` attribute is deprecated. Please use `'airflow.providers.standard.operators.python.PythonOperator'`.","category":"UserWarning","filename":"/opt/airflow/dags/retrieve_speed_bands.py","lineno":2,"logger":"py.warnings"}
{"timestamp":"2026-04-09T13:01:28.508560Z","level":"info","event":"Filling up the DagBag from /opt/airflow/dags/retrieve_speed_bands.py","logger":"airflow.dag_processing.dagbag.BundleDagBag","filename":"dagbag.py","lineno":469}
{"timestamp":"2026-04-09T13:01:28.860531Z","level":"warning","event":"The `airflow.operators.python.PythonOperator` attribute is deprecated. Please use `'airflow.providers.standard.operators.python.PythonOperator'`.","category":"UserWarning","filename":"/opt/airflow/dags/retrieve_speed_bands.py","lineno":2,"logger":"py.warnings"}
{"timestamp":"2026-04-09T13:01:59.045781Z","level":"info","event":"Filling up the DagBag from /opt/airflow/dags/retrieve_speed_bands.py","logger":"airflow.dag_processing.dagbag.BundleDagBag","filename":"dagbag.py","lineno":469}
{"timestamp":"2026-04-09T13:01:59.327303Z","level":"warning","event":"The `airflow.operators.python.PythonOperator` attribute is deprecated. Please use `'airflow.providers.standard.operators.python.PythonOperator'`.","category":"UserWarning","filename":"/opt/airflow/dags/retrieve_speed_bands.py","lineno":2,"logger":"py.warnings"}
{"timestamp":"2026-04-09T13:02:29.559865Z","level":"info","event":"Filling up the DagBag from /opt/airflow/dags/retrieve_speed_bands.py","logger":"airflow.dag_processing.dagbag.BundleDagBag","filename":"dagbag.py","lineno":469}
{"timestamp":"2026-04-09T13:02:29.873047Z","level":"warning","event":"The `airflow.operators.python.PythonOperator` attribute is deprecated. Please use `'airflow.providers.standard.operators.python.PythonOperator'`.","category":"UserWarning","filename":"/opt/airflow/dags/retrieve_speed_bands.py","lineno":2,"logger":"py.warnings"}
{"timestamp":"2026-04-09T13:03:00.048379Z","level":"info","event":"Filling up the DagBag from /opt/airflow/dags/retrieve_speed_bands.py","logger":"airflow.dag_processing.dagbag.BundleDagBag","filename":"dagbag.py","lineno":469}
{"timestamp":"2026-04-09T13:03:00.384697Z","level":"warning","event":"The `airflow.operators.python.PythonOperator` attribute is deprecated. Please use `'airflow.providers.standard.operators.python.PythonOperator'`.","category":"UserWarning","filename":"/opt/airflow/dags/retrieve_speed_bands.py","lineno":2,"logger":"py.warnings"}
{"timestamp":"2026-04-09T13:03:30.599583Z","level":"info","event":"Filling up the DagBag from /opt/airflow/dags/retrieve_speed_bands.py","logger":"airflow.dag_processing.dagbag.BundleDagBag","filename":"dagbag.py","lineno":469}
{"timestamp":"2026-04-09T13:03:30.863081Z","level":"warning","event":"The `airflow.operators.python.PythonOperator` attribute is deprecated. Please use `'airflow.providers.standard.operators.python.PythonOperator'`.","category":"UserWarning","filename":"/opt/airflow/dags/retrieve_speed_bands.py","lineno":2,"logger":"py.warnings"}
{"timestamp":"2026-04-09T13:04:01.070895Z","level":"info","event":"Filling up the DagBag from /opt/airflow/dags/retrieve_speed_bands.py","logger":"airflow.dag_processing.dagbag.BundleDagBag","filename":"dagbag.py","lineno":469}
{"timestamp":"2026-04-09T13:04:01.345487Z","level":"warning","event":"The `airflow.operators.python.PythonOperator` attribute is deprecated. Please use `'airflow.providers.standard.operators.python.PythonOperator'`.","category":"UserWarning","filename":"/opt/airflow/dags/retrieve_speed_bands.py","lineno":2,"logger":"py.warnings"}
{"timestamp":"2026-04-09T13:04:31.556579Z","level":"info","event":"Filling up the DagBag from /opt/airflow/dags/retrieve_speed_bands.py","logger":"airflow.dag_processing.dagbag.BundleDagBag","filename":"dagbag.py","lineno":469}
{"timestamp":"2026-04-09T13:04:31.888029Z","level":"warning","event":"The `airflow.operators.python.PythonOperator` attribute is deprecated. Please use `'airflow.providers.standard.operators.python.PythonOperator'`.","category":"UserWarning","filename":"/opt/airflow/dags/retrieve_speed_bands.py","lineno":2,"logger":"py.warnings"}
{"timestamp":"2026-04-09T13:05:02.212309Z","level":"info","event":"Filling up the DagBag from /opt/airflow/dags/retrieve_speed_bands.py","logger":"airflow.dag_processing.dagbag.BundleDagBag","filename":"dagbag.py","lineno":469}
{"timestamp":"2026-04-09T13:05:02.543728Z","level":"warning","event":"The `airflow.operators.python.PythonOperator` attribute is deprecated. Please use `'airflow.providers.standard.operators.python.PythonOperator'`.","category":"UserWarning","filename":"/opt/airflow/dags/retrieve_speed_bands.py","lineno":2,"logger":"py.warnings"}
{"timestamp":"2026-04-09T13:05:32.844636Z","level":"info","event":"Filling up the DagBag from /opt/airflow/dags/retrieve_speed_bands.py","logger":"airflow.dag_processing.dagbag.BundleDagBag","filename":"dagbag.py","lineno":469}
{"timestamp":"2026-04-09T13:05:33.130300Z","level":"warning","event":"The `airflow.operators.python.PythonOperator` attribute is deprecated. Please use `'airflow.providers.standard.operators.python.PythonOperator'`.","category":"UserWarning","filename":"/opt/airflow/dags/retrieve_speed_bands.py","lineno":2,"logger":"py.warnings"}
{"timestamp":"2026-04-09T13:06:03.330169Z","level":"info","event":"Filling up the DagBag from /opt/airflow/dags/retrieve_speed_bands.py","logger":"airflow.dag_processing.dagbag.BundleDagBag","filename":"dagbag.py","lineno":469}
{"timestamp":"2026-04-09T13:06:03.686577Z","level":"warning","event":"The `airflow.operators.python.PythonOperator` attribute is deprecated. Please use `'airflow.providers.standard.operators.python.PythonOperator'`.","category":"UserWarning","filename":"/opt/airflow/dags/retrieve_speed_bands.py","lineno":2,"logger":"py.warnings"}
{"timestamp":"2026-04-09T13:14:33.696874Z","level":"info","event":"Filling up the DagBag from /opt/airflow/dags/retrieve_speed_bands.py","logger":"airflow.models.dagbag.BundleDagBag","filename":"dagbag.py","lineno":593}
{"timestamp":"2026-04-09T13:14:34.145248Z","level":"warning","event":"The `airflow.operators.python.PythonOperator` attribute is deprecated. Please use `'airflow.providers.standard.operators.python.PythonOperator'`.","category":"DeprecatedImportWarning","filename":"/opt/airflow/dags/retrieve_speed_bands.py","lineno":2,"logger":"py.warnings"}
{"timestamp":"2026-04-09T13:15:04.550246Z","level":"info","event":"Filling up the DagBag from /opt/airflow/dags/retrieve_speed_bands.py","logger":"airflow.models.dagbag.BundleDagBag","filename":"dagbag.py","lineno":593}
{"timestamp":"2026-04-09T13:15:04.766629Z","level":"warning","event":"The `airflow.operators.python.PythonOperator` attribute is deprecated. Please use `'airflow.providers.standard.operators.python.PythonOperator'`.","category":"DeprecatedImportWarning","filename":"/opt/airflow/dags/retrieve_speed_bands.py","lineno":2,"logger":"py.warnings"}
{"timestamp":"2026-04-09T13:15:36.304366Z","level":"info","event":"Filling up the DagBag from /opt/airflow/dags/retrieve_speed_bands.py","logger":"airflow.models.dagbag.BundleDagBag","filename":"dagbag.py","lineno":593}
{"timestamp":"2026-04-09T13:15:36.587865Z","level":"warning","event":"The `airflow.operators.python.PythonOperator` attribute is deprecated. Please use `'airflow.providers.standard.operators.python.PythonOperator'`.","category":"DeprecatedImportWarning","filename":"/opt/airflow/dags/retrieve_speed_bands.py","lineno":2,"logger":"py.warnings"}
{"timestamp":"2026-04-09T13:16:07.577221Z","level":"info","event":"Filling up the DagBag from /opt/airflow/dags/retrieve_speed_bands.py","logger":"airflow.models.dagbag.BundleDagBag","filename":"dagbag.py","lineno":593}
{"timestamp":"2026-04-09T13:16:07.867362Z","level":"warning","event":"The `airflow.operators.python.PythonOperator` attribute is deprecated. Please use `'airflow.providers.standard.operators.python.PythonOperator'`.","category":"DeprecatedImportWarning","filename":"/opt/airflow/dags/retrieve_speed_bands.py","lineno":2,"logger":"py.warnings"}
{"timestamp":"2026-04-09T13:16:38.862378Z","level":"info","event":"Filling up the DagBag from /opt/airflow/dags/retrieve_speed_bands.py","logger":"airflow.models.dagbag.BundleDagBag","filename":"dagbag.py","lineno":593}
{"timestamp":"2026-04-09T13:16:39.094464Z","level":"warning","event":"The `airflow.operators.python.PythonOperator` attribute is deprecated. Please use `'airflow.providers.standard.operators.python.PythonOperator'`.","category":"DeprecatedImportWarning","filename":"/opt/airflow/dags/retrieve_speed_bands.py","lineno":2,"logger":"py.warnings"}
{"timestamp":"2026-04-09T13:17:10.004601Z","level":"info","event":"Filling up the DagBag from /opt/airflow/dags/retrieve_speed_bands.py","logger":"airflow.models.dagbag.BundleDagBag","filename":"dagbag.py","lineno":593}
{"timestamp":"2026-04-09T13:17:10.238206Z","level":"warning","event":"The `airflow.operators.python.PythonOperator` attribute is deprecated. Please use `'airflow.providers.standard.operators.python.PythonOperator'`.","category":"DeprecatedImportWarning","filename":"/opt/airflow/dags/retrieve_speed_bands.py","lineno":2,"logger":"py.warnings"}
{"timestamp":"2026-04-09T13:17:41.101094Z","level":"info","event":"Filling up the DagBag from /opt/airflow/dags/retrieve_speed_bands.py","logger":"airflow.models.dagbag.BundleDagBag","filename":"dagbag.py","lineno":593}
{"timestamp":"2026-04-09T13:17:41.353182Z","level":"warning","event":"The `airflow.operators.python.PythonOperator` attribute is deprecated. Please use `'airflow.providers.standard.operators.python.PythonOperator'`.","category":"DeprecatedImportWarning","filename":"/opt/airflow/dags/retrieve_speed_bands.py","lineno":2,"logger":"py.warnings"}
{"timestamp":"2026-04-09T13:18:12.256559Z","level":"info","event":"Filling up the DagBag from /opt/airflow/dags/retrieve_speed_bands.py","logger":"airflow.models.dagbag.BundleDagBag","filename":"dagbag.py","lineno":593}
{"timestamp":"2026-04-09T13:18:12.440238Z","level":"warning","event":"The `airflow.operators.python.PythonOperator` attribute is deprecated. Please use `'airflow.providers.standard.operators.python.PythonOperator'`.","category":"DeprecatedImportWarning","filename":"/opt/airflow/dags/retrieve_speed_bands.py","lineno":2,"logger":"py.warnings"}
{"timestamp":"2026-04-09T13:18:43.412592Z","level":"info","event":"Filling up the DagBag from /opt/airflow/dags/retrieve_speed_bands.py","logger":"airflow.models.dagbag.BundleDagBag","filename":"dagbag.py","lineno":593}
{"timestamp":"2026-04-09T13:18:43.625018Z","level":"warning","event":"The `airflow.operators.python.PythonOperator` attribute is deprecated. Please use `'airflow.providers.standard.operators.python.PythonOperator'`.","category":"DeprecatedImportWarning","filename":"/opt/airflow/dags/retrieve_speed_bands.py","lineno":2,"logger":"py.warnings"}
{"timestamp":"2026-04-09T13:19:14.582940Z","level":"info","event":"Filling up the DagBag from /opt/airflow/dags/retrieve_speed_bands.py","logger":"airflow.models.dagbag.BundleDagBag","filename":"dagbag.py","lineno":593}
{"timestamp":"2026-04-09T13:19:14.829873Z","level":"warning","event":"The `airflow.operators.python.PythonOperator` attribute is deprecated. Please use `'airflow.providers.standard.operators.python.PythonOperator'`.","category":"DeprecatedImportWarning","filename":"/opt/airflow/dags/retrieve_speed_bands.py","lineno":2,"logger":"py.warnings"}
{"timestamp":"2026-04-09T13:19:45.734250Z","level":"info","event":"Filling up the DagBag from /opt/airflow/dags/retrieve_speed_bands.py","logger":"airflow.models.dagbag.BundleDagBag","filename":"dagbag.py","lineno":593}
{"timestamp":"2026-04-09T13:19:45.965755Z","level":"warning","event":"The `airflow.operators.python.PythonOperator` attribute is deprecated. Please use `'airflow.providers.standard.operators.python.PythonOperator'`.","category":"DeprecatedImportWarning","filename":"/opt/airflow/dags/retrieve_speed_bands.py","lineno":2,"logger":"py.warnings"}
{"timestamp":"2026-04-09T13:20:16.826531Z","level":"info","event":"Filling up the DagBag from /opt/airflow/dags/retrieve_speed_bands.py","logger":"airflow.models.dagbag.BundleDagBag","filename":"dagbag.py","lineno":593}
{"timestamp":"2026-04-09T13:20:17.076370Z","level":"warning","event":"The `airflow.operators.python.PythonOperator` attribute is deprecated. Please use `'airflow.providers.standard.operators.python.PythonOperator'`.","category":"DeprecatedImportWarning","filename":"/opt/airflow/dags/retrieve_speed_bands.py","lineno":2,"logger":"py.warnings"}
{"timestamp":"2026-04-09T13:20:47.910483Z","level":"info","event":"Filling up the DagBag from /opt/airflow/dags/retrieve_speed_bands.py","logger":"airflow.models.dagbag.BundleDagBag","filename":"dagbag.py","lineno":593}
{"timestamp":"2026-04-09T13:20:48.129602Z","level":"warning","event":"The `airflow.operators.python.PythonOperator` attribute is deprecated. Please use `'airflow.providers.standard.operators.python.PythonOperator'`.","category":"DeprecatedImportWarning","filename":"/opt/airflow/dags/retrieve_speed_bands.py","lineno":2,"logger":"py.warnings"}
{"timestamp":"2026-04-09T13:21:18.161751Z","level":"info","event":"Filling up the DagBag from /opt/airflow/dags/retrieve_speed_bands.py","logger":"airflow.models.dagbag.BundleDagBag","filename":"dagbag.py","lineno":593}
{"timestamp":"2026-04-09T13:21:18.461296Z","level":"warning","event":"The `airflow.operators.python.PythonOperator` attribute is deprecated. Please use `'airflow.providers.standard.operators.python.PythonOperator'`.","category":"DeprecatedImportWarning","filename":"/opt/airflow/dags/retrieve_speed_bands.py","lineno":2,"logger":"py.warnings"}
{"timestamp":"2026-04-09T13:21:49.464311Z","level":"info","event":"Filling up the DagBag from /opt/airflow/dags/retrieve_speed_bands.py","logger":"airflow.models.dagbag.BundleDagBag","filename":"dagbag.py","lineno":593}
{"timestamp":"2026-04-09T13:21:49.651808Z","level":"warning","event":"The `airflow.operators.python.PythonOperator` attribute is deprecated. Please use `'airflow.providers.standard.operators.python.PythonOperator'`.","category":"DeprecatedImportWarning","filename":"/opt/airflow/dags/retrieve_speed_bands.py","lineno":2,"logger":"py.warnings"}
{"timestamp":"2026-04-09T13:22:20.615140Z","level":"info","event":"Filling up the DagBag from /opt/airflow/dags/retrieve_speed_bands.py","logger":"airflow.models.dagbag.BundleDagBag","filename":"dagbag.py","lineno":593}
{"timestamp":"2026-04-09T13:22:20.824002Z","level":"warning","event":"The `airflow.operators.python.PythonOperator` attribute is deprecated. Please use `'airflow.providers.standard.operators.python.PythonOperator'`.","category":"DeprecatedImportWarning","filename":"/opt/airflow/dags/retrieve_speed_bands.py","lineno":2,"logger":"py.warnings"}
{"timestamp":"2026-04-09T13:22:51.841674Z","level":"info","event":"Filling up the DagBag from /opt/airflow/dags/retrieve_speed_bands.py","logger":"airflow.models.dagbag.BundleDagBag","filename":"dagbag.py","lineno":593}
{"timestamp":"2026-04-09T13:22:52.080121Z","level":"warning","event":"The `airflow.operators.python.PythonOperator` attribute is deprecated. Please use `'airflow.providers.standard.operators.python.PythonOperator'`.","category":"DeprecatedImportWarning","filename":"/opt/airflow/dags/retrieve_speed_bands.py","lineno":2,"logger":"py.warnings"}
{"timestamp":"2026-04-09T13:23:22.239760Z","level":"info","event":"Filling up the DagBag from /opt/airflow/dags/retrieve_speed_bands.py","logger":"airflow.models.dagbag.BundleDagBag","filename":"dagbag.py","lineno":593}
{"timestamp":"2026-04-09T13:23:22.494289Z","level":"warning","event":"The `airflow.operators.python.PythonOperator` attribute is deprecated. Please use `'airflow.providers.standard.operators.python.PythonOperator'`.","category":"DeprecatedImportWarning","filename":"/opt/airflow/dags/retrieve_speed_bands.py","lineno":2,"logger":"py.warnings"}
{"timestamp":"2026-04-09T13:23:53.531112Z","level":"info","event":"Filling up the DagBag from /opt/airflow/dags/retrieve_speed_bands.py","logger":"airflow.models.dagbag.BundleDagBag","filename":"dagbag.py","lineno":593}
{"timestamp":"2026-04-09T13:23:53.758892Z","level":"warning","event":"The `airflow.operators.python.PythonOperator` attribute is deprecated. Please use `'airflow.providers.standard.operators.python.PythonOperator'`.","category":"DeprecatedImportWarning","filename":"/opt/airflow/dags/retrieve_speed_bands.py","lineno":2,"logger":"py.warnings"}
{"timestamp":"2026-04-09T13:24:23.833165Z","level":"info","event":"Filling up the DagBag from /opt/airflow/dags/retrieve_speed_bands.py","logger":"airflow.models.dagbag.BundleDagBag","filename":"dagbag.py","lineno":593}
{"timestamp":"2026-04-09T13:24:24.071016Z","level":"warning","event":"The `airflow.operators.python.PythonOperator` attribute is deprecated. Please use `'airflow.providers.standard.operators.python.PythonOperator'`.","category":"DeprecatedImportWarning","filename":"/opt/airflow/dags/retrieve_speed_bands.py","lineno":2,"logger":"py.warnings"}
{"timestamp":"2026-04-09T13:24:55.012707Z","level":"info","event":"Filling up the DagBag from /opt/airflow/dags/retrieve_speed_bands.py","logger":"airflow.models.dagbag.BundleDagBag","filename":"dagbag.py","lineno":593}
{"timestamp":"2026-04-09T13:24:55.206489Z","level":"warning","event":"The `airflow.operators.python.PythonOperator` attribute is deprecated. Please use `'airflow.providers.standard.operators.python.PythonOperator'`.","category":"DeprecatedImportWarning","filename":"/opt/airflow/dags/retrieve_speed_bands.py","lineno":2,"logger":"py.warnings"}
{"timestamp":"2026-04-09T13:25:26.167689Z","level":"info","event":"Filling up the DagBag from /opt/airflow/dags/retrieve_speed_bands.py","logger":"airflow.models.dagbag.BundleDagBag","filename":"dagbag.py","lineno":593}
{"timestamp":"2026-04-09T13:25:26.374972Z","level":"warning","event":"The `airflow.operators.python.PythonOperator` attribute is deprecated. Please use `'airflow.providers.standard.operators.python.PythonOperator'`.","category":"DeprecatedImportWarning","filename":"/opt/airflow/dags/retrieve_speed_bands.py","lineno":2,"logger":"py.warnings"}
{"timestamp":"2026-04-09T13:25:57.367727Z","level":"info","event":"Filling up the DagBag from /opt/airflow/dags/retrieve_speed_bands.py","logger":"airflow.models.dagbag.BundleDagBag","filename":"dagbag.py","lineno":593}
{"timestamp":"2026-04-09T13:25:57.581043Z","level":"warning","event":"The `airflow.operators.python.PythonOperator` attribute is deprecated. Please use `'airflow.providers.standard.operators.python.PythonOperator'`.","category":"DeprecatedImportWarning","filename":"/opt/airflow/dags/retrieve_speed_bands.py","lineno":2,"logger":"py.warnings"}
{"timestamp":"2026-04-09T13:26:28.586509Z","level":"info","event":"Filling up the DagBag from /opt/airflow/dags/retrieve_speed_bands.py","logger":"airflow.models.dagbag.BundleDagBag","filename":"dagbag.py","lineno":593}
{"timestamp":"2026-04-09T13:26:28.796786Z","level":"warning","event":"The `airflow.operators.python.PythonOperator` attribute is deprecated. Please use `'airflow.providers.standard.operators.python.PythonOperator'`.","category":"DeprecatedImportWarning","filename":"/opt/airflow/dags/retrieve_speed_bands.py","lineno":2,"logger":"py.warnings"}
{"timestamp":"2026-04-09T13:26:59.776907Z","level":"info","event":"Filling up the DagBag from /opt/airflow/dags/retrieve_speed_bands.py","logger":"airflow.models.dagbag.BundleDagBag","filename":"dagbag.py","lineno":593}
{"timestamp":"2026-04-09T13:27:00.036095Z","level":"warning","event":"The `airflow.operators.python.PythonOperator` attribute is deprecated. Please use `'airflow.providers.standard.operators.python.PythonOperator'`.","category":"DeprecatedImportWarning","filename":"/opt/airflow/dags/retrieve_speed_bands.py","lineno":2,"logger":"py.warnings"}
{"timestamp":"2026-04-09T13:27:30.879074Z","level":"info","event":"Filling up the DagBag from /opt/airflow/dags/retrieve_speed_bands.py","logger":"airflow.models.dagbag.BundleDagBag","filename":"dagbag.py","lineno":593}
{"timestamp":"2026-04-09T13:27:31.088205Z","level":"warning","event":"The `airflow.operators.python.PythonOperator` attribute is deprecated. Please use `'airflow.providers.standard.operators.python.PythonOperator'`.","category":"DeprecatedImportWarning","filename":"/opt/airflow/dags/retrieve_speed_bands.py","lineno":2,"logger":"py.warnings"}
{"timestamp":"2026-04-09T13:28:01.985960Z","level":"info","event":"Filling up the DagBag from /opt/airflow/dags/retrieve_speed_bands.py","logger":"airflow.models.dagbag.BundleDagBag","filename":"dagbag.py","lineno":593}
{"timestamp":"2026-04-09T13:28:02.188130Z","level":"warning","event":"The `airflow.operators.python.PythonOperator` attribute is deprecated. Please use `'airflow.providers.standard.operators.python.PythonOperator'`.","category":"DeprecatedImportWarning","filename":"/opt/airflow/dags/retrieve_speed_bands.py","lineno":2,"logger":"py.warnings"}
{"timestamp":"2026-04-09T13:28:33.071546Z","level":"info","event":"Filling up the DagBag from /opt/airflow/dags/retrieve_speed_bands.py","logger":"airflow.models.dagbag.BundleDagBag","filename":"dagbag.py","lineno":593}
{"timestamp":"2026-04-09T13:28:33.276115Z","level":"warning","event":"The `airflow.operators.python.PythonOperator` attribute is deprecated. Please use `'airflow.providers.standard.operators.python.PythonOperator'`.","category":"DeprecatedImportWarning","filename":"/opt/airflow/dags/retrieve_speed_bands.py","lineno":2,"logger":"py.warnings"}
{"timestamp":"2026-04-09T13:29:04.349433Z","level":"info","event":"Filling up the DagBag from /opt/airflow/dags/retrieve_speed_bands.py","logger":"airflow.models.dagbag.BundleDagBag","filename":"dagbag.py","lineno":593}
{"timestamp":"2026-04-09T13:29:04.693327Z","level":"warning","event":"The `airflow.operators.python.PythonOperator` attribute is deprecated. Please use `'airflow.providers.standard.operators.python.PythonOperator'`.","category":"DeprecatedImportWarning","filename":"/opt/airflow/dags/retrieve_speed_bands.py","lineno":2,"logger":"py.warnings"}
{"timestamp":"2026-04-09T13:29:34.887686Z","level":"info","event":"Filling up the DagBag from /opt/airflow/dags/retrieve_speed_bands.py","logger":"airflow.models.dagbag.BundleDagBag","filename":"dagbag.py","lineno":593}
{"timestamp":"2026-04-09T13:29:35.169103Z","level":"warning","event":"The `airflow.operators.python.PythonOperator` attribute is deprecated. Please use `'airflow.providers.standard.operators.python.PythonOperator'`.","category":"DeprecatedImportWarning","filename":"/opt/airflow/dags/retrieve_speed_bands.py","lineno":2,"logger":"py.warnings"}
{"timestamp":"2026-04-09T13:30:05.361258Z","level":"info","event":"Filling up the DagBag from /opt/airflow/dags/retrieve_speed_bands.py","logger":"airflow.models.dagbag.BundleDagBag","filename":"dagbag.py","lineno":593}
{"timestamp":"2026-04-09T13:30:05.573896Z","level":"warning","event":"The `airflow.operators.python.PythonOperator` attribute is deprecated. Please use `'airflow.providers.standard.operators.python.PythonOperator'`.","category":"DeprecatedImportWarning","filename":"/opt/airflow/dags/retrieve_speed_bands.py","lineno":2,"logger":"py.warnings"}
{"timestamp":"2026-04-09T13:30:35.706073Z","level":"info","event":"Filling up the DagBag from /opt/airflow/dags/retrieve_speed_bands.py","logger":"airflow.models.dagbag.BundleDagBag","filename":"dagbag.py","lineno":593}
{"timestamp":"2026-04-09T13:30:35.920136Z","level":"warning","event":"The `airflow.operators.python.PythonOperator` attribute is deprecated. Please use `'airflow.providers.standard.operators.python.PythonOperator'`.","category":"DeprecatedImportWarning","filename":"/opt/airflow/dags/retrieve_speed_bands.py","lineno":2,"logger":"py.warnings"}
{"timestamp":"2026-04-09T13:31:06.030978Z","level":"info","event":"Filling up the DagBag from /opt/airflow/dags/retrieve_speed_bands.py","logger":"airflow.models.dagbag.BundleDagBag","filename":"dagbag.py","lineno":593}
{"timestamp":"2026-04-09T13:31:06.237947Z","level":"warning","event":"The `airflow.operators.python.PythonOperator` attribute is deprecated. Please use `'airflow.providers.standard.operators.python.PythonOperator'`.","category":"DeprecatedImportWarning","filename":"/opt/airflow/dags/retrieve_speed_bands.py","lineno":2,"logger":"py.warnings"}
{"timestamp":"2026-04-09T13:31:36.359250Z","level":"info","event":"Filling up the DagBag from /opt/airflow/dags/retrieve_speed_bands.py","logger":"airflow.models.dagbag.BundleDagBag","filename":"dagbag.py","lineno":593}
{"timestamp":"2026-04-09T13:31:36.591952Z","level":"warning","event":"The `airflow.operators.python.PythonOperator` attribute is deprecated. Please use `'airflow.providers.standard.operators.python.PythonOperator'`.","category":"DeprecatedImportWarning","filename":"/opt/airflow/dags/retrieve_speed_bands.py","lineno":2,"logger":"py.warnings"}
{"timestamp":"2026-04-09T13:32:06.665186Z","level":"info","event":"Filling up the DagBag from /opt/airflow/dags/retrieve_speed_bands.py","logger":"airflow.models.dagbag.BundleDagBag","filename":"dagbag.py","lineno":593}
{"timestamp":"2026-04-09T13:32:06.849230Z","level":"warning","event":"The `airflow.operators.python.PythonOperator` attribute is deprecated. Please use `'airflow.providers.standard.operators.python.PythonOperator'`.","category":"DeprecatedImportWarning","filename":"/opt/airflow/dags/retrieve_speed_bands.py","lineno":2,"logger":"py.warnings"}
{"timestamp":"2026-04-09T13:32:37.751543Z","level":"info","event":"Filling up the DagBag from /opt/airflow/dags/retrieve_speed_bands.py","logger":"airflow.models.dagbag.BundleDagBag","filename":"dagbag.py","lineno":593}
{"timestamp":"2026-04-09T13:32:38.005399Z","level":"warning","event":"The `airflow.operators.python.PythonOperator` attribute is deprecated. Please use `'airflow.providers.standard.operators.python.PythonOperator'`.","category":"DeprecatedImportWarning","filename":"/opt/airflow/dags/retrieve_speed_bands.py","lineno":2,"logger":"py.warnings"}
{"timestamp":"2026-04-09T13:33:08.058032Z","level":"info","event":"Filling up the DagBag from /opt/airflow/dags/retrieve_speed_bands.py","logger":"airflow.models.dagbag.BundleDagBag","filename":"dagbag.py","lineno":593}
{"timestamp":"2026-04-09T13:33:08.324026Z","level":"warning","event":"The `airflow.operators.python.PythonOperator` attribute is deprecated. Please use `'airflow.providers.standard.operators.python.PythonOperator'`.","category":"DeprecatedImportWarning","filename":"/opt/airflow/dags/retrieve_speed_bands.py","lineno":2,"logger":"py.warnings"}
{"timestamp":"2026-04-09T13:33:39.477330Z","level":"info","event":"Filling up the DagBag from /opt/airflow/dags/retrieve_speed_bands.py","logger":"airflow.models.dagbag.BundleDagBag","filename":"dagbag.py","lineno":593}
{"timestamp":"2026-04-09T13:33:39.697511Z","level":"warning","event":"The `airflow.operators.python.PythonOperator` attribute is deprecated. Please use `'airflow.providers.standard.operators.python.PythonOperator'`.","category":"DeprecatedImportWarning","filename":"/opt/airflow/dags/retrieve_speed_bands.py","lineno":2,"logger":"py.warnings"}
{"timestamp":"2026-04-09T13:34:09.877955Z","level":"info","event":"Filling up the DagBag from /opt/airflow/dags/retrieve_speed_bands.py","logger":"airflow.models.dagbag.BundleDagBag","filename":"dagbag.py","lineno":593}
{"timestamp":"2026-04-09T13:34:10.140147Z","level":"warning","event":"The `airflow.operators.python.PythonOperator` attribute is deprecated. Please use `'airflow.providers.standard.operators.python.PythonOperator'`.","category":"DeprecatedImportWarning","filename":"/opt/airflow/dags/retrieve_speed_bands.py","lineno":2,"logger":"py.warnings"}
{"timestamp":"2026-04-09T13:34:40.196136Z","level":"info","event":"Filling up the DagBag from /opt/airflow/dags/retrieve_speed_bands.py","logger":"airflow.models.dagbag.BundleDagBag","filename":"dagbag.py","lineno":593}
{"timestamp":"2026-04-09T13:34:40.435211Z","level":"warning","event":"The `airflow.operators.python.PythonOperator` attribute is deprecated. Please use `'airflow.providers.standard.operators.python.PythonOperator'`.","category":"DeprecatedImportWarning","filename":"/opt/airflow/dags/retrieve_speed_bands.py","lineno":2,"logger":"py.warnings"}
{"timestamp":"2026-04-09T13:35:11.437789Z","level":"info","event":"Filling up the DagBag from /opt/airflow/dags/retrieve_speed_bands.py","logger":"airflow.models.dagbag.BundleDagBag","filename":"dagbag.py","lineno":593}
{"timestamp":"2026-04-09T13:35:11.654351Z","level":"warning","event":"The `airflow.operators.python.PythonOperator` attribute is deprecated. Please use `'airflow.providers.standard.operators.python.PythonOperator'`.","category":"DeprecatedImportWarning","filename":"/opt/airflow/dags/retrieve_speed_bands.py","lineno":2,"logger":"py.warnings"}
{"timestamp":"2026-04-09T13:35:42.661899Z","level":"info","event":"Filling up the DagBag from /opt/airflow/dags/retrieve_speed_bands.py","logger":"airflow.models.dagbag.BundleDagBag","filename":"dagbag.py","lineno":593}
{"timestamp":"2026-04-09T13:35:42.894586Z","level":"warning","event":"The `airflow.operators.python.PythonOperator` attribute is deprecated. Please use `'airflow.providers.standard.operators.python.PythonOperator'`.","category":"DeprecatedImportWarning","filename":"/opt/airflow/dags/retrieve_speed_bands.py","lineno":2,"logger":"py.warnings"}
{"timestamp":"2026-04-09T13:36:13.866368Z","level":"info","event":"Filling up the DagBag from /opt/airflow/dags/retrieve_speed_bands.py","logger":"airflow.models.dagbag.BundleDagBag","filename":"dagbag.py","lineno":593}
{"timestamp":"2026-04-09T13:36:14.095984Z","level":"warning","event":"The `airflow.operators.python.PythonOperator` attribute is deprecated. Please use `'airflow.providers.standard.operators.python.PythonOperator'`.","category":"DeprecatedImportWarning","filename":"/opt/airflow/dags/retrieve_speed_bands.py","lineno":2,"logger":"py.warnings"}
{"timestamp":"2026-04-09T13:36:45.110884Z","level":"info","event":"Filling up the DagBag from /opt/airflow/dags/retrieve_speed_bands.py","logger":"airflow.models.dagbag.BundleDagBag","filename":"dagbag.py","lineno":593}
{"timestamp":"2026-04-09T13:36:45.323232Z","level":"warning","event":"The `airflow.operators.python.PythonOperator` attribute is deprecated. Please use `'airflow.providers.standard.operators.python.PythonOperator'`.","category":"DeprecatedImportWarning","filename":"/opt/airflow/dags/retrieve_speed_bands.py","lineno":2,"logger":"py.warnings"}
{"timestamp":"2026-04-09T13:37:16.303944Z","level":"info","event":"Filling up the DagBag from /opt/airflow/dags/retrieve_speed_bands.py","logger":"airflow.models.dagbag.BundleDagBag","filename":"dagbag.py","lineno":593}
{"timestamp":"2026-04-09T13:37:16.523792Z","level":"warning","event":"The `airflow.operators.python.PythonOperator` attribute is deprecated. Please use `'airflow.providers.standard.operators.python.PythonOperator'`.","category":"DeprecatedImportWarning","filename":"/opt/airflow/dags/retrieve_speed_bands.py","lineno":2,"logger":"py.warnings"}
{"timestamp":"2026-04-09T13:37:47.528130Z","level":"info","event":"Filling up the DagBag from /opt/airflow/dags/retrieve_speed_bands.py","logger":"airflow.models.dagbag.BundleDagBag","filename":"dagbag.py","lineno":593}
{"timestamp":"2026-04-09T13:37:47.731646Z","level":"warning","event":"The `airflow.operators.python.PythonOperator` attribute is deprecated. Please use `'airflow.providers.standard.operators.python.PythonOperator'`.","category":"DeprecatedImportWarning","filename":"/opt/airflow/dags/retrieve_speed_bands.py","lineno":2,"logger":"py.warnings"}
{"timestamp":"2026-04-09T13:38:18.816827Z","level":"info","event":"Filling up the DagBag from /opt/airflow/dags/retrieve_speed_bands.py","logger":"airflow.models.dagbag.BundleDagBag","filename":"dagbag.py","lineno":593}
{"timestamp":"2026-04-09T13:38:19.040410Z","level":"warning","event":"The `airflow.operators.python.PythonOperator` attribute is deprecated. Please use `'airflow.providers.standard.operators.python.PythonOperator'`.","category":"DeprecatedImportWarning","filename":"/opt/airflow/dags/retrieve_speed_bands.py","lineno":2,"logger":"py.warnings"}
{"timestamp":"2026-04-09T13:38:50.066260Z","level":"info","event":"Filling up the DagBag from /opt/airflow/dags/retrieve_speed_bands.py","logger":"airflow.models.dagbag.BundleDagBag","filename":"dagbag.py","lineno":593}
{"timestamp":"2026-04-09T13:38:50.273805Z","level":"warning","event":"The `airflow.operators.python.PythonOperator` attribute is deprecated. Please use `'airflow.providers.standard.operators.python.PythonOperator'`.","category":"DeprecatedImportWarning","filename":"/opt/airflow/dags/retrieve_speed_bands.py","lineno":2,"logger":"py.warnings"}
{"timestamp":"2026-04-09T13:39:21.380693Z","level":"info","event":"Filling up the DagBag from /opt/airflow/dags/retrieve_speed_bands.py","logger":"airflow.models.dagbag.BundleDagBag","filename":"dagbag.py","lineno":593}
{"timestamp":"2026-04-09T13:39:21.915234Z","level":"warning","event":"The `airflow.operators.python.PythonOperator` attribute is deprecated. Please use `'airflow.providers.standard.operators.python.PythonOperator'`.","category":"DeprecatedImportWarning","filename":"/opt/airflow/dags/retrieve_speed_bands.py","lineno":2,"logger":"py.warnings"}
{"timestamp":"2026-04-09T13:39:52.828269Z","level":"info","event":"Filling up the DagBag from /opt/airflow/dags/retrieve_speed_bands.py","logger":"airflow.models.dagbag.BundleDagBag","filename":"dagbag.py","lineno":593}
{"timestamp":"2026-04-09T13:39:53.016705Z","level":"warning","event":"The `airflow.operators.python.PythonOperator` attribute is deprecated. Please use `'airflow.providers.standard.operators.python.PythonOperator'`.","category":"DeprecatedImportWarning","filename":"/opt/airflow/dags/retrieve_speed_bands.py","lineno":2,"logger":"py.warnings"}
{"timestamp":"2026-04-09T13:40:23.358581Z","level":"info","event":"Filling up the DagBag from /opt/airflow/dags/retrieve_speed_bands.py","logger":"airflow.models.dagbag.BundleDagBag","filename":"dagbag.py","lineno":593}
{"timestamp":"2026-04-09T13:40:23.582083Z","level":"warning","event":"The `airflow.operators.python.PythonOperator` attribute is deprecated. Please use `'airflow.providers.standard.operators.python.PythonOperator'`.","category":"DeprecatedImportWarning","filename":"/opt/airflow/dags/retrieve_speed_bands.py","lineno":2,"logger":"py.warnings"}
{"timestamp":"2026-04-09T13:40:53.864858Z","level":"info","event":"Filling up the DagBag from /opt/airflow/dags/retrieve_speed_bands.py","logger":"airflow.models.dagbag.BundleDagBag","filename":"dagbag.py","lineno":593}
{"timestamp":"2026-04-09T13:40:54.103477Z","level":"warning","event":"The `airflow.operators.python.PythonOperator` attribute is deprecated. Please use `'airflow.providers.standard.operators.python.PythonOperator'`.","category":"DeprecatedImportWarning","filename":"/opt/airflow/dags/retrieve_speed_bands.py","lineno":2,"logger":"py.warnings"}
{"timestamp":"2026-04-09T13:41:25.349898Z","level":"info","event":"Filling up the DagBag from /opt/airflow/dags/retrieve_speed_bands.py","logger":"airflow.models.dagbag.BundleDagBag","filename":"dagbag.py","lineno":593}
{"timestamp":"2026-04-09T13:41:25.586790Z","level":"warning","event":"The `airflow.operators.python.PythonOperator` attribute is deprecated. Please use `'airflow.providers.standard.operators.python.PythonOperator'`.","category":"DeprecatedImportWarning","filename":"/opt/airflow/dags/retrieve_speed_bands.py","lineno":2,"logger":"py.warnings"}
{"timestamp":"2026-04-09T13:41:55.659771Z","level":"info","event":"Filling up the DagBag from /opt/airflow/dags/retrieve_speed_bands.py","logger":"airflow.models.dagbag.BundleDagBag","filename":"dagbag.py","lineno":593}
{"timestamp":"2026-04-09T13:41:55.861959Z","level":"warning","event":"The `airflow.operators.python.PythonOperator` attribute is deprecated. Please use `'airflow.providers.standard.operators.python.PythonOperator'`.","category":"DeprecatedImportWarning","filename":"/opt/airflow/dags/retrieve_speed_bands.py","lineno":2,"logger":"py.warnings"}
{"timestamp":"2026-04-09T13:42:26.808727Z","level":"info","event":"Filling up the DagBag from /opt/airflow/dags/retrieve_speed_bands.py","logger":"airflow.models.dagbag.BundleDagBag","filename":"dagbag.py","lineno":593}
{"timestamp":"2026-04-09T13:42:26.983460Z","level":"warning","event":"The `airflow.operators.python.PythonOperator` attribute is deprecated. Please use `'airflow.providers.standard.operators.python.PythonOperator'`.","category":"DeprecatedImportWarning","filename":"/opt/airflow/dags/retrieve_speed_bands.py","lineno":2,"logger":"py.warnings"}
{"timestamp":"2026-04-09T13:42:58.006963Z","level":"info","event":"Filling up the DagBag from /opt/airflow/dags/retrieve_speed_bands.py","logger":"airflow.models.dagbag.BundleDagBag","filename":"dagbag.py","lineno":593}
{"timestamp":"2026-04-09T13:42:58.237741Z","level":"warning","event":"The `airflow.operators.python.PythonOperator` attribute is deprecated. Please use `'airflow.providers.standard.operators.python.PythonOperator'`.","category":"DeprecatedImportWarning","filename":"/opt/airflow/dags/retrieve_speed_bands.py","lineno":2,"logger":"py.warnings"}
{"timestamp":"2026-04-09T13:43:29.305085Z","level":"info","event":"Filling up the DagBag from /opt/airflow/dags/retrieve_speed_bands.py","logger":"airflow.models.dagbag.BundleDagBag","filename":"dagbag.py","lineno":593}
{"timestamp":"2026-04-09T13:43:29.565322Z","level":"warning","event":"The `airflow.operators.python.PythonOperator` attribute is deprecated. Please use `'airflow.providers.standard.operators.python.PythonOperator'`.","category":"DeprecatedImportWarning","filename":"/opt/airflow/dags/retrieve_speed_bands.py","lineno":2,"logger":"py.warnings"}
{"timestamp":"2026-04-09T13:43:59.646154Z","level":"info","event":"Filling up the DagBag from /opt/airflow/dags/retrieve_speed_bands.py","logger":"airflow.models.dagbag.BundleDagBag","filename":"dagbag.py","lineno":593}
{"timestamp":"2026-04-09T13:43:59.855377Z","level":"warning","event":"The `airflow.operators.python.PythonOperator` attribute is deprecated. Please use `'airflow.providers.standard.operators.python.PythonOperator'`.","category":"DeprecatedImportWarning","filename":"/opt/airflow/dags/retrieve_speed_bands.py","lineno":2,"logger":"py.warnings"}
{"timestamp":"2026-04-09T13:44:30.192223Z","level":"info","event":"Filling up the DagBag from /opt/airflow/dags/retrieve_speed_bands.py","logger":"airflow.models.dagbag.BundleDagBag","filename":"dagbag.py","lineno":593}
{"timestamp":"2026-04-09T13:44:30.408301Z","level":"warning","event":"The `airflow.operators.python.PythonOperator` attribute is deprecated. Please use `'airflow.providers.standard.operators.python.PythonOperator'`.","category":"DeprecatedImportWarning","filename":"/opt/airflow/dags/retrieve_speed_bands.py","lineno":2,"logger":"py.warnings"}
{"timestamp":"2026-04-09T13:45:00.597327Z","level":"info","event":"Filling up the DagBag from /opt/airflow/dags/retrieve_speed_bands.py","logger":"airflow.models.dagbag.BundleDagBag","filename":"dagbag.py","lineno":593}
{"timestamp":"2026-04-09T13:45:00.815851Z","level":"warning","event":"The `airflow.operators.python.PythonOperator` attribute is deprecated. Please use `'airflow.providers.standard.operators.python.PythonOperator'`.","category":"DeprecatedImportWarning","filename":"/opt/airflow/dags/retrieve_speed_bands.py","lineno":2,"logger":"py.warnings"}
{"timestamp":"2026-04-09T13:45:31.850900Z","level":"info","event":"Filling up the DagBag from /opt/airflow/dags/retrieve_speed_bands.py","logger":"airflow.models.dagbag.BundleDagBag","filename":"dagbag.py","lineno":593}
{"timestamp":"2026-04-09T13:45:32.060089Z","level":"warning","event":"The `airflow.operators.python.PythonOperator` attribute is deprecated. Please use `'airflow.providers.standard.operators.python.PythonOperator'`.","category":"DeprecatedImportWarning","filename":"/opt/airflow/dags/retrieve_speed_bands.py","lineno":2,"logger":"py.warnings"}
{"timestamp":"2026-04-09T13:46:02.927034Z","level":"info","event":"Filling up the DagBag from /opt/airflow/dags/retrieve_speed_bands.py","logger":"airflow.models.dagbag.BundleDagBag","filename":"dagbag.py","lineno":593}
{"timestamp":"2026-04-09T13:46:03.138904Z","level":"warning","event":"The `airflow.operators.python.PythonOperator` attribute is deprecated. Please use `'airflow.providers.standard.operators.python.PythonOperator'`.","category":"DeprecatedImportWarning","filename":"/opt/airflow/dags/retrieve_speed_bands.py","lineno":2,"logger":"py.warnings"}
{"timestamp":"2026-04-09T13:46:34.358312Z","level":"info","event":"Filling up the DagBag from /opt/airflow/dags/retrieve_speed_bands.py","logger":"airflow.models.dagbag.BundleDagBag","filename":"dagbag.py","lineno":593}
{"timestamp":"2026-04-09T13:46:34.624813Z","level":"warning","event":"The `airflow.operators.python.PythonOperator` attribute is deprecated. Please use `'airflow.providers.standard.operators.python.PythonOperator'`.","category":"DeprecatedImportWarning","filename":"/opt/airflow/dags/retrieve_speed_bands.py","lineno":2,"logger":"py.warnings"}
{"timestamp":"2026-04-09T13:47:05.487430Z","level":"info","event":"Filling up the DagBag from /opt/airflow/dags/retrieve_speed_bands.py","logger":"airflow.models.dagbag.BundleDagBag","filename":"dagbag.py","lineno":593}
{"timestamp":"2026-04-09T13:47:05.693626Z","level":"warning","event":"The `airflow.operators.python.PythonOperator` attribute is deprecated. Please use `'airflow.providers.standard.operators.python.PythonOperator'`.","category":"DeprecatedImportWarning","filename":"/opt/airflow/dags/retrieve_speed_bands.py","lineno":2,"logger":"py.warnings"}
{"timestamp":"2026-04-09T13:47:36.615458Z","level":"info","event":"Filling up the DagBag from /opt/airflow/dags/retrieve_speed_bands.py","logger":"airflow.models.dagbag.BundleDagBag","filename":"dagbag.py","lineno":593}
{"timestamp":"2026-04-09T13:47:36.803563Z","level":"warning","event":"The `airflow.operators.python.PythonOperator` attribute is deprecated. Please use `'airflow.providers.standard.operators.python.PythonOperator'`.","category":"DeprecatedImportWarning","filename":"/opt/airflow/dags/retrieve_speed_bands.py","lineno":2,"logger":"py.warnings"}
{"timestamp":"2026-04-09T13:48:07.726366Z","level":"info","event":"Filling up the DagBag from /opt/airflow/dags/retrieve_speed_bands.py","logger":"airflow.models.dagbag.BundleDagBag","filename":"dagbag.py","lineno":593}
{"timestamp":"2026-04-09T13:48:07.950638Z","level":"warning","event":"The `airflow.operators.python.PythonOperator` attribute is deprecated. Please use `'airflow.providers.standard.operators.python.PythonOperator'`.","category":"DeprecatedImportWarning","filename":"/opt/airflow/dags/retrieve_speed_bands.py","lineno":2,"logger":"py.warnings"}
{"timestamp":"2026-04-09T13:48:38.969795Z","level":"info","event":"Filling up the DagBag from /opt/airflow/dags/retrieve_speed_bands.py","logger":"airflow.models.dagbag.BundleDagBag","filename":"dagbag.py","lineno":593}
{"timestamp":"2026-04-09T13:48:39.184211Z","level":"warning","event":"The `airflow.operators.python.PythonOperator` attribute is deprecated. Please use `'airflow.providers.standard.operators.python.PythonOperator'`.","category":"DeprecatedImportWarning","filename":"/opt/airflow/dags/retrieve_speed_bands.py","lineno":2,"logger":"py.warnings"}
{"timestamp":"2026-04-09T13:49:10.214494Z","level":"info","event":"Filling up the DagBag from /opt/airflow/dags/retrieve_speed_bands.py","logger":"airflow.models.dagbag.BundleDagBag","filename":"dagbag.py","lineno":593}
{"timestamp":"2026-04-09T13:49:10.465001Z","level":"warning","event":"The `airflow.operators.python.PythonOperator` attribute is deprecated. Please use `'airflow.providers.standard.operators.python.PythonOperator'`.","category":"DeprecatedImportWarning","filename":"/opt/airflow/dags/retrieve_speed_bands.py","lineno":2,"logger":"py.warnings"}
{"timestamp":"2026-04-09T13:49:41.449662Z","level":"info","event":"Filling up the DagBag from /opt/airflow/dags/retrieve_speed_bands.py","logger":"airflow.models.dagbag.BundleDagBag","filename":"dagbag.py","lineno":593}
{"timestamp":"2026-04-09T13:49:41.664994Z","level":"warning","event":"The `airflow.operators.python.PythonOperator` attribute is deprecated. Please use `'airflow.providers.standard.operators.python.PythonOperator'`.","category":"DeprecatedImportWarning","filename":"/opt/airflow/dags/retrieve_speed_bands.py","lineno":2,"logger":"py.warnings"}
{"timestamp":"2026-04-09T13:50:12.606099Z","level":"info","event":"Filling up the DagBag from /opt/airflow/dags/retrieve_speed_bands.py","logger":"airflow.models.dagbag.BundleDagBag","filename":"dagbag.py","lineno":593}
{"timestamp":"2026-04-09T13:50:12.826164Z","level":"warning","event":"The `airflow.operators.python.PythonOperator` attribute is deprecated. Please use `'airflow.providers.standard.operators.python.PythonOperator'`.","category":"DeprecatedImportWarning","filename":"/opt/airflow/dags/retrieve_speed_bands.py","lineno":2,"logger":"py.warnings"}
{"timestamp":"2026-04-09T13:50:43.769562Z","level":"info","event":"Filling up the DagBag from /opt/airflow/dags/retrieve_speed_bands.py","logger":"airflow.models.dagbag.BundleDagBag","filename":"dagbag.py","lineno":593}
{"timestamp":"2026-04-09T13:50:43.974347Z","level":"warning","event":"The `airflow.operators.python.PythonOperator` attribute is deprecated. Please use `'airflow.providers.standard.operators.python.PythonOperator'`.","category":"DeprecatedImportWarning","filename":"/opt/airflow/dags/retrieve_speed_bands.py","lineno":2,"logger":"py.warnings"}
{"timestamp":"2026-04-09T13:51:14.962560Z","level":"info","event":"Filling up the DagBag from /opt/airflow/dags/retrieve_speed_bands.py","logger":"airflow.models.dagbag.BundleDagBag","filename":"dagbag.py","lineno":593}
{"timestamp":"2026-04-09T13:51:15.173401Z","level":"warning","event":"The `airflow.operators.python.PythonOperator` attribute is deprecated. Please use `'airflow.providers.standard.operators.python.PythonOperator'`.","category":"DeprecatedImportWarning","filename":"/opt/airflow/dags/retrieve_speed_bands.py","lineno":2,"logger":"py.warnings"}
{"timestamp":"2026-04-09T13:51:45.364671Z","level":"info","event":"Filling up the DagBag from /opt/airflow/dags/retrieve_speed_bands.py","logger":"airflow.models.dagbag.BundleDagBag","filename":"dagbag.py","lineno":593}
{"timestamp":"2026-04-09T13:51:45.571310Z","level":"warning","event":"The `airflow.operators.python.PythonOperator` attribute is deprecated. Please use `'airflow.providers.standard.operators.python.PythonOperator'`.","category":"DeprecatedImportWarning","filename":"/opt/airflow/dags/retrieve_speed_bands.py","lineno":2,"logger":"py.warnings"}
{"timestamp":"2026-04-09T13:52:15.842600Z","level":"info","event":"Filling up the DagBag from /opt/airflow/dags/retrieve_speed_bands.py","logger":"airflow.models.dagbag.BundleDagBag","filename":"dagbag.py","lineno":593}
{"timestamp":"2026-04-09T13:52:16.027544Z","level":"warning","event":"The `airflow.operators.python.PythonOperator` attribute is deprecated. Please use `'airflow.providers.standard.operators.python.PythonOperator'`.","category":"DeprecatedImportWarning","filename":"/opt/airflow/dags/retrieve_speed_bands.py","lineno":2,"logger":"py.warnings"}
{"timestamp":"2026-04-09T13:52:47.167472Z","level":"info","event":"Filling up the DagBag from /opt/airflow/dags/retrieve_speed_bands.py","logger":"airflow.models.dagbag.BundleDagBag","filename":"dagbag.py","lineno":593}
{"timestamp":"2026-04-09T13:52:47.421150Z","level":"warning","event":"The `airflow.operators.python.PythonOperator` attribute is deprecated. Please use `'airflow.providers.standard.operators.python.PythonOperator'`.","category":"DeprecatedImportWarning","filename":"/opt/airflow/dags/retrieve_speed_bands.py","lineno":2,"logger":"py.warnings"}
{"timestamp":"2026-04-09T13:53:18.415908Z","level":"info","event":"Filling up the DagBag from /opt/airflow/dags/retrieve_speed_bands.py","logger":"airflow.models.dagbag.BundleDagBag","filename":"dagbag.py","lineno":593}
{"timestamp":"2026-04-09T13:53:18.682546Z","level":"warning","event":"The `airflow.operators.python.PythonOperator` attribute is deprecated. Please use `'airflow.providers.standard.operators.python.PythonOperator'`.","category":"DeprecatedImportWarning","filename":"/opt/airflow/dags/retrieve_speed_bands.py","lineno":2,"logger":"py.warnings"}
{"timestamp":"2026-04-09T13:53:48.901843Z","level":"info","event":"Filling up the DagBag from /opt/airflow/dags/retrieve_speed_bands.py","logger":"airflow.models.dagbag.BundleDagBag","filename":"dagbag.py","lineno":593}
{"timestamp":"2026-04-09T13:53:49.124679Z","level":"warning","event":"The `airflow.operators.python.PythonOperator` attribute is deprecated. Please use `'airflow.providers.standard.operators.python.PythonOperator'`.","category":"DeprecatedImportWarning","filename":"/opt/airflow/dags/retrieve_speed_bands.py","lineno":2,"logger":"py.warnings"}
{"timestamp":"2026-04-09T13:54:19.389182Z","level":"info","event":"Filling up the DagBag from /opt/airflow/dags/retrieve_speed_bands.py","logger":"airflow.models.dagbag.BundleDagBag","filename":"dagbag.py","lineno":593}
{"timestamp":"2026-04-09T13:54:19.589612Z","level":"warning","event":"The `airflow.operators.python.PythonOperator` attribute is deprecated. Please use `'airflow.providers.standard.operators.python.PythonOperator'`.","category":"DeprecatedImportWarning","filename":"/opt/airflow/dags/retrieve_speed_bands.py","lineno":2,"logger":"py.warnings"}
{"timestamp":"2026-04-09T13:54:50.558429Z","level":"info","event":"Filling up the DagBag from /opt/airflow/dags/retrieve_speed_bands.py","logger":"airflow.models.dagbag.BundleDagBag","filename":"dagbag.py","lineno":593}
{"timestamp":"2026-04-09T13:54:50.789909Z","level":"warning","event":"The `airflow.operators.python.PythonOperator` attribute is deprecated. Please use `'airflow.providers.standard.operators.python.PythonOperator'`.","category":"DeprecatedImportWarning","filename":"/opt/airflow/dags/retrieve_speed_bands.py","lineno":2,"logger":"py.warnings"}
{"timestamp":"2026-04-09T13:55:21.105659Z","level":"info","event":"Filling up the DagBag from /opt/airflow/dags/retrieve_speed_bands.py","logger":"airflow.models.dagbag.BundleDagBag","filename":"dagbag.py","lineno":593}
{"timestamp":"2026-04-09T13:55:21.378491Z","level":"warning","event":"The `airflow.operators.python.PythonOperator` attribute is deprecated. Please use `'airflow.providers.standard.operators.python.PythonOperator'`.","category":"DeprecatedImportWarning","filename":"/opt/airflow/dags/retrieve_speed_bands.py","lineno":2,"logger":"py.warnings"}
{"timestamp":"2026-04-09T13:55:52.139476Z","level":"info","event":"Filling up the DagBag from /opt/airflow/dags/retrieve_speed_bands.py","logger":"airflow.models.dagbag.BundleDagBag","filename":"dagbag.py","lineno":593}
{"timestamp":"2026-04-09T13:55:52.373188Z","level":"warning","event":"The `airflow.operators.python.PythonOperator` attribute is deprecated. Please use `'airflow.providers.standard.operators.python.PythonOperator'`.","category":"DeprecatedImportWarning","filename":"/opt/airflow/dags/retrieve_speed_bands.py","lineno":2,"logger":"py.warnings"}
{"timestamp":"2026-04-09T13:56:22.679570Z","level":"info","event":"Filling up the DagBag from /opt/airflow/dags/retrieve_speed_bands.py","logger":"airflow.models.dagbag.BundleDagBag","filename":"dagbag.py","lineno":593}
{"timestamp":"2026-04-09T13:56:22.921662Z","level":"warning","event":"The `airflow.operators.python.PythonOperator` attribute is deprecated. Please use `'airflow.providers.standard.operators.python.PythonOperator'`.","category":"DeprecatedImportWarning","filename":"/opt/airflow/dags/retrieve_speed_bands.py","lineno":2,"logger":"py.warnings"}
{"timestamp":"2026-04-09T13:56:53.245212Z","level":"info","event":"Filling up the DagBag from /opt/airflow/dags/retrieve_speed_bands.py","logger":"airflow.models.dagbag.BundleDagBag","filename":"dagbag.py","lineno":593}
{"timestamp":"2026-04-09T13:56:53.486951Z","level":"warning","event":"The `airflow.operators.python.PythonOperator` attribute is deprecated. Please use `'airflow.providers.standard.operators.python.PythonOperator'`.","category":"DeprecatedImportWarning","filename":"/opt/airflow/dags/retrieve_speed_bands.py","lineno":2,"logger":"py.warnings"}
{"timestamp":"2026-04-09T13:57:24.310858Z","level":"info","event":"Filling up the DagBag from /opt/airflow/dags/retrieve_speed_bands.py","logger":"airflow.models.dagbag.BundleDagBag","filename":"dagbag.py","lineno":593}
{"timestamp":"2026-04-09T13:57:24.550399Z","level":"warning","event":"The `airflow.operators.python.PythonOperator` attribute is deprecated. Please use `'airflow.providers.standard.operators.python.PythonOperator'`.","category":"DeprecatedImportWarning","filename":"/opt/airflow/dags/retrieve_speed_bands.py","lineno":2,"logger":"py.warnings"}
{"timestamp":"2026-04-09T13:57:54.799212Z","level":"info","event":"Filling up the DagBag from /opt/airflow/dags/retrieve_speed_bands.py","logger":"airflow.models.dagbag.BundleDagBag","filename":"dagbag.py","lineno":593}
{"timestamp":"2026-04-09T13:57:55.029926Z","level":"warning","event":"The `airflow.operators.python.PythonOperator` attribute is deprecated. Please use `'airflow.providers.standard.operators.python.PythonOperator'`.","category":"DeprecatedImportWarning","filename":"/opt/airflow/dags/retrieve_speed_bands.py","lineno":2,"logger":"py.warnings"}
{"timestamp":"2026-04-09T13:58:25.371943Z","level":"info","event":"Filling up the DagBag from /opt/airflow/dags/retrieve_speed_bands.py","logger":"airflow.models.dagbag.BundleDagBag","filename":"dagbag.py","lineno":593}
{"timestamp":"2026-04-09T13:58:25.584423Z","level":"warning","event":"The `airflow.operators.python.PythonOperator` attribute is deprecated. Please use `'airflow.providers.standard.operators.python.PythonOperator'`.","category":"DeprecatedImportWarning","filename":"/opt/airflow/dags/retrieve_speed_bands.py","lineno":2,"logger":"py.warnings"}
{"timestamp":"2026-04-09T13:58:55.735551Z","level":"info","event":"Filling up the DagBag from /opt/airflow/dags/retrieve_speed_bands.py","logger":"airflow.models.dagbag.BundleDagBag","filename":"dagbag.py","lineno":593}
{"timestamp":"2026-04-09T13:58:56.003860Z","level":"warning","event":"The `airflow.operators.python.PythonOperator` attribute is deprecated. Please use `'airflow.providers.standard.operators.python.PythonOperator'`.","category":"DeprecatedImportWarning","filename":"/opt/airflow/dags/retrieve_speed_bands.py","lineno":2,"logger":"py.warnings"}
{"timestamp":"2026-04-09T13:59:26.140612Z","level":"info","event":"Filling up the DagBag from /opt/airflow/dags/retrieve_speed_bands.py","logger":"airflow.models.dagbag.BundleDagBag","filename":"dagbag.py","lineno":593}
{"timestamp":"2026-04-09T13:59:26.419267Z","level":"warning","event":"The `airflow.operators.python.PythonOperator` attribute is deprecated. Please use `'airflow.providers.standard.operators.python.PythonOperator'`.","category":"DeprecatedImportWarning","filename":"/opt/airflow/dags/retrieve_speed_bands.py","lineno":2,"logger":"py.warnings"}
{"timestamp":"2026-04-09T13:59:56.635017Z","level":"info","event":"Filling up the DagBag from /opt/airflow/dags/retrieve_speed_bands.py","logger":"airflow.models.dagbag.BundleDagBag","filename":"dagbag.py","lineno":593}
{"timestamp":"2026-04-09T13:59:56.903823Z","level":"warning","event":"The `airflow.operators.python.PythonOperator` attribute is deprecated. Please use `'airflow.providers.standard.operators.python.PythonOperator'`.","category":"DeprecatedImportWarning","filename":"/opt/airflow/dags/retrieve_speed_bands.py","lineno":2,"logger":"py.warnings"}
{"timestamp":"2026-04-09T14:00:27.143742Z","level":"info","event":"Filling up the DagBag from /opt/airflow/dags/retrieve_speed_bands.py","logger":"airflow.models.dagbag.BundleDagBag","filename":"dagbag.py","lineno":593}
{"timestamp":"2026-04-09T14:00:27.336480Z","level":"warning","event":"The `airflow.operators.python.PythonOperator` attribute is deprecated. Please use `'airflow.providers.standard.operators.python.PythonOperator'`.","category":"DeprecatedImportWarning","filename":"/opt/airflow/dags/retrieve_speed_bands.py","lineno":2,"logger":"py.warnings"}
{"timestamp":"2026-04-09T14:00:57.564447Z","level":"info","event":"Filling up the DagBag from /opt/airflow/dags/retrieve_speed_bands.py","logger":"airflow.models.dagbag.BundleDagBag","filename":"dagbag.py","lineno":593}
{"timestamp":"2026-04-09T14:00:57.765072Z","level":"warning","event":"The `airflow.operators.python.PythonOperator` attribute is deprecated. Please use `'airflow.providers.standard.operators.python.PythonOperator'`.","category":"DeprecatedImportWarning","filename":"/opt/airflow/dags/retrieve_speed_bands.py","lineno":2,"logger":"py.warnings"}
{"timestamp":"2026-04-09T14:01:27.946142Z","level":"info","event":"Filling up the DagBag from /opt/airflow/dags/retrieve_speed_bands.py","logger":"airflow.models.dagbag.BundleDagBag","filename":"dagbag.py","lineno":593}
{"timestamp":"2026-04-09T14:01:28.169414Z","level":"warning","event":"The `airflow.operators.python.PythonOperator` attribute is deprecated. Please use `'airflow.providers.standard.operators.python.PythonOperator'`.","category":"DeprecatedImportWarning","filename":"/opt/airflow/dags/retrieve_speed_bands.py","lineno":2,"logger":"py.warnings"}
{"timestamp":"2026-04-09T14:01:58.231122Z","level":"info","event":"Filling up the DagBag from /opt/airflow/dags/retrieve_speed_bands.py","logger":"airflow.models.dagbag.BundleDagBag","filename":"dagbag.py","lineno":593}
{"timestamp":"2026-04-09T14:01:58.437318Z","level":"warning","event":"The `airflow.operators.python.PythonOperator` attribute is deprecated. Please use `'airflow.providers.standard.operators.python.PythonOperator'`.","category":"DeprecatedImportWarning","filename":"/opt/airflow/dags/retrieve_speed_bands.py","lineno":2,"logger":"py.warnings"}
{"timestamp":"2026-04-09T14:02:28.606810Z","level":"info","event":"Filling up the DagBag from /opt/airflow/dags/retrieve_speed_bands.py","logger":"airflow.models.dagbag.BundleDagBag","filename":"dagbag.py","lineno":593}
{"timestamp":"2026-04-09T14:02:28.808426Z","level":"warning","event":"The `airflow.operators.python.PythonOperator` attribute is deprecated. Please use `'airflow.providers.standard.operators.python.PythonOperator'`.","category":"DeprecatedImportWarning","filename":"/opt/airflow/dags/retrieve_speed_bands.py","lineno":2,"logger":"py.warnings"}
{"timestamp":"2026-04-09T14:02:59.296262Z","level":"info","event":"Filling up the DagBag from /opt/airflow/dags/retrieve_speed_bands.py","logger":"airflow.models.dagbag.BundleDagBag","filename":"dagbag.py","lineno":593}
{"timestamp":"2026-04-09T14:02:59.515548Z","level":"warning","event":"The `airflow.operators.python.PythonOperator` attribute is deprecated. Please use `'airflow.providers.standard.operators.python.PythonOperator'`.","category":"DeprecatedImportWarning","filename":"/opt/airflow/dags/retrieve_speed_bands.py","lineno":2,"logger":"py.warnings"}
{"timestamp":"2026-04-09T14:03:29.834973Z","level":"info","event":"Filling up the DagBag from /opt/airflow/dags/retrieve_speed_bands.py","logger":"airflow.models.dagbag.BundleDagBag","filename":"dagbag.py","lineno":593}
{"timestamp":"2026-04-09T14:03:30.036412Z","level":"warning","event":"The `airflow.operators.python.PythonOperator` attribute is deprecated. Please use `'airflow.providers.standard.operators.python.PythonOperator'`.","category":"DeprecatedImportWarning","filename":"/opt/airflow/dags/retrieve_speed_bands.py","lineno":2,"logger":"py.warnings"}
{"timestamp":"2026-04-09T14:04:00.073409Z","level":"info","event":"Filling up the DagBag from /opt/airflow/dags/retrieve_speed_bands.py","logger":"airflow.models.dagbag.BundleDagBag","filename":"dagbag.py","lineno":593}
{"timestamp":"2026-04-09T14:04:00.273652Z","level":"warning","event":"The `airflow.operators.python.PythonOperator` attribute is deprecated. Please use `'airflow.providers.standard.operators.python.PythonOperator'`.","category":"DeprecatedImportWarning","filename":"/opt/airflow/dags/retrieve_speed_bands.py","lineno":2,"logger":"py.warnings"}
{"timestamp":"2026-04-09T14:04:30.867013Z","level":"info","event":"Filling up the DagBag from /opt/airflow/dags/retrieve_speed_bands.py","logger":"airflow.models.dagbag.BundleDagBag","filename":"dagbag.py","lineno":593}
{"timestamp":"2026-04-09T14:04:31.104797Z","level":"warning","event":"The `airflow.operators.python.PythonOperator` attribute is deprecated. Please use `'airflow.providers.standard.operators.python.PythonOperator'`.","category":"DeprecatedImportWarning","filename":"/opt/airflow/dags/retrieve_speed_bands.py","lineno":2,"logger":"py.warnings"}
{"timestamp":"2026-04-09T14:05:01.256199Z","level":"info","event":"Filling up the DagBag from /opt/airflow/dags/retrieve_speed_bands.py","logger":"airflow.models.dagbag.BundleDagBag","filename":"dagbag.py","lineno":593}
{"timestamp":"2026-04-09T14:05:01.441344Z","level":"warning","event":"The `airflow.operators.python.PythonOperator` attribute is deprecated. Please use `'airflow.providers.standard.operators.python.PythonOperator'`.","category":"DeprecatedImportWarning","filename":"/opt/airflow/dags/retrieve_speed_bands.py","lineno":2,"logger":"py.warnings"}
{"timestamp":"2026-04-09T14:05:31.685355Z","level":"info","event":"Filling up the DagBag from /opt/airflow/dags/retrieve_speed_bands.py","logger":"airflow.models.dagbag.BundleDagBag","filename":"dagbag.py","lineno":593}
{"timestamp":"2026-04-09T14:05:31.897765Z","level":"warning","event":"The `airflow.operators.python.PythonOperator` attribute is deprecated. Please use `'airflow.providers.standard.operators.python.PythonOperator'`.","category":"DeprecatedImportWarning","filename":"/opt/airflow/dags/retrieve_speed_bands.py","lineno":2,"logger":"py.warnings"}
