{"timestamp":"2026-04-09T13:34:33.310982Z","level":"info","event":"DAG bundles loaded: dags-folder","logger":"airflow.dag_processing.bundles.manager.DagBundlesManager","filename":"manager.py","lineno":179}
{"timestamp":"2026-04-09T13:34:33.311533Z","level":"info","event":"Filling up the DagBag from /opt/airflow/dags/2_refresh_traffic_speed.py","logger":"airflow.models.dagbag.BundleDagBag","filename":"dagbag.py","lineno":593}
{"timestamp":"2026-04-09T13:34:33.575678Z","level":"warning","event":"The `airflow.operators.python.PythonOperator` attribute is deprecated. Please use `'airflow.providers.standard.operators.python.PythonOperator'`.","category":"DeprecatedImportWarning","filename":"/opt/airflow/dags/2_refresh_traffic_speed.py","lineno":2,"logger":"py.warnings"}
{"timestamp":"2026-04-09T13:34:33.603867Z","level":"info","event":"STEP 1: start refresh_traffic_speed","logger":"unusual_prefix_faea391ec71b1d4b4651510353e4a48d62001c31_2_refresh_traffic_speed","filename":"2_refresh_traffic_speed.py","lineno":28}
{"timestamp":"2026-04-09T13:34:35.719770Z","level":"info","event":"STEP 2: connected to Supabase","logger":"unusual_prefix_faea391ec71b1d4b4651510353e4a48d62001c31_2_refresh_traffic_speed","filename":"2_refresh_traffic_speed.py","lineno":30}
{"timestamp":"2026-04-09T13:34:35.723785Z","level":"info","event":"STEP 3: snapshot timestamp = 2026-04-09 13:34:35.720825+00:00","logger":"unusual_prefix_faea391ec71b1d4b4651510353e4a48d62001c31_2_refresh_traffic_speed","filename":"2_refresh_traffic_speed.py","lineno":33}
{"timestamp":"2026-04-09T13:34:36.542065Z","level":"info","event":"STEP 4: traffic_speed_latest truncated","logger":"unusual_prefix_faea391ec71b1d4b4651510353e4a48d62001c31_2_refresh_traffic_speed","filename":"2_refresh_traffic_speed.py","lineno":39}
{"timestamp":"2026-04-09T13:34:36.542171Z","level":"info","event":"========== PAGE START ==========","logger":"lta_common","filename":"lta_common.py","lineno":52}
{"timestamp":"2026-04-09T13:34:36.542208Z","level":"info","event":"[FETCH] requesting rows 0–499","logger":"lta_common","filename":"lta_common.py","lineno":53}
{"timestamp":"2026-04-09T13:34:36.542486Z","level":"info","event":"Fetching page from LTA: skip=0","logger":"lta_common","filename":"lta_common.py","lineno":35}
{"timestamp":"2026-04-09T13:34:39.478345Z","level":"info","event":"Retrieved 500 rows from LTA at skip=0","logger":"lta_common","filename":"lta_common.py","lineno":43}
{"timestamp":"2026-04-09T13:34:39.482820Z","level":"info","event":"[FETCH DONE] retrieved=500 rows at skip=0","logger":"lta_common","filename":"lta_common.py","lineno":58}
{"timestamp":"2026-04-09T13:34:39.482957Z","level":"info","event":"STEP 5: processing page skip=0 rows=500","logger":"unusual_prefix_faea391ec71b1d4b4651510353e4a48d62001c31_2_refresh_traffic_speed","filename":"2_refresh_traffic_speed.py","lineno":46}
{"timestamp":"2026-04-09T13:34:39.486108Z","level":"info","event":"STEP 6: built snapshot dataframe rows=500","logger":"unusual_prefix_faea391ec71b1d4b4651510353e4a48d62001c31_2_refresh_traffic_speed","filename":"2_refresh_traffic_speed.py","lineno":49}
{"timestamp":"2026-04-09T13:34:39.489298Z","level":"info","event":"[SAVE START] inserting 500 rows into traffic_speed_latest","logger":"lta_common","filename":"lta_common.py","lineno":174}
{"timestamp":"2026-04-09T13:34:40.000769Z","level":"info","event":"[SAVE DONE] inserted=500 rows into traffic_speed_latest","logger":"lta_common","filename":"lta_common.py","lineno":192}
{"timestamp":"2026-04-09T13:34:40.001482Z","level":"info","event":"[SAVE START] inserting 500 rows into traffic_speed_recent","logger":"lta_common","filename":"lta_common.py","lineno":174}
{"timestamp":"2026-04-09T13:34:40.379102Z","level":"info","event":"[SAVE DONE] inserted=500 rows into traffic_speed_recent","logger":"lta_common","filename":"lta_common.py","lineno":192}
{"timestamp":"2026-04-09T13:34:40.379314Z","level":"info","event":"STEP 7: page saved skip=0 | pages=1 | latest_rows=500 | recent_rows=500","logger":"unusual_prefix_faea391ec71b1d4b4651510353e4a48d62001c31_2_refresh_traffic_speed","filename":"2_refresh_traffic_speed.py","lineno":61}
{"timestamp":"2026-04-09T13:34:40.379375Z","level":"info","event":"========== PAGE START ==========","logger":"lta_common","filename":"lta_common.py","lineno":52}
{"timestamp":"2026-04-09T13:34:40.379403Z","level":"info","event":"[FETCH] requesting rows 500–999","logger":"lta_common","filename":"lta_common.py","lineno":53}
{"timestamp":"2026-04-09T13:34:40.379455Z","level":"info","event":"Fetching page from LTA: skip=500","logger":"lta_common","filename":"lta_common.py","lineno":35}
{"timestamp":"2026-04-09T13:34:42.989704Z","level":"info","event":"Retrieved 500 rows from LTA at skip=500","logger":"lta_common","filename":"lta_common.py","lineno":43}
{"timestamp":"2026-04-09T13:34:42.991661Z","level":"info","event":"[FETCH DONE] retrieved=500 rows at skip=500","logger":"lta_common","filename":"lta_common.py","lineno":58}
{"timestamp":"2026-04-09T13:34:42.991937Z","level":"info","event":"STEP 5: processing page skip=500 rows=500","logger":"unusual_prefix_faea391ec71b1d4b4651510353e4a48d62001c31_2_refresh_traffic_speed","filename":"2_refresh_traffic_speed.py","lineno":46}
{"timestamp":"2026-04-09T13:34:42.993285Z","level":"info","event":"STEP 6: built snapshot dataframe rows=500","logger":"unusual_prefix_faea391ec71b1d4b4651510353e4a48d62001c31_2_refresh_traffic_speed","filename":"2_refresh_traffic_speed.py","lineno":49}
{"timestamp":"2026-04-09T13:34:42.993790Z","level":"info","event":"[SAVE START] inserting 500 rows into traffic_speed_latest","logger":"lta_common","filename":"lta_common.py","lineno":174}
{"timestamp":"2026-04-09T13:34:43.372758Z","level":"info","event":"[SAVE DONE] inserted=500 rows into traffic_speed_latest","logger":"lta_common","filename":"lta_common.py","lineno":192}
{"timestamp":"2026-04-09T13:34:43.373390Z","level":"info","event":"[SAVE START] inserting 500 rows into traffic_speed_recent","logger":"lta_common","filename":"lta_common.py","lineno":174}
{"timestamp":"2026-04-09T13:34:43.761716Z","level":"info","event":"[SAVE DONE] inserted=500 rows into traffic_speed_recent","logger":"lta_common","filename":"lta_common.py","lineno":192}
{"timestamp":"2026-04-09T13:34:43.762463Z","level":"info","event":"STEP 7: page saved skip=500 | pages=2 | latest_rows=1000 | recent_rows=1000","logger":"unusual_prefix_faea391ec71b1d4b4651510353e4a48d62001c31_2_refresh_traffic_speed","filename":"2_refresh_traffic_speed.py","lineno":61}
{"timestamp":"2026-04-09T13:34:43.762722Z","level":"info","event":"========== PAGE START ==========","logger":"lta_common","filename":"lta_common.py","lineno":52}
{"timestamp":"2026-04-09T13:34:43.762889Z","level":"info","event":"[FETCH] requesting rows 1000–1499","logger":"lta_common","filename":"lta_common.py","lineno":53}
{"timestamp":"2026-04-09T13:34:43.763089Z","level":"info","event":"Fetching page from LTA: skip=1000","logger":"lta_common","filename":"lta_common.py","lineno":35}
{"timestamp":"2026-04-09T13:34:45.694656Z","level":"info","event":"Retrieved 500 rows from LTA at skip=1000","logger":"lta_common","filename":"lta_common.py","lineno":43}
{"timestamp":"2026-04-09T13:34:45.696284Z","level":"info","event":"[FETCH DONE] retrieved=500 rows at skip=1000","logger":"lta_common","filename":"lta_common.py","lineno":58}
{"timestamp":"2026-04-09T13:34:45.696431Z","level":"info","event":"STEP 5: processing page skip=1000 rows=500","logger":"unusual_prefix_faea391ec71b1d4b4651510353e4a48d62001c31_2_refresh_traffic_speed","filename":"2_refresh_traffic_speed.py","lineno":46}
{"timestamp":"2026-04-09T13:34:45.697811Z","level":"info","event":"STEP 6: built snapshot dataframe rows=500","logger":"unusual_prefix_faea391ec71b1d4b4651510353e4a48d62001c31_2_refresh_traffic_speed","filename":"2_refresh_traffic_speed.py","lineno":49}
{"timestamp":"2026-04-09T13:34:45.698289Z","level":"info","event":"[SAVE START] inserting 500 rows into traffic_speed_latest","logger":"lta_common","filename":"lta_common.py","lineno":174}
{"timestamp":"2026-04-09T13:34:46.405818Z","level":"info","event":"[SAVE DONE] inserted=500 rows into traffic_speed_latest","logger":"lta_common","filename":"lta_common.py","lineno":192}
{"timestamp":"2026-04-09T13:34:46.406444Z","level":"info","event":"[SAVE START] inserting 500 rows into traffic_speed_recent","logger":"lta_common","filename":"lta_common.py","lineno":174}
{"timestamp":"2026-04-09T13:34:46.792833Z","level":"info","event":"[SAVE DONE] inserted=500 rows into traffic_speed_recent","logger":"lta_common","filename":"lta_common.py","lineno":192}
{"timestamp":"2026-04-09T13:34:46.792969Z","level":"info","event":"STEP 7: page saved skip=1000 | pages=3 | latest_rows=1500 | recent_rows=1500","logger":"unusual_prefix_faea391ec71b1d4b4651510353e4a48d62001c31_2_refresh_traffic_speed","filename":"2_refresh_traffic_speed.py","lineno":61}
{"timestamp":"2026-04-09T13:34:46.793000Z","level":"info","event":"========== PAGE START ==========","logger":"lta_common","filename":"lta_common.py","lineno":52}
{"timestamp":"2026-04-09T13:34:46.793024Z","level":"info","event":"[FETCH] requesting rows 1500–1999","logger":"lta_common","filename":"lta_common.py","lineno":53}
{"timestamp":"2026-04-09T13:34:46.793054Z","level":"info","event":"Fetching page from LTA: skip=1500","logger":"lta_common","filename":"lta_common.py","lineno":35}
{"timestamp":"2026-04-09T13:34:48.398927Z","level":"info","event":"Retrieved 500 rows from LTA at skip=1500","logger":"lta_common","filename":"lta_common.py","lineno":43}
{"timestamp":"2026-04-09T13:34:48.402931Z","level":"info","event":"[FETCH DONE] retrieved=500 rows at skip=1500","logger":"lta_common","filename":"lta_common.py","lineno":58}
{"timestamp":"2026-04-09T13:34:48.403225Z","level":"info","event":"STEP 5: processing page skip=1500 rows=500","logger":"unusual_prefix_faea391ec71b1d4b4651510353e4a48d62001c31_2_refresh_traffic_speed","filename":"2_refresh_traffic_speed.py","lineno":46}
{"timestamp":"2026-04-09T13:34:48.405220Z","level":"info","event":"STEP 6: built snapshot dataframe rows=500","logger":"unusual_prefix_faea391ec71b1d4b4651510353e4a48d62001c31_2_refresh_traffic_speed","filename":"2_refresh_traffic_speed.py","lineno":49}
{"timestamp":"2026-04-09T13:34:48.406051Z","level":"info","event":"[SAVE START] inserting 500 rows into traffic_speed_latest","logger":"lta_common","filename":"lta_common.py","lineno":174}
{"timestamp":"2026-04-09T13:34:48.815413Z","level":"info","event":"[SAVE DONE] inserted=500 rows into traffic_speed_latest","logger":"lta_common","filename":"lta_common.py","lineno":192}
{"timestamp":"2026-04-09T13:34:48.816960Z","level":"info","event":"[SAVE START] inserting 500 rows into traffic_speed_recent","logger":"lta_common","filename":"lta_common.py","lineno":174}
{"timestamp":"2026-04-09T13:34:49.952499Z","level":"info","event":"[SAVE DONE] inserted=500 rows into traffic_speed_recent","logger":"lta_common","filename":"lta_common.py","lineno":192}
{"timestamp":"2026-04-09T13:34:49.952696Z","level":"info","event":"STEP 7: page saved skip=1500 | pages=4 | latest_rows=2000 | recent_rows=2000","logger":"unusual_prefix_faea391ec71b1d4b4651510353e4a48d62001c31_2_refresh_traffic_speed","filename":"2_refresh_traffic_speed.py","lineno":61}
{"timestamp":"2026-04-09T13:34:49.952745Z","level":"info","event":"========== PAGE START ==========","logger":"lta_common","filename":"lta_common.py","lineno":52}
{"timestamp":"2026-04-09T13:34:49.952784Z","level":"info","event":"[FETCH] requesting rows 2000–2499","logger":"lta_common","filename":"lta_common.py","lineno":53}
{"timestamp":"2026-04-09T13:34:49.952846Z","level":"info","event":"Fetching page from LTA: skip=2000","logger":"lta_common","filename":"lta_common.py","lineno":35}
{"timestamp":"2026-04-09T13:34:52.453831Z","level":"info","event":"Retrieved 500 rows from LTA at skip=2000","logger":"lta_common","filename":"lta_common.py","lineno":43}
{"timestamp":"2026-04-09T13:34:52.455439Z","level":"info","event":"[FETCH DONE] retrieved=500 rows at skip=2000","logger":"lta_common","filename":"lta_common.py","lineno":58}
{"timestamp":"2026-04-09T13:34:52.455698Z","level":"info","event":"STEP 5: processing page skip=2000 rows=500","logger":"unusual_prefix_faea391ec71b1d4b4651510353e4a48d62001c31_2_refresh_traffic_speed","filename":"2_refresh_traffic_speed.py","lineno":46}
{"timestamp":"2026-04-09T13:34:52.457441Z","level":"info","event":"STEP 6: built snapshot dataframe rows=500","logger":"unusual_prefix_faea391ec71b1d4b4651510353e4a48d62001c31_2_refresh_traffic_speed","filename":"2_refresh_traffic_speed.py","lineno":49}
{"timestamp":"2026-04-09T13:34:52.458000Z","level":"info","event":"[SAVE START] inserting 500 rows into traffic_speed_latest","logger":"lta_common","filename":"lta_common.py","lineno":174}
{"timestamp":"2026-04-09T13:34:53.393143Z","level":"info","event":"[SAVE DONE] inserted=500 rows into traffic_speed_latest","logger":"lta_common","filename":"lta_common.py","lineno":192}
{"timestamp":"2026-04-09T13:34:53.395552Z","level":"info","event":"[SAVE START] inserting 500 rows into traffic_speed_recent","logger":"lta_common","filename":"lta_common.py","lineno":174}
{"timestamp":"2026-04-09T13:34:54.609525Z","level":"info","event":"[SAVE DONE] inserted=500 rows into traffic_speed_recent","logger":"lta_common","filename":"lta_common.py","lineno":192}
{"timestamp":"2026-04-09T13:34:54.610111Z","level":"info","event":"STEP 7: page saved skip=2000 | pages=5 | latest_rows=2500 | recent_rows=2500","logger":"unusual_prefix_faea391ec71b1d4b4651510353e4a48d62001c31_2_refresh_traffic_speed","filename":"2_refresh_traffic_speed.py","lineno":61}
{"timestamp":"2026-04-09T13:34:54.610242Z","level":"info","event":"========== PAGE START ==========","logger":"lta_common","filename":"lta_common.py","lineno":52}
{"timestamp":"2026-04-09T13:34:54.610379Z","level":"info","event":"[FETCH] requesting rows 2500–2999","logger":"lta_common","filename":"lta_common.py","lineno":53}
{"timestamp":"2026-04-09T13:34:54.610520Z","level":"info","event":"Fetching page from LTA: skip=2500","logger":"lta_common","filename":"lta_common.py","lineno":35}
{"timestamp":"2026-04-09T13:34:55.547090Z","level":"info","event":"Retrieved 500 rows from LTA at skip=2500","logger":"lta_common","filename":"lta_common.py","lineno":43}
{"timestamp":"2026-04-09T13:34:55.551500Z","level":"info","event":"[FETCH DONE] retrieved=500 rows at skip=2500","logger":"lta_common","filename":"lta_common.py","lineno":58}
{"timestamp":"2026-04-09T13:34:55.552059Z","level":"info","event":"STEP 5: processing page skip=2500 rows=500","logger":"unusual_prefix_faea391ec71b1d4b4651510353e4a48d62001c31_2_refresh_traffic_speed","filename":"2_refresh_traffic_speed.py","lineno":46}
{"timestamp":"2026-04-09T13:34:55.554172Z","level":"info","event":"STEP 6: built snapshot dataframe rows=500","logger":"unusual_prefix_faea391ec71b1d4b4651510353e4a48d62001c31_2_refresh_traffic_speed","filename":"2_refresh_traffic_speed.py","lineno":49}
{"timestamp":"2026-04-09T13:34:55.555528Z","level":"info","event":"[SAVE START] inserting 500 rows into traffic_speed_latest","logger":"lta_common","filename":"lta_common.py","lineno":174}
{"timestamp":"2026-04-09T13:34:56.780733Z","level":"info","event":"[SAVE DONE] inserted=500 rows into traffic_speed_latest","logger":"lta_common","filename":"lta_common.py","lineno":192}
{"timestamp":"2026-04-09T13:34:56.781368Z","level":"info","event":"[SAVE START] inserting 500 rows into traffic_speed_recent","logger":"lta_common","filename":"lta_common.py","lineno":174}
{"timestamp":"2026-04-09T13:34:58.482387Z","level":"info","event":"[SAVE DONE] inserted=500 rows into traffic_speed_recent","logger":"lta_common","filename":"lta_common.py","lineno":192}
{"timestamp":"2026-04-09T13:34:58.482807Z","level":"info","event":"STEP 7: page saved skip=2500 | pages=6 | latest_rows=3000 | recent_rows=3000","logger":"unusual_prefix_faea391ec71b1d4b4651510353e4a48d62001c31_2_refresh_traffic_speed","filename":"2_refresh_traffic_speed.py","lineno":61}
{"timestamp":"2026-04-09T13:34:58.482914Z","level":"info","event":"========== PAGE START ==========","logger":"lta_common","filename":"lta_common.py","lineno":52}
{"timestamp":"2026-04-09T13:34:58.482991Z","level":"info","event":"[FETCH] requesting rows 3000–3499","logger":"lta_common","filename":"lta_common.py","lineno":53}
{"timestamp":"2026-04-09T13:34:58.483086Z","level":"info","event":"Fetching page from LTA: skip=3000","logger":"lta_common","filename":"lta_common.py","lineno":35}
{"timestamp":"2026-04-09T13:34:59.584961Z","level":"info","event":"Retrieved 500 rows from LTA at skip=3000","logger":"lta_common","filename":"lta_common.py","lineno":43}
{"timestamp":"2026-04-09T13:34:59.587931Z","level":"info","event":"[FETCH DONE] retrieved=500 rows at skip=3000","logger":"lta_common","filename":"lta_common.py","lineno":58}
{"timestamp":"2026-04-09T13:34:59.588376Z","level":"info","event":"STEP 5: processing page skip=3000 rows=500","logger":"unusual_prefix_faea391ec71b1d4b4651510353e4a48d62001c31_2_refresh_traffic_speed","filename":"2_refresh_traffic_speed.py","lineno":46}
{"timestamp":"2026-04-09T13:34:59.590735Z","level":"info","event":"STEP 6: built snapshot dataframe rows=500","logger":"unusual_prefix_faea391ec71b1d4b4651510353e4a48d62001c31_2_refresh_traffic_speed","filename":"2_refresh_traffic_speed.py","lineno":49}
{"timestamp":"2026-04-09T13:34:59.591837Z","level":"info","event":"[SAVE START] inserting 500 rows into traffic_speed_latest","logger":"lta_common","filename":"lta_common.py","lineno":174}
{"timestamp":"2026-04-09T13:35:00.482874Z","level":"info","event":"[SAVE DONE] inserted=500 rows into traffic_speed_latest","logger":"lta_common","filename":"lta_common.py","lineno":192}
{"timestamp":"2026-04-09T13:35:00.486025Z","level":"info","event":"[SAVE START] inserting 500 rows into traffic_speed_recent","logger":"lta_common","filename":"lta_common.py","lineno":174}
{"timestamp":"2026-04-09T13:35:01.121126Z","level":"info","event":"[SAVE DONE] inserted=500 rows into traffic_speed_recent","logger":"lta_common","filename":"lta_common.py","lineno":192}
{"timestamp":"2026-04-09T13:35:01.121334Z","level":"info","event":"STEP 7: page saved skip=3000 | pages=7 | latest_rows=3500 | recent_rows=3500","logger":"unusual_prefix_faea391ec71b1d4b4651510353e4a48d62001c31_2_refresh_traffic_speed","filename":"2_refresh_traffic_speed.py","lineno":61}
{"timestamp":"2026-04-09T13:35:01.121380Z","level":"info","event":"========== PAGE START ==========","logger":"lta_common","filename":"lta_common.py","lineno":52}
{"timestamp":"2026-04-09T13:35:01.121408Z","level":"info","event":"[FETCH] requesting rows 3500–3999","logger":"lta_common","filename":"lta_common.py","lineno":53}
{"timestamp":"2026-04-09T13:35:01.121454Z","level":"info","event":"Fetching page from LTA: skip=3500","logger":"lta_common","filename":"lta_common.py","lineno":35}
{"timestamp":"2026-04-09T13:35:03.923197Z","level":"info","event":"Retrieved 500 rows from LTA at skip=3500","logger":"lta_common","filename":"lta_common.py","lineno":43}
{"timestamp":"2026-04-09T13:35:03.925462Z","level":"info","event":"[FETCH DONE] retrieved=500 rows at skip=3500","logger":"lta_common","filename":"lta_common.py","lineno":58}
{"timestamp":"2026-04-09T13:35:03.925634Z","level":"info","event":"STEP 5: processing page skip=3500 rows=500","logger":"unusual_prefix_faea391ec71b1d4b4651510353e4a48d62001c31_2_refresh_traffic_speed","filename":"2_refresh_traffic_speed.py","lineno":46}
{"timestamp":"2026-04-09T13:35:03.928052Z","level":"info","event":"STEP 6: built snapshot dataframe rows=500","logger":"unusual_prefix_faea391ec71b1d4b4651510353e4a48d62001c31_2_refresh_traffic_speed","filename":"2_refresh_traffic_speed.py","lineno":49}
{"timestamp":"2026-04-09T13:35:03.928714Z","level":"info","event":"[SAVE START] inserting 500 rows into traffic_speed_latest","logger":"lta_common","filename":"lta_common.py","lineno":174}
{"timestamp":"2026-04-09T13:35:04.422567Z","level":"info","event":"[SAVE DONE] inserted=500 rows into traffic_speed_latest","logger":"lta_common","filename":"lta_common.py","lineno":192}
{"timestamp":"2026-04-09T13:35:04.423315Z","level":"info","event":"[SAVE START] inserting 500 rows into traffic_speed_recent","logger":"lta_common","filename":"lta_common.py","lineno":174}
{"timestamp":"2026-04-09T13:35:04.962690Z","level":"info","event":"[SAVE DONE] inserted=500 rows into traffic_speed_recent","logger":"lta_common","filename":"lta_common.py","lineno":192}
{"timestamp":"2026-04-09T13:35:04.962838Z","level":"info","event":"STEP 7: page saved skip=3500 | pages=8 | latest_rows=4000 | recent_rows=4000","logger":"unusual_prefix_faea391ec71b1d4b4651510353e4a48d62001c31_2_refresh_traffic_speed","filename":"2_refresh_traffic_speed.py","lineno":61}
{"timestamp":"2026-04-09T13:35:04.962870Z","level":"info","event":"========== PAGE START ==========","logger":"lta_common","filename":"lta_common.py","lineno":52}
{"timestamp":"2026-04-09T13:35:04.962893Z","level":"info","event":"[FETCH] requesting rows 4000–4499","logger":"lta_common","filename":"lta_common.py","lineno":53}
{"timestamp":"2026-04-09T13:35:04.962931Z","level":"info","event":"Fetching page from LTA: skip=4000","logger":"lta_common","filename":"lta_common.py","lineno":35}
{"timestamp":"2026-04-09T13:35:05.955660Z","level":"info","event":"Retrieved 500 rows from LTA at skip=4000","logger":"lta_common","filename":"lta_common.py","lineno":43}
{"timestamp":"2026-04-09T13:35:05.957045Z","level":"info","event":"[FETCH DONE] retrieved=500 rows at skip=4000","logger":"lta_common","filename":"lta_common.py","lineno":58}
{"timestamp":"2026-04-09T13:35:05.957142Z","level":"info","event":"STEP 5: processing page skip=4000 rows=500","logger":"unusual_prefix_faea391ec71b1d4b4651510353e4a48d62001c31_2_refresh_traffic_speed","filename":"2_refresh_traffic_speed.py","lineno":46}
{"timestamp":"2026-04-09T13:35:05.957994Z","level":"info","event":"STEP 6: built snapshot dataframe rows=500","logger":"unusual_prefix_faea391ec71b1d4b4651510353e4a48d62001c31_2_refresh_traffic_speed","filename":"2_refresh_traffic_speed.py","lineno":49}
{"timestamp":"2026-04-09T13:35:05.958432Z","level":"info","event":"[SAVE START] inserting 500 rows into traffic_speed_latest","logger":"lta_common","filename":"lta_common.py","lineno":174}
{"timestamp":"2026-04-09T13:35:06.492977Z","level":"info","event":"[SAVE DONE] inserted=500 rows into traffic_speed_latest","logger":"lta_common","filename":"lta_common.py","lineno":192}
{"timestamp":"2026-04-09T13:35:06.493762Z","level":"info","event":"[SAVE START] inserting 500 rows into traffic_speed_recent","logger":"lta_common","filename":"lta_common.py","lineno":174}
{"timestamp":"2026-04-09T13:35:06.883138Z","level":"info","event":"[SAVE DONE] inserted=500 rows into traffic_speed_recent","logger":"lta_common","filename":"lta_common.py","lineno":192}
{"timestamp":"2026-04-09T13:35:06.883337Z","level":"info","event":"STEP 7: page saved skip=4000 | pages=9 | latest_rows=4500 | recent_rows=4500","logger":"unusual_prefix_faea391ec71b1d4b4651510353e4a48d62001c31_2_refresh_traffic_speed","filename":"2_refresh_traffic_speed.py","lineno":61}
{"timestamp":"2026-04-09T13:35:06.883398Z","level":"info","event":"========== PAGE START ==========","logger":"lta_common","filename":"lta_common.py","lineno":52}
{"timestamp":"2026-04-09T13:35:06.883428Z","level":"info","event":"[FETCH] requesting rows 4500–4999","logger":"lta_common","filename":"lta_common.py","lineno":53}
{"timestamp":"2026-04-09T13:35:06.883468Z","level":"info","event":"Fetching page from LTA: skip=4500","logger":"lta_common","filename":"lta_common.py","lineno":35}
{"timestamp":"2026-04-09T13:35:08.952260Z","level":"info","event":"Retrieved 500 rows from LTA at skip=4500","logger":"lta_common","filename":"lta_common.py","lineno":43}
{"timestamp":"2026-04-09T13:35:08.958359Z","level":"info","event":"[FETCH DONE] retrieved=500 rows at skip=4500","logger":"lta_common","filename":"lta_common.py","lineno":58}
{"timestamp":"2026-04-09T13:35:08.958936Z","level":"info","event":"STEP 5: processing page skip=4500 rows=500","logger":"unusual_prefix_faea391ec71b1d4b4651510353e4a48d62001c31_2_refresh_traffic_speed","filename":"2_refresh_traffic_speed.py","lineno":46}
{"timestamp":"2026-04-09T13:35:08.962338Z","level":"info","event":"STEP 6: built snapshot dataframe rows=500","logger":"unusual_prefix_faea391ec71b1d4b4651510353e4a48d62001c31_2_refresh_traffic_speed","filename":"2_refresh_traffic_speed.py","lineno":49}
{"timestamp":"2026-04-09T13:35:08.963647Z","level":"info","event":"[SAVE START] inserting 500 rows into traffic_speed_latest","logger":"lta_common","filename":"lta_common.py","lineno":174}
{"timestamp":"2026-04-09T13:35:09.331430Z","level":"info","event":"[SAVE DONE] inserted=500 rows into traffic_speed_latest","logger":"lta_common","filename":"lta_common.py","lineno":192}
{"timestamp":"2026-04-09T13:35:09.333244Z","level":"info","event":"[SAVE START] inserting 500 rows into traffic_speed_recent","logger":"lta_common","filename":"lta_common.py","lineno":174}
{"timestamp":"2026-04-09T13:35:10.285204Z","level":"info","event":"[SAVE DONE] inserted=500 rows into traffic_speed_recent","logger":"lta_common","filename":"lta_common.py","lineno":192}
{"timestamp":"2026-04-09T13:35:10.285333Z","level":"info","event":"STEP 7: page saved skip=4500 | pages=10 | latest_rows=5000 | recent_rows=5000","logger":"unusual_prefix_faea391ec71b1d4b4651510353e4a48d62001c31_2_refresh_traffic_speed","filename":"2_refresh_traffic_speed.py","lineno":61}
{"timestamp":"2026-04-09T13:35:10.285365Z","level":"info","event":"========== PAGE START ==========","logger":"lta_common","filename":"lta_common.py","lineno":52}
{"timestamp":"2026-04-09T13:35:10.285388Z","level":"info","event":"[FETCH] requesting rows 5000–5499","logger":"lta_common","filename":"lta_common.py","lineno":53}
{"timestamp":"2026-04-09T13:35:10.285417Z","level":"info","event":"Fetching page from LTA: skip=5000","logger":"lta_common","filename":"lta_common.py","lineno":35}
{"timestamp":"2026-04-09T13:35:11.616571Z","level":"info","event":"Retrieved 500 rows from LTA at skip=5000","logger":"lta_common","filename":"lta_common.py","lineno":43}
{"timestamp":"2026-04-09T13:35:11.617951Z","level":"info","event":"[FETCH DONE] retrieved=500 rows at skip=5000","logger":"lta_common","filename":"lta_common.py","lineno":58}
{"timestamp":"2026-04-09T13:35:11.618050Z","level":"info","event":"STEP 5: processing page skip=5000 rows=500","logger":"unusual_prefix_faea391ec71b1d4b4651510353e4a48d62001c31_2_refresh_traffic_speed","filename":"2_refresh_traffic_speed.py","lineno":46}
{"timestamp":"2026-04-09T13:35:11.618869Z","level":"info","event":"STEP 6: built snapshot dataframe rows=500","logger":"unusual_prefix_faea391ec71b1d4b4651510353e4a48d62001c31_2_refresh_traffic_speed","filename":"2_refresh_traffic_speed.py","lineno":49}
{"timestamp":"2026-04-09T13:35:11.619300Z","level":"info","event":"[SAVE START] inserting 500 rows into traffic_speed_latest","logger":"lta_common","filename":"lta_common.py","lineno":174}
{"timestamp":"2026-04-09T13:35:13.699125Z","level":"info","event":"[SAVE DONE] inserted=500 rows into traffic_speed_latest","logger":"lta_common","filename":"lta_common.py","lineno":192}
{"timestamp":"2026-04-09T13:35:13.700290Z","level":"info","event":"[SAVE START] inserting 500 rows into traffic_speed_recent","logger":"lta_common","filename":"lta_common.py","lineno":174}
{"timestamp":"2026-04-09T13:35:14.733710Z","level":"info","event":"[SAVE DONE] inserted=500 rows into traffic_speed_recent","logger":"lta_common","filename":"lta_common.py","lineno":192}
{"timestamp":"2026-04-09T13:35:14.733998Z","level":"info","event":"STEP 7: page saved skip=5000 | pages=11 | latest_rows=5500 | recent_rows=5500","logger":"unusual_prefix_faea391ec71b1d4b4651510353e4a48d62001c31_2_refresh_traffic_speed","filename":"2_refresh_traffic_speed.py","lineno":61}
{"timestamp":"2026-04-09T13:35:14.734054Z","level":"info","event":"========== PAGE START ==========","logger":"lta_common","filename":"lta_common.py","lineno":52}
{"timestamp":"2026-04-09T13:35:14.734090Z","level":"info","event":"[FETCH] requesting rows 5500–5999","logger":"lta_common","filename":"lta_common.py","lineno":53}
{"timestamp":"2026-04-09T13:35:14.734141Z","level":"info","event":"Fetching page from LTA: skip=5500","logger":"lta_common","filename":"lta_common.py","lineno":35}
{"timestamp":"2026-04-09T13:35:16.536829Z","level":"info","event":"Retrieved 500 rows from LTA at skip=5500","logger":"lta_common","filename":"lta_common.py","lineno":43}
{"timestamp":"2026-04-09T13:35:16.541936Z","level":"info","event":"[FETCH DONE] retrieved=500 rows at skip=5500","logger":"lta_common","filename":"lta_common.py","lineno":58}
{"timestamp":"2026-04-09T13:35:16.542745Z","level":"info","event":"STEP 5: processing page skip=5500 rows=500","logger":"unusual_prefix_faea391ec71b1d4b4651510353e4a48d62001c31_2_refresh_traffic_speed","filename":"2_refresh_traffic_speed.py","lineno":46}
{"timestamp":"2026-04-09T13:35:16.546034Z","level":"info","event":"STEP 6: built snapshot dataframe rows=500","logger":"unusual_prefix_faea391ec71b1d4b4651510353e4a48d62001c31_2_refresh_traffic_speed","filename":"2_refresh_traffic_speed.py","lineno":49}
{"timestamp":"2026-04-09T13:35:16.547599Z","level":"info","event":"[SAVE START] inserting 500 rows into traffic_speed_latest","logger":"lta_common","filename":"lta_common.py","lineno":174}
{"timestamp":"2026-04-09T13:35:17.168206Z","level":"info","event":"[SAVE DONE] inserted=500 rows into traffic_speed_latest","logger":"lta_common","filename":"lta_common.py","lineno":192}
{"timestamp":"2026-04-09T13:35:17.170940Z","level":"info","event":"[SAVE START] inserting 500 rows into traffic_speed_recent","logger":"lta_common","filename":"lta_common.py","lineno":174}
{"timestamp":"2026-04-09T13:35:17.690019Z","level":"info","event":"[SAVE DONE] inserted=500 rows into traffic_speed_recent","logger":"lta_common","filename":"lta_common.py","lineno":192}
{"timestamp":"2026-04-09T13:35:17.690138Z","level":"info","event":"STEP 7: page saved skip=5500 | pages=12 | latest_rows=6000 | recent_rows=6000","logger":"unusual_prefix_faea391ec71b1d4b4651510353e4a48d62001c31_2_refresh_traffic_speed","filename":"2_refresh_traffic_speed.py","lineno":61}
{"timestamp":"2026-04-09T13:35:17.690166Z","level":"info","event":"========== PAGE START ==========","logger":"lta_common","filename":"lta_common.py","lineno":52}
{"timestamp":"2026-04-09T13:35:17.690188Z","level":"info","event":"[FETCH] requesting rows 6000–6499","logger":"lta_common","filename":"lta_common.py","lineno":53}
{"timestamp":"2026-04-09T13:35:17.690216Z","level":"info","event":"Fetching page from LTA: skip=6000","logger":"lta_common","filename":"lta_common.py","lineno":35}
{"timestamp":"2026-04-09T13:35:19.608134Z","level":"info","event":"Retrieved 500 rows from LTA at skip=6000","logger":"lta_common","filename":"lta_common.py","lineno":43}
{"timestamp":"2026-04-09T13:35:19.609260Z","level":"info","event":"[FETCH DONE] retrieved=500 rows at skip=6000","logger":"lta_common","filename":"lta_common.py","lineno":58}
{"timestamp":"2026-04-09T13:35:19.609453Z","level":"info","event":"STEP 5: processing page skip=6000 rows=500","logger":"unusual_prefix_faea391ec71b1d4b4651510353e4a48d62001c31_2_refresh_traffic_speed","filename":"2_refresh_traffic_speed.py","lineno":46}
{"timestamp":"2026-04-09T13:35:19.610156Z","level":"info","event":"STEP 6: built snapshot dataframe rows=500","logger":"unusual_prefix_faea391ec71b1d4b4651510353e4a48d62001c31_2_refresh_traffic_speed","filename":"2_refresh_traffic_speed.py","lineno":49}
{"timestamp":"2026-04-09T13:35:19.610577Z","level":"info","event":"[SAVE START] inserting 500 rows into traffic_speed_latest","logger":"lta_common","filename":"lta_common.py","lineno":174}
{"timestamp":"2026-04-09T13:35:20.099920Z","level":"info","event":"[SAVE DONE] inserted=500 rows into traffic_speed_latest","logger":"lta_common","filename":"lta_common.py","lineno":192}
{"timestamp":"2026-04-09T13:35:20.100545Z","level":"info","event":"[SAVE START] inserting 500 rows into traffic_speed_recent","logger":"lta_common","filename":"lta_common.py","lineno":174}
{"timestamp":"2026-04-09T13:35:20.479490Z","level":"info","event":"[SAVE DONE] inserted=500 rows into traffic_speed_recent","logger":"lta_common","filename":"lta_common.py","lineno":192}
{"timestamp":"2026-04-09T13:35:20.479627Z","level":"info","event":"STEP 7: page saved skip=6000 | pages=13 | latest_rows=6500 | recent_rows=6500","logger":"unusual_prefix_faea391ec71b1d4b4651510353e4a48d62001c31_2_refresh_traffic_speed","filename":"2_refresh_traffic_speed.py","lineno":61}
{"timestamp":"2026-04-09T13:35:20.479658Z","level":"info","event":"========== PAGE START ==========","logger":"lta_common","filename":"lta_common.py","lineno":52}
{"timestamp":"2026-04-09T13:35:20.479708Z","level":"info","event":"[FETCH] requesting rows 6500–6999","logger":"lta_common","filename":"lta_common.py","lineno":53}
{"timestamp":"2026-04-09T13:35:20.479739Z","level":"info","event":"Fetching page from LTA: skip=6500","logger":"lta_common","filename":"lta_common.py","lineno":35}
{"timestamp":"2026-04-09T13:35:21.907878Z","level":"info","event":"Retrieved 500 rows from LTA at skip=6500","logger":"lta_common","filename":"lta_common.py","lineno":43}
{"timestamp":"2026-04-09T13:35:21.912432Z","level":"info","event":"[FETCH DONE] retrieved=500 rows at skip=6500","logger":"lta_common","filename":"lta_common.py","lineno":58}
{"timestamp":"2026-04-09T13:35:21.912889Z","level":"info","event":"STEP 5: processing page skip=6500 rows=500","logger":"unusual_prefix_faea391ec71b1d4b4651510353e4a48d62001c31_2_refresh_traffic_speed","filename":"2_refresh_traffic_speed.py","lineno":46}
{"timestamp":"2026-04-09T13:35:21.917094Z","level":"info","event":"STEP 6: built snapshot dataframe rows=500","logger":"unusual_prefix_faea391ec71b1d4b4651510353e4a48d62001c31_2_refresh_traffic_speed","filename":"2_refresh_traffic_speed.py","lineno":49}
{"timestamp":"2026-04-09T13:35:21.918201Z","level":"info","event":"[SAVE START] inserting 500 rows into traffic_speed_latest","logger":"lta_common","filename":"lta_common.py","lineno":174}
{"timestamp":"2026-04-09T13:35:22.291221Z","level":"info","event":"[SAVE DONE] inserted=500 rows into traffic_speed_latest","logger":"lta_common","filename":"lta_common.py","lineno":192}
{"timestamp":"2026-04-09T13:35:22.294108Z","level":"info","event":"[SAVE START] inserting 500 rows into traffic_speed_recent","logger":"lta_common","filename":"lta_common.py","lineno":174}
{"timestamp":"2026-04-09T13:35:22.684422Z","level":"info","event":"[SAVE DONE] inserted=500 rows into traffic_speed_recent","logger":"lta_common","filename":"lta_common.py","lineno":192}
{"timestamp":"2026-04-09T13:35:22.685152Z","level":"info","event":"STEP 7: page saved skip=6500 | pages=14 | latest_rows=7000 | recent_rows=7000","logger":"unusual_prefix_faea391ec71b1d4b4651510353e4a48d62001c31_2_refresh_traffic_speed","filename":"2_refresh_traffic_speed.py","lineno":61}
{"timestamp":"2026-04-09T13:35:22.685335Z","level":"info","event":"========== PAGE START ==========","logger":"lta_common","filename":"lta_common.py","lineno":52}
{"timestamp":"2026-04-09T13:35:22.685476Z","level":"info","event":"[FETCH] requesting rows 7000–7499","logger":"lta_common","filename":"lta_common.py","lineno":53}
{"timestamp":"2026-04-09T13:35:22.685773Z","level":"info","event":"Fetching page from LTA: skip=7000","logger":"lta_common","filename":"lta_common.py","lineno":35}
{"timestamp":"2026-04-09T13:35:24.085159Z","level":"info","event":"Retrieved 500 rows from LTA at skip=7000","logger":"lta_common","filename":"lta_common.py","lineno":43}
{"timestamp":"2026-04-09T13:35:24.086290Z","level":"info","event":"[FETCH DONE] retrieved=500 rows at skip=7000","logger":"lta_common","filename":"lta_common.py","lineno":58}
{"timestamp":"2026-04-09T13:35:24.086375Z","level":"info","event":"STEP 5: processing page skip=7000 rows=500","logger":"unusual_prefix_faea391ec71b1d4b4651510353e4a48d62001c31_2_refresh_traffic_speed","filename":"2_refresh_traffic_speed.py","lineno":46}
{"timestamp":"2026-04-09T13:35:24.087265Z","level":"info","event":"STEP 6: built snapshot dataframe rows=500","logger":"unusual_prefix_faea391ec71b1d4b4651510353e4a48d62001c31_2_refresh_traffic_speed","filename":"2_refresh_traffic_speed.py","lineno":49}
{"timestamp":"2026-04-09T13:35:24.087687Z","level":"info","event":"[SAVE START] inserting 500 rows into traffic_speed_latest","logger":"lta_common","filename":"lta_common.py","lineno":174}
{"timestamp":"2026-04-09T13:35:24.483361Z","level":"info","event":"[SAVE DONE] inserted=500 rows into traffic_speed_latest","logger":"lta_common","filename":"lta_common.py","lineno":192}
{"timestamp":"2026-04-09T13:35:24.484014Z","level":"info","event":"[SAVE START] inserting 500 rows into traffic_speed_recent","logger":"lta_common","filename":"lta_common.py","lineno":174}
{"timestamp":"2026-04-09T13:35:24.873587Z","level":"info","event":"[SAVE DONE] inserted=500 rows into traffic_speed_recent","logger":"lta_common","filename":"lta_common.py","lineno":192}
{"timestamp":"2026-04-09T13:35:24.873762Z","level":"info","event":"STEP 7: page saved skip=7000 | pages=15 | latest_rows=7500 | recent_rows=7500","logger":"unusual_prefix_faea391ec71b1d4b4651510353e4a48d62001c31_2_refresh_traffic_speed","filename":"2_refresh_traffic_speed.py","lineno":61}
{"timestamp":"2026-04-09T13:35:24.873798Z","level":"info","event":"========== PAGE START ==========","logger":"lta_common","filename":"lta_common.py","lineno":52}
{"timestamp":"2026-04-09T13:35:24.873821Z","level":"info","event":"[FETCH] requesting rows 7500–7999","logger":"lta_common","filename":"lta_common.py","lineno":53}
{"timestamp":"2026-04-09T13:35:24.873854Z","level":"info","event":"Fetching page from LTA: skip=7500","logger":"lta_common","filename":"lta_common.py","lineno":35}
{"timestamp":"2026-04-09T13:35:28.475593Z","level":"info","event":"Retrieved 500 rows from LTA at skip=7500","logger":"lta_common","filename":"lta_common.py","lineno":43}
{"timestamp":"2026-04-09T13:35:28.477086Z","level":"info","event":"[FETCH DONE] retrieved=500 rows at skip=7500","logger":"lta_common","filename":"lta_common.py","lineno":58}
{"timestamp":"2026-04-09T13:35:28.477309Z","level":"info","event":"STEP 5: processing page skip=7500 rows=500","logger":"unusual_prefix_faea391ec71b1d4b4651510353e4a48d62001c31_2_refresh_traffic_speed","filename":"2_refresh_traffic_speed.py","lineno":46}
{"timestamp":"2026-04-09T13:35:28.478482Z","level":"info","event":"STEP 6: built snapshot dataframe rows=500","logger":"unusual_prefix_faea391ec71b1d4b4651510353e4a48d62001c31_2_refresh_traffic_speed","filename":"2_refresh_traffic_speed.py","lineno":49}
{"timestamp":"2026-04-09T13:35:28.479038Z","level":"info","event":"[SAVE START] inserting 500 rows into traffic_speed_latest","logger":"lta_common","filename":"lta_common.py","lineno":174}
{"timestamp":"2026-04-09T13:35:28.870639Z","level":"info","event":"[SAVE DONE] inserted=500 rows into traffic_speed_latest","logger":"lta_common","filename":"lta_common.py","lineno":192}
{"timestamp":"2026-04-09T13:35:28.871237Z","level":"info","event":"[SAVE START] inserting 500 rows into traffic_speed_recent","logger":"lta_common","filename":"lta_common.py","lineno":174}
{"timestamp":"2026-04-09T13:35:29.259021Z","level":"info","event":"[SAVE DONE] inserted=500 rows into traffic_speed_recent","logger":"lta_common","filename":"lta_common.py","lineno":192}
{"timestamp":"2026-04-09T13:35:29.259205Z","level":"info","event":"STEP 7: page saved skip=7500 | pages=16 | latest_rows=8000 | recent_rows=8000","logger":"unusual_prefix_faea391ec71b1d4b4651510353e4a48d62001c31_2_refresh_traffic_speed","filename":"2_refresh_traffic_speed.py","lineno":61}
{"timestamp":"2026-04-09T13:35:29.259258Z","level":"info","event":"========== PAGE START ==========","logger":"lta_common","filename":"lta_common.py","lineno":52}
{"timestamp":"2026-04-09T13:35:29.259292Z","level":"info","event":"[FETCH] requesting rows 8000–8499","logger":"lta_common","filename":"lta_common.py","lineno":53}
{"timestamp":"2026-04-09T13:35:29.259359Z","level":"info","event":"Fetching page from LTA: skip=8000","logger":"lta_common","filename":"lta_common.py","lineno":35}
{"timestamp":"2026-04-09T13:35:31.135624Z","level":"info","event":"Retrieved 500 rows from LTA at skip=8000","logger":"lta_common","filename":"lta_common.py","lineno":43}
{"timestamp":"2026-04-09T13:35:31.137644Z","level":"info","event":"[FETCH DONE] retrieved=500 rows at skip=8000","logger":"lta_common","filename":"lta_common.py","lineno":58}
{"timestamp":"2026-04-09T13:35:31.137856Z","level":"info","event":"STEP 5: processing page skip=8000 rows=500","logger":"unusual_prefix_faea391ec71b1d4b4651510353e4a48d62001c31_2_refresh_traffic_speed","filename":"2_refresh_traffic_speed.py","lineno":46}
{"timestamp":"2026-04-09T13:35:31.139169Z","level":"info","event":"STEP 6: built snapshot dataframe rows=500","logger":"unusual_prefix_faea391ec71b1d4b4651510353e4a48d62001c31_2_refresh_traffic_speed","filename":"2_refresh_traffic_speed.py","lineno":49}
{"timestamp":"2026-04-09T13:35:31.139718Z","level":"info","event":"[SAVE START] inserting 500 rows into traffic_speed_latest","logger":"lta_common","filename":"lta_common.py","lineno":174}
{"timestamp":"2026-04-09T13:35:31.846019Z","level":"info","event":"[SAVE DONE] inserted=500 rows into traffic_speed_latest","logger":"lta_common","filename":"lta_common.py","lineno":192}
{"timestamp":"2026-04-09T13:35:31.848486Z","level":"info","event":"[SAVE START] inserting 500 rows into traffic_speed_recent","logger":"lta_common","filename":"lta_common.py","lineno":174}
{"timestamp":"2026-04-09T13:35:32.832365Z","level":"info","event":"[SAVE DONE] inserted=500 rows into traffic_speed_recent","logger":"lta_common","filename":"lta_common.py","lineno":192}
{"timestamp":"2026-04-09T13:35:32.833166Z","level":"info","event":"STEP 7: page saved skip=8000 | pages=17 | latest_rows=8500 | recent_rows=8500","logger":"unusual_prefix_faea391ec71b1d4b4651510353e4a48d62001c31_2_refresh_traffic_speed","filename":"2_refresh_traffic_speed.py","lineno":61}
{"timestamp":"2026-04-09T13:35:32.833348Z","level":"info","event":"========== PAGE START ==========","logger":"lta_common","filename":"lta_common.py","lineno":52}
{"timestamp":"2026-04-09T13:35:32.833478Z","level":"info","event":"[FETCH] requesting rows 8500–8999","logger":"lta_common","filename":"lta_common.py","lineno":53}
{"timestamp":"2026-04-09T13:35:32.833633Z","level":"info","event":"Fetching page from LTA: skip=8500","logger":"lta_common","filename":"lta_common.py","lineno":35}
{"timestamp":"2026-04-09T13:35:35.139764Z","level":"info","event":"Retrieved 500 rows from LTA at skip=8500","logger":"lta_common","filename":"lta_common.py","lineno":43}
{"timestamp":"2026-04-09T13:35:35.145673Z","level":"info","event":"[FETCH DONE] retrieved=500 rows at skip=8500","logger":"lta_common","filename":"lta_common.py","lineno":58}
{"timestamp":"2026-04-09T13:35:35.146282Z","level":"info","event":"STEP 5: processing page skip=8500 rows=500","logger":"unusual_prefix_faea391ec71b1d4b4651510353e4a48d62001c31_2_refresh_traffic_speed","filename":"2_refresh_traffic_speed.py","lineno":46}
{"timestamp":"2026-04-09T13:35:35.149982Z","level":"info","event":"STEP 6: built snapshot dataframe rows=500","logger":"unusual_prefix_faea391ec71b1d4b4651510353e4a48d62001c31_2_refresh_traffic_speed","filename":"2_refresh_traffic_speed.py","lineno":49}
{"timestamp":"2026-04-09T13:35:35.152013Z","level":"info","event":"[SAVE START] inserting 500 rows into traffic_speed_latest","logger":"lta_common","filename":"lta_common.py","lineno":174}
{"timestamp":"2026-04-09T13:35:35.692974Z","level":"info","event":"[SAVE DONE] inserted=500 rows into traffic_speed_latest","logger":"lta_common","filename":"lta_common.py","lineno":192}
{"timestamp":"2026-04-09T13:35:35.694991Z","level":"info","event":"[SAVE START] inserting 500 rows into traffic_speed_recent","logger":"lta_common","filename":"lta_common.py","lineno":174}
{"timestamp":"2026-04-09T13:35:36.494898Z","level":"info","event":"[SAVE DONE] inserted=500 rows into traffic_speed_recent","logger":"lta_common","filename":"lta_common.py","lineno":192}
{"timestamp":"2026-04-09T13:35:36.495244Z","level":"info","event":"STEP 7: page saved skip=8500 | pages=18 | latest_rows=9000 | recent_rows=9000","logger":"unusual_prefix_faea391ec71b1d4b4651510353e4a48d62001c31_2_refresh_traffic_speed","filename":"2_refresh_traffic_speed.py","lineno":61}
{"timestamp":"2026-04-09T13:35:36.495315Z","level":"info","event":"========== PAGE START ==========","logger":"lta_common","filename":"lta_common.py","lineno":52}
{"timestamp":"2026-04-09T13:35:36.495396Z","level":"info","event":"[FETCH] requesting rows 9000–9499","logger":"lta_common","filename":"lta_common.py","lineno":53}
{"timestamp":"2026-04-09T13:35:36.495510Z","level":"info","event":"Fetching page from LTA: skip=9000","logger":"lta_common","filename":"lta_common.py","lineno":35}
{"timestamp":"2026-04-09T13:35:38.283272Z","level":"info","event":"Retrieved 500 rows from LTA at skip=9000","logger":"lta_common","filename":"lta_common.py","lineno":43}
{"timestamp":"2026-04-09T13:35:38.284518Z","level":"info","event":"[FETCH DONE] retrieved=500 rows at skip=9000","logger":"lta_common","filename":"lta_common.py","lineno":58}
{"timestamp":"2026-04-09T13:35:38.284740Z","level":"info","event":"STEP 5: processing page skip=9000 rows=500","logger":"unusual_prefix_faea391ec71b1d4b4651510353e4a48d62001c31_2_refresh_traffic_speed","filename":"2_refresh_traffic_speed.py","lineno":46}
{"timestamp":"2026-04-09T13:35:38.285671Z","level":"info","event":"STEP 6: built snapshot dataframe rows=500","logger":"unusual_prefix_faea391ec71b1d4b4651510353e4a48d62001c31_2_refresh_traffic_speed","filename":"2_refresh_traffic_speed.py","lineno":49}
{"timestamp":"2026-04-09T13:35:38.286142Z","level":"info","event":"[SAVE START] inserting 500 rows into traffic_speed_latest","logger":"lta_common","filename":"lta_common.py","lineno":174}
{"timestamp":"2026-04-09T13:35:40.007560Z","level":"info","event":"[SAVE DONE] inserted=500 rows into traffic_speed_latest","logger":"lta_common","filename":"lta_common.py","lineno":192}
{"timestamp":"2026-04-09T13:35:40.010368Z","level":"info","event":"[SAVE START] inserting 500 rows into traffic_speed_recent","logger":"lta_common","filename":"lta_common.py","lineno":174}
{"timestamp":"2026-04-09T13:35:41.641448Z","level":"info","event":"[SAVE DONE] inserted=500 rows into traffic_speed_recent","logger":"lta_common","filename":"lta_common.py","lineno":192}
{"timestamp":"2026-04-09T13:35:41.641970Z","level":"info","event":"STEP 7: page saved skip=9000 | pages=19 | latest_rows=9500 | recent_rows=9500","logger":"unusual_prefix_faea391ec71b1d4b4651510353e4a48d62001c31_2_refresh_traffic_speed","filename":"2_refresh_traffic_speed.py","lineno":61}
{"timestamp":"2026-04-09T13:35:41.642106Z","level":"info","event":"========== PAGE START ==========","logger":"lta_common","filename":"lta_common.py","lineno":52}
{"timestamp":"2026-04-09T13:35:41.642182Z","level":"info","event":"[FETCH] requesting rows 9500–9999","logger":"lta_common","filename":"lta_common.py","lineno":53}
{"timestamp":"2026-04-09T13:35:41.642306Z","level":"info","event":"Fetching page from LTA: skip=9500","logger":"lta_common","filename":"lta_common.py","lineno":35}
{"timestamp":"2026-04-09T13:35:42.483090Z","level":"info","event":"Retrieved 500 rows from LTA at skip=9500","logger":"lta_common","filename":"lta_common.py","lineno":43}
{"timestamp":"2026-04-09T13:35:42.484842Z","level":"info","event":"[FETCH DONE] retrieved=500 rows at skip=9500","logger":"lta_common","filename":"lta_common.py","lineno":58}
{"timestamp":"2026-04-09T13:35:42.484993Z","level":"info","event":"STEP 5: processing page skip=9500 rows=500","logger":"unusual_prefix_faea391ec71b1d4b4651510353e4a48d62001c31_2_refresh_traffic_speed","filename":"2_refresh_traffic_speed.py","lineno":46}
{"timestamp":"2026-04-09T13:35:42.486682Z","level":"info","event":"STEP 6: built snapshot dataframe rows=500","logger":"unusual_prefix_faea391ec71b1d4b4651510353e4a48d62001c31_2_refresh_traffic_speed","filename":"2_refresh_traffic_speed.py","lineno":49}
{"timestamp":"2026-04-09T13:35:42.487334Z","level":"info","event":"[SAVE START] inserting 500 rows into traffic_speed_latest","logger":"lta_common","filename":"lta_common.py","lineno":174}
{"timestamp":"2026-04-09T13:35:43.220560Z","level":"info","event":"[SAVE DONE] inserted=500 rows into traffic_speed_latest","logger":"lta_common","filename":"lta_common.py","lineno":192}
{"timestamp":"2026-04-09T13:35:43.221502Z","level":"info","event":"[SAVE START] inserting 500 rows into traffic_speed_recent","logger":"lta_common","filename":"lta_common.py","lineno":174}
{"timestamp":"2026-04-09T13:35:44.381112Z","level":"info","event":"[SAVE DONE] inserted=500 rows into traffic_speed_recent","logger":"lta_common","filename":"lta_common.py","lineno":192}
{"timestamp":"2026-04-09T13:35:44.381661Z","level":"info","event":"STEP 7: page saved skip=9500 | pages=20 | latest_rows=10000 | recent_rows=10000","logger":"unusual_prefix_faea391ec71b1d4b4651510353e4a48d62001c31_2_refresh_traffic_speed","filename":"2_refresh_traffic_speed.py","lineno":61}
{"timestamp":"2026-04-09T13:35:44.381852Z","level":"info","event":"========== PAGE START ==========","logger":"lta_common","filename":"lta_common.py","lineno":52}
{"timestamp":"2026-04-09T13:35:44.382031Z","level":"info","event":"[FETCH] requesting rows 10000–10499","logger":"lta_common","filename":"lta_common.py","lineno":53}
{"timestamp":"2026-04-09T13:35:44.382227Z","level":"info","event":"Fetching page from LTA: skip=10000","logger":"lta_common","filename":"lta_common.py","lineno":35}
{"timestamp":"2026-04-09T13:35:44.939210Z","level":"info","event":"Retrieved 500 rows from LTA at skip=10000","logger":"lta_common","filename":"lta_common.py","lineno":43}
{"timestamp":"2026-04-09T13:35:44.943199Z","level":"info","event":"[FETCH DONE] retrieved=500 rows at skip=10000","logger":"lta_common","filename":"lta_common.py","lineno":58}
{"timestamp":"2026-04-09T13:35:44.943835Z","level":"info","event":"STEP 5: processing page skip=10000 rows=500","logger":"unusual_prefix_faea391ec71b1d4b4651510353e4a48d62001c31_2_refresh_traffic_speed","filename":"2_refresh_traffic_speed.py","lineno":46}
{"timestamp":"2026-04-09T13:35:44.946352Z","level":"info","event":"STEP 6: built snapshot dataframe rows=500","logger":"unusual_prefix_faea391ec71b1d4b4651510353e4a48d62001c31_2_refresh_traffic_speed","filename":"2_refresh_traffic_speed.py","lineno":49}
{"timestamp":"2026-04-09T13:35:44.947471Z","level":"info","event":"[SAVE START] inserting 500 rows into traffic_speed_latest","logger":"lta_common","filename":"lta_common.py","lineno":174}
{"timestamp":"2026-04-09T13:35:45.539632Z","level":"info","event":"[SAVE DONE] inserted=500 rows into traffic_speed_latest","logger":"lta_common","filename":"lta_common.py","lineno":192}
{"timestamp":"2026-04-09T13:35:45.540257Z","level":"info","event":"[SAVE START] inserting 500 rows into traffic_speed_recent","logger":"lta_common","filename":"lta_common.py","lineno":174}
{"timestamp":"2026-04-09T13:35:46.162756Z","level":"info","event":"[SAVE DONE] inserted=500 rows into traffic_speed_recent","logger":"lta_common","filename":"lta_common.py","lineno":192}
{"timestamp":"2026-04-09T13:35:46.162961Z","level":"info","event":"STEP 7: page saved skip=10000 | pages=21 | latest_rows=10500 | recent_rows=10500","logger":"unusual_prefix_faea391ec71b1d4b4651510353e4a48d62001c31_2_refresh_traffic_speed","filename":"2_refresh_traffic_speed.py","lineno":61}
{"timestamp":"2026-04-09T13:35:46.162999Z","level":"info","event":"========== PAGE START ==========","logger":"lta_common","filename":"lta_common.py","lineno":52}
{"timestamp":"2026-04-09T13:35:46.163023Z","level":"info","event":"[FETCH] requesting rows 10500–10999","logger":"lta_common","filename":"lta_common.py","lineno":53}
{"timestamp":"2026-04-09T13:35:46.163064Z","level":"info","event":"Fetching page from LTA: skip=10500","logger":"lta_common","filename":"lta_common.py","lineno":35}
{"timestamp":"2026-04-09T13:35:49.127157Z","level":"info","event":"Retrieved 500 rows from LTA at skip=10500","logger":"lta_common","filename":"lta_common.py","lineno":43}
{"timestamp":"2026-04-09T13:35:49.131966Z","level":"info","event":"[FETCH DONE] retrieved=500 rows at skip=10500","logger":"lta_common","filename":"lta_common.py","lineno":58}
{"timestamp":"2026-04-09T13:35:49.132575Z","level":"info","event":"STEP 5: processing page skip=10500 rows=500","logger":"unusual_prefix_faea391ec71b1d4b4651510353e4a48d62001c31_2_refresh_traffic_speed","filename":"2_refresh_traffic_speed.py","lineno":46}
{"timestamp":"2026-04-09T13:35:49.134824Z","level":"info","event":"STEP 6: built snapshot dataframe rows=500","logger":"unusual_prefix_faea391ec71b1d4b4651510353e4a48d62001c31_2_refresh_traffic_speed","filename":"2_refresh_traffic_speed.py","lineno":49}
{"timestamp":"2026-04-09T13:35:49.136793Z","level":"info","event":"[SAVE START] inserting 500 rows into traffic_speed_latest","logger":"lta_common","filename":"lta_common.py","lineno":174}
{"timestamp":"2026-04-09T13:35:49.624355Z","level":"info","event":"[SAVE DONE] inserted=500 rows into traffic_speed_latest","logger":"lta_common","filename":"lta_common.py","lineno":192}
{"timestamp":"2026-04-09T13:35:49.626776Z","level":"info","event":"[SAVE START] inserting 500 rows into traffic_speed_recent","logger":"lta_common","filename":"lta_common.py","lineno":174}
{"timestamp":"2026-04-09T13:35:50.575546Z","level":"info","event":"[SAVE DONE] inserted=500 rows into traffic_speed_recent","logger":"lta_common","filename":"lta_common.py","lineno":192}
{"timestamp":"2026-04-09T13:35:50.575677Z","level":"info","event":"STEP 7: page saved skip=10500 | pages=22 | latest_rows=11000 | recent_rows=11000","logger":"unusual_prefix_faea391ec71b1d4b4651510353e4a48d62001c31_2_refresh_traffic_speed","filename":"2_refresh_traffic_speed.py","lineno":61}
{"timestamp":"2026-04-09T13:35:50.575709Z","level":"info","event":"========== PAGE START ==========","logger":"lta_common","filename":"lta_common.py","lineno":52}
{"timestamp":"2026-04-09T13:35:50.575730Z","level":"info","event":"[FETCH] requesting rows 11000–11499","logger":"lta_common","filename":"lta_common.py","lineno":53}
{"timestamp":"2026-04-09T13:35:50.575759Z","level":"info","event":"Fetching page from LTA: skip=11000","logger":"lta_common","filename":"lta_common.py","lineno":35}
{"timestamp":"2026-04-09T13:35:51.525201Z","level":"info","event":"Retrieved 500 rows from LTA at skip=11000","logger":"lta_common","filename":"lta_common.py","lineno":43}
{"timestamp":"2026-04-09T13:35:51.526279Z","level":"info","event":"[FETCH DONE] retrieved=500 rows at skip=11000","logger":"lta_common","filename":"lta_common.py","lineno":58}
{"timestamp":"2026-04-09T13:35:51.526365Z","level":"info","event":"STEP 5: processing page skip=11000 rows=500","logger":"unusual_prefix_faea391ec71b1d4b4651510353e4a48d62001c31_2_refresh_traffic_speed","filename":"2_refresh_traffic_speed.py","lineno":46}
{"timestamp":"2026-04-09T13:35:51.527229Z","level":"info","event":"STEP 6: built snapshot dataframe rows=500","logger":"unusual_prefix_faea391ec71b1d4b4651510353e4a48d62001c31_2_refresh_traffic_speed","filename":"2_refresh_traffic_speed.py","lineno":49}
{"timestamp":"2026-04-09T13:35:51.527644Z","level":"info","event":"[SAVE START] inserting 500 rows into traffic_speed_latest","logger":"lta_common","filename":"lta_common.py","lineno":174}
{"timestamp":"2026-04-09T13:35:52.166305Z","level":"info","event":"[SAVE DONE] inserted=500 rows into traffic_speed_latest","logger":"lta_common","filename":"lta_common.py","lineno":192}
{"timestamp":"2026-04-09T13:35:52.166984Z","level":"info","event":"[SAVE START] inserting 500 rows into traffic_speed_recent","logger":"lta_common","filename":"lta_common.py","lineno":174}
{"timestamp":"2026-04-09T13:35:52.672352Z","level":"info","event":"[SAVE DONE] inserted=500 rows into traffic_speed_recent","logger":"lta_common","filename":"lta_common.py","lineno":192}
{"timestamp":"2026-04-09T13:35:52.672772Z","level":"info","event":"STEP 7: page saved skip=11000 | pages=23 | latest_rows=11500 | recent_rows=11500","logger":"unusual_prefix_faea391ec71b1d4b4651510353e4a48d62001c31_2_refresh_traffic_speed","filename":"2_refresh_traffic_speed.py","lineno":61}
{"timestamp":"2026-04-09T13:35:52.672843Z","level":"info","event":"========== PAGE START ==========","logger":"lta_common","filename":"lta_common.py","lineno":52}
{"timestamp":"2026-04-09T13:35:52.672872Z","level":"info","event":"[FETCH] requesting rows 11500–11999","logger":"lta_common","filename":"lta_common.py","lineno":53}
{"timestamp":"2026-04-09T13:35:52.672915Z","level":"info","event":"Fetching page from LTA: skip=11500","logger":"lta_common","filename":"lta_common.py","lineno":35}
{"timestamp":"2026-04-09T13:35:53.938397Z","level":"info","event":"Retrieved 500 rows from LTA at skip=11500","logger":"lta_common","filename":"lta_common.py","lineno":43}
{"timestamp":"2026-04-09T13:35:53.943725Z","level":"info","event":"[FETCH DONE] retrieved=500 rows at skip=11500","logger":"lta_common","filename":"lta_common.py","lineno":58}
{"timestamp":"2026-04-09T13:35:53.945006Z","level":"info","event":"STEP 5: processing page skip=11500 rows=500","logger":"unusual_prefix_faea391ec71b1d4b4651510353e4a48d62001c31_2_refresh_traffic_speed","filename":"2_refresh_traffic_speed.py","lineno":46}
{"timestamp":"2026-04-09T13:35:53.948967Z","level":"info","event":"STEP 6: built snapshot dataframe rows=500","logger":"unusual_prefix_faea391ec71b1d4b4651510353e4a48d62001c31_2_refresh_traffic_speed","filename":"2_refresh_traffic_speed.py","lineno":49}
{"timestamp":"2026-04-09T13:35:53.950254Z","level":"info","event":"[SAVE START] inserting 500 rows into traffic_speed_latest","logger":"lta_common","filename":"lta_common.py","lineno":174}
{"timestamp":"2026-04-09T13:35:54.776224Z","level":"info","event":"[SAVE DONE] inserted=500 rows into traffic_speed_latest","logger":"lta_common","filename":"lta_common.py","lineno":192}
{"timestamp":"2026-04-09T13:35:54.779187Z","level":"info","event":"[SAVE START] inserting 500 rows into traffic_speed_recent","logger":"lta_common","filename":"lta_common.py","lineno":174}
{"timestamp":"2026-04-09T13:35:56.330403Z","level":"info","event":"[SAVE DONE] inserted=500 rows into traffic_speed_recent","logger":"lta_common","filename":"lta_common.py","lineno":192}
{"timestamp":"2026-04-09T13:35:56.330547Z","level":"info","event":"STEP 7: page saved skip=11500 | pages=24 | latest_rows=12000 | recent_rows=12000","logger":"unusual_prefix_faea391ec71b1d4b4651510353e4a48d62001c31_2_refresh_traffic_speed","filename":"2_refresh_traffic_speed.py","lineno":61}
{"timestamp":"2026-04-09T13:35:56.330578Z","level":"info","event":"========== PAGE START ==========","logger":"lta_common","filename":"lta_common.py","lineno":52}
{"timestamp":"2026-04-09T13:35:56.330601Z","level":"info","event":"[FETCH] requesting rows 12000–12499","logger":"lta_common","filename":"lta_common.py","lineno":53}
{"timestamp":"2026-04-09T13:35:56.330631Z","level":"info","event":"Fetching page from LTA: skip=12000","logger":"lta_common","filename":"lta_common.py","lineno":35}
{"timestamp":"2026-04-09T13:35:57.474943Z","level":"info","event":"Retrieved 500 rows from LTA at skip=12000","logger":"lta_common","filename":"lta_common.py","lineno":43}
{"timestamp":"2026-04-09T13:35:57.476122Z","level":"info","event":"[FETCH DONE] retrieved=500 rows at skip=12000","logger":"lta_common","filename":"lta_common.py","lineno":58}
{"timestamp":"2026-04-09T13:35:57.476328Z","level":"info","event":"STEP 5: processing page skip=12000 rows=500","logger":"unusual_prefix_faea391ec71b1d4b4651510353e4a48d62001c31_2_refresh_traffic_speed","filename":"2_refresh_traffic_speed.py","lineno":46}
{"timestamp":"2026-04-09T13:35:57.477098Z","level":"info","event":"STEP 6: built snapshot dataframe rows=500","logger":"unusual_prefix_faea391ec71b1d4b4651510353e4a48d62001c31_2_refresh_traffic_speed","filename":"2_refresh_traffic_speed.py","lineno":49}
{"timestamp":"2026-04-09T13:35:57.477523Z","level":"info","event":"[SAVE START] inserting 500 rows into traffic_speed_latest","logger":"lta_common","filename":"lta_common.py","lineno":174}
{"timestamp":"2026-04-09T13:35:58.495269Z","level":"info","event":"[SAVE DONE] inserted=500 rows into traffic_speed_latest","logger":"lta_common","filename":"lta_common.py","lineno":192}
{"timestamp":"2026-04-09T13:35:58.497846Z","level":"info","event":"[SAVE START] inserting 500 rows into traffic_speed_recent","logger":"lta_common","filename":"lta_common.py","lineno":174}
{"timestamp":"2026-04-09T13:35:59.131806Z","level":"info","event":"[SAVE DONE] inserted=500 rows into traffic_speed_recent","logger":"lta_common","filename":"lta_common.py","lineno":192}
{"timestamp":"2026-04-09T13:35:59.132248Z","level":"info","event":"STEP 7: page saved skip=12000 | pages=25 | latest_rows=12500 | recent_rows=12500","logger":"unusual_prefix_faea391ec71b1d4b4651510353e4a48d62001c31_2_refresh_traffic_speed","filename":"2_refresh_traffic_speed.py","lineno":61}
{"timestamp":"2026-04-09T13:35:59.132392Z","level":"info","event":"========== PAGE START ==========","logger":"lta_common","filename":"lta_common.py","lineno":52}
{"timestamp":"2026-04-09T13:35:59.132569Z","level":"info","event":"[FETCH] requesting rows 12500–12999","logger":"lta_common","filename":"lta_common.py","lineno":53}
{"timestamp":"2026-04-09T13:35:59.132718Z","level":"info","event":"Fetching page from LTA: skip=12500","logger":"lta_common","filename":"lta_common.py","lineno":35}
{"timestamp":"2026-04-09T13:36:00.737472Z","level":"info","event":"Retrieved 500 rows from LTA at skip=12500","logger":"lta_common","filename":"lta_common.py","lineno":43}
{"timestamp":"2026-04-09T13:36:00.738646Z","level":"info","event":"[FETCH DONE] retrieved=500 rows at skip=12500","logger":"lta_common","filename":"lta_common.py","lineno":58}
{"timestamp":"2026-04-09T13:36:00.738850Z","level":"info","event":"STEP 5: processing page skip=12500 rows=500","logger":"unusual_prefix_faea391ec71b1d4b4651510353e4a48d62001c31_2_refresh_traffic_speed","filename":"2_refresh_traffic_speed.py","lineno":46}
{"timestamp":"2026-04-09T13:36:00.739738Z","level":"info","event":"STEP 6: built snapshot dataframe rows=500","logger":"unusual_prefix_faea391ec71b1d4b4651510353e4a48d62001c31_2_refresh_traffic_speed","filename":"2_refresh_traffic_speed.py","lineno":49}
{"timestamp":"2026-04-09T13:36:00.740189Z","level":"info","event":"[SAVE START] inserting 500 rows into traffic_speed_latest","logger":"lta_common","filename":"lta_common.py","lineno":174}
{"timestamp":"2026-04-09T13:36:01.240326Z","level":"info","event":"[SAVE DONE] inserted=500 rows into traffic_speed_latest","logger":"lta_common","filename":"lta_common.py","lineno":192}
{"timestamp":"2026-04-09T13:36:01.240987Z","level":"info","event":"[SAVE START] inserting 500 rows into traffic_speed_recent","logger":"lta_common","filename":"lta_common.py","lineno":174}
{"timestamp":"2026-04-09T13:36:02.430319Z","level":"info","event":"[SAVE DONE] inserted=500 rows into traffic_speed_recent","logger":"lta_common","filename":"lta_common.py","lineno":192}
{"timestamp":"2026-04-09T13:36:02.430471Z","level":"info","event":"STEP 7: page saved skip=12500 | pages=26 | latest_rows=13000 | recent_rows=13000","logger":"unusual_prefix_faea391ec71b1d4b4651510353e4a48d62001c31_2_refresh_traffic_speed","filename":"2_refresh_traffic_speed.py","lineno":61}
{"timestamp":"2026-04-09T13:36:02.430505Z","level":"info","event":"========== PAGE START ==========","logger":"lta_common","filename":"lta_common.py","lineno":52}
{"timestamp":"2026-04-09T13:36:02.430527Z","level":"info","event":"[FETCH] requesting rows 13000–13499","logger":"lta_common","filename":"lta_common.py","lineno":53}
{"timestamp":"2026-04-09T13:36:02.430558Z","level":"info","event":"Fetching page from LTA: skip=13000","logger":"lta_common","filename":"lta_common.py","lineno":35}
{"timestamp":"2026-04-09T13:36:03.477009Z","level":"info","event":"Retrieved 500 rows from LTA at skip=13000","logger":"lta_common","filename":"lta_common.py","lineno":43}
{"timestamp":"2026-04-09T13:36:03.481312Z","level":"info","event":"[FETCH DONE] retrieved=500 rows at skip=13000","logger":"lta_common","filename":"lta_common.py","lineno":58}
{"timestamp":"2026-04-09T13:36:03.481696Z","level":"info","event":"STEP 5: processing page skip=13000 rows=500","logger":"unusual_prefix_faea391ec71b1d4b4651510353e4a48d62001c31_2_refresh_traffic_speed","filename":"2_refresh_traffic_speed.py","lineno":46}
{"timestamp":"2026-04-09T13:36:03.483751Z","level":"info","event":"STEP 6: built snapshot dataframe rows=500","logger":"unusual_prefix_faea391ec71b1d4b4651510353e4a48d62001c31_2_refresh_traffic_speed","filename":"2_refresh_traffic_speed.py","lineno":49}
{"timestamp":"2026-04-09T13:36:03.484984Z","level":"info","event":"[SAVE START] inserting 500 rows into traffic_speed_latest","logger":"lta_common","filename":"lta_common.py","lineno":174}
{"timestamp":"2026-04-09T13:36:03.972786Z","level":"info","event":"[SAVE DONE] inserted=500 rows into traffic_speed_latest","logger":"lta_common","filename":"lta_common.py","lineno":192}
{"timestamp":"2026-04-09T13:36:03.975347Z","level":"info","event":"[SAVE START] inserting 500 rows into traffic_speed_recent","logger":"lta_common","filename":"lta_common.py","lineno":174}
{"timestamp":"2026-04-09T13:36:04.342335Z","level":"info","event":"[SAVE DONE] inserted=500 rows into traffic_speed_recent","logger":"lta_common","filename":"lta_common.py","lineno":192}
{"timestamp":"2026-04-09T13:36:04.343054Z","level":"info","event":"STEP 7: page saved skip=13000 | pages=27 | latest_rows=13500 | recent_rows=13500","logger":"unusual_prefix_faea391ec71b1d4b4651510353e4a48d62001c31_2_refresh_traffic_speed","filename":"2_refresh_traffic_speed.py","lineno":61}
{"timestamp":"2026-04-09T13:36:04.343143Z","level":"info","event":"========== PAGE START ==========","logger":"lta_common","filename":"lta_common.py","lineno":52}
{"timestamp":"2026-04-09T13:36:04.343194Z","level":"info","event":"[FETCH] requesting rows 13500–13999","logger":"lta_common","filename":"lta_common.py","lineno":53}
{"timestamp":"2026-04-09T13:36:04.343258Z","level":"info","event":"Fetching page from LTA: skip=13500","logger":"lta_common","filename":"lta_common.py","lineno":35}
{"timestamp":"2026-04-09T13:36:05.117818Z","level":"info","event":"Retrieved 500 rows from LTA at skip=13500","logger":"lta_common","filename":"lta_common.py","lineno":43}
{"timestamp":"2026-04-09T13:36:05.121036Z","level":"info","event":"[FETCH DONE] retrieved=500 rows at skip=13500","logger":"lta_common","filename":"lta_common.py","lineno":58}
{"timestamp":"2026-04-09T13:36:05.121541Z","level":"info","event":"STEP 5: processing page skip=13500 rows=500","logger":"unusual_prefix_faea391ec71b1d4b4651510353e4a48d62001c31_2_refresh_traffic_speed","filename":"2_refresh_traffic_speed.py","lineno":46}
{"timestamp":"2026-04-09T13:36:05.123498Z","level":"info","event":"STEP 6: built snapshot dataframe rows=500","logger":"unusual_prefix_faea391ec71b1d4b4651510353e4a48d62001c31_2_refresh_traffic_speed","filename":"2_refresh_traffic_speed.py","lineno":49}
{"timestamp":"2026-04-09T13:36:05.124894Z","level":"info","event":"[SAVE START] inserting 500 rows into traffic_speed_latest","logger":"lta_common","filename":"lta_common.py","lineno":174}
{"timestamp":"2026-04-09T13:36:05.499498Z","level":"info","event":"[SAVE DONE] inserted=500 rows into traffic_speed_latest","logger":"lta_common","filename":"lta_common.py","lineno":192}
{"timestamp":"2026-04-09T13:36:05.500135Z","level":"info","event":"[SAVE START] inserting 500 rows into traffic_speed_recent","logger":"lta_common","filename":"lta_common.py","lineno":174}
{"timestamp":"2026-04-09T13:36:05.897202Z","level":"info","event":"[SAVE DONE] inserted=500 rows into traffic_speed_recent","logger":"lta_common","filename":"lta_common.py","lineno":192}
{"timestamp":"2026-04-09T13:36:05.897339Z","level":"info","event":"STEP 7: page saved skip=13500 | pages=28 | latest_rows=14000 | recent_rows=14000","logger":"unusual_prefix_faea391ec71b1d4b4651510353e4a48d62001c31_2_refresh_traffic_speed","filename":"2_refresh_traffic_speed.py","lineno":61}
{"timestamp":"2026-04-09T13:36:05.897371Z","level":"info","event":"========== PAGE START ==========","logger":"lta_common","filename":"lta_common.py","lineno":52}
{"timestamp":"2026-04-09T13:36:05.897394Z","level":"info","event":"[FETCH] requesting rows 14000–14499","logger":"lta_common","filename":"lta_common.py","lineno":53}
{"timestamp":"2026-04-09T13:36:05.897424Z","level":"info","event":"Fetching page from LTA: skip=14000","logger":"lta_common","filename":"lta_common.py","lineno":35}
{"timestamp":"2026-04-09T13:36:09.245867Z","level":"info","event":"Retrieved 500 rows from LTA at skip=14000","logger":"lta_common","filename":"lta_common.py","lineno":43}
{"timestamp":"2026-04-09T13:36:09.247593Z","level":"info","event":"[FETCH DONE] retrieved=500 rows at skip=14000","logger":"lta_common","filename":"lta_common.py","lineno":58}
{"timestamp":"2026-04-09T13:36:09.247831Z","level":"info","event":"STEP 5: processing page skip=14000 rows=500","logger":"unusual_prefix_faea391ec71b1d4b4651510353e4a48d62001c31_2_refresh_traffic_speed","filename":"2_refresh_traffic_speed.py","lineno":46}
{"timestamp":"2026-04-09T13:36:09.248917Z","level":"info","event":"STEP 6: built snapshot dataframe rows=500","logger":"unusual_prefix_faea391ec71b1d4b4651510353e4a48d62001c31_2_refresh_traffic_speed","filename":"2_refresh_traffic_speed.py","lineno":49}
{"timestamp":"2026-04-09T13:36:09.249384Z","level":"info","event":"[SAVE START] inserting 500 rows into traffic_speed_latest","logger":"lta_common","filename":"lta_common.py","lineno":174}
{"timestamp":"2026-04-09T13:36:09.626543Z","level":"info","event":"[SAVE DONE] inserted=500 rows into traffic_speed_latest","logger":"lta_common","filename":"lta_common.py","lineno":192}
{"timestamp":"2026-04-09T13:36:09.627182Z","level":"info","event":"[SAVE START] inserting 500 rows into traffic_speed_recent","logger":"lta_common","filename":"lta_common.py","lineno":174}
{"timestamp":"2026-04-09T13:36:10.002978Z","level":"info","event":"[SAVE DONE] inserted=500 rows into traffic_speed_recent","logger":"lta_common","filename":"lta_common.py","lineno":192}
{"timestamp":"2026-04-09T13:36:10.003122Z","level":"info","event":"STEP 7: page saved skip=14000 | pages=29 | latest_rows=14500 | recent_rows=14500","logger":"unusual_prefix_faea391ec71b1d4b4651510353e4a48d62001c31_2_refresh_traffic_speed","filename":"2_refresh_traffic_speed.py","lineno":61}
{"timestamp":"2026-04-09T13:36:10.003155Z","level":"info","event":"========== PAGE START ==========","logger":"lta_common","filename":"lta_common.py","lineno":52}
{"timestamp":"2026-04-09T13:36:10.003178Z","level":"info","event":"[FETCH] requesting rows 14500–14999","logger":"lta_common","filename":"lta_common.py","lineno":53}
{"timestamp":"2026-04-09T13:36:10.003207Z","level":"info","event":"Fetching page from LTA: skip=14500","logger":"lta_common","filename":"lta_common.py","lineno":35}
{"timestamp":"2026-04-09T13:36:11.144440Z","level":"info","event":"Retrieved 500 rows from LTA at skip=14500","logger":"lta_common","filename":"lta_common.py","lineno":43}
{"timestamp":"2026-04-09T13:36:11.146215Z","level":"info","event":"[FETCH DONE] retrieved=500 rows at skip=14500","logger":"lta_common","filename":"lta_common.py","lineno":58}
{"timestamp":"2026-04-09T13:36:11.146418Z","level":"info","event":"STEP 5: processing page skip=14500 rows=500","logger":"unusual_prefix_faea391ec71b1d4b4651510353e4a48d62001c31_2_refresh_traffic_speed","filename":"2_refresh_traffic_speed.py","lineno":46}
{"timestamp":"2026-04-09T13:36:11.147235Z","level":"info","event":"STEP 6: built snapshot dataframe rows=500","logger":"unusual_prefix_faea391ec71b1d4b4651510353e4a48d62001c31_2_refresh_traffic_speed","filename":"2_refresh_traffic_speed.py","lineno":49}
{"timestamp":"2026-04-09T13:36:11.147658Z","level":"info","event":"[SAVE START] inserting 500 rows into traffic_speed_latest","logger":"lta_common","filename":"lta_common.py","lineno":174}
{"timestamp":"2026-04-09T13:36:11.531867Z","level":"info","event":"[SAVE DONE] inserted=500 rows into traffic_speed_latest","logger":"lta_common","filename":"lta_common.py","lineno":192}
{"timestamp":"2026-04-09T13:36:11.534265Z","level":"info","event":"[SAVE START] inserting 500 rows into traffic_speed_recent","logger":"lta_common","filename":"lta_common.py","lineno":174}
{"timestamp":"2026-04-09T13:36:11.895188Z","level":"info","event":"[SAVE DONE] inserted=500 rows into traffic_speed_recent","logger":"lta_common","filename":"lta_common.py","lineno":192}
{"timestamp":"2026-04-09T13:36:11.895632Z","level":"info","event":"STEP 7: page saved skip=14500 | pages=30 | latest_rows=15000 | recent_rows=15000","logger":"unusual_prefix_faea391ec71b1d4b4651510353e4a48d62001c31_2_refresh_traffic_speed","filename":"2_refresh_traffic_speed.py","lineno":61}
{"timestamp":"2026-04-09T13:36:11.895845Z","level":"info","event":"========== PAGE START ==========","logger":"lta_common","filename":"lta_common.py","lineno":52}
{"timestamp":"2026-04-09T13:36:11.895987Z","level":"info","event":"[FETCH] requesting rows 15000–15499","logger":"lta_common","filename":"lta_common.py","lineno":53}
{"timestamp":"2026-04-09T13:36:11.896169Z","level":"info","event":"Fetching page from LTA: skip=15000","logger":"lta_common","filename":"lta_common.py","lineno":35}
{"timestamp":"2026-04-09T13:36:13.424953Z","level":"info","event":"Retrieved 500 rows from LTA at skip=15000","logger":"lta_common","filename":"lta_common.py","lineno":43}
{"timestamp":"2026-04-09T13:36:13.426237Z","level":"info","event":"[FETCH DONE] retrieved=500 rows at skip=15000","logger":"lta_common","filename":"lta_common.py","lineno":58}
{"timestamp":"2026-04-09T13:36:13.426451Z","level":"info","event":"STEP 5: processing page skip=15000 rows=500","logger":"unusual_prefix_faea391ec71b1d4b4651510353e4a48d62001c31_2_refresh_traffic_speed","filename":"2_refresh_traffic_speed.py","lineno":46}
{"timestamp":"2026-04-09T13:36:13.427355Z","level":"info","event":"STEP 6: built snapshot dataframe rows=500","logger":"unusual_prefix_faea391ec71b1d4b4651510353e4a48d62001c31_2_refresh_traffic_speed","filename":"2_refresh_traffic_speed.py","lineno":49}
{"timestamp":"2026-04-09T13:36:13.427800Z","level":"info","event":"[SAVE START] inserting 500 rows into traffic_speed_latest","logger":"lta_common","filename":"lta_common.py","lineno":174}
{"timestamp":"2026-04-09T13:36:13.789437Z","level":"info","event":"[SAVE DONE] inserted=500 rows into traffic_speed_latest","logger":"lta_common","filename":"lta_common.py","lineno":192}
{"timestamp":"2026-04-09T13:36:13.795113Z","level":"info","event":"[SAVE START] inserting 500 rows into traffic_speed_recent","logger":"lta_common","filename":"lta_common.py","lineno":174}
{"timestamp":"2026-04-09T13:36:14.173338Z","level":"info","event":"[SAVE DONE] inserted=500 rows into traffic_speed_recent","logger":"lta_common","filename":"lta_common.py","lineno":192}
{"timestamp":"2026-04-09T13:36:14.173603Z","level":"info","event":"STEP 7: page saved skip=15000 | pages=31 | latest_rows=15500 | recent_rows=15500","logger":"unusual_prefix_faea391ec71b1d4b4651510353e4a48d62001c31_2_refresh_traffic_speed","filename":"2_refresh_traffic_speed.py","lineno":61}
{"timestamp":"2026-04-09T13:36:14.173640Z","level":"info","event":"========== PAGE START ==========","logger":"lta_common","filename":"lta_common.py","lineno":52}
{"timestamp":"2026-04-09T13:36:14.173664Z","level":"info","event":"[FETCH] requesting rows 15500–15999","logger":"lta_common","filename":"lta_common.py","lineno":53}
{"timestamp":"2026-04-09T13:36:14.173697Z","level":"info","event":"Fetching page from LTA: skip=15500","logger":"lta_common","filename":"lta_common.py","lineno":35}
{"timestamp":"2026-04-09T13:36:18.793156Z","level":"info","event":"Retrieved 500 rows from LTA at skip=15500","logger":"lta_common","filename":"lta_common.py","lineno":43}
{"timestamp":"2026-04-09T13:36:18.794473Z","level":"info","event":"[FETCH DONE] retrieved=500 rows at skip=15500","logger":"lta_common","filename":"lta_common.py","lineno":58}
{"timestamp":"2026-04-09T13:36:18.794695Z","level":"info","event":"STEP 5: processing page skip=15500 rows=500","logger":"unusual_prefix_faea391ec71b1d4b4651510353e4a48d62001c31_2_refresh_traffic_speed","filename":"2_refresh_traffic_speed.py","lineno":46}
{"timestamp":"2026-04-09T13:36:18.795561Z","level":"info","event":"STEP 6: built snapshot dataframe rows=500","logger":"unusual_prefix_faea391ec71b1d4b4651510353e4a48d62001c31_2_refresh_traffic_speed","filename":"2_refresh_traffic_speed.py","lineno":49}
{"timestamp":"2026-04-09T13:36:18.795992Z","level":"info","event":"[SAVE START] inserting 500 rows into traffic_speed_latest","logger":"lta_common","filename":"lta_common.py","lineno":174}
{"timestamp":"2026-04-09T13:36:19.172624Z","level":"info","event":"[SAVE DONE] inserted=500 rows into traffic_speed_latest","logger":"lta_common","filename":"lta_common.py","lineno":192}
{"timestamp":"2026-04-09T13:36:19.173227Z","level":"info","event":"[SAVE START] inserting 500 rows into traffic_speed_recent","logger":"lta_common","filename":"lta_common.py","lineno":174}
{"timestamp":"2026-04-09T13:36:19.871646Z","level":"info","event":"[SAVE DONE] inserted=500 rows into traffic_speed_recent","logger":"lta_common","filename":"lta_common.py","lineno":192}
{"timestamp":"2026-04-09T13:36:19.871820Z","level":"info","event":"STEP 7: page saved skip=15500 | pages=32 | latest_rows=16000 | recent_rows=16000","logger":"unusual_prefix_faea391ec71b1d4b4651510353e4a48d62001c31_2_refresh_traffic_speed","filename":"2_refresh_traffic_speed.py","lineno":61}
{"timestamp":"2026-04-09T13:36:19.871856Z","level":"info","event":"========== PAGE START ==========","logger":"lta_common","filename":"lta_common.py","lineno":52}
{"timestamp":"2026-04-09T13:36:19.871878Z","level":"info","event":"[FETCH] requesting rows 16000–16499","logger":"lta_common","filename":"lta_common.py","lineno":53}
{"timestamp":"2026-04-09T13:36:19.871908Z","level":"info","event":"Fetching page from LTA: skip=16000","logger":"lta_common","filename":"lta_common.py","lineno":35}
{"timestamp":"2026-04-09T13:36:21.519720Z","level":"info","event":"Retrieved 500 rows from LTA at skip=16000","logger":"lta_common","filename":"lta_common.py","lineno":43}
{"timestamp":"2026-04-09T13:36:21.566575Z","level":"info","event":"[FETCH DONE] retrieved=500 rows at skip=16000","logger":"lta_common","filename":"lta_common.py","lineno":58}
{"timestamp":"2026-04-09T13:36:21.567688Z","level":"info","event":"STEP 5: processing page skip=16000 rows=500","logger":"unusual_prefix_faea391ec71b1d4b4651510353e4a48d62001c31_2_refresh_traffic_speed","filename":"2_refresh_traffic_speed.py","lineno":46}
{"timestamp":"2026-04-09T13:36:21.585901Z","level":"info","event":"STEP 6: built snapshot dataframe rows=500","logger":"unusual_prefix_faea391ec71b1d4b4651510353e4a48d62001c31_2_refresh_traffic_speed","filename":"2_refresh_traffic_speed.py","lineno":49}
{"timestamp":"2026-04-09T13:36:21.586412Z","level":"info","event":"[SAVE START] inserting 500 rows into traffic_speed_latest","logger":"lta_common","filename":"lta_common.py","lineno":174}
{"timestamp":"2026-04-09T13:36:22.846257Z","level":"info","event":"[SAVE DONE] inserted=500 rows into traffic_speed_latest","logger":"lta_common","filename":"lta_common.py","lineno":192}
{"timestamp":"2026-04-09T13:36:22.849032Z","level":"info","event":"[SAVE START] inserting 500 rows into traffic_speed_recent","logger":"lta_common","filename":"lta_common.py","lineno":174}
{"timestamp":"2026-04-09T13:36:23.709863Z","level":"info","event":"[SAVE DONE] inserted=500 rows into traffic_speed_recent","logger":"lta_common","filename":"lta_common.py","lineno":192}
{"timestamp":"2026-04-09T13:36:23.710369Z","level":"info","event":"STEP 7: page saved skip=16000 | pages=33 | latest_rows=16500 | recent_rows=16500","logger":"unusual_prefix_faea391ec71b1d4b4651510353e4a48d62001c31_2_refresh_traffic_speed","filename":"2_refresh_traffic_speed.py","lineno":61}
{"timestamp":"2026-04-09T13:36:23.710532Z","level":"info","event":"========== PAGE START ==========","logger":"lta_common","filename":"lta_common.py","lineno":52}
{"timestamp":"2026-04-09T13:36:23.710668Z","level":"info","event":"[FETCH] requesting rows 16500–16999","logger":"lta_common","filename":"lta_common.py","lineno":53}
{"timestamp":"2026-04-09T13:36:23.710879Z","level":"info","event":"Fetching page from LTA: skip=16500","logger":"lta_common","filename":"lta_common.py","lineno":35}
{"timestamp":"2026-04-09T13:36:25.036471Z","level":"info","event":"Retrieved 500 rows from LTA at skip=16500","logger":"lta_common","filename":"lta_common.py","lineno":43}
{"timestamp":"2026-04-09T13:36:25.042251Z","level":"info","event":"[FETCH DONE] retrieved=500 rows at skip=16500","logger":"lta_common","filename":"lta_common.py","lineno":58}
{"timestamp":"2026-04-09T13:36:25.042931Z","level":"info","event":"STEP 5: processing page skip=16500 rows=500","logger":"unusual_prefix_faea391ec71b1d4b4651510353e4a48d62001c31_2_refresh_traffic_speed","filename":"2_refresh_traffic_speed.py","lineno":46}
{"timestamp":"2026-04-09T13:36:25.045695Z","level":"info","event":"STEP 6: built snapshot dataframe rows=500","logger":"unusual_prefix_faea391ec71b1d4b4651510353e4a48d62001c31_2_refresh_traffic_speed","filename":"2_refresh_traffic_speed.py","lineno":49}
{"timestamp":"2026-04-09T13:36:25.047653Z","level":"info","event":"[SAVE START] inserting 500 rows into traffic_speed_latest","logger":"lta_common","filename":"lta_common.py","lineno":174}
{"timestamp":"2026-04-09T13:36:25.529378Z","level":"info","event":"[SAVE DONE] inserted=500 rows into traffic_speed_latest","logger":"lta_common","filename":"lta_common.py","lineno":192}
{"timestamp":"2026-04-09T13:36:25.530052Z","level":"info","event":"[SAVE START] inserting 500 rows into traffic_speed_recent","logger":"lta_common","filename":"lta_common.py","lineno":174}
{"timestamp":"2026-04-09T13:36:27.630221Z","level":"info","event":"[SAVE DONE] inserted=500 rows into traffic_speed_recent","logger":"lta_common","filename":"lta_common.py","lineno":192}
{"timestamp":"2026-04-09T13:36:27.630487Z","level":"info","event":"STEP 7: page saved skip=16500 | pages=34 | latest_rows=17000 | recent_rows=17000","logger":"unusual_prefix_faea391ec71b1d4b4651510353e4a48d62001c31_2_refresh_traffic_speed","filename":"2_refresh_traffic_speed.py","lineno":61}
{"timestamp":"2026-04-09T13:36:27.630571Z","level":"info","event":"========== PAGE START ==========","logger":"lta_common","filename":"lta_common.py","lineno":52}
{"timestamp":"2026-04-09T13:36:27.630649Z","level":"info","event":"[FETCH] requesting rows 17000–17499","logger":"lta_common","filename":"lta_common.py","lineno":53}
{"timestamp":"2026-04-09T13:36:27.630719Z","level":"info","event":"Fetching page from LTA: skip=17000","logger":"lta_common","filename":"lta_common.py","lineno":35}
{"timestamp":"2026-04-09T13:36:28.873554Z","level":"info","event":"Retrieved 500 rows from LTA at skip=17000","logger":"lta_common","filename":"lta_common.py","lineno":43}
{"timestamp":"2026-04-09T13:36:28.876883Z","level":"info","event":"[FETCH DONE] retrieved=500 rows at skip=17000","logger":"lta_common","filename":"lta_common.py","lineno":58}
{"timestamp":"2026-04-09T13:36:28.877566Z","level":"info","event":"STEP 5: processing page skip=17000 rows=500","logger":"unusual_prefix_faea391ec71b1d4b4651510353e4a48d62001c31_2_refresh_traffic_speed","filename":"2_refresh_traffic_speed.py","lineno":46}
{"timestamp":"2026-04-09T13:36:28.880076Z","level":"info","event":"STEP 6: built snapshot dataframe rows=500","logger":"unusual_prefix_faea391ec71b1d4b4651510353e4a48d62001c31_2_refresh_traffic_speed","filename":"2_refresh_traffic_speed.py","lineno":49}
{"timestamp":"2026-04-09T13:36:28.881555Z","level":"info","event":"[SAVE START] inserting 500 rows into traffic_speed_latest","logger":"lta_common","filename":"lta_common.py","lineno":174}
{"timestamp":"2026-04-09T13:36:29.480926Z","level":"error","event":"FAILED: invalid input syntax for type integer: \"\"\nLINE 9: ...-09T13:34:35.720825+00:00'::timestamptz,'25882',0,'',''),('2...\n                                                             ^\n","logger":"unusual_prefix_faea391ec71b1d4b4651510353e4a48d62001c31_2_refresh_traffic_speed","filename":"2_refresh_traffic_speed.py","lineno":69}
{"timestamp":"2026-04-09T13:36:29.483866Z","level":"error","event":"Traceback (most recent call last):\n  File \"/opt/airflow/dags/2_refresh_traffic_speed.py\", line 52, in refresh_traffic_speed\n    insert_snapshot_rows(conn, \"traffic_speed_latest\", snapshots_df, batch_size=500)\n  File \"/opt/airflow/dags/lta_common.py\", line 188, in insert_snapshot_rows\n    execute_values(cur, sql, rows, page_size=batch_size)\n  File \"/home/airflow/.local/lib/python3.12/site-packages/psycopg2/extras.py\", line 1299, in execute_values\n    cur.execute(b''.join(parts))\npsycopg2.errors.InvalidTextRepresentation: invalid input syntax for type integer: \"\"\nLINE 9: ...-09T13:34:35.720825+00:00'::timestamptz,'25882',0,'',''),('2...\n                                                             ^\n\n","logger":"unusual_prefix_faea391ec71b1d4b4651510353e4a48d62001c31_2_refresh_traffic_speed","filename":"2_refresh_traffic_speed.py","lineno":70}
{"timestamp":"2026-04-09T13:36:29.484877Z","level":"info","event":"Database connection closed","logger":"unusual_prefix_faea391ec71b1d4b4651510353e4a48d62001c31_2_refresh_traffic_speed","filename":"2_refresh_traffic_speed.py","lineno":76}
{"timestamp":"2026-04-09T13:36:29.485474Z","level":"error","event":"Task failed with exception","logger":"task","filename":"task_runner.py","lineno":1142,"error_detail":[{"exc_type":"InvalidTextRepresentation","exc_value":"invalid input syntax for type integer: \"\"\nLINE 9: ...-09T13:34:35.720825+00:00'::timestamptz,'25882',0,'',''),('2...\n                                                             ^\n","exc_notes":[],"syntax_error":null,"is_cause":false,"frames":[{"filename":"/home/airflow/.local/lib/python3.12/site-packages/airflow/sdk/execution_time/task_runner.py","lineno":1068,"name":"run"},{"filename":"/home/airflow/.local/lib/python3.12/site-packages/airflow/sdk/execution_time/task_runner.py","lineno":1477,"name":"_execute_task"},{"filename":"/home/airflow/.local/lib/python3.12/site-packages/airflow/sdk/bases/operator.py","lineno":417,"name":"wrapper"},{"filename":"/home/airflow/.local/lib/python3.12/site-packages/airflow/providers/standard/operators/python.py","lineno":228,"name":"execute"},{"filename":"/home/airflow/.local/lib/python3.12/site-packages/airflow/providers/standard/operators/python.py","lineno":251,"name":"execute_callable"},{"filename":"/home/airflow/.local/lib/python3.12/site-packages/airflow/sdk/execution_time/callback_runner.py","lineno":82,"name":"run"},{"filename":"/opt/airflow/dags/2_refresh_traffic_speed.py","lineno":52,"name":"refresh_traffic_speed"},{"filename":"/opt/airflow/dags/lta_common.py","lineno":188,"name":"insert_snapshot_rows"},{"filename":"/home/airflow/.local/lib/python3.12/site-packages/psycopg2/extras.py","lineno":1299,"name":"execute_values"}],"is_group":false,"exceptions":[]}]}
