{"timestamp":"2026-04-09T13:40:00.398702Z","level":"info","event":"DAG bundles loaded: dags-folder","logger":"airflow.dag_processing.bundles.manager.DagBundlesManager","filename":"manager.py","lineno":179}
{"timestamp":"2026-04-09T13:40:00.399187Z","level":"info","event":"Filling up the DagBag from /opt/airflow/dags/2_refresh_traffic_speed.py","logger":"airflow.models.dagbag.BundleDagBag","filename":"dagbag.py","lineno":593}
{"timestamp":"2026-04-09T13:40:00.653813Z","level":"warning","event":"The `airflow.operators.python.PythonOperator` attribute is deprecated. Please use `'airflow.providers.standard.operators.python.PythonOperator'`.","category":"DeprecatedImportWarning","filename":"/opt/airflow/dags/2_refresh_traffic_speed.py","lineno":2,"logger":"py.warnings"}
{"timestamp":"2026-04-09T13:40:00.674707Z","level":"info","event":"STEP 1: start refresh_traffic_speed","logger":"unusual_prefix_faea391ec71b1d4b4651510353e4a48d62001c31_2_refresh_traffic_speed","filename":"2_refresh_traffic_speed.py","lineno":28}
{"timestamp":"2026-04-09T13:40:03.784645Z","level":"info","event":"STEP 2: connected to Supabase","logger":"unusual_prefix_faea391ec71b1d4b4651510353e4a48d62001c31_2_refresh_traffic_speed","filename":"2_refresh_traffic_speed.py","lineno":30}
{"timestamp":"2026-04-09T13:40:03.785394Z","level":"info","event":"STEP 3: snapshot timestamp = 2026-04-09 13:40:03.784741+00:00","logger":"unusual_prefix_faea391ec71b1d4b4651510353e4a48d62001c31_2_refresh_traffic_speed","filename":"2_refresh_traffic_speed.py","lineno":33}
{"timestamp":"2026-04-09T13:40:04.147436Z","level":"info","event":"STEP 4: traffic_speed_latest truncated","logger":"unusual_prefix_faea391ec71b1d4b4651510353e4a48d62001c31_2_refresh_traffic_speed","filename":"2_refresh_traffic_speed.py","lineno":39}
{"timestamp":"2026-04-09T13:40:04.147560Z","level":"info","event":"========== PAGE START ==========","logger":"lta_common","filename":"lta_common.py","lineno":52}
{"timestamp":"2026-04-09T13:40:04.147592Z","level":"info","event":"[FETCH] requesting rows 0–499","logger":"lta_common","filename":"lta_common.py","lineno":53}
{"timestamp":"2026-04-09T13:40:04.147860Z","level":"info","event":"Fetching page from LTA: skip=0","logger":"lta_common","filename":"lta_common.py","lineno":35}
{"timestamp":"2026-04-09T13:40:08.070467Z","level":"info","event":"Retrieved 500 rows from LTA at skip=0","logger":"lta_common","filename":"lta_common.py","lineno":43}
{"timestamp":"2026-04-09T13:40:08.073384Z","level":"info","event":"[FETCH DONE] retrieved=500 rows at skip=0","logger":"lta_common","filename":"lta_common.py","lineno":58}
{"timestamp":"2026-04-09T13:40:08.073478Z","level":"info","event":"STEP 5: processing page skip=0 rows=500","logger":"unusual_prefix_faea391ec71b1d4b4651510353e4a48d62001c31_2_refresh_traffic_speed","filename":"2_refresh_traffic_speed.py","lineno":46}
{"timestamp":"2026-04-09T13:40:08.075335Z","level":"info","event":"STEP 6: built snapshot dataframe rows=500","logger":"unusual_prefix_faea391ec71b1d4b4651510353e4a48d62001c31_2_refresh_traffic_speed","filename":"2_refresh_traffic_speed.py","lineno":49}
{"timestamp":"2026-04-09T13:40:08.076962Z","level":"info","event":"[SAVE START] inserting 500 rows into traffic_speed_latest","logger":"lta_common","filename":"lta_common.py","lineno":174}
{"timestamp":"2026-04-09T13:40:08.917728Z","level":"info","event":"[SAVE DONE] inserted=500 rows into traffic_speed_latest","logger":"lta_common","filename":"lta_common.py","lineno":192}
{"timestamp":"2026-04-09T13:40:08.918449Z","level":"info","event":"[SAVE START] inserting 500 rows into traffic_speed_recent","logger":"lta_common","filename":"lta_common.py","lineno":174}
{"timestamp":"2026-04-09T13:40:09.609304Z","level":"info","event":"[SAVE DONE] inserted=500 rows into traffic_speed_recent","logger":"lta_common","filename":"lta_common.py","lineno":192}
{"timestamp":"2026-04-09T13:40:09.609864Z","level":"info","event":"STEP 7: page saved skip=0 | pages=1 | latest_rows=500 | recent_rows=500","logger":"unusual_prefix_faea391ec71b1d4b4651510353e4a48d62001c31_2_refresh_traffic_speed","filename":"2_refresh_traffic_speed.py","lineno":61}
{"timestamp":"2026-04-09T13:40:09.610171Z","level":"info","event":"========== PAGE START ==========","logger":"lta_common","filename":"lta_common.py","lineno":52}
{"timestamp":"2026-04-09T13:40:09.610508Z","level":"info","event":"[FETCH] requesting rows 500–999","logger":"lta_common","filename":"lta_common.py","lineno":53}
{"timestamp":"2026-04-09T13:40:09.610769Z","level":"info","event":"Fetching page from LTA: skip=500","logger":"lta_common","filename":"lta_common.py","lineno":35}
{"timestamp":"2026-04-09T13:40:11.479157Z","level":"info","event":"Retrieved 500 rows from LTA at skip=500","logger":"lta_common","filename":"lta_common.py","lineno":43}
{"timestamp":"2026-04-09T13:40:11.482339Z","level":"info","event":"[FETCH DONE] retrieved=500 rows at skip=500","logger":"lta_common","filename":"lta_common.py","lineno":58}
{"timestamp":"2026-04-09T13:40:11.482873Z","level":"info","event":"STEP 5: processing page skip=500 rows=500","logger":"unusual_prefix_faea391ec71b1d4b4651510353e4a48d62001c31_2_refresh_traffic_speed","filename":"2_refresh_traffic_speed.py","lineno":46}
{"timestamp":"2026-04-09T13:40:11.484867Z","level":"info","event":"STEP 6: built snapshot dataframe rows=500","logger":"unusual_prefix_faea391ec71b1d4b4651510353e4a48d62001c31_2_refresh_traffic_speed","filename":"2_refresh_traffic_speed.py","lineno":49}
{"timestamp":"2026-04-09T13:40:11.485810Z","level":"info","event":"[SAVE START] inserting 500 rows into traffic_speed_latest","logger":"lta_common","filename":"lta_common.py","lineno":174}
{"timestamp":"2026-04-09T13:40:11.864702Z","level":"info","event":"[SAVE DONE] inserted=500 rows into traffic_speed_latest","logger":"lta_common","filename":"lta_common.py","lineno":192}
{"timestamp":"2026-04-09T13:40:11.867064Z","level":"info","event":"[SAVE START] inserting 500 rows into traffic_speed_recent","logger":"lta_common","filename":"lta_common.py","lineno":174}
{"timestamp":"2026-04-09T13:40:12.234670Z","level":"info","event":"[SAVE DONE] inserted=500 rows into traffic_speed_recent","logger":"lta_common","filename":"lta_common.py","lineno":192}
{"timestamp":"2026-04-09T13:40:12.234793Z","level":"info","event":"STEP 7: page saved skip=500 | pages=2 | latest_rows=1000 | recent_rows=1000","logger":"unusual_prefix_faea391ec71b1d4b4651510353e4a48d62001c31_2_refresh_traffic_speed","filename":"2_refresh_traffic_speed.py","lineno":61}
{"timestamp":"2026-04-09T13:40:12.234824Z","level":"info","event":"========== PAGE START ==========","logger":"lta_common","filename":"lta_common.py","lineno":52}
{"timestamp":"2026-04-09T13:40:12.234847Z","level":"info","event":"[FETCH] requesting rows 1000–1499","logger":"lta_common","filename":"lta_common.py","lineno":53}
{"timestamp":"2026-04-09T13:40:12.234877Z","level":"info","event":"Fetching page from LTA: skip=1000","logger":"lta_common","filename":"lta_common.py","lineno":35}
{"timestamp":"2026-04-09T13:40:14.523000Z","level":"info","event":"Retrieved 500 rows from LTA at skip=1000","logger":"lta_common","filename":"lta_common.py","lineno":43}
{"timestamp":"2026-04-09T13:40:14.528602Z","level":"info","event":"[FETCH DONE] retrieved=500 rows at skip=1000","logger":"lta_common","filename":"lta_common.py","lineno":58}
{"timestamp":"2026-04-09T13:40:14.530048Z","level":"info","event":"STEP 5: processing page skip=1000 rows=500","logger":"unusual_prefix_faea391ec71b1d4b4651510353e4a48d62001c31_2_refresh_traffic_speed","filename":"2_refresh_traffic_speed.py","lineno":46}
{"timestamp":"2026-04-09T13:40:14.532073Z","level":"info","event":"STEP 6: built snapshot dataframe rows=500","logger":"unusual_prefix_faea391ec71b1d4b4651510353e4a48d62001c31_2_refresh_traffic_speed","filename":"2_refresh_traffic_speed.py","lineno":49}
{"timestamp":"2026-04-09T13:40:14.533267Z","level":"info","event":"[SAVE START] inserting 500 rows into traffic_speed_latest","logger":"lta_common","filename":"lta_common.py","lineno":174}
{"timestamp":"2026-04-09T13:40:15.740884Z","level":"info","event":"[SAVE DONE] inserted=500 rows into traffic_speed_latest","logger":"lta_common","filename":"lta_common.py","lineno":192}
{"timestamp":"2026-04-09T13:40:15.744629Z","level":"info","event":"[SAVE START] inserting 500 rows into traffic_speed_recent","logger":"lta_common","filename":"lta_common.py","lineno":174}
{"timestamp":"2026-04-09T13:40:16.664561Z","level":"info","event":"[SAVE DONE] inserted=500 rows into traffic_speed_recent","logger":"lta_common","filename":"lta_common.py","lineno":192}
{"timestamp":"2026-04-09T13:40:16.664701Z","level":"info","event":"STEP 7: page saved skip=1000 | pages=3 | latest_rows=1500 | recent_rows=1500","logger":"unusual_prefix_faea391ec71b1d4b4651510353e4a48d62001c31_2_refresh_traffic_speed","filename":"2_refresh_traffic_speed.py","lineno":61}
{"timestamp":"2026-04-09T13:40:16.664741Z","level":"info","event":"========== PAGE START ==========","logger":"lta_common","filename":"lta_common.py","lineno":52}
{"timestamp":"2026-04-09T13:40:16.664768Z","level":"info","event":"[FETCH] requesting rows 1500–1999","logger":"lta_common","filename":"lta_common.py","lineno":53}
{"timestamp":"2026-04-09T13:40:16.664811Z","level":"info","event":"Fetching page from LTA: skip=1500","logger":"lta_common","filename":"lta_common.py","lineno":35}
{"timestamp":"2026-04-09T13:40:17.825398Z","level":"info","event":"Retrieved 500 rows from LTA at skip=1500","logger":"lta_common","filename":"lta_common.py","lineno":43}
{"timestamp":"2026-04-09T13:40:17.826927Z","level":"info","event":"[FETCH DONE] retrieved=500 rows at skip=1500","logger":"lta_common","filename":"lta_common.py","lineno":58}
{"timestamp":"2026-04-09T13:40:17.827145Z","level":"info","event":"STEP 5: processing page skip=1500 rows=500","logger":"unusual_prefix_faea391ec71b1d4b4651510353e4a48d62001c31_2_refresh_traffic_speed","filename":"2_refresh_traffic_speed.py","lineno":46}
{"timestamp":"2026-04-09T13:40:17.828333Z","level":"info","event":"STEP 6: built snapshot dataframe rows=500","logger":"unusual_prefix_faea391ec71b1d4b4651510353e4a48d62001c31_2_refresh_traffic_speed","filename":"2_refresh_traffic_speed.py","lineno":49}
{"timestamp":"2026-04-09T13:40:17.828786Z","level":"info","event":"[SAVE START] inserting 500 rows into traffic_speed_latest","logger":"lta_common","filename":"lta_common.py","lineno":174}
{"timestamp":"2026-04-09T13:40:18.410577Z","level":"info","event":"[SAVE DONE] inserted=500 rows into traffic_speed_latest","logger":"lta_common","filename":"lta_common.py","lineno":192}
{"timestamp":"2026-04-09T13:40:18.413115Z","level":"info","event":"[SAVE START] inserting 500 rows into traffic_speed_recent","logger":"lta_common","filename":"lta_common.py","lineno":174}
{"timestamp":"2026-04-09T13:40:18.896857Z","level":"info","event":"[SAVE DONE] inserted=500 rows into traffic_speed_recent","logger":"lta_common","filename":"lta_common.py","lineno":192}
{"timestamp":"2026-04-09T13:40:18.897341Z","level":"info","event":"STEP 7: page saved skip=1500 | pages=4 | latest_rows=2000 | recent_rows=2000","logger":"unusual_prefix_faea391ec71b1d4b4651510353e4a48d62001c31_2_refresh_traffic_speed","filename":"2_refresh_traffic_speed.py","lineno":61}
{"timestamp":"2026-04-09T13:40:18.897464Z","level":"info","event":"========== PAGE START ==========","logger":"lta_common","filename":"lta_common.py","lineno":52}
{"timestamp":"2026-04-09T13:40:18.897566Z","level":"info","event":"[FETCH] requesting rows 2000–2499","logger":"lta_common","filename":"lta_common.py","lineno":53}
{"timestamp":"2026-04-09T13:40:18.897700Z","level":"info","event":"Fetching page from LTA: skip=2000","logger":"lta_common","filename":"lta_common.py","lineno":35}
{"timestamp":"2026-04-09T13:40:19.882164Z","level":"info","event":"Retrieved 500 rows from LTA at skip=2000","logger":"lta_common","filename":"lta_common.py","lineno":43}
{"timestamp":"2026-04-09T13:40:19.889982Z","level":"info","event":"[FETCH DONE] retrieved=500 rows at skip=2000","logger":"lta_common","filename":"lta_common.py","lineno":58}
{"timestamp":"2026-04-09T13:40:19.890769Z","level":"info","event":"STEP 5: processing page skip=2000 rows=500","logger":"unusual_prefix_faea391ec71b1d4b4651510353e4a48d62001c31_2_refresh_traffic_speed","filename":"2_refresh_traffic_speed.py","lineno":46}
{"timestamp":"2026-04-09T13:40:19.894474Z","level":"info","event":"STEP 6: built snapshot dataframe rows=500","logger":"unusual_prefix_faea391ec71b1d4b4651510353e4a48d62001c31_2_refresh_traffic_speed","filename":"2_refresh_traffic_speed.py","lineno":49}
{"timestamp":"2026-04-09T13:40:19.895993Z","level":"info","event":"[SAVE START] inserting 500 rows into traffic_speed_latest","logger":"lta_common","filename":"lta_common.py","lineno":174}
{"timestamp":"2026-04-09T13:40:20.386865Z","level":"info","event":"[SAVE DONE] inserted=500 rows into traffic_speed_latest","logger":"lta_common","filename":"lta_common.py","lineno":192}
{"timestamp":"2026-04-09T13:40:20.390971Z","level":"info","event":"[SAVE START] inserting 500 rows into traffic_speed_recent","logger":"lta_common","filename":"lta_common.py","lineno":174}
{"timestamp":"2026-04-09T13:40:20.762254Z","level":"info","event":"[SAVE DONE] inserted=500 rows into traffic_speed_recent","logger":"lta_common","filename":"lta_common.py","lineno":192}
{"timestamp":"2026-04-09T13:40:20.762784Z","level":"info","event":"STEP 7: page saved skip=2000 | pages=5 | latest_rows=2500 | recent_rows=2500","logger":"unusual_prefix_faea391ec71b1d4b4651510353e4a48d62001c31_2_refresh_traffic_speed","filename":"2_refresh_traffic_speed.py","lineno":61}
{"timestamp":"2026-04-09T13:40:20.763296Z","level":"info","event":"========== PAGE START ==========","logger":"lta_common","filename":"lta_common.py","lineno":52}
{"timestamp":"2026-04-09T13:40:20.763490Z","level":"info","event":"[FETCH] requesting rows 2500–2999","logger":"lta_common","filename":"lta_common.py","lineno":53}
{"timestamp":"2026-04-09T13:40:20.763860Z","level":"info","event":"Fetching page from LTA: skip=2500","logger":"lta_common","filename":"lta_common.py","lineno":35}
{"timestamp":"2026-04-09T13:40:23.054778Z","level":"info","event":"Retrieved 500 rows from LTA at skip=2500","logger":"lta_common","filename":"lta_common.py","lineno":43}
{"timestamp":"2026-04-09T13:40:23.065299Z","level":"info","event":"[FETCH DONE] retrieved=500 rows at skip=2500","logger":"lta_common","filename":"lta_common.py","lineno":58}
{"timestamp":"2026-04-09T13:40:23.066960Z","level":"info","event":"STEP 5: processing page skip=2500 rows=500","logger":"unusual_prefix_faea391ec71b1d4b4651510353e4a48d62001c31_2_refresh_traffic_speed","filename":"2_refresh_traffic_speed.py","lineno":46}
{"timestamp":"2026-04-09T13:40:23.073115Z","level":"info","event":"STEP 6: built snapshot dataframe rows=500","logger":"unusual_prefix_faea391ec71b1d4b4651510353e4a48d62001c31_2_refresh_traffic_speed","filename":"2_refresh_traffic_speed.py","lineno":49}
{"timestamp":"2026-04-09T13:40:23.073962Z","level":"info","event":"[SAVE START] inserting 500 rows into traffic_speed_latest","logger":"lta_common","filename":"lta_common.py","lineno":174}
{"timestamp":"2026-04-09T13:40:23.465496Z","level":"info","event":"[SAVE DONE] inserted=500 rows into traffic_speed_latest","logger":"lta_common","filename":"lta_common.py","lineno":192}
{"timestamp":"2026-04-09T13:40:23.467861Z","level":"info","event":"[SAVE START] inserting 500 rows into traffic_speed_recent","logger":"lta_common","filename":"lta_common.py","lineno":174}
{"timestamp":"2026-04-09T13:40:23.833854Z","level":"info","event":"[SAVE DONE] inserted=500 rows into traffic_speed_recent","logger":"lta_common","filename":"lta_common.py","lineno":192}
{"timestamp":"2026-04-09T13:40:23.834199Z","level":"info","event":"STEP 7: page saved skip=2500 | pages=6 | latest_rows=3000 | recent_rows=3000","logger":"unusual_prefix_faea391ec71b1d4b4651510353e4a48d62001c31_2_refresh_traffic_speed","filename":"2_refresh_traffic_speed.py","lineno":61}
{"timestamp":"2026-04-09T13:40:23.834281Z","level":"info","event":"========== PAGE START ==========","logger":"lta_common","filename":"lta_common.py","lineno":52}
{"timestamp":"2026-04-09T13:40:23.834345Z","level":"info","event":"[FETCH] requesting rows 3000–3499","logger":"lta_common","filename":"lta_common.py","lineno":53}
{"timestamp":"2026-04-09T13:40:23.834423Z","level":"info","event":"Fetching page from LTA: skip=3000","logger":"lta_common","filename":"lta_common.py","lineno":35}
{"timestamp":"2026-04-09T13:40:25.484793Z","level":"info","event":"Retrieved 500 rows from LTA at skip=3000","logger":"lta_common","filename":"lta_common.py","lineno":43}
{"timestamp":"2026-04-09T13:40:25.489663Z","level":"info","event":"[FETCH DONE] retrieved=500 rows at skip=3000","logger":"lta_common","filename":"lta_common.py","lineno":58}
{"timestamp":"2026-04-09T13:40:25.490091Z","level":"info","event":"STEP 5: processing page skip=3000 rows=500","logger":"unusual_prefix_faea391ec71b1d4b4651510353e4a48d62001c31_2_refresh_traffic_speed","filename":"2_refresh_traffic_speed.py","lineno":46}
{"timestamp":"2026-04-09T13:40:25.492670Z","level":"info","event":"STEP 6: built snapshot dataframe rows=500","logger":"unusual_prefix_faea391ec71b1d4b4651510353e4a48d62001c31_2_refresh_traffic_speed","filename":"2_refresh_traffic_speed.py","lineno":49}
{"timestamp":"2026-04-09T13:40:25.493892Z","level":"info","event":"[SAVE START] inserting 500 rows into traffic_speed_latest","logger":"lta_common","filename":"lta_common.py","lineno":174}
{"timestamp":"2026-04-09T13:40:25.867055Z","level":"info","event":"[SAVE DONE] inserted=500 rows into traffic_speed_latest","logger":"lta_common","filename":"lta_common.py","lineno":192}
{"timestamp":"2026-04-09T13:40:25.869515Z","level":"info","event":"[SAVE START] inserting 500 rows into traffic_speed_recent","logger":"lta_common","filename":"lta_common.py","lineno":174}
{"timestamp":"2026-04-09T13:40:26.261771Z","level":"info","event":"[SAVE DONE] inserted=500 rows into traffic_speed_recent","logger":"lta_common","filename":"lta_common.py","lineno":192}
{"timestamp":"2026-04-09T13:40:26.262033Z","level":"info","event":"STEP 7: page saved skip=3000 | pages=7 | latest_rows=3500 | recent_rows=3500","logger":"unusual_prefix_faea391ec71b1d4b4651510353e4a48d62001c31_2_refresh_traffic_speed","filename":"2_refresh_traffic_speed.py","lineno":61}
{"timestamp":"2026-04-09T13:40:26.262098Z","level":"info","event":"========== PAGE START ==========","logger":"lta_common","filename":"lta_common.py","lineno":52}
{"timestamp":"2026-04-09T13:40:26.262145Z","level":"info","event":"[FETCH] requesting rows 3500–3999","logger":"lta_common","filename":"lta_common.py","lineno":53}
{"timestamp":"2026-04-09T13:40:26.262339Z","level":"info","event":"Fetching page from LTA: skip=3500","logger":"lta_common","filename":"lta_common.py","lineno":35}
{"timestamp":"2026-04-09T13:40:26.953164Z","level":"info","event":"Retrieved 500 rows from LTA at skip=3500","logger":"lta_common","filename":"lta_common.py","lineno":43}
{"timestamp":"2026-04-09T13:40:26.954290Z","level":"info","event":"[FETCH DONE] retrieved=500 rows at skip=3500","logger":"lta_common","filename":"lta_common.py","lineno":58}
{"timestamp":"2026-04-09T13:40:26.954492Z","level":"info","event":"STEP 5: processing page skip=3500 rows=500","logger":"unusual_prefix_faea391ec71b1d4b4651510353e4a48d62001c31_2_refresh_traffic_speed","filename":"2_refresh_traffic_speed.py","lineno":46}
{"timestamp":"2026-04-09T13:40:26.955313Z","level":"info","event":"STEP 6: built snapshot dataframe rows=500","logger":"unusual_prefix_faea391ec71b1d4b4651510353e4a48d62001c31_2_refresh_traffic_speed","filename":"2_refresh_traffic_speed.py","lineno":49}
{"timestamp":"2026-04-09T13:40:26.955735Z","level":"info","event":"[SAVE START] inserting 500 rows into traffic_speed_latest","logger":"lta_common","filename":"lta_common.py","lineno":174}
{"timestamp":"2026-04-09T13:40:27.640732Z","level":"info","event":"[SAVE DONE] inserted=500 rows into traffic_speed_latest","logger":"lta_common","filename":"lta_common.py","lineno":192}
{"timestamp":"2026-04-09T13:40:27.641419Z","level":"info","event":"[SAVE START] inserting 500 rows into traffic_speed_recent","logger":"lta_common","filename":"lta_common.py","lineno":174}
{"timestamp":"2026-04-09T13:40:28.006077Z","level":"info","event":"[SAVE DONE] inserted=500 rows into traffic_speed_recent","logger":"lta_common","filename":"lta_common.py","lineno":192}
{"timestamp":"2026-04-09T13:40:28.006222Z","level":"info","event":"STEP 7: page saved skip=3500 | pages=8 | latest_rows=4000 | recent_rows=4000","logger":"unusual_prefix_faea391ec71b1d4b4651510353e4a48d62001c31_2_refresh_traffic_speed","filename":"2_refresh_traffic_speed.py","lineno":61}
{"timestamp":"2026-04-09T13:40:28.006253Z","level":"info","event":"========== PAGE START ==========","logger":"lta_common","filename":"lta_common.py","lineno":52}
{"timestamp":"2026-04-09T13:40:28.006276Z","level":"info","event":"[FETCH] requesting rows 4000–4499","logger":"lta_common","filename":"lta_common.py","lineno":53}
{"timestamp":"2026-04-09T13:40:28.006307Z","level":"info","event":"Fetching page from LTA: skip=4000","logger":"lta_common","filename":"lta_common.py","lineno":35}
{"timestamp":"2026-04-09T13:40:31.100258Z","level":"info","event":"Retrieved 500 rows from LTA at skip=4000","logger":"lta_common","filename":"lta_common.py","lineno":43}
{"timestamp":"2026-04-09T13:40:31.104173Z","level":"info","event":"[FETCH DONE] retrieved=500 rows at skip=4000","logger":"lta_common","filename":"lta_common.py","lineno":58}
{"timestamp":"2026-04-09T13:40:31.104376Z","level":"info","event":"STEP 5: processing page skip=4000 rows=500","logger":"unusual_prefix_faea391ec71b1d4b4651510353e4a48d62001c31_2_refresh_traffic_speed","filename":"2_refresh_traffic_speed.py","lineno":46}
{"timestamp":"2026-04-09T13:40:31.106273Z","level":"info","event":"STEP 6: built snapshot dataframe rows=500","logger":"unusual_prefix_faea391ec71b1d4b4651510353e4a48d62001c31_2_refresh_traffic_speed","filename":"2_refresh_traffic_speed.py","lineno":49}
{"timestamp":"2026-04-09T13:40:31.106912Z","level":"info","event":"[SAVE START] inserting 500 rows into traffic_speed_latest","logger":"lta_common","filename":"lta_common.py","lineno":174}
{"timestamp":"2026-04-09T13:40:31.479119Z","level":"info","event":"[SAVE DONE] inserted=500 rows into traffic_speed_latest","logger":"lta_common","filename":"lta_common.py","lineno":192}
{"timestamp":"2026-04-09T13:40:31.479739Z","level":"info","event":"[SAVE START] inserting 500 rows into traffic_speed_recent","logger":"lta_common","filename":"lta_common.py","lineno":174}
{"timestamp":"2026-04-09T13:40:31.845847Z","level":"info","event":"[SAVE DONE] inserted=500 rows into traffic_speed_recent","logger":"lta_common","filename":"lta_common.py","lineno":192}
{"timestamp":"2026-04-09T13:40:31.846038Z","level":"info","event":"STEP 7: page saved skip=4000 | pages=9 | latest_rows=4500 | recent_rows=4500","logger":"unusual_prefix_faea391ec71b1d4b4651510353e4a48d62001c31_2_refresh_traffic_speed","filename":"2_refresh_traffic_speed.py","lineno":61}
{"timestamp":"2026-04-09T13:40:31.846088Z","level":"info","event":"========== PAGE START ==========","logger":"lta_common","filename":"lta_common.py","lineno":52}
{"timestamp":"2026-04-09T13:40:31.846115Z","level":"info","event":"[FETCH] requesting rows 4500–4999","logger":"lta_common","filename":"lta_common.py","lineno":53}
{"timestamp":"2026-04-09T13:40:31.846157Z","level":"info","event":"Fetching page from LTA: skip=4500","logger":"lta_common","filename":"lta_common.py","lineno":35}
{"timestamp":"2026-04-09T13:40:35.039112Z","level":"info","event":"Retrieved 500 rows from LTA at skip=4500","logger":"lta_common","filename":"lta_common.py","lineno":43}
{"timestamp":"2026-04-09T13:40:35.040999Z","level":"info","event":"[FETCH DONE] retrieved=500 rows at skip=4500","logger":"lta_common","filename":"lta_common.py","lineno":58}
{"timestamp":"2026-04-09T13:40:35.041269Z","level":"info","event":"STEP 5: processing page skip=4500 rows=500","logger":"unusual_prefix_faea391ec71b1d4b4651510353e4a48d62001c31_2_refresh_traffic_speed","filename":"2_refresh_traffic_speed.py","lineno":46}
{"timestamp":"2026-04-09T13:40:35.042628Z","level":"info","event":"STEP 6: built snapshot dataframe rows=500","logger":"unusual_prefix_faea391ec71b1d4b4651510353e4a48d62001c31_2_refresh_traffic_speed","filename":"2_refresh_traffic_speed.py","lineno":49}
{"timestamp":"2026-04-09T13:40:35.043192Z","level":"info","event":"[SAVE START] inserting 500 rows into traffic_speed_latest","logger":"lta_common","filename":"lta_common.py","lineno":174}
{"timestamp":"2026-04-09T13:40:35.732132Z","level":"info","event":"[SAVE DONE] inserted=500 rows into traffic_speed_latest","logger":"lta_common","filename":"lta_common.py","lineno":192}
{"timestamp":"2026-04-09T13:40:35.732907Z","level":"info","event":"[SAVE START] inserting 500 rows into traffic_speed_recent","logger":"lta_common","filename":"lta_common.py","lineno":174}
{"timestamp":"2026-04-09T13:40:36.406209Z","level":"info","event":"[SAVE DONE] inserted=500 rows into traffic_speed_recent","logger":"lta_common","filename":"lta_common.py","lineno":192}
{"timestamp":"2026-04-09T13:40:36.406359Z","level":"info","event":"STEP 7: page saved skip=4500 | pages=10 | latest_rows=5000 | recent_rows=5000","logger":"unusual_prefix_faea391ec71b1d4b4651510353e4a48d62001c31_2_refresh_traffic_speed","filename":"2_refresh_traffic_speed.py","lineno":61}
{"timestamp":"2026-04-09T13:40:36.406391Z","level":"info","event":"========== PAGE START ==========","logger":"lta_common","filename":"lta_common.py","lineno":52}
{"timestamp":"2026-04-09T13:40:36.406415Z","level":"info","event":"[FETCH] requesting rows 5000–5499","logger":"lta_common","filename":"lta_common.py","lineno":53}
{"timestamp":"2026-04-09T13:40:36.406444Z","level":"info","event":"Fetching page from LTA: skip=5000","logger":"lta_common","filename":"lta_common.py","lineno":35}
{"timestamp":"2026-04-09T13:40:38.084814Z","level":"info","event":"Retrieved 500 rows from LTA at skip=5000","logger":"lta_common","filename":"lta_common.py","lineno":43}
{"timestamp":"2026-04-09T13:40:38.088499Z","level":"info","event":"[FETCH DONE] retrieved=500 rows at skip=5000","logger":"lta_common","filename":"lta_common.py","lineno":58}
{"timestamp":"2026-04-09T13:40:38.089123Z","level":"info","event":"STEP 5: processing page skip=5000 rows=500","logger":"unusual_prefix_faea391ec71b1d4b4651510353e4a48d62001c31_2_refresh_traffic_speed","filename":"2_refresh_traffic_speed.py","lineno":46}
{"timestamp":"2026-04-09T13:40:38.091399Z","level":"info","event":"STEP 6: built snapshot dataframe rows=500","logger":"unusual_prefix_faea391ec71b1d4b4651510353e4a48d62001c31_2_refresh_traffic_speed","filename":"2_refresh_traffic_speed.py","lineno":49}
{"timestamp":"2026-04-09T13:40:38.092471Z","level":"info","event":"[SAVE START] inserting 500 rows into traffic_speed_latest","logger":"lta_common","filename":"lta_common.py","lineno":174}
{"timestamp":"2026-04-09T13:40:38.457083Z","level":"info","event":"[SAVE DONE] inserted=500 rows into traffic_speed_latest","logger":"lta_common","filename":"lta_common.py","lineno":192}
{"timestamp":"2026-04-09T13:40:38.457677Z","level":"info","event":"[SAVE START] inserting 500 rows into traffic_speed_recent","logger":"lta_common","filename":"lta_common.py","lineno":174}
{"timestamp":"2026-04-09T13:40:38.816101Z","level":"info","event":"[SAVE DONE] inserted=500 rows into traffic_speed_recent","logger":"lta_common","filename":"lta_common.py","lineno":192}
{"timestamp":"2026-04-09T13:40:38.817831Z","level":"info","event":"STEP 7: page saved skip=5000 | pages=11 | latest_rows=5500 | recent_rows=5500","logger":"unusual_prefix_faea391ec71b1d4b4651510353e4a48d62001c31_2_refresh_traffic_speed","filename":"2_refresh_traffic_speed.py","lineno":61}
{"timestamp":"2026-04-09T13:40:38.818013Z","level":"info","event":"========== PAGE START ==========","logger":"lta_common","filename":"lta_common.py","lineno":52}
{"timestamp":"2026-04-09T13:40:38.818140Z","level":"info","event":"[FETCH] requesting rows 5500–5999","logger":"lta_common","filename":"lta_common.py","lineno":53}
{"timestamp":"2026-04-09T13:40:38.818289Z","level":"info","event":"Fetching page from LTA: skip=5500","logger":"lta_common","filename":"lta_common.py","lineno":35}
{"timestamp":"2026-04-09T13:40:41.700179Z","level":"info","event":"Retrieved 500 rows from LTA at skip=5500","logger":"lta_common","filename":"lta_common.py","lineno":43}
{"timestamp":"2026-04-09T13:40:41.701911Z","level":"info","event":"[FETCH DONE] retrieved=500 rows at skip=5500","logger":"lta_common","filename":"lta_common.py","lineno":58}
{"timestamp":"2026-04-09T13:40:41.702058Z","level":"info","event":"STEP 5: processing page skip=5500 rows=500","logger":"unusual_prefix_faea391ec71b1d4b4651510353e4a48d62001c31_2_refresh_traffic_speed","filename":"2_refresh_traffic_speed.py","lineno":46}
{"timestamp":"2026-04-09T13:40:41.702907Z","level":"info","event":"STEP 6: built snapshot dataframe rows=500","logger":"unusual_prefix_faea391ec71b1d4b4651510353e4a48d62001c31_2_refresh_traffic_speed","filename":"2_refresh_traffic_speed.py","lineno":49}
{"timestamp":"2026-04-09T13:40:41.703351Z","level":"info","event":"[SAVE START] inserting 500 rows into traffic_speed_latest","logger":"lta_common","filename":"lta_common.py","lineno":174}
{"timestamp":"2026-04-09T13:40:42.055224Z","level":"info","event":"[SAVE DONE] inserted=500 rows into traffic_speed_latest","logger":"lta_common","filename":"lta_common.py","lineno":192}
{"timestamp":"2026-04-09T13:40:42.055895Z","level":"info","event":"[SAVE START] inserting 500 rows into traffic_speed_recent","logger":"lta_common","filename":"lta_common.py","lineno":174}
{"timestamp":"2026-04-09T13:40:42.426365Z","level":"info","event":"[SAVE DONE] inserted=500 rows into traffic_speed_recent","logger":"lta_common","filename":"lta_common.py","lineno":192}
{"timestamp":"2026-04-09T13:40:42.426509Z","level":"info","event":"STEP 7: page saved skip=5500 | pages=12 | latest_rows=6000 | recent_rows=6000","logger":"unusual_prefix_faea391ec71b1d4b4651510353e4a48d62001c31_2_refresh_traffic_speed","filename":"2_refresh_traffic_speed.py","lineno":61}
{"timestamp":"2026-04-09T13:40:42.426539Z","level":"info","event":"========== PAGE START ==========","logger":"lta_common","filename":"lta_common.py","lineno":52}
{"timestamp":"2026-04-09T13:40:42.426562Z","level":"info","event":"[FETCH] requesting rows 6000–6499","logger":"lta_common","filename":"lta_common.py","lineno":53}
{"timestamp":"2026-04-09T13:40:42.426595Z","level":"info","event":"Fetching page from LTA: skip=6000","logger":"lta_common","filename":"lta_common.py","lineno":35}
{"timestamp":"2026-04-09T13:40:44.454824Z","level":"info","event":"Retrieved 500 rows from LTA at skip=6000","logger":"lta_common","filename":"lta_common.py","lineno":43}
{"timestamp":"2026-04-09T13:40:44.458718Z","level":"info","event":"[FETCH DONE] retrieved=500 rows at skip=6000","logger":"lta_common","filename":"lta_common.py","lineno":58}
{"timestamp":"2026-04-09T13:40:44.459032Z","level":"info","event":"STEP 5: processing page skip=6000 rows=500","logger":"unusual_prefix_faea391ec71b1d4b4651510353e4a48d62001c31_2_refresh_traffic_speed","filename":"2_refresh_traffic_speed.py","lineno":46}
{"timestamp":"2026-04-09T13:40:44.461692Z","level":"info","event":"STEP 6: built snapshot dataframe rows=500","logger":"unusual_prefix_faea391ec71b1d4b4651510353e4a48d62001c31_2_refresh_traffic_speed","filename":"2_refresh_traffic_speed.py","lineno":49}
{"timestamp":"2026-04-09T13:40:44.462873Z","level":"info","event":"[SAVE START] inserting 500 rows into traffic_speed_latest","logger":"lta_common","filename":"lta_common.py","lineno":174}
{"timestamp":"2026-04-09T13:40:44.816376Z","level":"info","event":"[SAVE DONE] inserted=500 rows into traffic_speed_latest","logger":"lta_common","filename":"lta_common.py","lineno":192}
{"timestamp":"2026-04-09T13:40:44.818730Z","level":"info","event":"[SAVE START] inserting 500 rows into traffic_speed_recent","logger":"lta_common","filename":"lta_common.py","lineno":174}
{"timestamp":"2026-04-09T13:40:45.505169Z","level":"info","event":"[SAVE DONE] inserted=500 rows into traffic_speed_recent","logger":"lta_common","filename":"lta_common.py","lineno":192}
{"timestamp":"2026-04-09T13:40:45.505422Z","level":"info","event":"STEP 7: page saved skip=6000 | pages=13 | latest_rows=6500 | recent_rows=6500","logger":"unusual_prefix_faea391ec71b1d4b4651510353e4a48d62001c31_2_refresh_traffic_speed","filename":"2_refresh_traffic_speed.py","lineno":61}
{"timestamp":"2026-04-09T13:40:45.505495Z","level":"info","event":"========== PAGE START ==========","logger":"lta_common","filename":"lta_common.py","lineno":52}
{"timestamp":"2026-04-09T13:40:45.505545Z","level":"info","event":"[FETCH] requesting rows 6500–6999","logger":"lta_common","filename":"lta_common.py","lineno":53}
{"timestamp":"2026-04-09T13:40:45.505618Z","level":"info","event":"Fetching page from LTA: skip=6500","logger":"lta_common","filename":"lta_common.py","lineno":35}
{"timestamp":"2026-04-09T13:40:47.332389Z","level":"info","event":"Retrieved 500 rows from LTA at skip=6500","logger":"lta_common","filename":"lta_common.py","lineno":43}
{"timestamp":"2026-04-09T13:40:47.336857Z","level":"info","event":"[FETCH DONE] retrieved=500 rows at skip=6500","logger":"lta_common","filename":"lta_common.py","lineno":58}
{"timestamp":"2026-04-09T13:40:47.337204Z","level":"info","event":"STEP 5: processing page skip=6500 rows=500","logger":"unusual_prefix_faea391ec71b1d4b4651510353e4a48d62001c31_2_refresh_traffic_speed","filename":"2_refresh_traffic_speed.py","lineno":46}
{"timestamp":"2026-04-09T13:40:47.339563Z","level":"info","event":"STEP 6: built snapshot dataframe rows=500","logger":"unusual_prefix_faea391ec71b1d4b4651510353e4a48d62001c31_2_refresh_traffic_speed","filename":"2_refresh_traffic_speed.py","lineno":49}
{"timestamp":"2026-04-09T13:40:47.340855Z","level":"info","event":"[SAVE START] inserting 500 rows into traffic_speed_latest","logger":"lta_common","filename":"lta_common.py","lineno":174}
{"timestamp":"2026-04-09T13:40:47.720242Z","level":"info","event":"[SAVE DONE] inserted=500 rows into traffic_speed_latest","logger":"lta_common","filename":"lta_common.py","lineno":192}
{"timestamp":"2026-04-09T13:40:47.722811Z","level":"info","event":"[SAVE START] inserting 500 rows into traffic_speed_recent","logger":"lta_common","filename":"lta_common.py","lineno":174}
{"timestamp":"2026-04-09T13:40:48.441856Z","level":"info","event":"[SAVE DONE] inserted=500 rows into traffic_speed_recent","logger":"lta_common","filename":"lta_common.py","lineno":192}
{"timestamp":"2026-04-09T13:40:48.442319Z","level":"info","event":"STEP 7: page saved skip=6500 | pages=14 | latest_rows=7000 | recent_rows=7000","logger":"unusual_prefix_faea391ec71b1d4b4651510353e4a48d62001c31_2_refresh_traffic_speed","filename":"2_refresh_traffic_speed.py","lineno":61}
{"timestamp":"2026-04-09T13:40:48.442464Z","level":"info","event":"========== PAGE START ==========","logger":"lta_common","filename":"lta_common.py","lineno":52}
{"timestamp":"2026-04-09T13:40:48.442585Z","level":"info","event":"[FETCH] requesting rows 7000–7499","logger":"lta_common","filename":"lta_common.py","lineno":53}
{"timestamp":"2026-04-09T13:40:48.442799Z","level":"info","event":"Fetching page from LTA: skip=7000","logger":"lta_common","filename":"lta_common.py","lineno":35}
{"timestamp":"2026-04-09T13:40:51.448724Z","level":"info","event":"Retrieved 500 rows from LTA at skip=7000","logger":"lta_common","filename":"lta_common.py","lineno":43}
{"timestamp":"2026-04-09T13:40:51.451910Z","level":"info","event":"[FETCH DONE] retrieved=500 rows at skip=7000","logger":"lta_common","filename":"lta_common.py","lineno":58}
{"timestamp":"2026-04-09T13:40:51.452153Z","level":"info","event":"STEP 5: processing page skip=7000 rows=500","logger":"unusual_prefix_faea391ec71b1d4b4651510353e4a48d62001c31_2_refresh_traffic_speed","filename":"2_refresh_traffic_speed.py","lineno":46}
{"timestamp":"2026-04-09T13:40:51.453748Z","level":"info","event":"STEP 6: built snapshot dataframe rows=500","logger":"unusual_prefix_faea391ec71b1d4b4651510353e4a48d62001c31_2_refresh_traffic_speed","filename":"2_refresh_traffic_speed.py","lineno":49}
{"timestamp":"2026-04-09T13:40:51.454344Z","level":"info","event":"[SAVE START] inserting 500 rows into traffic_speed_latest","logger":"lta_common","filename":"lta_common.py","lineno":174}
{"timestamp":"2026-04-09T13:40:51.806898Z","level":"info","event":"[SAVE DONE] inserted=500 rows into traffic_speed_latest","logger":"lta_common","filename":"lta_common.py","lineno":192}
{"timestamp":"2026-04-09T13:40:51.811703Z","level":"info","event":"[SAVE START] inserting 500 rows into traffic_speed_recent","logger":"lta_common","filename":"lta_common.py","lineno":174}
{"timestamp":"2026-04-09T13:40:52.225434Z","level":"info","event":"[SAVE DONE] inserted=500 rows into traffic_speed_recent","logger":"lta_common","filename":"lta_common.py","lineno":192}
{"timestamp":"2026-04-09T13:40:52.227170Z","level":"info","event":"STEP 7: page saved skip=7000 | pages=15 | latest_rows=7500 | recent_rows=7500","logger":"unusual_prefix_faea391ec71b1d4b4651510353e4a48d62001c31_2_refresh_traffic_speed","filename":"2_refresh_traffic_speed.py","lineno":61}
{"timestamp":"2026-04-09T13:40:52.227272Z","level":"info","event":"========== PAGE START ==========","logger":"lta_common","filename":"lta_common.py","lineno":52}
{"timestamp":"2026-04-09T13:40:52.227302Z","level":"info","event":"[FETCH] requesting rows 7500–7999","logger":"lta_common","filename":"lta_common.py","lineno":53}
{"timestamp":"2026-04-09T13:40:52.227377Z","level":"info","event":"Fetching page from LTA: skip=7500","logger":"lta_common","filename":"lta_common.py","lineno":35}
{"timestamp":"2026-04-09T13:40:54.242634Z","level":"info","event":"Retrieved 500 rows from LTA at skip=7500","logger":"lta_common","filename":"lta_common.py","lineno":43}
{"timestamp":"2026-04-09T13:40:54.244272Z","level":"info","event":"[FETCH DONE] retrieved=500 rows at skip=7500","logger":"lta_common","filename":"lta_common.py","lineno":58}
{"timestamp":"2026-04-09T13:40:54.244562Z","level":"info","event":"STEP 5: processing page skip=7500 rows=500","logger":"unusual_prefix_faea391ec71b1d4b4651510353e4a48d62001c31_2_refresh_traffic_speed","filename":"2_refresh_traffic_speed.py","lineno":46}
{"timestamp":"2026-04-09T13:40:54.245924Z","level":"info","event":"STEP 6: built snapshot dataframe rows=500","logger":"unusual_prefix_faea391ec71b1d4b4651510353e4a48d62001c31_2_refresh_traffic_speed","filename":"2_refresh_traffic_speed.py","lineno":49}
{"timestamp":"2026-04-09T13:40:54.246613Z","level":"info","event":"[SAVE START] inserting 500 rows into traffic_speed_latest","logger":"lta_common","filename":"lta_common.py","lineno":174}
{"timestamp":"2026-04-09T13:40:54.628248Z","level":"info","event":"[SAVE DONE] inserted=500 rows into traffic_speed_latest","logger":"lta_common","filename":"lta_common.py","lineno":192}
{"timestamp":"2026-04-09T13:40:54.630827Z","level":"info","event":"[SAVE START] inserting 500 rows into traffic_speed_recent","logger":"lta_common","filename":"lta_common.py","lineno":174}
{"timestamp":"2026-04-09T13:40:55.334177Z","level":"info","event":"[SAVE DONE] inserted=500 rows into traffic_speed_recent","logger":"lta_common","filename":"lta_common.py","lineno":192}
{"timestamp":"2026-04-09T13:40:55.334706Z","level":"info","event":"STEP 7: page saved skip=7500 | pages=16 | latest_rows=8000 | recent_rows=8000","logger":"unusual_prefix_faea391ec71b1d4b4651510353e4a48d62001c31_2_refresh_traffic_speed","filename":"2_refresh_traffic_speed.py","lineno":61}
{"timestamp":"2026-04-09T13:40:55.334906Z","level":"info","event":"========== PAGE START ==========","logger":"lta_common","filename":"lta_common.py","lineno":52}
{"timestamp":"2026-04-09T13:40:55.335042Z","level":"info","event":"[FETCH] requesting rows 8000–8499","logger":"lta_common","filename":"lta_common.py","lineno":53}
{"timestamp":"2026-04-09T13:40:55.335196Z","level":"info","event":"Fetching page from LTA: skip=8000","logger":"lta_common","filename":"lta_common.py","lineno":35}
{"timestamp":"2026-04-09T13:40:56.702801Z","level":"info","event":"Retrieved 500 rows from LTA at skip=8000","logger":"lta_common","filename":"lta_common.py","lineno":43}
{"timestamp":"2026-04-09T13:40:56.706714Z","level":"info","event":"[FETCH DONE] retrieved=500 rows at skip=8000","logger":"lta_common","filename":"lta_common.py","lineno":58}
{"timestamp":"2026-04-09T13:40:56.707515Z","level":"info","event":"STEP 5: processing page skip=8000 rows=500","logger":"unusual_prefix_faea391ec71b1d4b4651510353e4a48d62001c31_2_refresh_traffic_speed","filename":"2_refresh_traffic_speed.py","lineno":46}
{"timestamp":"2026-04-09T13:40:56.710095Z","level":"info","event":"STEP 6: built snapshot dataframe rows=500","logger":"unusual_prefix_faea391ec71b1d4b4651510353e4a48d62001c31_2_refresh_traffic_speed","filename":"2_refresh_traffic_speed.py","lineno":49}
{"timestamp":"2026-04-09T13:40:56.711161Z","level":"info","event":"[SAVE START] inserting 500 rows into traffic_speed_latest","logger":"lta_common","filename":"lta_common.py","lineno":174}
{"timestamp":"2026-04-09T13:40:57.096844Z","level":"info","event":"[SAVE DONE] inserted=500 rows into traffic_speed_latest","logger":"lta_common","filename":"lta_common.py","lineno":192}
{"timestamp":"2026-04-09T13:40:57.097442Z","level":"info","event":"[SAVE START] inserting 500 rows into traffic_speed_recent","logger":"lta_common","filename":"lta_common.py","lineno":174}
{"timestamp":"2026-04-09T13:40:57.849015Z","level":"info","event":"[SAVE DONE] inserted=500 rows into traffic_speed_recent","logger":"lta_common","filename":"lta_common.py","lineno":192}
{"timestamp":"2026-04-09T13:40:57.849140Z","level":"info","event":"STEP 7: page saved skip=8000 | pages=17 | latest_rows=8500 | recent_rows=8500","logger":"unusual_prefix_faea391ec71b1d4b4651510353e4a48d62001c31_2_refresh_traffic_speed","filename":"2_refresh_traffic_speed.py","lineno":61}
{"timestamp":"2026-04-09T13:40:57.849169Z","level":"info","event":"========== PAGE START ==========","logger":"lta_common","filename":"lta_common.py","lineno":52}
{"timestamp":"2026-04-09T13:40:57.849191Z","level":"info","event":"[FETCH] requesting rows 8500–8999","logger":"lta_common","filename":"lta_common.py","lineno":53}
{"timestamp":"2026-04-09T13:40:57.849221Z","level":"info","event":"Fetching page from LTA: skip=8500","logger":"lta_common","filename":"lta_common.py","lineno":35}
{"timestamp":"2026-04-09T13:40:59.594222Z","level":"info","event":"Retrieved 500 rows from LTA at skip=8500","logger":"lta_common","filename":"lta_common.py","lineno":43}
{"timestamp":"2026-04-09T13:40:59.598916Z","level":"info","event":"[FETCH DONE] retrieved=500 rows at skip=8500","logger":"lta_common","filename":"lta_common.py","lineno":58}
{"timestamp":"2026-04-09T13:40:59.599634Z","level":"info","event":"STEP 5: processing page skip=8500 rows=500","logger":"unusual_prefix_faea391ec71b1d4b4651510353e4a48d62001c31_2_refresh_traffic_speed","filename":"2_refresh_traffic_speed.py","lineno":46}
{"timestamp":"2026-04-09T13:40:59.602362Z","level":"info","event":"STEP 6: built snapshot dataframe rows=500","logger":"unusual_prefix_faea391ec71b1d4b4651510353e4a48d62001c31_2_refresh_traffic_speed","filename":"2_refresh_traffic_speed.py","lineno":49}
{"timestamp":"2026-04-09T13:40:59.603737Z","level":"info","event":"[SAVE START] inserting 500 rows into traffic_speed_latest","logger":"lta_common","filename":"lta_common.py","lineno":174}
{"timestamp":"2026-04-09T13:41:00.572642Z","level":"info","event":"[SAVE DONE] inserted=500 rows into traffic_speed_latest","logger":"lta_common","filename":"lta_common.py","lineno":192}
{"timestamp":"2026-04-09T13:41:00.574808Z","level":"info","event":"[SAVE START] inserting 500 rows into traffic_speed_recent","logger":"lta_common","filename":"lta_common.py","lineno":174}
{"timestamp":"2026-04-09T13:41:01.356653Z","level":"info","event":"[SAVE DONE] inserted=500 rows into traffic_speed_recent","logger":"lta_common","filename":"lta_common.py","lineno":192}
{"timestamp":"2026-04-09T13:41:01.357424Z","level":"info","event":"STEP 7: page saved skip=8500 | pages=18 | latest_rows=9000 | recent_rows=9000","logger":"unusual_prefix_faea391ec71b1d4b4651510353e4a48d62001c31_2_refresh_traffic_speed","filename":"2_refresh_traffic_speed.py","lineno":61}
{"timestamp":"2026-04-09T13:41:01.357621Z","level":"info","event":"========== PAGE START ==========","logger":"lta_common","filename":"lta_common.py","lineno":52}
{"timestamp":"2026-04-09T13:41:01.357754Z","level":"info","event":"[FETCH] requesting rows 9000–9499","logger":"lta_common","filename":"lta_common.py","lineno":53}
{"timestamp":"2026-04-09T13:41:01.358018Z","level":"info","event":"Fetching page from LTA: skip=9000","logger":"lta_common","filename":"lta_common.py","lineno":35}
{"timestamp":"2026-04-09T13:41:02.239236Z","level":"info","event":"Retrieved 500 rows from LTA at skip=9000","logger":"lta_common","filename":"lta_common.py","lineno":43}
{"timestamp":"2026-04-09T13:41:02.240349Z","level":"info","event":"[FETCH DONE] retrieved=500 rows at skip=9000","logger":"lta_common","filename":"lta_common.py","lineno":58}
{"timestamp":"2026-04-09T13:41:02.240533Z","level":"info","event":"STEP 5: processing page skip=9000 rows=500","logger":"unusual_prefix_faea391ec71b1d4b4651510353e4a48d62001c31_2_refresh_traffic_speed","filename":"2_refresh_traffic_speed.py","lineno":46}
{"timestamp":"2026-04-09T13:41:02.241262Z","level":"info","event":"STEP 6: built snapshot dataframe rows=500","logger":"unusual_prefix_faea391ec71b1d4b4651510353e4a48d62001c31_2_refresh_traffic_speed","filename":"2_refresh_traffic_speed.py","lineno":49}
{"timestamp":"2026-04-09T13:41:02.241665Z","level":"info","event":"[SAVE START] inserting 500 rows into traffic_speed_latest","logger":"lta_common","filename":"lta_common.py","lineno":174}
{"timestamp":"2026-04-09T13:41:03.604819Z","level":"info","event":"[SAVE DONE] inserted=500 rows into traffic_speed_latest","logger":"lta_common","filename":"lta_common.py","lineno":192}
{"timestamp":"2026-04-09T13:41:03.607970Z","level":"info","event":"[SAVE START] inserting 500 rows into traffic_speed_recent","logger":"lta_common","filename":"lta_common.py","lineno":174}
{"timestamp":"2026-04-09T13:41:04.466134Z","level":"info","event":"[SAVE DONE] inserted=500 rows into traffic_speed_recent","logger":"lta_common","filename":"lta_common.py","lineno":192}
{"timestamp":"2026-04-09T13:41:04.466337Z","level":"info","event":"STEP 7: page saved skip=9000 | pages=19 | latest_rows=9500 | recent_rows=9500","logger":"unusual_prefix_faea391ec71b1d4b4651510353e4a48d62001c31_2_refresh_traffic_speed","filename":"2_refresh_traffic_speed.py","lineno":61}
{"timestamp":"2026-04-09T13:41:04.466372Z","level":"info","event":"========== PAGE START ==========","logger":"lta_common","filename":"lta_common.py","lineno":52}
{"timestamp":"2026-04-09T13:41:04.466394Z","level":"info","event":"[FETCH] requesting rows 9500–9999","logger":"lta_common","filename":"lta_common.py","lineno":53}
{"timestamp":"2026-04-09T13:41:04.466443Z","level":"info","event":"Fetching page from LTA: skip=9500","logger":"lta_common","filename":"lta_common.py","lineno":35}
{"timestamp":"2026-04-09T13:41:05.750050Z","level":"info","event":"Retrieved 500 rows from LTA at skip=9500","logger":"lta_common","filename":"lta_common.py","lineno":43}
{"timestamp":"2026-04-09T13:41:05.751615Z","level":"info","event":"[FETCH DONE] retrieved=500 rows at skip=9500","logger":"lta_common","filename":"lta_common.py","lineno":58}
{"timestamp":"2026-04-09T13:41:05.751856Z","level":"info","event":"STEP 5: processing page skip=9500 rows=500","logger":"unusual_prefix_faea391ec71b1d4b4651510353e4a48d62001c31_2_refresh_traffic_speed","filename":"2_refresh_traffic_speed.py","lineno":46}
{"timestamp":"2026-04-09T13:41:05.753389Z","level":"info","event":"STEP 6: built snapshot dataframe rows=500","logger":"unusual_prefix_faea391ec71b1d4b4651510353e4a48d62001c31_2_refresh_traffic_speed","filename":"2_refresh_traffic_speed.py","lineno":49}
{"timestamp":"2026-04-09T13:41:05.753878Z","level":"info","event":"[SAVE START] inserting 500 rows into traffic_speed_latest","logger":"lta_common","filename":"lta_common.py","lineno":174}
{"timestamp":"2026-04-09T13:41:07.304959Z","level":"info","event":"[SAVE DONE] inserted=500 rows into traffic_speed_latest","logger":"lta_common","filename":"lta_common.py","lineno":192}
{"timestamp":"2026-04-09T13:41:07.305592Z","level":"info","event":"[SAVE START] inserting 500 rows into traffic_speed_recent","logger":"lta_common","filename":"lta_common.py","lineno":174}
{"timestamp":"2026-04-09T13:41:08.175079Z","level":"info","event":"[SAVE DONE] inserted=500 rows into traffic_speed_recent","logger":"lta_common","filename":"lta_common.py","lineno":192}
{"timestamp":"2026-04-09T13:41:08.176182Z","level":"info","event":"STEP 7: page saved skip=9500 | pages=20 | latest_rows=10000 | recent_rows=10000","logger":"unusual_prefix_faea391ec71b1d4b4651510353e4a48d62001c31_2_refresh_traffic_speed","filename":"2_refresh_traffic_speed.py","lineno":61}
{"timestamp":"2026-04-09T13:41:08.176381Z","level":"info","event":"========== PAGE START ==========","logger":"lta_common","filename":"lta_common.py","lineno":52}
{"timestamp":"2026-04-09T13:41:08.176552Z","level":"info","event":"[FETCH] requesting rows 10000–10499","logger":"lta_common","filename":"lta_common.py","lineno":53}
{"timestamp":"2026-04-09T13:41:08.176727Z","level":"info","event":"Fetching page from LTA: skip=10000","logger":"lta_common","filename":"lta_common.py","lineno":35}
{"timestamp":"2026-04-09T13:41:09.452419Z","level":"info","event":"Retrieved 500 rows from LTA at skip=10000","logger":"lta_common","filename":"lta_common.py","lineno":43}
{"timestamp":"2026-04-09T13:41:09.456686Z","level":"info","event":"[FETCH DONE] retrieved=500 rows at skip=10000","logger":"lta_common","filename":"lta_common.py","lineno":58}
{"timestamp":"2026-04-09T13:41:09.457372Z","level":"info","event":"STEP 5: processing page skip=10000 rows=500","logger":"unusual_prefix_faea391ec71b1d4b4651510353e4a48d62001c31_2_refresh_traffic_speed","filename":"2_refresh_traffic_speed.py","lineno":46}
{"timestamp":"2026-04-09T13:41:09.459628Z","level":"info","event":"STEP 6: built snapshot dataframe rows=500","logger":"unusual_prefix_faea391ec71b1d4b4651510353e4a48d62001c31_2_refresh_traffic_speed","filename":"2_refresh_traffic_speed.py","lineno":49}
{"timestamp":"2026-04-09T13:41:09.461085Z","level":"info","event":"[SAVE START] inserting 500 rows into traffic_speed_latest","logger":"lta_common","filename":"lta_common.py","lineno":174}
{"timestamp":"2026-04-09T13:41:10.338891Z","level":"info","event":"[SAVE DONE] inserted=500 rows into traffic_speed_latest","logger":"lta_common","filename":"lta_common.py","lineno":192}
{"timestamp":"2026-04-09T13:41:10.339455Z","level":"info","event":"[SAVE START] inserting 500 rows into traffic_speed_recent","logger":"lta_common","filename":"lta_common.py","lineno":174}
{"timestamp":"2026-04-09T13:41:11.051162Z","level":"info","event":"[SAVE DONE] inserted=500 rows into traffic_speed_recent","logger":"lta_common","filename":"lta_common.py","lineno":192}
{"timestamp":"2026-04-09T13:41:11.051291Z","level":"info","event":"STEP 7: page saved skip=10000 | pages=21 | latest_rows=10500 | recent_rows=10500","logger":"unusual_prefix_faea391ec71b1d4b4651510353e4a48d62001c31_2_refresh_traffic_speed","filename":"2_refresh_traffic_speed.py","lineno":61}
{"timestamp":"2026-04-09T13:41:11.051321Z","level":"info","event":"========== PAGE START ==========","logger":"lta_common","filename":"lta_common.py","lineno":52}
{"timestamp":"2026-04-09T13:41:11.051344Z","level":"info","event":"[FETCH] requesting rows 10500–10999","logger":"lta_common","filename":"lta_common.py","lineno":53}
{"timestamp":"2026-04-09T13:41:11.051376Z","level":"info","event":"Fetching page from LTA: skip=10500","logger":"lta_common","filename":"lta_common.py","lineno":35}
{"timestamp":"2026-04-09T13:41:13.911825Z","level":"info","event":"Retrieved 500 rows from LTA at skip=10500","logger":"lta_common","filename":"lta_common.py","lineno":43}
{"timestamp":"2026-04-09T13:41:13.916908Z","level":"info","event":"[FETCH DONE] retrieved=500 rows at skip=10500","logger":"lta_common","filename":"lta_common.py","lineno":58}
{"timestamp":"2026-04-09T13:41:13.918034Z","level":"info","event":"STEP 5: processing page skip=10500 rows=500","logger":"unusual_prefix_faea391ec71b1d4b4651510353e4a48d62001c31_2_refresh_traffic_speed","filename":"2_refresh_traffic_speed.py","lineno":46}
{"timestamp":"2026-04-09T13:41:13.920642Z","level":"info","event":"STEP 6: built snapshot dataframe rows=500","logger":"unusual_prefix_faea391ec71b1d4b4651510353e4a48d62001c31_2_refresh_traffic_speed","filename":"2_refresh_traffic_speed.py","lineno":49}
{"timestamp":"2026-04-09T13:41:13.921957Z","level":"info","event":"[SAVE START] inserting 500 rows into traffic_speed_latest","logger":"lta_common","filename":"lta_common.py","lineno":174}
{"timestamp":"2026-04-09T13:41:15.005899Z","level":"info","event":"[SAVE DONE] inserted=500 rows into traffic_speed_latest","logger":"lta_common","filename":"lta_common.py","lineno":192}
{"timestamp":"2026-04-09T13:41:15.008610Z","level":"info","event":"[SAVE START] inserting 500 rows into traffic_speed_recent","logger":"lta_common","filename":"lta_common.py","lineno":174}
{"timestamp":"2026-04-09T13:41:15.405858Z","level":"info","event":"[SAVE DONE] inserted=500 rows into traffic_speed_recent","logger":"lta_common","filename":"lta_common.py","lineno":192}
{"timestamp":"2026-04-09T13:41:15.406010Z","level":"info","event":"STEP 7: page saved skip=10500 | pages=22 | latest_rows=11000 | recent_rows=11000","logger":"unusual_prefix_faea391ec71b1d4b4651510353e4a48d62001c31_2_refresh_traffic_speed","filename":"2_refresh_traffic_speed.py","lineno":61}
{"timestamp":"2026-04-09T13:41:15.406042Z","level":"info","event":"========== PAGE START ==========","logger":"lta_common","filename":"lta_common.py","lineno":52}
{"timestamp":"2026-04-09T13:41:15.406064Z","level":"info","event":"[FETCH] requesting rows 11000–11499","logger":"lta_common","filename":"lta_common.py","lineno":53}
{"timestamp":"2026-04-09T13:41:15.406093Z","level":"info","event":"Fetching page from LTA: skip=11000","logger":"lta_common","filename":"lta_common.py","lineno":35}
{"timestamp":"2026-04-09T13:41:17.830918Z","level":"info","event":"Retrieved 500 rows from LTA at skip=11000","logger":"lta_common","filename":"lta_common.py","lineno":43}
{"timestamp":"2026-04-09T13:41:17.833240Z","level":"info","event":"[FETCH DONE] retrieved=500 rows at skip=11000","logger":"lta_common","filename":"lta_common.py","lineno":58}
{"timestamp":"2026-04-09T13:41:17.833494Z","level":"info","event":"STEP 5: processing page skip=11000 rows=500","logger":"unusual_prefix_faea391ec71b1d4b4651510353e4a48d62001c31_2_refresh_traffic_speed","filename":"2_refresh_traffic_speed.py","lineno":46}
{"timestamp":"2026-04-09T13:41:17.834967Z","level":"info","event":"STEP 6: built snapshot dataframe rows=500","logger":"unusual_prefix_faea391ec71b1d4b4651510353e4a48d62001c31_2_refresh_traffic_speed","filename":"2_refresh_traffic_speed.py","lineno":49}
{"timestamp":"2026-04-09T13:41:17.835616Z","level":"info","event":"[SAVE START] inserting 500 rows into traffic_speed_latest","logger":"lta_common","filename":"lta_common.py","lineno":174}
{"timestamp":"2026-04-09T13:41:18.204621Z","level":"info","event":"[SAVE DONE] inserted=500 rows into traffic_speed_latest","logger":"lta_common","filename":"lta_common.py","lineno":192}
{"timestamp":"2026-04-09T13:41:18.205472Z","level":"info","event":"[SAVE START] inserting 500 rows into traffic_speed_recent","logger":"lta_common","filename":"lta_common.py","lineno":174}
{"timestamp":"2026-04-09T13:41:19.167035Z","level":"info","event":"[SAVE DONE] inserted=500 rows into traffic_speed_recent","logger":"lta_common","filename":"lta_common.py","lineno":192}
{"timestamp":"2026-04-09T13:41:19.167819Z","level":"info","event":"STEP 7: page saved skip=11000 | pages=23 | latest_rows=11500 | recent_rows=11500","logger":"unusual_prefix_faea391ec71b1d4b4651510353e4a48d62001c31_2_refresh_traffic_speed","filename":"2_refresh_traffic_speed.py","lineno":61}
{"timestamp":"2026-04-09T13:41:19.168083Z","level":"info","event":"========== PAGE START ==========","logger":"lta_common","filename":"lta_common.py","lineno":52}
{"timestamp":"2026-04-09T13:41:19.168188Z","level":"info","event":"[FETCH] requesting rows 11500–11999","logger":"lta_common","filename":"lta_common.py","lineno":53}
{"timestamp":"2026-04-09T13:41:19.168329Z","level":"info","event":"Fetching page from LTA: skip=11500","logger":"lta_common","filename":"lta_common.py","lineno":35}
{"timestamp":"2026-04-09T13:41:22.293033Z","level":"info","event":"Retrieved 500 rows from LTA at skip=11500","logger":"lta_common","filename":"lta_common.py","lineno":43}
{"timestamp":"2026-04-09T13:41:22.300088Z","level":"info","event":"[FETCH DONE] retrieved=500 rows at skip=11500","logger":"lta_common","filename":"lta_common.py","lineno":58}
{"timestamp":"2026-04-09T13:41:22.301248Z","level":"info","event":"STEP 5: processing page skip=11500 rows=500","logger":"unusual_prefix_faea391ec71b1d4b4651510353e4a48d62001c31_2_refresh_traffic_speed","filename":"2_refresh_traffic_speed.py","lineno":46}
{"timestamp":"2026-04-09T13:41:22.304429Z","level":"info","event":"STEP 6: built snapshot dataframe rows=500","logger":"unusual_prefix_faea391ec71b1d4b4651510353e4a48d62001c31_2_refresh_traffic_speed","filename":"2_refresh_traffic_speed.py","lineno":49}
{"timestamp":"2026-04-09T13:41:22.306401Z","level":"info","event":"[SAVE START] inserting 500 rows into traffic_speed_latest","logger":"lta_common","filename":"lta_common.py","lineno":174}
{"timestamp":"2026-04-09T13:41:23.015051Z","level":"info","event":"[SAVE DONE] inserted=500 rows into traffic_speed_latest","logger":"lta_common","filename":"lta_common.py","lineno":192}
{"timestamp":"2026-04-09T13:41:23.018150Z","level":"info","event":"[SAVE START] inserting 500 rows into traffic_speed_recent","logger":"lta_common","filename":"lta_common.py","lineno":174}
{"timestamp":"2026-04-09T13:41:23.730878Z","level":"info","event":"[SAVE DONE] inserted=500 rows into traffic_speed_recent","logger":"lta_common","filename":"lta_common.py","lineno":192}
{"timestamp":"2026-04-09T13:41:23.731011Z","level":"info","event":"STEP 7: page saved skip=11500 | pages=24 | latest_rows=12000 | recent_rows=12000","logger":"unusual_prefix_faea391ec71b1d4b4651510353e4a48d62001c31_2_refresh_traffic_speed","filename":"2_refresh_traffic_speed.py","lineno":61}
{"timestamp":"2026-04-09T13:41:23.731044Z","level":"info","event":"========== PAGE START ==========","logger":"lta_common","filename":"lta_common.py","lineno":52}
{"timestamp":"2026-04-09T13:41:23.731066Z","level":"info","event":"[FETCH] requesting rows 12000–12499","logger":"lta_common","filename":"lta_common.py","lineno":53}
{"timestamp":"2026-04-09T13:41:23.731095Z","level":"info","event":"Fetching page from LTA: skip=12000","logger":"lta_common","filename":"lta_common.py","lineno":35}
{"timestamp":"2026-04-09T13:41:24.497616Z","level":"info","event":"Retrieved 500 rows from LTA at skip=12000","logger":"lta_common","filename":"lta_common.py","lineno":43}
{"timestamp":"2026-04-09T13:41:24.499582Z","level":"info","event":"[FETCH DONE] retrieved=500 rows at skip=12000","logger":"lta_common","filename":"lta_common.py","lineno":58}
{"timestamp":"2026-04-09T13:41:24.499728Z","level":"info","event":"STEP 5: processing page skip=12000 rows=500","logger":"unusual_prefix_faea391ec71b1d4b4651510353e4a48d62001c31_2_refresh_traffic_speed","filename":"2_refresh_traffic_speed.py","lineno":46}
{"timestamp":"2026-04-09T13:41:24.500807Z","level":"info","event":"STEP 6: built snapshot dataframe rows=500","logger":"unusual_prefix_faea391ec71b1d4b4651510353e4a48d62001c31_2_refresh_traffic_speed","filename":"2_refresh_traffic_speed.py","lineno":49}
{"timestamp":"2026-04-09T13:41:24.501400Z","level":"info","event":"[SAVE START] inserting 500 rows into traffic_speed_latest","logger":"lta_common","filename":"lta_common.py","lineno":174}
{"timestamp":"2026-04-09T13:41:25.883961Z","level":"info","event":"[SAVE DONE] inserted=500 rows into traffic_speed_latest","logger":"lta_common","filename":"lta_common.py","lineno":192}
{"timestamp":"2026-04-09T13:41:25.884652Z","level":"info","event":"[SAVE START] inserting 500 rows into traffic_speed_recent","logger":"lta_common","filename":"lta_common.py","lineno":174}
{"timestamp":"2026-04-09T13:41:26.504515Z","level":"info","event":"[SAVE DONE] inserted=500 rows into traffic_speed_recent","logger":"lta_common","filename":"lta_common.py","lineno":192}
{"timestamp":"2026-04-09T13:41:26.505088Z","level":"info","event":"STEP 7: page saved skip=12000 | pages=25 | latest_rows=12500 | recent_rows=12500","logger":"unusual_prefix_faea391ec71b1d4b4651510353e4a48d62001c31_2_refresh_traffic_speed","filename":"2_refresh_traffic_speed.py","lineno":61}
{"timestamp":"2026-04-09T13:41:26.505203Z","level":"info","event":"========== PAGE START ==========","logger":"lta_common","filename":"lta_common.py","lineno":52}
{"timestamp":"2026-04-09T13:41:26.505276Z","level":"info","event":"[FETCH] requesting rows 12500–12999","logger":"lta_common","filename":"lta_common.py","lineno":53}
{"timestamp":"2026-04-09T13:41:26.505420Z","level":"info","event":"Fetching page from LTA: skip=12500","logger":"lta_common","filename":"lta_common.py","lineno":35}
{"timestamp":"2026-04-09T13:41:27.103678Z","level":"info","event":"Retrieved 500 rows from LTA at skip=12500","logger":"lta_common","filename":"lta_common.py","lineno":43}
{"timestamp":"2026-04-09T13:41:27.110703Z","level":"info","event":"[FETCH DONE] retrieved=500 rows at skip=12500","logger":"lta_common","filename":"lta_common.py","lineno":58}
{"timestamp":"2026-04-09T13:41:27.112046Z","level":"info","event":"STEP 5: processing page skip=12500 rows=500","logger":"unusual_prefix_faea391ec71b1d4b4651510353e4a48d62001c31_2_refresh_traffic_speed","filename":"2_refresh_traffic_speed.py","lineno":46}
{"timestamp":"2026-04-09T13:41:27.115369Z","level":"info","event":"STEP 6: built snapshot dataframe rows=500","logger":"unusual_prefix_faea391ec71b1d4b4651510353e4a48d62001c31_2_refresh_traffic_speed","filename":"2_refresh_traffic_speed.py","lineno":49}
{"timestamp":"2026-04-09T13:41:27.117075Z","level":"info","event":"[SAVE START] inserting 500 rows into traffic_speed_latest","logger":"lta_common","filename":"lta_common.py","lineno":174}
{"timestamp":"2026-04-09T13:41:27.757391Z","level":"info","event":"[SAVE DONE] inserted=500 rows into traffic_speed_latest","logger":"lta_common","filename":"lta_common.py","lineno":192}
{"timestamp":"2026-04-09T13:41:27.758280Z","level":"info","event":"[SAVE START] inserting 500 rows into traffic_speed_recent","logger":"lta_common","filename":"lta_common.py","lineno":174}
{"timestamp":"2026-04-09T13:41:28.493285Z","level":"info","event":"[SAVE DONE] inserted=500 rows into traffic_speed_recent","logger":"lta_common","filename":"lta_common.py","lineno":192}
{"timestamp":"2026-04-09T13:41:28.493636Z","level":"info","event":"STEP 7: page saved skip=12500 | pages=26 | latest_rows=13000 | recent_rows=13000","logger":"unusual_prefix_faea391ec71b1d4b4651510353e4a48d62001c31_2_refresh_traffic_speed","filename":"2_refresh_traffic_speed.py","lineno":61}
{"timestamp":"2026-04-09T13:41:28.493714Z","level":"info","event":"========== PAGE START ==========","logger":"lta_common","filename":"lta_common.py","lineno":52}
{"timestamp":"2026-04-09T13:41:28.493774Z","level":"info","event":"[FETCH] requesting rows 13000–13499","logger":"lta_common","filename":"lta_common.py","lineno":53}
{"timestamp":"2026-04-09T13:41:28.493879Z","level":"info","event":"Fetching page from LTA: skip=13000","logger":"lta_common","filename":"lta_common.py","lineno":35}
{"timestamp":"2026-04-09T13:41:32.612976Z","level":"info","event":"Retrieved 500 rows from LTA at skip=13000","logger":"lta_common","filename":"lta_common.py","lineno":43}
{"timestamp":"2026-04-09T13:41:32.616379Z","level":"info","event":"[FETCH DONE] retrieved=500 rows at skip=13000","logger":"lta_common","filename":"lta_common.py","lineno":58}
{"timestamp":"2026-04-09T13:41:32.616899Z","level":"info","event":"STEP 5: processing page skip=13000 rows=500","logger":"unusual_prefix_faea391ec71b1d4b4651510353e4a48d62001c31_2_refresh_traffic_speed","filename":"2_refresh_traffic_speed.py","lineno":46}
{"timestamp":"2026-04-09T13:41:32.619217Z","level":"info","event":"STEP 6: built snapshot dataframe rows=500","logger":"unusual_prefix_faea391ec71b1d4b4651510353e4a48d62001c31_2_refresh_traffic_speed","filename":"2_refresh_traffic_speed.py","lineno":49}
{"timestamp":"2026-04-09T13:41:32.620153Z","level":"info","event":"[SAVE START] inserting 500 rows into traffic_speed_latest","logger":"lta_common","filename":"lta_common.py","lineno":174}
{"timestamp":"2026-04-09T13:41:33.731508Z","level":"info","event":"[SAVE DONE] inserted=500 rows into traffic_speed_latest","logger":"lta_common","filename":"lta_common.py","lineno":192}
{"timestamp":"2026-04-09T13:41:33.733952Z","level":"info","event":"[SAVE START] inserting 500 rows into traffic_speed_recent","logger":"lta_common","filename":"lta_common.py","lineno":174}
{"timestamp":"2026-04-09T13:41:34.818831Z","level":"info","event":"[SAVE DONE] inserted=500 rows into traffic_speed_recent","logger":"lta_common","filename":"lta_common.py","lineno":192}
{"timestamp":"2026-04-09T13:41:34.818971Z","level":"info","event":"STEP 7: page saved skip=13000 | pages=27 | latest_rows=13500 | recent_rows=13500","logger":"unusual_prefix_faea391ec71b1d4b4651510353e4a48d62001c31_2_refresh_traffic_speed","filename":"2_refresh_traffic_speed.py","lineno":61}
{"timestamp":"2026-04-09T13:41:34.819003Z","level":"info","event":"========== PAGE START ==========","logger":"lta_common","filename":"lta_common.py","lineno":52}
{"timestamp":"2026-04-09T13:41:34.819026Z","level":"info","event":"[FETCH] requesting rows 13500–13999","logger":"lta_common","filename":"lta_common.py","lineno":53}
{"timestamp":"2026-04-09T13:41:34.819057Z","level":"info","event":"Fetching page from LTA: skip=13500","logger":"lta_common","filename":"lta_common.py","lineno":35}
{"timestamp":"2026-04-09T13:41:37.920693Z","level":"info","event":"Retrieved 500 rows from LTA at skip=13500","logger":"lta_common","filename":"lta_common.py","lineno":43}
{"timestamp":"2026-04-09T13:41:37.923843Z","level":"info","event":"[FETCH DONE] retrieved=500 rows at skip=13500","logger":"lta_common","filename":"lta_common.py","lineno":58}
{"timestamp":"2026-04-09T13:41:37.924214Z","level":"info","event":"STEP 5: processing page skip=13500 rows=500","logger":"unusual_prefix_faea391ec71b1d4b4651510353e4a48d62001c31_2_refresh_traffic_speed","filename":"2_refresh_traffic_speed.py","lineno":46}
{"timestamp":"2026-04-09T13:41:37.927131Z","level":"info","event":"STEP 6: built snapshot dataframe rows=500","logger":"unusual_prefix_faea391ec71b1d4b4651510353e4a48d62001c31_2_refresh_traffic_speed","filename":"2_refresh_traffic_speed.py","lineno":49}
{"timestamp":"2026-04-09T13:41:37.927727Z","level":"info","event":"[SAVE START] inserting 500 rows into traffic_speed_latest","logger":"lta_common","filename":"lta_common.py","lineno":174}
{"timestamp":"2026-04-09T13:41:40.604100Z","level":"info","event":"[SAVE DONE] inserted=500 rows into traffic_speed_latest","logger":"lta_common","filename":"lta_common.py","lineno":192}
{"timestamp":"2026-04-09T13:41:40.607830Z","level":"info","event":"[SAVE START] inserting 500 rows into traffic_speed_recent","logger":"lta_common","filename":"lta_common.py","lineno":174}
{"timestamp":"2026-04-09T13:41:42.480082Z","level":"info","event":"[SAVE DONE] inserted=500 rows into traffic_speed_recent","logger":"lta_common","filename":"lta_common.py","lineno":192}
{"timestamp":"2026-04-09T13:41:42.480783Z","level":"info","event":"STEP 7: page saved skip=13500 | pages=28 | latest_rows=14000 | recent_rows=14000","logger":"unusual_prefix_faea391ec71b1d4b4651510353e4a48d62001c31_2_refresh_traffic_speed","filename":"2_refresh_traffic_speed.py","lineno":61}
{"timestamp":"2026-04-09T13:41:42.480945Z","level":"info","event":"========== PAGE START ==========","logger":"lta_common","filename":"lta_common.py","lineno":52}
{"timestamp":"2026-04-09T13:41:42.481069Z","level":"info","event":"[FETCH] requesting rows 14000–14499","logger":"lta_common","filename":"lta_common.py","lineno":53}
{"timestamp":"2026-04-09T13:41:42.481372Z","level":"info","event":"Fetching page from LTA: skip=14000","logger":"lta_common","filename":"lta_common.py","lineno":35}
{"timestamp":"2026-04-09T13:41:44.469661Z","level":"info","event":"Retrieved 500 rows from LTA at skip=14000","logger":"lta_common","filename":"lta_common.py","lineno":43}
{"timestamp":"2026-04-09T13:41:44.471090Z","level":"info","event":"[FETCH DONE] retrieved=500 rows at skip=14000","logger":"lta_common","filename":"lta_common.py","lineno":58}
{"timestamp":"2026-04-09T13:41:44.471310Z","level":"info","event":"STEP 5: processing page skip=14000 rows=500","logger":"unusual_prefix_faea391ec71b1d4b4651510353e4a48d62001c31_2_refresh_traffic_speed","filename":"2_refresh_traffic_speed.py","lineno":46}
{"timestamp":"2026-04-09T13:41:44.472244Z","level":"info","event":"STEP 6: built snapshot dataframe rows=500","logger":"unusual_prefix_faea391ec71b1d4b4651510353e4a48d62001c31_2_refresh_traffic_speed","filename":"2_refresh_traffic_speed.py","lineno":49}
{"timestamp":"2026-04-09T13:41:44.472680Z","level":"info","event":"[SAVE START] inserting 500 rows into traffic_speed_latest","logger":"lta_common","filename":"lta_common.py","lineno":174}
{"timestamp":"2026-04-09T13:41:46.647870Z","level":"info","event":"[SAVE DONE] inserted=500 rows into traffic_speed_latest","logger":"lta_common","filename":"lta_common.py","lineno":192}
{"timestamp":"2026-04-09T13:41:46.651943Z","level":"info","event":"[SAVE START] inserting 500 rows into traffic_speed_recent","logger":"lta_common","filename":"lta_common.py","lineno":174}
{"timestamp":"2026-04-09T13:41:47.814412Z","level":"info","event":"[SAVE DONE] inserted=500 rows into traffic_speed_recent","logger":"lta_common","filename":"lta_common.py","lineno":192}
{"timestamp":"2026-04-09T13:41:47.814593Z","level":"info","event":"STEP 7: page saved skip=14000 | pages=29 | latest_rows=14500 | recent_rows=14500","logger":"unusual_prefix_faea391ec71b1d4b4651510353e4a48d62001c31_2_refresh_traffic_speed","filename":"2_refresh_traffic_speed.py","lineno":61}
{"timestamp":"2026-04-09T13:41:47.814625Z","level":"info","event":"========== PAGE START ==========","logger":"lta_common","filename":"lta_common.py","lineno":52}
{"timestamp":"2026-04-09T13:41:47.814647Z","level":"info","event":"[FETCH] requesting rows 14500–14999","logger":"lta_common","filename":"lta_common.py","lineno":53}
{"timestamp":"2026-04-09T13:41:47.814696Z","level":"info","event":"Fetching page from LTA: skip=14500","logger":"lta_common","filename":"lta_common.py","lineno":35}
{"timestamp":"2026-04-09T13:41:52.829939Z","level":"info","event":"Retrieved 500 rows from LTA at skip=14500","logger":"lta_common","filename":"lta_common.py","lineno":43}
{"timestamp":"2026-04-09T13:41:52.831076Z","level":"info","event":"[FETCH DONE] retrieved=500 rows at skip=14500","logger":"lta_common","filename":"lta_common.py","lineno":58}
{"timestamp":"2026-04-09T13:41:52.831195Z","level":"info","event":"STEP 5: processing page skip=14500 rows=500","logger":"unusual_prefix_faea391ec71b1d4b4651510353e4a48d62001c31_2_refresh_traffic_speed","filename":"2_refresh_traffic_speed.py","lineno":46}
{"timestamp":"2026-04-09T13:41:52.831955Z","level":"info","event":"STEP 6: built snapshot dataframe rows=500","logger":"unusual_prefix_faea391ec71b1d4b4651510353e4a48d62001c31_2_refresh_traffic_speed","filename":"2_refresh_traffic_speed.py","lineno":49}
{"timestamp":"2026-04-09T13:41:52.832380Z","level":"info","event":"[SAVE START] inserting 500 rows into traffic_speed_latest","logger":"lta_common","filename":"lta_common.py","lineno":174}
{"timestamp":"2026-04-09T13:41:53.476104Z","level":"info","event":"[SAVE DONE] inserted=500 rows into traffic_speed_latest","logger":"lta_common","filename":"lta_common.py","lineno":192}
{"timestamp":"2026-04-09T13:41:53.476761Z","level":"info","event":"[SAVE START] inserting 500 rows into traffic_speed_recent","logger":"lta_common","filename":"lta_common.py","lineno":174}
{"timestamp":"2026-04-09T13:41:54.484719Z","level":"info","event":"[SAVE DONE] inserted=500 rows into traffic_speed_recent","logger":"lta_common","filename":"lta_common.py","lineno":192}
{"timestamp":"2026-04-09T13:41:54.485364Z","level":"info","event":"STEP 7: page saved skip=14500 | pages=30 | latest_rows=15000 | recent_rows=15000","logger":"unusual_prefix_faea391ec71b1d4b4651510353e4a48d62001c31_2_refresh_traffic_speed","filename":"2_refresh_traffic_speed.py","lineno":61}
{"timestamp":"2026-04-09T13:41:54.485521Z","level":"info","event":"========== PAGE START ==========","logger":"lta_common","filename":"lta_common.py","lineno":52}
{"timestamp":"2026-04-09T13:41:54.485709Z","level":"info","event":"[FETCH] requesting rows 15000–15499","logger":"lta_common","filename":"lta_common.py","lineno":53}
{"timestamp":"2026-04-09T13:41:54.485903Z","level":"info","event":"Fetching page from LTA: skip=15000","logger":"lta_common","filename":"lta_common.py","lineno":35}
{"timestamp":"2026-04-09T13:42:00.092137Z","level":"info","event":"Retrieved 500 rows from LTA at skip=15000","logger":"lta_common","filename":"lta_common.py","lineno":43}
{"timestamp":"2026-04-09T13:42:00.097811Z","level":"info","event":"[FETCH DONE] retrieved=500 rows at skip=15000","logger":"lta_common","filename":"lta_common.py","lineno":58}
{"timestamp":"2026-04-09T13:42:00.098434Z","level":"info","event":"STEP 5: processing page skip=15000 rows=500","logger":"unusual_prefix_faea391ec71b1d4b4651510353e4a48d62001c31_2_refresh_traffic_speed","filename":"2_refresh_traffic_speed.py","lineno":46}
{"timestamp":"2026-04-09T13:42:00.101200Z","level":"info","event":"STEP 6: built snapshot dataframe rows=500","logger":"unusual_prefix_faea391ec71b1d4b4651510353e4a48d62001c31_2_refresh_traffic_speed","filename":"2_refresh_traffic_speed.py","lineno":49}
{"timestamp":"2026-04-09T13:42:00.102789Z","level":"info","event":"[SAVE START] inserting 500 rows into traffic_speed_latest","logger":"lta_common","filename":"lta_common.py","lineno":174}
{"timestamp":"2026-04-09T13:42:01.324765Z","level":"info","event":"[SAVE DONE] inserted=500 rows into traffic_speed_latest","logger":"lta_common","filename":"lta_common.py","lineno":192}
{"timestamp":"2026-04-09T13:42:01.325353Z","level":"info","event":"[SAVE START] inserting 500 rows into traffic_speed_recent","logger":"lta_common","filename":"lta_common.py","lineno":174}
{"timestamp":"2026-04-09T13:42:02.257737Z","level":"info","event":"[SAVE DONE] inserted=500 rows into traffic_speed_recent","logger":"lta_common","filename":"lta_common.py","lineno":192}
{"timestamp":"2026-04-09T13:42:02.257880Z","level":"info","event":"STEP 7: page saved skip=15000 | pages=31 | latest_rows=15500 | recent_rows=15500","logger":"unusual_prefix_faea391ec71b1d4b4651510353e4a48d62001c31_2_refresh_traffic_speed","filename":"2_refresh_traffic_speed.py","lineno":61}
{"timestamp":"2026-04-09T13:42:02.257918Z","level":"info","event":"========== PAGE START ==========","logger":"lta_common","filename":"lta_common.py","lineno":52}
{"timestamp":"2026-04-09T13:42:02.257941Z","level":"info","event":"[FETCH] requesting rows 15500–15999","logger":"lta_common","filename":"lta_common.py","lineno":53}
{"timestamp":"2026-04-09T13:42:02.257972Z","level":"info","event":"Fetching page from LTA: skip=15500","logger":"lta_common","filename":"lta_common.py","lineno":35}
{"timestamp":"2026-04-09T13:42:05.021764Z","level":"info","event":"Retrieved 500 rows from LTA at skip=15500","logger":"lta_common","filename":"lta_common.py","lineno":43}
{"timestamp":"2026-04-09T13:42:05.027276Z","level":"info","event":"[FETCH DONE] retrieved=500 rows at skip=15500","logger":"lta_common","filename":"lta_common.py","lineno":58}
{"timestamp":"2026-04-09T13:42:05.028140Z","level":"info","event":"STEP 5: processing page skip=15500 rows=500","logger":"unusual_prefix_faea391ec71b1d4b4651510353e4a48d62001c31_2_refresh_traffic_speed","filename":"2_refresh_traffic_speed.py","lineno":46}
{"timestamp":"2026-04-09T13:42:05.032790Z","level":"info","event":"STEP 6: built snapshot dataframe rows=500","logger":"unusual_prefix_faea391ec71b1d4b4651510353e4a48d62001c31_2_refresh_traffic_speed","filename":"2_refresh_traffic_speed.py","lineno":49}
{"timestamp":"2026-04-09T13:42:05.033738Z","level":"info","event":"[SAVE START] inserting 500 rows into traffic_speed_latest","logger":"lta_common","filename":"lta_common.py","lineno":174}
{"timestamp":"2026-04-09T13:42:05.533436Z","level":"info","event":"[SAVE DONE] inserted=500 rows into traffic_speed_latest","logger":"lta_common","filename":"lta_common.py","lineno":192}
{"timestamp":"2026-04-09T13:42:05.534103Z","level":"info","event":"[SAVE START] inserting 500 rows into traffic_speed_recent","logger":"lta_common","filename":"lta_common.py","lineno":174}
{"timestamp":"2026-04-09T13:42:06.085935Z","level":"info","event":"[SAVE DONE] inserted=500 rows into traffic_speed_recent","logger":"lta_common","filename":"lta_common.py","lineno":192}
{"timestamp":"2026-04-09T13:42:06.086077Z","level":"info","event":"STEP 7: page saved skip=15500 | pages=32 | latest_rows=16000 | recent_rows=16000","logger":"unusual_prefix_faea391ec71b1d4b4651510353e4a48d62001c31_2_refresh_traffic_speed","filename":"2_refresh_traffic_speed.py","lineno":61}
{"timestamp":"2026-04-09T13:42:06.086109Z","level":"info","event":"========== PAGE START ==========","logger":"lta_common","filename":"lta_common.py","lineno":52}
{"timestamp":"2026-04-09T13:42:06.086130Z","level":"info","event":"[FETCH] requesting rows 16000–16499","logger":"lta_common","filename":"lta_common.py","lineno":53}
{"timestamp":"2026-04-09T13:42:06.086162Z","level":"info","event":"Fetching page from LTA: skip=16000","logger":"lta_common","filename":"lta_common.py","lineno":35}
{"timestamp":"2026-04-09T13:42:08.513723Z","level":"info","event":"Retrieved 500 rows from LTA at skip=16000","logger":"lta_common","filename":"lta_common.py","lineno":43}
{"timestamp":"2026-04-09T13:42:08.520705Z","level":"info","event":"[FETCH DONE] retrieved=500 rows at skip=16000","logger":"lta_common","filename":"lta_common.py","lineno":58}
{"timestamp":"2026-04-09T13:42:08.521964Z","level":"info","event":"STEP 5: processing page skip=16000 rows=500","logger":"unusual_prefix_faea391ec71b1d4b4651510353e4a48d62001c31_2_refresh_traffic_speed","filename":"2_refresh_traffic_speed.py","lineno":46}
{"timestamp":"2026-04-09T13:42:08.527377Z","level":"info","event":"STEP 6: built snapshot dataframe rows=500","logger":"unusual_prefix_faea391ec71b1d4b4651510353e4a48d62001c31_2_refresh_traffic_speed","filename":"2_refresh_traffic_speed.py","lineno":49}
{"timestamp":"2026-04-09T13:42:08.529253Z","level":"info","event":"[SAVE START] inserting 500 rows into traffic_speed_latest","logger":"lta_common","filename":"lta_common.py","lineno":174}
{"timestamp":"2026-04-09T13:42:09.992514Z","level":"info","event":"[SAVE DONE] inserted=500 rows into traffic_speed_latest","logger":"lta_common","filename":"lta_common.py","lineno":192}
{"timestamp":"2026-04-09T13:42:09.993662Z","level":"info","event":"[SAVE START] inserting 500 rows into traffic_speed_recent","logger":"lta_common","filename":"lta_common.py","lineno":174}
{"timestamp":"2026-04-09T13:42:10.839820Z","level":"info","event":"[SAVE DONE] inserted=500 rows into traffic_speed_recent","logger":"lta_common","filename":"lta_common.py","lineno":192}
{"timestamp":"2026-04-09T13:42:10.839951Z","level":"info","event":"STEP 7: page saved skip=16000 | pages=33 | latest_rows=16500 | recent_rows=16500","logger":"unusual_prefix_faea391ec71b1d4b4651510353e4a48d62001c31_2_refresh_traffic_speed","filename":"2_refresh_traffic_speed.py","lineno":61}
{"timestamp":"2026-04-09T13:42:10.839984Z","level":"info","event":"========== PAGE START ==========","logger":"lta_common","filename":"lta_common.py","lineno":52}
{"timestamp":"2026-04-09T13:42:10.840006Z","level":"info","event":"[FETCH] requesting rows 16500–16999","logger":"lta_common","filename":"lta_common.py","lineno":53}
{"timestamp":"2026-04-09T13:42:10.840038Z","level":"info","event":"Fetching page from LTA: skip=16500","logger":"lta_common","filename":"lta_common.py","lineno":35}
{"timestamp":"2026-04-09T13:42:12.278210Z","level":"info","event":"Retrieved 500 rows from LTA at skip=16500","logger":"lta_common","filename":"lta_common.py","lineno":43}
{"timestamp":"2026-04-09T13:42:12.282995Z","level":"info","event":"[FETCH DONE] retrieved=500 rows at skip=16500","logger":"lta_common","filename":"lta_common.py","lineno":58}
{"timestamp":"2026-04-09T13:42:12.284035Z","level":"info","event":"STEP 5: processing page skip=16500 rows=500","logger":"unusual_prefix_faea391ec71b1d4b4651510353e4a48d62001c31_2_refresh_traffic_speed","filename":"2_refresh_traffic_speed.py","lineno":46}
{"timestamp":"2026-04-09T13:42:12.286747Z","level":"info","event":"STEP 6: built snapshot dataframe rows=500","logger":"unusual_prefix_faea391ec71b1d4b4651510353e4a48d62001c31_2_refresh_traffic_speed","filename":"2_refresh_traffic_speed.py","lineno":49}
{"timestamp":"2026-04-09T13:42:12.288242Z","level":"info","event":"[SAVE START] inserting 500 rows into traffic_speed_latest","logger":"lta_common","filename":"lta_common.py","lineno":174}
{"timestamp":"2026-04-09T13:42:13.175132Z","level":"info","event":"[SAVE DONE] inserted=500 rows into traffic_speed_latest","logger":"lta_common","filename":"lta_common.py","lineno":192}
{"timestamp":"2026-04-09T13:42:13.178077Z","level":"info","event":"[SAVE START] inserting 500 rows into traffic_speed_recent","logger":"lta_common","filename":"lta_common.py","lineno":174}
{"timestamp":"2026-04-09T13:42:13.794285Z","level":"info","event":"[SAVE DONE] inserted=500 rows into traffic_speed_recent","logger":"lta_common","filename":"lta_common.py","lineno":192}
{"timestamp":"2026-04-09T13:42:13.795509Z","level":"info","event":"STEP 7: page saved skip=16500 | pages=34 | latest_rows=17000 | recent_rows=17000","logger":"unusual_prefix_faea391ec71b1d4b4651510353e4a48d62001c31_2_refresh_traffic_speed","filename":"2_refresh_traffic_speed.py","lineno":61}
{"timestamp":"2026-04-09T13:42:13.796360Z","level":"info","event":"========== PAGE START ==========","logger":"lta_common","filename":"lta_common.py","lineno":52}
{"timestamp":"2026-04-09T13:42:13.797404Z","level":"info","event":"[FETCH] requesting rows 17000–17499","logger":"lta_common","filename":"lta_common.py","lineno":53}
{"timestamp":"2026-04-09T13:42:13.797602Z","level":"info","event":"Fetching page from LTA: skip=17000","logger":"lta_common","filename":"lta_common.py","lineno":35}
{"timestamp":"2026-04-09T13:42:15.237678Z","level":"info","event":"Retrieved 500 rows from LTA at skip=17000","logger":"lta_common","filename":"lta_common.py","lineno":43}
{"timestamp":"2026-04-09T13:42:15.238896Z","level":"info","event":"[FETCH DONE] retrieved=500 rows at skip=17000","logger":"lta_common","filename":"lta_common.py","lineno":58}
{"timestamp":"2026-04-09T13:42:15.239000Z","level":"info","event":"STEP 5: processing page skip=17000 rows=500","logger":"unusual_prefix_faea391ec71b1d4b4651510353e4a48d62001c31_2_refresh_traffic_speed","filename":"2_refresh_traffic_speed.py","lineno":46}
{"timestamp":"2026-04-09T13:42:15.239723Z","level":"info","event":"STEP 6: built snapshot dataframe rows=500","logger":"unusual_prefix_faea391ec71b1d4b4651510353e4a48d62001c31_2_refresh_traffic_speed","filename":"2_refresh_traffic_speed.py","lineno":49}
{"timestamp":"2026-04-09T13:42:15.240135Z","level":"info","event":"[SAVE START] inserting 500 rows into traffic_speed_latest","logger":"lta_common","filename":"lta_common.py","lineno":174}
{"timestamp":"2026-04-09T13:42:15.745593Z","level":"error","event":"FAILED: invalid input syntax for type integer: \"\"\nLINE 9: ...-09T13:40:03.784741+00:00'::timestamptz,'25882',0,'',''),('2...\n                                                             ^\n","logger":"unusual_prefix_faea391ec71b1d4b4651510353e4a48d62001c31_2_refresh_traffic_speed","filename":"2_refresh_traffic_speed.py","lineno":69}
{"timestamp":"2026-04-09T13:42:15.749095Z","level":"error","event":"Traceback (most recent call last):\n  File \"/opt/airflow/dags/2_refresh_traffic_speed.py\", line 52, in refresh_traffic_speed\n    insert_snapshot_rows(conn, \"traffic_speed_latest\", snapshots_df, batch_size=500)\n  File \"/opt/airflow/dags/lta_common.py\", line 188, in insert_snapshot_rows\n    minimum_speed,\n  File \"/home/airflow/.local/lib/python3.12/site-packages/psycopg2/extras.py\", line 1299, in execute_values\n    cur.execute(b''.join(parts))\npsycopg2.errors.InvalidTextRepresentation: invalid input syntax for type integer: \"\"\nLINE 9: ...-09T13:40:03.784741+00:00'::timestamptz,'25882',0,'',''),('2...\n                                                             ^\n\n","logger":"unusual_prefix_faea391ec71b1d4b4651510353e4a48d62001c31_2_refresh_traffic_speed","filename":"2_refresh_traffic_speed.py","lineno":70}
{"timestamp":"2026-04-09T13:42:15.749913Z","level":"info","event":"Database connection closed","logger":"unusual_prefix_faea391ec71b1d4b4651510353e4a48d62001c31_2_refresh_traffic_speed","filename":"2_refresh_traffic_speed.py","lineno":76}
{"timestamp":"2026-04-09T13:42:15.750488Z","level":"error","event":"Task failed with exception","logger":"task","filename":"task_runner.py","lineno":1142,"error_detail":[{"exc_type":"InvalidTextRepresentation","exc_value":"invalid input syntax for type integer: \"\"\nLINE 9: ...-09T13:40:03.784741+00:00'::timestamptz,'25882',0,'',''),('2...\n                                                             ^\n","exc_notes":[],"syntax_error":null,"is_cause":false,"frames":[{"filename":"/home/airflow/.local/lib/python3.12/site-packages/airflow/sdk/execution_time/task_runner.py","lineno":1068,"name":"run"},{"filename":"/home/airflow/.local/lib/python3.12/site-packages/airflow/sdk/execution_time/task_runner.py","lineno":1477,"name":"_execute_task"},{"filename":"/home/airflow/.local/lib/python3.12/site-packages/airflow/sdk/bases/operator.py","lineno":417,"name":"wrapper"},{"filename":"/home/airflow/.local/lib/python3.12/site-packages/airflow/providers/standard/operators/python.py","lineno":228,"name":"execute"},{"filename":"/home/airflow/.local/lib/python3.12/site-packages/airflow/providers/standard/operators/python.py","lineno":251,"name":"execute_callable"},{"filename":"/home/airflow/.local/lib/python3.12/site-packages/airflow/sdk/execution_time/callback_runner.py","lineno":82,"name":"run"},{"filename":"/opt/airflow/dags/2_refresh_traffic_speed.py","lineno":52,"name":"refresh_traffic_speed"},{"filename":"/opt/airflow/dags/lta_common.py","lineno":188,"name":"insert_snapshot_rows"},{"filename":"/home/airflow/.local/lib/python3.12/site-packages/psycopg2/extras.py","lineno":1299,"name":"execute_values"}],"is_group":false,"exceptions":[]}]}
