{"timestamp":"2026-04-09T13:29:04.549956Z","level":"info","event":"DAG bundles loaded: dags-folder","logger":"airflow.dag_processing.bundles.manager.DagBundlesManager","filename":"manager.py","lineno":179}
{"timestamp":"2026-04-09T13:29:04.550892Z","level":"info","event":"Filling up the DagBag from /opt/airflow/dags/2_refresh_traffic_speed.py","logger":"airflow.models.dagbag.BundleDagBag","filename":"dagbag.py","lineno":593}
{"timestamp":"2026-04-09T13:29:04.792594Z","level":"warning","event":"The `airflow.operators.python.PythonOperator` attribute is deprecated. Please use `'airflow.providers.standard.operators.python.PythonOperator'`.","category":"DeprecatedImportWarning","filename":"/opt/airflow/dags/2_refresh_traffic_speed.py","lineno":2,"logger":"py.warnings"}
{"timestamp":"2026-04-09T13:29:04.808050Z","level":"info","event":"STEP 1: start refresh_traffic_speed","logger":"unusual_prefix_faea391ec71b1d4b4651510353e4a48d62001c31_2_refresh_traffic_speed","filename":"2_refresh_traffic_speed.py","lineno":28}
{"timestamp":"2026-04-09T13:30:20.788421Z","level":"info","event":"STEP 2: connected to Supabase","logger":"unusual_prefix_faea391ec71b1d4b4651510353e4a48d62001c31_2_refresh_traffic_speed","filename":"2_refresh_traffic_speed.py","lineno":30}
{"timestamp":"2026-04-09T13:30:20.792164Z","level":"info","event":"STEP 3: snapshot timestamp = 2026-04-09 13:30:20.788971+00:00","logger":"unusual_prefix_faea391ec71b1d4b4651510353e4a48d62001c31_2_refresh_traffic_speed","filename":"2_refresh_traffic_speed.py","lineno":33}
{"timestamp":"2026-04-09T13:30:21.227424Z","level":"info","event":"STEP 4: traffic_speed_latest truncated","logger":"unusual_prefix_faea391ec71b1d4b4651510353e4a48d62001c31_2_refresh_traffic_speed","filename":"2_refresh_traffic_speed.py","lineno":39}
{"timestamp":"2026-04-09T13:30:21.228072Z","level":"info","event":"========== PAGE START ==========","logger":"lta_common","filename":"lta_common.py","lineno":52}
{"timestamp":"2026-04-09T13:30:21.228379Z","level":"info","event":"[FETCH] requesting rows 0–499","logger":"lta_common","filename":"lta_common.py","lineno":53}
{"timestamp":"2026-04-09T13:30:21.230433Z","level":"info","event":"Fetching page from LTA: skip=0","logger":"lta_common","filename":"lta_common.py","lineno":35}
{"timestamp":"2026-04-09T13:30:22.461840Z","level":"info","event":"Retrieved 500 rows from LTA at skip=0","logger":"lta_common","filename":"lta_common.py","lineno":43}
{"timestamp":"2026-04-09T13:30:22.473391Z","level":"info","event":"[FETCH DONE] retrieved=500 rows at skip=0","logger":"lta_common","filename":"lta_common.py","lineno":58}
{"timestamp":"2026-04-09T13:30:22.473584Z","level":"info","event":"STEP 5: processing page skip=0 rows=500","logger":"unusual_prefix_faea391ec71b1d4b4651510353e4a48d62001c31_2_refresh_traffic_speed","filename":"2_refresh_traffic_speed.py","lineno":46}
{"timestamp":"2026-04-09T13:30:22.488733Z","level":"info","event":"STEP 6: built snapshot dataframe rows=500","logger":"unusual_prefix_faea391ec71b1d4b4651510353e4a48d62001c31_2_refresh_traffic_speed","filename":"2_refresh_traffic_speed.py","lineno":49}
{"timestamp":"2026-04-09T13:30:22.494804Z","level":"info","event":"[SAVE START] inserting 500 rows into traffic_speed_latest","logger":"lta_common","filename":"lta_common.py","lineno":174}
{"timestamp":"2026-04-09T13:30:23.056496Z","level":"info","event":"[SAVE DONE] inserted=500 rows into traffic_speed_latest","logger":"lta_common","filename":"lta_common.py","lineno":192}
{"timestamp":"2026-04-09T13:30:23.058768Z","level":"info","event":"[SAVE START] inserting 500 rows into traffic_speed_recent","logger":"lta_common","filename":"lta_common.py","lineno":174}
{"timestamp":"2026-04-09T13:30:23.439769Z","level":"info","event":"[SAVE DONE] inserted=500 rows into traffic_speed_recent","logger":"lta_common","filename":"lta_common.py","lineno":192}
{"timestamp":"2026-04-09T13:30:23.440404Z","level":"info","event":"STEP 7: page saved skip=0 | pages=1 | latest_rows=500 | recent_rows=500","logger":"unusual_prefix_faea391ec71b1d4b4651510353e4a48d62001c31_2_refresh_traffic_speed","filename":"2_refresh_traffic_speed.py","lineno":61}
{"timestamp":"2026-04-09T13:30:23.440578Z","level":"info","event":"========== PAGE START ==========","logger":"lta_common","filename":"lta_common.py","lineno":52}
{"timestamp":"2026-04-09T13:30:23.440705Z","level":"info","event":"[FETCH] requesting rows 500–999","logger":"lta_common","filename":"lta_common.py","lineno":53}
{"timestamp":"2026-04-09T13:30:23.440875Z","level":"info","event":"Fetching page from LTA: skip=500","logger":"lta_common","filename":"lta_common.py","lineno":35}
{"timestamp":"2026-04-09T13:30:24.649526Z","level":"info","event":"Retrieved 500 rows from LTA at skip=500","logger":"lta_common","filename":"lta_common.py","lineno":43}
{"timestamp":"2026-04-09T13:30:24.652120Z","level":"info","event":"[FETCH DONE] retrieved=500 rows at skip=500","logger":"lta_common","filename":"lta_common.py","lineno":58}
{"timestamp":"2026-04-09T13:30:24.652409Z","level":"info","event":"STEP 5: processing page skip=500 rows=500","logger":"unusual_prefix_faea391ec71b1d4b4651510353e4a48d62001c31_2_refresh_traffic_speed","filename":"2_refresh_traffic_speed.py","lineno":46}
{"timestamp":"2026-04-09T13:30:24.654063Z","level":"info","event":"STEP 6: built snapshot dataframe rows=500","logger":"unusual_prefix_faea391ec71b1d4b4651510353e4a48d62001c31_2_refresh_traffic_speed","filename":"2_refresh_traffic_speed.py","lineno":49}
{"timestamp":"2026-04-09T13:30:24.654584Z","level":"info","event":"[SAVE START] inserting 500 rows into traffic_speed_latest","logger":"lta_common","filename":"lta_common.py","lineno":174}
{"timestamp":"2026-04-09T13:30:25.007858Z","level":"info","event":"[SAVE DONE] inserted=500 rows into traffic_speed_latest","logger":"lta_common","filename":"lta_common.py","lineno":192}
{"timestamp":"2026-04-09T13:30:25.008694Z","level":"info","event":"[SAVE START] inserting 500 rows into traffic_speed_recent","logger":"lta_common","filename":"lta_common.py","lineno":174}
{"timestamp":"2026-04-09T13:30:26.031857Z","level":"info","event":"[SAVE DONE] inserted=500 rows into traffic_speed_recent","logger":"lta_common","filename":"lta_common.py","lineno":192}
{"timestamp":"2026-04-09T13:30:26.031999Z","level":"info","event":"STEP 7: page saved skip=500 | pages=2 | latest_rows=1000 | recent_rows=1000","logger":"unusual_prefix_faea391ec71b1d4b4651510353e4a48d62001c31_2_refresh_traffic_speed","filename":"2_refresh_traffic_speed.py","lineno":61}
{"timestamp":"2026-04-09T13:30:26.032052Z","level":"info","event":"========== PAGE START ==========","logger":"lta_common","filename":"lta_common.py","lineno":52}
{"timestamp":"2026-04-09T13:30:26.032078Z","level":"info","event":"[FETCH] requesting rows 1000–1499","logger":"lta_common","filename":"lta_common.py","lineno":53}
{"timestamp":"2026-04-09T13:30:26.032117Z","level":"info","event":"Fetching page from LTA: skip=1000","logger":"lta_common","filename":"lta_common.py","lineno":35}
{"timestamp":"2026-04-09T13:30:27.878023Z","level":"info","event":"Retrieved 500 rows from LTA at skip=1000","logger":"lta_common","filename":"lta_common.py","lineno":43}
{"timestamp":"2026-04-09T13:30:27.881949Z","level":"info","event":"[FETCH DONE] retrieved=500 rows at skip=1000","logger":"lta_common","filename":"lta_common.py","lineno":58}
{"timestamp":"2026-04-09T13:30:27.882215Z","level":"info","event":"STEP 5: processing page skip=1000 rows=500","logger":"unusual_prefix_faea391ec71b1d4b4651510353e4a48d62001c31_2_refresh_traffic_speed","filename":"2_refresh_traffic_speed.py","lineno":46}
{"timestamp":"2026-04-09T13:30:27.885523Z","level":"info","event":"STEP 6: built snapshot dataframe rows=500","logger":"unusual_prefix_faea391ec71b1d4b4651510353e4a48d62001c31_2_refresh_traffic_speed","filename":"2_refresh_traffic_speed.py","lineno":49}
{"timestamp":"2026-04-09T13:30:27.886449Z","level":"info","event":"[SAVE START] inserting 500 rows into traffic_speed_latest","logger":"lta_common","filename":"lta_common.py","lineno":174}
{"timestamp":"2026-04-09T13:30:28.458776Z","level":"info","event":"[SAVE DONE] inserted=500 rows into traffic_speed_latest","logger":"lta_common","filename":"lta_common.py","lineno":192}
{"timestamp":"2026-04-09T13:30:28.459519Z","level":"info","event":"[SAVE START] inserting 500 rows into traffic_speed_recent","logger":"lta_common","filename":"lta_common.py","lineno":174}
{"timestamp":"2026-04-09T13:30:28.917517Z","level":"info","event":"[SAVE DONE] inserted=500 rows into traffic_speed_recent","logger":"lta_common","filename":"lta_common.py","lineno":192}
{"timestamp":"2026-04-09T13:30:28.917867Z","level":"info","event":"STEP 7: page saved skip=1000 | pages=3 | latest_rows=1500 | recent_rows=1500","logger":"unusual_prefix_faea391ec71b1d4b4651510353e4a48d62001c31_2_refresh_traffic_speed","filename":"2_refresh_traffic_speed.py","lineno":61}
{"timestamp":"2026-04-09T13:30:28.917941Z","level":"info","event":"========== PAGE START ==========","logger":"lta_common","filename":"lta_common.py","lineno":52}
{"timestamp":"2026-04-09T13:30:28.919207Z","level":"info","event":"[FETCH] requesting rows 1500–1999","logger":"lta_common","filename":"lta_common.py","lineno":53}
{"timestamp":"2026-04-09T13:30:28.919312Z","level":"info","event":"Fetching page from LTA: skip=1500","logger":"lta_common","filename":"lta_common.py","lineno":35}
{"timestamp":"2026-04-09T13:30:29.809431Z","level":"info","event":"Retrieved 500 rows from LTA at skip=1500","logger":"lta_common","filename":"lta_common.py","lineno":43}
{"timestamp":"2026-04-09T13:30:29.811024Z","level":"info","event":"[FETCH DONE] retrieved=500 rows at skip=1500","logger":"lta_common","filename":"lta_common.py","lineno":58}
{"timestamp":"2026-04-09T13:30:29.811288Z","level":"info","event":"STEP 5: processing page skip=1500 rows=500","logger":"unusual_prefix_faea391ec71b1d4b4651510353e4a48d62001c31_2_refresh_traffic_speed","filename":"2_refresh_traffic_speed.py","lineno":46}
{"timestamp":"2026-04-09T13:30:29.812349Z","level":"info","event":"STEP 6: built snapshot dataframe rows=500","logger":"unusual_prefix_faea391ec71b1d4b4651510353e4a48d62001c31_2_refresh_traffic_speed","filename":"2_refresh_traffic_speed.py","lineno":49}
{"timestamp":"2026-04-09T13:30:29.812798Z","level":"info","event":"[SAVE START] inserting 500 rows into traffic_speed_latest","logger":"lta_common","filename":"lta_common.py","lineno":174}
{"timestamp":"2026-04-09T13:30:31.018722Z","level":"info","event":"[SAVE DONE] inserted=500 rows into traffic_speed_latest","logger":"lta_common","filename":"lta_common.py","lineno":192}
{"timestamp":"2026-04-09T13:30:31.019359Z","level":"info","event":"[SAVE START] inserting 500 rows into traffic_speed_recent","logger":"lta_common","filename":"lta_common.py","lineno":174}
{"timestamp":"2026-04-09T13:30:31.970406Z","level":"info","event":"[SAVE DONE] inserted=500 rows into traffic_speed_recent","logger":"lta_common","filename":"lta_common.py","lineno":192}
{"timestamp":"2026-04-09T13:30:31.970612Z","level":"info","event":"STEP 7: page saved skip=1500 | pages=4 | latest_rows=2000 | recent_rows=2000","logger":"unusual_prefix_faea391ec71b1d4b4651510353e4a48d62001c31_2_refresh_traffic_speed","filename":"2_refresh_traffic_speed.py","lineno":61}
{"timestamp":"2026-04-09T13:30:31.970690Z","level":"info","event":"========== PAGE START ==========","logger":"lta_common","filename":"lta_common.py","lineno":52}
{"timestamp":"2026-04-09T13:30:31.970757Z","level":"info","event":"[FETCH] requesting rows 2000–2499","logger":"lta_common","filename":"lta_common.py","lineno":53}
{"timestamp":"2026-04-09T13:30:31.970828Z","level":"info","event":"Fetching page from LTA: skip=2000","logger":"lta_common","filename":"lta_common.py","lineno":35}
{"timestamp":"2026-04-09T13:30:36.795053Z","level":"info","event":"Retrieved 500 rows from LTA at skip=2000","logger":"lta_common","filename":"lta_common.py","lineno":43}
{"timestamp":"2026-04-09T13:30:36.797128Z","level":"info","event":"[FETCH DONE] retrieved=500 rows at skip=2000","logger":"lta_common","filename":"lta_common.py","lineno":58}
{"timestamp":"2026-04-09T13:30:36.797384Z","level":"info","event":"STEP 5: processing page skip=2000 rows=500","logger":"unusual_prefix_faea391ec71b1d4b4651510353e4a48d62001c31_2_refresh_traffic_speed","filename":"2_refresh_traffic_speed.py","lineno":46}
{"timestamp":"2026-04-09T13:30:36.798998Z","level":"info","event":"STEP 6: built snapshot dataframe rows=500","logger":"unusual_prefix_faea391ec71b1d4b4651510353e4a48d62001c31_2_refresh_traffic_speed","filename":"2_refresh_traffic_speed.py","lineno":49}
{"timestamp":"2026-04-09T13:30:36.799649Z","level":"info","event":"[SAVE START] inserting 500 rows into traffic_speed_latest","logger":"lta_common","filename":"lta_common.py","lineno":174}
{"timestamp":"2026-04-09T13:30:37.362219Z","level":"info","event":"[SAVE DONE] inserted=500 rows into traffic_speed_latest","logger":"lta_common","filename":"lta_common.py","lineno":192}
{"timestamp":"2026-04-09T13:30:37.362931Z","level":"info","event":"[SAVE START] inserting 500 rows into traffic_speed_recent","logger":"lta_common","filename":"lta_common.py","lineno":174}
{"timestamp":"2026-04-09T13:30:37.734383Z","level":"info","event":"[SAVE DONE] inserted=500 rows into traffic_speed_recent","logger":"lta_common","filename":"lta_common.py","lineno":192}
{"timestamp":"2026-04-09T13:30:37.734745Z","level":"info","event":"STEP 7: page saved skip=2000 | pages=5 | latest_rows=2500 | recent_rows=2500","logger":"unusual_prefix_faea391ec71b1d4b4651510353e4a48d62001c31_2_refresh_traffic_speed","filename":"2_refresh_traffic_speed.py","lineno":61}
{"timestamp":"2026-04-09T13:30:37.734870Z","level":"info","event":"========== PAGE START ==========","logger":"lta_common","filename":"lta_common.py","lineno":52}
{"timestamp":"2026-04-09T13:30:37.734946Z","level":"info","event":"[FETCH] requesting rows 2500–2999","logger":"lta_common","filename":"lta_common.py","lineno":53}
{"timestamp":"2026-04-09T13:30:37.735070Z","level":"info","event":"Fetching page from LTA: skip=2500","logger":"lta_common","filename":"lta_common.py","lineno":35}
{"timestamp":"2026-04-09T13:30:39.032293Z","level":"info","event":"Retrieved 500 rows from LTA at skip=2500","logger":"lta_common","filename":"lta_common.py","lineno":43}
{"timestamp":"2026-04-09T13:30:39.033621Z","level":"info","event":"[FETCH DONE] retrieved=500 rows at skip=2500","logger":"lta_common","filename":"lta_common.py","lineno":58}
{"timestamp":"2026-04-09T13:30:39.033813Z","level":"info","event":"STEP 5: processing page skip=2500 rows=500","logger":"unusual_prefix_faea391ec71b1d4b4651510353e4a48d62001c31_2_refresh_traffic_speed","filename":"2_refresh_traffic_speed.py","lineno":46}
{"timestamp":"2026-04-09T13:30:39.034586Z","level":"info","event":"STEP 6: built snapshot dataframe rows=500","logger":"unusual_prefix_faea391ec71b1d4b4651510353e4a48d62001c31_2_refresh_traffic_speed","filename":"2_refresh_traffic_speed.py","lineno":49}
{"timestamp":"2026-04-09T13:30:39.035036Z","level":"info","event":"[SAVE START] inserting 500 rows into traffic_speed_latest","logger":"lta_common","filename":"lta_common.py","lineno":174}
{"timestamp":"2026-04-09T13:30:39.390614Z","level":"info","event":"[SAVE DONE] inserted=500 rows into traffic_speed_latest","logger":"lta_common","filename":"lta_common.py","lineno":192}
{"timestamp":"2026-04-09T13:30:39.391589Z","level":"info","event":"[SAVE START] inserting 500 rows into traffic_speed_recent","logger":"lta_common","filename":"lta_common.py","lineno":174}
{"timestamp":"2026-04-09T13:30:40.570954Z","level":"info","event":"[SAVE DONE] inserted=500 rows into traffic_speed_recent","logger":"lta_common","filename":"lta_common.py","lineno":192}
{"timestamp":"2026-04-09T13:30:40.571118Z","level":"info","event":"STEP 7: page saved skip=2500 | pages=6 | latest_rows=3000 | recent_rows=3000","logger":"unusual_prefix_faea391ec71b1d4b4651510353e4a48d62001c31_2_refresh_traffic_speed","filename":"2_refresh_traffic_speed.py","lineno":61}
{"timestamp":"2026-04-09T13:30:40.571154Z","level":"info","event":"========== PAGE START ==========","logger":"lta_common","filename":"lta_common.py","lineno":52}
{"timestamp":"2026-04-09T13:30:40.571199Z","level":"info","event":"[FETCH] requesting rows 3000–3499","logger":"lta_common","filename":"lta_common.py","lineno":53}
{"timestamp":"2026-04-09T13:30:40.571234Z","level":"info","event":"Fetching page from LTA: skip=3000","logger":"lta_common","filename":"lta_common.py","lineno":35}
{"timestamp":"2026-04-09T13:30:42.861574Z","level":"info","event":"Retrieved 500 rows from LTA at skip=3000","logger":"lta_common","filename":"lta_common.py","lineno":43}
{"timestamp":"2026-04-09T13:30:42.864883Z","level":"info","event":"[FETCH DONE] retrieved=500 rows at skip=3000","logger":"lta_common","filename":"lta_common.py","lineno":58}
{"timestamp":"2026-04-09T13:30:42.865418Z","level":"info","event":"STEP 5: processing page skip=3000 rows=500","logger":"unusual_prefix_faea391ec71b1d4b4651510353e4a48d62001c31_2_refresh_traffic_speed","filename":"2_refresh_traffic_speed.py","lineno":46}
{"timestamp":"2026-04-09T13:30:42.867481Z","level":"info","event":"STEP 6: built snapshot dataframe rows=500","logger":"unusual_prefix_faea391ec71b1d4b4651510353e4a48d62001c31_2_refresh_traffic_speed","filename":"2_refresh_traffic_speed.py","lineno":49}
{"timestamp":"2026-04-09T13:30:42.868753Z","level":"info","event":"[SAVE START] inserting 500 rows into traffic_speed_latest","logger":"lta_common","filename":"lta_common.py","lineno":174}
{"timestamp":"2026-04-09T13:30:43.223374Z","level":"info","event":"[SAVE DONE] inserted=500 rows into traffic_speed_latest","logger":"lta_common","filename":"lta_common.py","lineno":192}
{"timestamp":"2026-04-09T13:30:43.225975Z","level":"info","event":"[SAVE START] inserting 500 rows into traffic_speed_recent","logger":"lta_common","filename":"lta_common.py","lineno":174}
{"timestamp":"2026-04-09T13:30:43.600761Z","level":"info","event":"[SAVE DONE] inserted=500 rows into traffic_speed_recent","logger":"lta_common","filename":"lta_common.py","lineno":192}
{"timestamp":"2026-04-09T13:30:43.601260Z","level":"info","event":"STEP 7: page saved skip=3000 | pages=7 | latest_rows=3500 | recent_rows=3500","logger":"unusual_prefix_faea391ec71b1d4b4651510353e4a48d62001c31_2_refresh_traffic_speed","filename":"2_refresh_traffic_speed.py","lineno":61}
{"timestamp":"2026-04-09T13:30:43.601419Z","level":"info","event":"========== PAGE START ==========","logger":"lta_common","filename":"lta_common.py","lineno":52}
{"timestamp":"2026-04-09T13:30:43.601571Z","level":"info","event":"[FETCH] requesting rows 3500–3999","logger":"lta_common","filename":"lta_common.py","lineno":53}
{"timestamp":"2026-04-09T13:30:43.601763Z","level":"info","event":"Fetching page from LTA: skip=3500","logger":"lta_common","filename":"lta_common.py","lineno":35}
{"timestamp":"2026-04-09T13:30:45.877327Z","level":"info","event":"Retrieved 500 rows from LTA at skip=3500","logger":"lta_common","filename":"lta_common.py","lineno":43}
{"timestamp":"2026-04-09T13:30:45.878500Z","level":"info","event":"[FETCH DONE] retrieved=500 rows at skip=3500","logger":"lta_common","filename":"lta_common.py","lineno":58}
{"timestamp":"2026-04-09T13:30:45.878715Z","level":"info","event":"STEP 5: processing page skip=3500 rows=500","logger":"unusual_prefix_faea391ec71b1d4b4651510353e4a48d62001c31_2_refresh_traffic_speed","filename":"2_refresh_traffic_speed.py","lineno":46}
{"timestamp":"2026-04-09T13:30:45.879520Z","level":"info","event":"STEP 6: built snapshot dataframe rows=500","logger":"unusual_prefix_faea391ec71b1d4b4651510353e4a48d62001c31_2_refresh_traffic_speed","filename":"2_refresh_traffic_speed.py","lineno":49}
{"timestamp":"2026-04-09T13:30:45.879959Z","level":"info","event":"[SAVE START] inserting 500 rows into traffic_speed_latest","logger":"lta_common","filename":"lta_common.py","lineno":174}
{"timestamp":"2026-04-09T13:30:47.165234Z","level":"info","event":"[SAVE DONE] inserted=500 rows into traffic_speed_latest","logger":"lta_common","filename":"lta_common.py","lineno":192}
{"timestamp":"2026-04-09T13:30:47.166456Z","level":"info","event":"[SAVE START] inserting 500 rows into traffic_speed_recent","logger":"lta_common","filename":"lta_common.py","lineno":174}
{"timestamp":"2026-04-09T13:30:47.654305Z","level":"info","event":"[SAVE DONE] inserted=500 rows into traffic_speed_recent","logger":"lta_common","filename":"lta_common.py","lineno":192}
{"timestamp":"2026-04-09T13:30:47.654842Z","level":"info","event":"STEP 7: page saved skip=3500 | pages=8 | latest_rows=4000 | recent_rows=4000","logger":"unusual_prefix_faea391ec71b1d4b4651510353e4a48d62001c31_2_refresh_traffic_speed","filename":"2_refresh_traffic_speed.py","lineno":61}
{"timestamp":"2026-04-09T13:30:47.655013Z","level":"info","event":"========== PAGE START ==========","logger":"lta_common","filename":"lta_common.py","lineno":52}
{"timestamp":"2026-04-09T13:30:47.655154Z","level":"info","event":"[FETCH] requesting rows 4000–4499","logger":"lta_common","filename":"lta_common.py","lineno":53}
{"timestamp":"2026-04-09T13:30:47.655688Z","level":"info","event":"Fetching page from LTA: skip=4000","logger":"lta_common","filename":"lta_common.py","lineno":35}
{"timestamp":"2026-04-09T13:30:50.206588Z","level":"info","event":"Retrieved 500 rows from LTA at skip=4000","logger":"lta_common","filename":"lta_common.py","lineno":43}
{"timestamp":"2026-04-09T13:30:50.208076Z","level":"info","event":"[FETCH DONE] retrieved=500 rows at skip=4000","logger":"lta_common","filename":"lta_common.py","lineno":58}
{"timestamp":"2026-04-09T13:30:50.208366Z","level":"info","event":"STEP 5: processing page skip=4000 rows=500","logger":"unusual_prefix_faea391ec71b1d4b4651510353e4a48d62001c31_2_refresh_traffic_speed","filename":"2_refresh_traffic_speed.py","lineno":46}
{"timestamp":"2026-04-09T13:30:50.209663Z","level":"info","event":"STEP 6: built snapshot dataframe rows=500","logger":"unusual_prefix_faea391ec71b1d4b4651510353e4a48d62001c31_2_refresh_traffic_speed","filename":"2_refresh_traffic_speed.py","lineno":49}
{"timestamp":"2026-04-09T13:30:50.210210Z","level":"info","event":"[SAVE START] inserting 500 rows into traffic_speed_latest","logger":"lta_common","filename":"lta_common.py","lineno":174}
{"timestamp":"2026-04-09T13:30:50.882371Z","level":"info","event":"[SAVE DONE] inserted=500 rows into traffic_speed_latest","logger":"lta_common","filename":"lta_common.py","lineno":192}
{"timestamp":"2026-04-09T13:30:50.883144Z","level":"info","event":"[SAVE START] inserting 500 rows into traffic_speed_recent","logger":"lta_common","filename":"lta_common.py","lineno":174}
{"timestamp":"2026-04-09T13:30:52.051217Z","level":"info","event":"[SAVE DONE] inserted=500 rows into traffic_speed_recent","logger":"lta_common","filename":"lta_common.py","lineno":192}
{"timestamp":"2026-04-09T13:30:52.051350Z","level":"info","event":"STEP 7: page saved skip=4000 | pages=9 | latest_rows=4500 | recent_rows=4500","logger":"unusual_prefix_faea391ec71b1d4b4651510353e4a48d62001c31_2_refresh_traffic_speed","filename":"2_refresh_traffic_speed.py","lineno":61}
{"timestamp":"2026-04-09T13:30:52.051384Z","level":"info","event":"========== PAGE START ==========","logger":"lta_common","filename":"lta_common.py","lineno":52}
{"timestamp":"2026-04-09T13:30:52.051408Z","level":"info","event":"[FETCH] requesting rows 4500–4999","logger":"lta_common","filename":"lta_common.py","lineno":53}
{"timestamp":"2026-04-09T13:30:52.051440Z","level":"info","event":"Fetching page from LTA: skip=4500","logger":"lta_common","filename":"lta_common.py","lineno":35}
{"timestamp":"2026-04-09T13:30:53.887541Z","level":"info","event":"Retrieved 500 rows from LTA at skip=4500","logger":"lta_common","filename":"lta_common.py","lineno":43}
{"timestamp":"2026-04-09T13:30:53.889929Z","level":"info","event":"[FETCH DONE] retrieved=500 rows at skip=4500","logger":"lta_common","filename":"lta_common.py","lineno":58}
{"timestamp":"2026-04-09T13:30:53.890274Z","level":"info","event":"STEP 5: processing page skip=4500 rows=500","logger":"unusual_prefix_faea391ec71b1d4b4651510353e4a48d62001c31_2_refresh_traffic_speed","filename":"2_refresh_traffic_speed.py","lineno":46}
{"timestamp":"2026-04-09T13:30:53.891673Z","level":"info","event":"STEP 6: built snapshot dataframe rows=500","logger":"unusual_prefix_faea391ec71b1d4b4651510353e4a48d62001c31_2_refresh_traffic_speed","filename":"2_refresh_traffic_speed.py","lineno":49}
{"timestamp":"2026-04-09T13:30:53.892650Z","level":"info","event":"[SAVE START] inserting 500 rows into traffic_speed_latest","logger":"lta_common","filename":"lta_common.py","lineno":174}
{"timestamp":"2026-04-09T13:30:54.740459Z","level":"info","event":"[SAVE DONE] inserted=500 rows into traffic_speed_latest","logger":"lta_common","filename":"lta_common.py","lineno":192}
{"timestamp":"2026-04-09T13:30:54.741038Z","level":"info","event":"[SAVE START] inserting 500 rows into traffic_speed_recent","logger":"lta_common","filename":"lta_common.py","lineno":174}
{"timestamp":"2026-04-09T13:30:55.202815Z","level":"info","event":"[SAVE DONE] inserted=500 rows into traffic_speed_recent","logger":"lta_common","filename":"lta_common.py","lineno":192}
{"timestamp":"2026-04-09T13:30:55.202963Z","level":"info","event":"STEP 7: page saved skip=4500 | pages=10 | latest_rows=5000 | recent_rows=5000","logger":"unusual_prefix_faea391ec71b1d4b4651510353e4a48d62001c31_2_refresh_traffic_speed","filename":"2_refresh_traffic_speed.py","lineno":61}
{"timestamp":"2026-04-09T13:30:55.202995Z","level":"info","event":"========== PAGE START ==========","logger":"lta_common","filename":"lta_common.py","lineno":52}
{"timestamp":"2026-04-09T13:30:55.203016Z","level":"info","event":"[FETCH] requesting rows 5000–5499","logger":"lta_common","filename":"lta_common.py","lineno":53}
{"timestamp":"2026-04-09T13:30:55.203047Z","level":"info","event":"Fetching page from LTA: skip=5000","logger":"lta_common","filename":"lta_common.py","lineno":35}
{"timestamp":"2026-04-09T13:30:57.621990Z","level":"info","event":"Retrieved 500 rows from LTA at skip=5000","logger":"lta_common","filename":"lta_common.py","lineno":43}
{"timestamp":"2026-04-09T13:30:57.634609Z","level":"info","event":"[FETCH DONE] retrieved=500 rows at skip=5000","logger":"lta_common","filename":"lta_common.py","lineno":58}
{"timestamp":"2026-04-09T13:30:57.636223Z","level":"info","event":"STEP 5: processing page skip=5000 rows=500","logger":"unusual_prefix_faea391ec71b1d4b4651510353e4a48d62001c31_2_refresh_traffic_speed","filename":"2_refresh_traffic_speed.py","lineno":46}
{"timestamp":"2026-04-09T13:30:57.642295Z","level":"info","event":"STEP 6: built snapshot dataframe rows=500","logger":"unusual_prefix_faea391ec71b1d4b4651510353e4a48d62001c31_2_refresh_traffic_speed","filename":"2_refresh_traffic_speed.py","lineno":49}
{"timestamp":"2026-04-09T13:30:57.644093Z","level":"info","event":"[SAVE START] inserting 500 rows into traffic_speed_latest","logger":"lta_common","filename":"lta_common.py","lineno":174}
{"timestamp":"2026-04-09T13:30:58.132525Z","level":"info","event":"[SAVE DONE] inserted=500 rows into traffic_speed_latest","logger":"lta_common","filename":"lta_common.py","lineno":192}
{"timestamp":"2026-04-09T13:30:58.133260Z","level":"info","event":"[SAVE START] inserting 500 rows into traffic_speed_recent","logger":"lta_common","filename":"lta_common.py","lineno":174}
{"timestamp":"2026-04-09T13:30:58.910940Z","level":"info","event":"[SAVE DONE] inserted=500 rows into traffic_speed_recent","logger":"lta_common","filename":"lta_common.py","lineno":192}
{"timestamp":"2026-04-09T13:30:58.911241Z","level":"info","event":"STEP 7: page saved skip=5000 | pages=11 | latest_rows=5500 | recent_rows=5500","logger":"unusual_prefix_faea391ec71b1d4b4651510353e4a48d62001c31_2_refresh_traffic_speed","filename":"2_refresh_traffic_speed.py","lineno":61}
{"timestamp":"2026-04-09T13:30:58.911319Z","level":"info","event":"========== PAGE START ==========","logger":"lta_common","filename":"lta_common.py","lineno":52}
{"timestamp":"2026-04-09T13:30:58.911412Z","level":"info","event":"[FETCH] requesting rows 5500–5999","logger":"lta_common","filename":"lta_common.py","lineno":53}
{"timestamp":"2026-04-09T13:30:58.911515Z","level":"info","event":"Fetching page from LTA: skip=5500","logger":"lta_common","filename":"lta_common.py","lineno":35}
{"timestamp":"2026-04-09T13:30:59.633344Z","level":"info","event":"Retrieved 500 rows from LTA at skip=5500","logger":"lta_common","filename":"lta_common.py","lineno":43}
{"timestamp":"2026-04-09T13:30:59.634824Z","level":"info","event":"[FETCH DONE] retrieved=500 rows at skip=5500","logger":"lta_common","filename":"lta_common.py","lineno":58}
{"timestamp":"2026-04-09T13:30:59.635048Z","level":"info","event":"STEP 5: processing page skip=5500 rows=500","logger":"unusual_prefix_faea391ec71b1d4b4651510353e4a48d62001c31_2_refresh_traffic_speed","filename":"2_refresh_traffic_speed.py","lineno":46}
{"timestamp":"2026-04-09T13:30:59.636279Z","level":"info","event":"STEP 6: built snapshot dataframe rows=500","logger":"unusual_prefix_faea391ec71b1d4b4651510353e4a48d62001c31_2_refresh_traffic_speed","filename":"2_refresh_traffic_speed.py","lineno":49}
{"timestamp":"2026-04-09T13:30:59.636796Z","level":"info","event":"[SAVE START] inserting 500 rows into traffic_speed_latest","logger":"lta_common","filename":"lta_common.py","lineno":174}
{"timestamp":"2026-04-09T13:31:00.155119Z","level":"info","event":"[SAVE DONE] inserted=500 rows into traffic_speed_latest","logger":"lta_common","filename":"lta_common.py","lineno":192}
{"timestamp":"2026-04-09T13:31:00.156766Z","level":"info","event":"[SAVE START] inserting 500 rows into traffic_speed_recent","logger":"lta_common","filename":"lta_common.py","lineno":174}
{"timestamp":"2026-04-09T13:31:01.285304Z","level":"info","event":"[SAVE DONE] inserted=500 rows into traffic_speed_recent","logger":"lta_common","filename":"lta_common.py","lineno":192}
{"timestamp":"2026-04-09T13:31:01.286153Z","level":"info","event":"STEP 7: page saved skip=5500 | pages=12 | latest_rows=6000 | recent_rows=6000","logger":"unusual_prefix_faea391ec71b1d4b4651510353e4a48d62001c31_2_refresh_traffic_speed","filename":"2_refresh_traffic_speed.py","lineno":61}
{"timestamp":"2026-04-09T13:31:01.286420Z","level":"info","event":"========== PAGE START ==========","logger":"lta_common","filename":"lta_common.py","lineno":52}
{"timestamp":"2026-04-09T13:31:01.286555Z","level":"info","event":"[FETCH] requesting rows 6000–6499","logger":"lta_common","filename":"lta_common.py","lineno":53}
{"timestamp":"2026-04-09T13:31:01.286859Z","level":"info","event":"Fetching page from LTA: skip=6000","logger":"lta_common","filename":"lta_common.py","lineno":35}
{"timestamp":"2026-04-09T13:31:03.445197Z","level":"info","event":"Retrieved 500 rows from LTA at skip=6000","logger":"lta_common","filename":"lta_common.py","lineno":43}
{"timestamp":"2026-04-09T13:31:03.453822Z","level":"info","event":"[FETCH DONE] retrieved=500 rows at skip=6000","logger":"lta_common","filename":"lta_common.py","lineno":58}
{"timestamp":"2026-04-09T13:31:03.454928Z","level":"info","event":"STEP 5: processing page skip=6000 rows=500","logger":"unusual_prefix_faea391ec71b1d4b4651510353e4a48d62001c31_2_refresh_traffic_speed","filename":"2_refresh_traffic_speed.py","lineno":46}
{"timestamp":"2026-04-09T13:31:03.462491Z","level":"info","event":"STEP 6: built snapshot dataframe rows=500","logger":"unusual_prefix_faea391ec71b1d4b4651510353e4a48d62001c31_2_refresh_traffic_speed","filename":"2_refresh_traffic_speed.py","lineno":49}
{"timestamp":"2026-04-09T13:31:03.463741Z","level":"info","event":"[SAVE START] inserting 500 rows into traffic_speed_latest","logger":"lta_common","filename":"lta_common.py","lineno":174}
{"timestamp":"2026-04-09T13:31:04.322611Z","level":"info","event":"[SAVE DONE] inserted=500 rows into traffic_speed_latest","logger":"lta_common","filename":"lta_common.py","lineno":192}
{"timestamp":"2026-04-09T13:31:04.324840Z","level":"info","event":"[SAVE START] inserting 500 rows into traffic_speed_recent","logger":"lta_common","filename":"lta_common.py","lineno":174}
{"timestamp":"2026-04-09T13:31:04.790522Z","level":"info","event":"[SAVE DONE] inserted=500 rows into traffic_speed_recent","logger":"lta_common","filename":"lta_common.py","lineno":192}
{"timestamp":"2026-04-09T13:31:04.790855Z","level":"info","event":"STEP 7: page saved skip=6000 | pages=13 | latest_rows=6500 | recent_rows=6500","logger":"unusual_prefix_faea391ec71b1d4b4651510353e4a48d62001c31_2_refresh_traffic_speed","filename":"2_refresh_traffic_speed.py","lineno":61}
{"timestamp":"2026-04-09T13:31:04.790908Z","level":"info","event":"========== PAGE START ==========","logger":"lta_common","filename":"lta_common.py","lineno":52}
{"timestamp":"2026-04-09T13:31:04.790943Z","level":"info","event":"[FETCH] requesting rows 6500–6999","logger":"lta_common","filename":"lta_common.py","lineno":53}
{"timestamp":"2026-04-09T13:31:04.790995Z","level":"info","event":"Fetching page from LTA: skip=6500","logger":"lta_common","filename":"lta_common.py","lineno":35}
{"timestamp":"2026-04-09T13:31:07.108813Z","level":"info","event":"Retrieved 500 rows from LTA at skip=6500","logger":"lta_common","filename":"lta_common.py","lineno":43}
{"timestamp":"2026-04-09T13:31:07.111521Z","level":"info","event":"[FETCH DONE] retrieved=500 rows at skip=6500","logger":"lta_common","filename":"lta_common.py","lineno":58}
{"timestamp":"2026-04-09T13:31:07.111887Z","level":"info","event":"STEP 5: processing page skip=6500 rows=500","logger":"unusual_prefix_faea391ec71b1d4b4651510353e4a48d62001c31_2_refresh_traffic_speed","filename":"2_refresh_traffic_speed.py","lineno":46}
{"timestamp":"2026-04-09T13:31:07.113656Z","level":"info","event":"STEP 6: built snapshot dataframe rows=500","logger":"unusual_prefix_faea391ec71b1d4b4651510353e4a48d62001c31_2_refresh_traffic_speed","filename":"2_refresh_traffic_speed.py","lineno":49}
{"timestamp":"2026-04-09T13:31:07.114305Z","level":"info","event":"[SAVE START] inserting 500 rows into traffic_speed_latest","logger":"lta_common","filename":"lta_common.py","lineno":174}
{"timestamp":"2026-04-09T13:31:07.582987Z","level":"info","event":"[SAVE DONE] inserted=500 rows into traffic_speed_latest","logger":"lta_common","filename":"lta_common.py","lineno":192}
{"timestamp":"2026-04-09T13:31:07.586398Z","level":"info","event":"[SAVE START] inserting 500 rows into traffic_speed_recent","logger":"lta_common","filename":"lta_common.py","lineno":174}
{"timestamp":"2026-04-09T13:31:09.243179Z","level":"info","event":"[SAVE DONE] inserted=500 rows into traffic_speed_recent","logger":"lta_common","filename":"lta_common.py","lineno":192}
{"timestamp":"2026-04-09T13:31:09.243327Z","level":"info","event":"STEP 7: page saved skip=6500 | pages=14 | latest_rows=7000 | recent_rows=7000","logger":"unusual_prefix_faea391ec71b1d4b4651510353e4a48d62001c31_2_refresh_traffic_speed","filename":"2_refresh_traffic_speed.py","lineno":61}
{"timestamp":"2026-04-09T13:31:09.243360Z","level":"info","event":"========== PAGE START ==========","logger":"lta_common","filename":"lta_common.py","lineno":52}
{"timestamp":"2026-04-09T13:31:09.243394Z","level":"info","event":"[FETCH] requesting rows 7000–7499","logger":"lta_common","filename":"lta_common.py","lineno":53}
{"timestamp":"2026-04-09T13:31:09.243443Z","level":"info","event":"Fetching page from LTA: skip=7000","logger":"lta_common","filename":"lta_common.py","lineno":35}
{"timestamp":"2026-04-09T13:31:14.681061Z","level":"info","event":"Retrieved 500 rows from LTA at skip=7000","logger":"lta_common","filename":"lta_common.py","lineno":43}
{"timestamp":"2026-04-09T13:31:14.686849Z","level":"info","event":"[FETCH DONE] retrieved=500 rows at skip=7000","logger":"lta_common","filename":"lta_common.py","lineno":58}
{"timestamp":"2026-04-09T13:31:14.687679Z","level":"info","event":"STEP 5: processing page skip=7000 rows=500","logger":"unusual_prefix_faea391ec71b1d4b4651510353e4a48d62001c31_2_refresh_traffic_speed","filename":"2_refresh_traffic_speed.py","lineno":46}
{"timestamp":"2026-04-09T13:31:14.691415Z","level":"info","event":"STEP 6: built snapshot dataframe rows=500","logger":"unusual_prefix_faea391ec71b1d4b4651510353e4a48d62001c31_2_refresh_traffic_speed","filename":"2_refresh_traffic_speed.py","lineno":49}
{"timestamp":"2026-04-09T13:31:14.692739Z","level":"info","event":"[SAVE START] inserting 500 rows into traffic_speed_latest","logger":"lta_common","filename":"lta_common.py","lineno":174}
{"timestamp":"2026-04-09T13:31:15.620220Z","level":"info","event":"[SAVE DONE] inserted=500 rows into traffic_speed_latest","logger":"lta_common","filename":"lta_common.py","lineno":192}
{"timestamp":"2026-04-09T13:31:15.622787Z","level":"info","event":"[SAVE START] inserting 500 rows into traffic_speed_recent","logger":"lta_common","filename":"lta_common.py","lineno":174}
{"timestamp":"2026-04-09T13:31:16.851464Z","level":"info","event":"[SAVE DONE] inserted=500 rows into traffic_speed_recent","logger":"lta_common","filename":"lta_common.py","lineno":192}
{"timestamp":"2026-04-09T13:31:16.852489Z","level":"info","event":"STEP 7: page saved skip=7000 | pages=15 | latest_rows=7500 | recent_rows=7500","logger":"unusual_prefix_faea391ec71b1d4b4651510353e4a48d62001c31_2_refresh_traffic_speed","filename":"2_refresh_traffic_speed.py","lineno":61}
{"timestamp":"2026-04-09T13:31:16.852624Z","level":"info","event":"========== PAGE START ==========","logger":"lta_common","filename":"lta_common.py","lineno":52}
{"timestamp":"2026-04-09T13:31:16.852710Z","level":"info","event":"[FETCH] requesting rows 7500–7999","logger":"lta_common","filename":"lta_common.py","lineno":53}
{"timestamp":"2026-04-09T13:31:16.852871Z","level":"info","event":"Fetching page from LTA: skip=7500","logger":"lta_common","filename":"lta_common.py","lineno":35}
{"timestamp":"2026-04-09T13:31:20.895514Z","level":"info","event":"Retrieved 500 rows from LTA at skip=7500","logger":"lta_common","filename":"lta_common.py","lineno":43}
{"timestamp":"2026-04-09T13:31:20.915350Z","level":"info","event":"[FETCH DONE] retrieved=500 rows at skip=7500","logger":"lta_common","filename":"lta_common.py","lineno":58}
{"timestamp":"2026-04-09T13:31:20.916486Z","level":"info","event":"STEP 5: processing page skip=7500 rows=500","logger":"unusual_prefix_faea391ec71b1d4b4651510353e4a48d62001c31_2_refresh_traffic_speed","filename":"2_refresh_traffic_speed.py","lineno":46}
{"timestamp":"2026-04-09T13:31:20.932789Z","level":"info","event":"STEP 6: built snapshot dataframe rows=500","logger":"unusual_prefix_faea391ec71b1d4b4651510353e4a48d62001c31_2_refresh_traffic_speed","filename":"2_refresh_traffic_speed.py","lineno":49}
{"timestamp":"2026-04-09T13:31:20.935423Z","level":"info","event":"[SAVE START] inserting 500 rows into traffic_speed_latest","logger":"lta_common","filename":"lta_common.py","lineno":174}
{"timestamp":"2026-04-09T13:31:22.771729Z","level":"info","event":"[SAVE DONE] inserted=500 rows into traffic_speed_latest","logger":"lta_common","filename":"lta_common.py","lineno":192}
{"timestamp":"2026-04-09T13:31:22.772393Z","level":"info","event":"[SAVE START] inserting 500 rows into traffic_speed_recent","logger":"lta_common","filename":"lta_common.py","lineno":174}
{"timestamp":"2026-04-09T13:31:23.797843Z","level":"info","event":"[SAVE DONE] inserted=500 rows into traffic_speed_recent","logger":"lta_common","filename":"lta_common.py","lineno":192}
{"timestamp":"2026-04-09T13:31:23.797977Z","level":"info","event":"STEP 7: page saved skip=7500 | pages=16 | latest_rows=8000 | recent_rows=8000","logger":"unusual_prefix_faea391ec71b1d4b4651510353e4a48d62001c31_2_refresh_traffic_speed","filename":"2_refresh_traffic_speed.py","lineno":61}
{"timestamp":"2026-04-09T13:31:23.798018Z","level":"info","event":"========== PAGE START ==========","logger":"lta_common","filename":"lta_common.py","lineno":52}
{"timestamp":"2026-04-09T13:31:23.798042Z","level":"info","event":"[FETCH] requesting rows 8000–8499","logger":"lta_common","filename":"lta_common.py","lineno":53}
{"timestamp":"2026-04-09T13:31:23.798073Z","level":"info","event":"Fetching page from LTA: skip=8000","logger":"lta_common","filename":"lta_common.py","lineno":35}
{"timestamp":"2026-04-09T13:31:25.231904Z","level":"info","event":"Retrieved 500 rows from LTA at skip=8000","logger":"lta_common","filename":"lta_common.py","lineno":43}
{"timestamp":"2026-04-09T13:31:25.237652Z","level":"info","event":"[FETCH DONE] retrieved=500 rows at skip=8000","logger":"lta_common","filename":"lta_common.py","lineno":58}
{"timestamp":"2026-04-09T13:31:25.238286Z","level":"info","event":"STEP 5: processing page skip=8000 rows=500","logger":"unusual_prefix_faea391ec71b1d4b4651510353e4a48d62001c31_2_refresh_traffic_speed","filename":"2_refresh_traffic_speed.py","lineno":46}
{"timestamp":"2026-04-09T13:31:25.242031Z","level":"info","event":"STEP 6: built snapshot dataframe rows=500","logger":"unusual_prefix_faea391ec71b1d4b4651510353e4a48d62001c31_2_refresh_traffic_speed","filename":"2_refresh_traffic_speed.py","lineno":49}
{"timestamp":"2026-04-09T13:31:25.243423Z","level":"info","event":"[SAVE START] inserting 500 rows into traffic_speed_latest","logger":"lta_common","filename":"lta_common.py","lineno":174}
{"timestamp":"2026-04-09T13:31:25.946153Z","level":"info","event":"[SAVE DONE] inserted=500 rows into traffic_speed_latest","logger":"lta_common","filename":"lta_common.py","lineno":192}
{"timestamp":"2026-04-09T13:31:25.949504Z","level":"info","event":"[SAVE START] inserting 500 rows into traffic_speed_recent","logger":"lta_common","filename":"lta_common.py","lineno":174}
{"timestamp":"2026-04-09T13:31:26.444296Z","level":"info","event":"[SAVE DONE] inserted=500 rows into traffic_speed_recent","logger":"lta_common","filename":"lta_common.py","lineno":192}
{"timestamp":"2026-04-09T13:31:26.444820Z","level":"info","event":"STEP 7: page saved skip=8000 | pages=17 | latest_rows=8500 | recent_rows=8500","logger":"unusual_prefix_faea391ec71b1d4b4651510353e4a48d62001c31_2_refresh_traffic_speed","filename":"2_refresh_traffic_speed.py","lineno":61}
{"timestamp":"2026-04-09T13:31:26.444942Z","level":"info","event":"========== PAGE START ==========","logger":"lta_common","filename":"lta_common.py","lineno":52}
{"timestamp":"2026-04-09T13:31:26.445042Z","level":"info","event":"[FETCH] requesting rows 8500–8999","logger":"lta_common","filename":"lta_common.py","lineno":53}
{"timestamp":"2026-04-09T13:31:26.445166Z","level":"info","event":"Fetching page from LTA: skip=8500","logger":"lta_common","filename":"lta_common.py","lineno":35}
{"timestamp":"2026-04-09T13:31:29.041911Z","level":"info","event":"Retrieved 500 rows from LTA at skip=8500","logger":"lta_common","filename":"lta_common.py","lineno":43}
{"timestamp":"2026-04-09T13:31:29.062729Z","level":"info","event":"[FETCH DONE] retrieved=500 rows at skip=8500","logger":"lta_common","filename":"lta_common.py","lineno":58}
{"timestamp":"2026-04-09T13:31:29.063459Z","level":"info","event":"STEP 5: processing page skip=8500 rows=500","logger":"unusual_prefix_faea391ec71b1d4b4651510353e4a48d62001c31_2_refresh_traffic_speed","filename":"2_refresh_traffic_speed.py","lineno":46}
{"timestamp":"2026-04-09T13:31:29.066240Z","level":"info","event":"STEP 6: built snapshot dataframe rows=500","logger":"unusual_prefix_faea391ec71b1d4b4651510353e4a48d62001c31_2_refresh_traffic_speed","filename":"2_refresh_traffic_speed.py","lineno":49}
{"timestamp":"2026-04-09T13:31:29.067004Z","level":"info","event":"[SAVE START] inserting 500 rows into traffic_speed_latest","logger":"lta_common","filename":"lta_common.py","lineno":174}
{"timestamp":"2026-04-09T13:31:32.765721Z","level":"info","event":"[SAVE DONE] inserted=500 rows into traffic_speed_latest","logger":"lta_common","filename":"lta_common.py","lineno":192}
{"timestamp":"2026-04-09T13:31:32.766565Z","level":"info","event":"[SAVE START] inserting 500 rows into traffic_speed_recent","logger":"lta_common","filename":"lta_common.py","lineno":174}
{"timestamp":"2026-04-09T13:31:33.297501Z","level":"info","event":"[SAVE DONE] inserted=500 rows into traffic_speed_recent","logger":"lta_common","filename":"lta_common.py","lineno":192}
{"timestamp":"2026-04-09T13:31:33.298004Z","level":"info","event":"STEP 7: page saved skip=8500 | pages=18 | latest_rows=9000 | recent_rows=9000","logger":"unusual_prefix_faea391ec71b1d4b4651510353e4a48d62001c31_2_refresh_traffic_speed","filename":"2_refresh_traffic_speed.py","lineno":61}
{"timestamp":"2026-04-09T13:31:33.298081Z","level":"info","event":"========== PAGE START ==========","logger":"lta_common","filename":"lta_common.py","lineno":52}
{"timestamp":"2026-04-09T13:31:33.298177Z","level":"info","event":"[FETCH] requesting rows 9000–9499","logger":"lta_common","filename":"lta_common.py","lineno":53}
{"timestamp":"2026-04-09T13:31:33.298262Z","level":"info","event":"Fetching page from LTA: skip=9000","logger":"lta_common","filename":"lta_common.py","lineno":35}
{"timestamp":"2026-04-09T13:31:36.317083Z","level":"info","event":"Retrieved 500 rows from LTA at skip=9000","logger":"lta_common","filename":"lta_common.py","lineno":43}
{"timestamp":"2026-04-09T13:31:36.318997Z","level":"info","event":"[FETCH DONE] retrieved=500 rows at skip=9000","logger":"lta_common","filename":"lta_common.py","lineno":58}
{"timestamp":"2026-04-09T13:31:36.319227Z","level":"info","event":"STEP 5: processing page skip=9000 rows=500","logger":"unusual_prefix_faea391ec71b1d4b4651510353e4a48d62001c31_2_refresh_traffic_speed","filename":"2_refresh_traffic_speed.py","lineno":46}
{"timestamp":"2026-04-09T13:31:36.320166Z","level":"info","event":"STEP 6: built snapshot dataframe rows=500","logger":"unusual_prefix_faea391ec71b1d4b4651510353e4a48d62001c31_2_refresh_traffic_speed","filename":"2_refresh_traffic_speed.py","lineno":49}
{"timestamp":"2026-04-09T13:31:36.320596Z","level":"info","event":"[SAVE START] inserting 500 rows into traffic_speed_latest","logger":"lta_common","filename":"lta_common.py","lineno":174}
{"timestamp":"2026-04-09T13:31:37.130153Z","level":"info","event":"[SAVE DONE] inserted=500 rows into traffic_speed_latest","logger":"lta_common","filename":"lta_common.py","lineno":192}
{"timestamp":"2026-04-09T13:31:37.132496Z","level":"info","event":"[SAVE START] inserting 500 rows into traffic_speed_recent","logger":"lta_common","filename":"lta_common.py","lineno":174}
{"timestamp":"2026-04-09T13:31:38.406747Z","level":"info","event":"[SAVE DONE] inserted=500 rows into traffic_speed_recent","logger":"lta_common","filename":"lta_common.py","lineno":192}
{"timestamp":"2026-04-09T13:31:38.408187Z","level":"info","event":"STEP 7: page saved skip=9000 | pages=19 | latest_rows=9500 | recent_rows=9500","logger":"unusual_prefix_faea391ec71b1d4b4651510353e4a48d62001c31_2_refresh_traffic_speed","filename":"2_refresh_traffic_speed.py","lineno":61}
{"timestamp":"2026-04-09T13:31:38.408485Z","level":"info","event":"========== PAGE START ==========","logger":"lta_common","filename":"lta_common.py","lineno":52}
{"timestamp":"2026-04-09T13:31:38.408831Z","level":"info","event":"[FETCH] requesting rows 9500–9999","logger":"lta_common","filename":"lta_common.py","lineno":53}
{"timestamp":"2026-04-09T13:31:38.409029Z","level":"info","event":"Fetching page from LTA: skip=9500","logger":"lta_common","filename":"lta_common.py","lineno":35}
{"timestamp":"2026-04-09T13:31:44.065494Z","level":"info","event":"Retrieved 500 rows from LTA at skip=9500","logger":"lta_common","filename":"lta_common.py","lineno":43}
{"timestamp":"2026-04-09T13:31:44.066664Z","level":"info","event":"[FETCH DONE] retrieved=500 rows at skip=9500","logger":"lta_common","filename":"lta_common.py","lineno":58}
{"timestamp":"2026-04-09T13:31:44.066884Z","level":"info","event":"STEP 5: processing page skip=9500 rows=500","logger":"unusual_prefix_faea391ec71b1d4b4651510353e4a48d62001c31_2_refresh_traffic_speed","filename":"2_refresh_traffic_speed.py","lineno":46}
{"timestamp":"2026-04-09T13:31:44.067850Z","level":"info","event":"STEP 6: built snapshot dataframe rows=500","logger":"unusual_prefix_faea391ec71b1d4b4651510353e4a48d62001c31_2_refresh_traffic_speed","filename":"2_refresh_traffic_speed.py","lineno":49}
{"timestamp":"2026-04-09T13:31:44.068285Z","level":"info","event":"[SAVE START] inserting 500 rows into traffic_speed_latest","logger":"lta_common","filename":"lta_common.py","lineno":174}
{"timestamp":"2026-04-09T13:31:45.721782Z","level":"info","event":"[SAVE DONE] inserted=500 rows into traffic_speed_latest","logger":"lta_common","filename":"lta_common.py","lineno":192}
{"timestamp":"2026-04-09T13:31:45.722390Z","level":"info","event":"[SAVE START] inserting 500 rows into traffic_speed_recent","logger":"lta_common","filename":"lta_common.py","lineno":174}
{"timestamp":"2026-04-09T13:31:46.485995Z","level":"info","event":"[SAVE DONE] inserted=500 rows into traffic_speed_recent","logger":"lta_common","filename":"lta_common.py","lineno":192}
{"timestamp":"2026-04-09T13:31:46.486367Z","level":"info","event":"STEP 7: page saved skip=9500 | pages=20 | latest_rows=10000 | recent_rows=10000","logger":"unusual_prefix_faea391ec71b1d4b4651510353e4a48d62001c31_2_refresh_traffic_speed","filename":"2_refresh_traffic_speed.py","lineno":61}
{"timestamp":"2026-04-09T13:31:46.486437Z","level":"info","event":"========== PAGE START ==========","logger":"lta_common","filename":"lta_common.py","lineno":52}
{"timestamp":"2026-04-09T13:31:46.486485Z","level":"info","event":"[FETCH] requesting rows 10000–10499","logger":"lta_common","filename":"lta_common.py","lineno":53}
{"timestamp":"2026-04-09T13:31:46.486554Z","level":"info","event":"Fetching page from LTA: skip=10000","logger":"lta_common","filename":"lta_common.py","lineno":35}
{"timestamp":"2026-04-09T13:31:47.757380Z","level":"info","event":"Retrieved 500 rows from LTA at skip=10000","logger":"lta_common","filename":"lta_common.py","lineno":43}
{"timestamp":"2026-04-09T13:31:47.762517Z","level":"info","event":"[FETCH DONE] retrieved=500 rows at skip=10000","logger":"lta_common","filename":"lta_common.py","lineno":58}
{"timestamp":"2026-04-09T13:31:47.763483Z","level":"info","event":"STEP 5: processing page skip=10000 rows=500","logger":"unusual_prefix_faea391ec71b1d4b4651510353e4a48d62001c31_2_refresh_traffic_speed","filename":"2_refresh_traffic_speed.py","lineno":46}
{"timestamp":"2026-04-09T13:31:47.766210Z","level":"info","event":"STEP 6: built snapshot dataframe rows=500","logger":"unusual_prefix_faea391ec71b1d4b4651510353e4a48d62001c31_2_refresh_traffic_speed","filename":"2_refresh_traffic_speed.py","lineno":49}
{"timestamp":"2026-04-09T13:31:47.767704Z","level":"info","event":"[SAVE START] inserting 500 rows into traffic_speed_latest","logger":"lta_common","filename":"lta_common.py","lineno":174}
{"timestamp":"2026-04-09T13:31:48.415065Z","level":"info","event":"[SAVE DONE] inserted=500 rows into traffic_speed_latest","logger":"lta_common","filename":"lta_common.py","lineno":192}
{"timestamp":"2026-04-09T13:31:48.418452Z","level":"info","event":"[SAVE START] inserting 500 rows into traffic_speed_recent","logger":"lta_common","filename":"lta_common.py","lineno":174}
{"timestamp":"2026-04-09T13:31:49.049241Z","level":"info","event":"[SAVE DONE] inserted=500 rows into traffic_speed_recent","logger":"lta_common","filename":"lta_common.py","lineno":192}
{"timestamp":"2026-04-09T13:31:49.049504Z","level":"info","event":"STEP 7: page saved skip=10000 | pages=21 | latest_rows=10500 | recent_rows=10500","logger":"unusual_prefix_faea391ec71b1d4b4651510353e4a48d62001c31_2_refresh_traffic_speed","filename":"2_refresh_traffic_speed.py","lineno":61}
{"timestamp":"2026-04-09T13:31:49.049596Z","level":"info","event":"========== PAGE START ==========","logger":"lta_common","filename":"lta_common.py","lineno":52}
{"timestamp":"2026-04-09T13:31:49.049647Z","level":"info","event":"[FETCH] requesting rows 10500–10999","logger":"lta_common","filename":"lta_common.py","lineno":53}
{"timestamp":"2026-04-09T13:31:49.049703Z","level":"info","event":"Fetching page from LTA: skip=10500","logger":"lta_common","filename":"lta_common.py","lineno":35}
{"timestamp":"2026-04-09T13:31:52.684688Z","level":"info","event":"Retrieved 500 rows from LTA at skip=10500","logger":"lta_common","filename":"lta_common.py","lineno":43}
{"timestamp":"2026-04-09T13:31:52.689707Z","level":"info","event":"[FETCH DONE] retrieved=500 rows at skip=10500","logger":"lta_common","filename":"lta_common.py","lineno":58}
{"timestamp":"2026-04-09T13:31:52.690632Z","level":"info","event":"STEP 5: processing page skip=10500 rows=500","logger":"unusual_prefix_faea391ec71b1d4b4651510353e4a48d62001c31_2_refresh_traffic_speed","filename":"2_refresh_traffic_speed.py","lineno":46}
{"timestamp":"2026-04-09T13:31:52.693397Z","level":"info","event":"STEP 6: built snapshot dataframe rows=500","logger":"unusual_prefix_faea391ec71b1d4b4651510353e4a48d62001c31_2_refresh_traffic_speed","filename":"2_refresh_traffic_speed.py","lineno":49}
{"timestamp":"2026-04-09T13:31:52.694953Z","level":"info","event":"[SAVE START] inserting 500 rows into traffic_speed_latest","logger":"lta_common","filename":"lta_common.py","lineno":174}
{"timestamp":"2026-04-09T13:31:53.083876Z","level":"info","event":"[SAVE DONE] inserted=500 rows into traffic_speed_latest","logger":"lta_common","filename":"lta_common.py","lineno":192}
{"timestamp":"2026-04-09T13:31:53.088729Z","level":"info","event":"[SAVE START] inserting 500 rows into traffic_speed_recent","logger":"lta_common","filename":"lta_common.py","lineno":174}
{"timestamp":"2026-04-09T13:31:53.493955Z","level":"info","event":"[SAVE DONE] inserted=500 rows into traffic_speed_recent","logger":"lta_common","filename":"lta_common.py","lineno":192}
{"timestamp":"2026-04-09T13:31:53.494816Z","level":"info","event":"STEP 7: page saved skip=10500 | pages=22 | latest_rows=11000 | recent_rows=11000","logger":"unusual_prefix_faea391ec71b1d4b4651510353e4a48d62001c31_2_refresh_traffic_speed","filename":"2_refresh_traffic_speed.py","lineno":61}
{"timestamp":"2026-04-09T13:31:53.495024Z","level":"info","event":"========== PAGE START ==========","logger":"lta_common","filename":"lta_common.py","lineno":52}
{"timestamp":"2026-04-09T13:31:53.495207Z","level":"info","event":"[FETCH] requesting rows 11000–11499","logger":"lta_common","filename":"lta_common.py","lineno":53}
{"timestamp":"2026-04-09T13:31:53.495483Z","level":"info","event":"Fetching page from LTA: skip=11000","logger":"lta_common","filename":"lta_common.py","lineno":35}
{"timestamp":"2026-04-09T13:31:56.396999Z","level":"info","event":"Retrieved 500 rows from LTA at skip=11000","logger":"lta_common","filename":"lta_common.py","lineno":43}
{"timestamp":"2026-04-09T13:31:56.399223Z","level":"info","event":"[FETCH DONE] retrieved=500 rows at skip=11000","logger":"lta_common","filename":"lta_common.py","lineno":58}
{"timestamp":"2026-04-09T13:31:56.399500Z","level":"info","event":"STEP 5: processing page skip=11000 rows=500","logger":"unusual_prefix_faea391ec71b1d4b4651510353e4a48d62001c31_2_refresh_traffic_speed","filename":"2_refresh_traffic_speed.py","lineno":46}
{"timestamp":"2026-04-09T13:31:56.401585Z","level":"info","event":"STEP 6: built snapshot dataframe rows=500","logger":"unusual_prefix_faea391ec71b1d4b4651510353e4a48d62001c31_2_refresh_traffic_speed","filename":"2_refresh_traffic_speed.py","lineno":49}
{"timestamp":"2026-04-09T13:31:56.402408Z","level":"info","event":"[SAVE START] inserting 500 rows into traffic_speed_latest","logger":"lta_common","filename":"lta_common.py","lineno":174}
{"timestamp":"2026-04-09T13:31:56.752581Z","level":"info","event":"[SAVE DONE] inserted=500 rows into traffic_speed_latest","logger":"lta_common","filename":"lta_common.py","lineno":192}
{"timestamp":"2026-04-09T13:31:56.753216Z","level":"info","event":"[SAVE START] inserting 500 rows into traffic_speed_recent","logger":"lta_common","filename":"lta_common.py","lineno":174}
{"timestamp":"2026-04-09T13:31:57.105423Z","level":"info","event":"[SAVE DONE] inserted=500 rows into traffic_speed_recent","logger":"lta_common","filename":"lta_common.py","lineno":192}
{"timestamp":"2026-04-09T13:31:57.105592Z","level":"info","event":"STEP 7: page saved skip=11000 | pages=23 | latest_rows=11500 | recent_rows=11500","logger":"unusual_prefix_faea391ec71b1d4b4651510353e4a48d62001c31_2_refresh_traffic_speed","filename":"2_refresh_traffic_speed.py","lineno":61}
{"timestamp":"2026-04-09T13:31:57.105628Z","level":"info","event":"========== PAGE START ==========","logger":"lta_common","filename":"lta_common.py","lineno":52}
{"timestamp":"2026-04-09T13:31:57.105658Z","level":"info","event":"[FETCH] requesting rows 11500–11999","logger":"lta_common","filename":"lta_common.py","lineno":53}
{"timestamp":"2026-04-09T13:31:57.105697Z","level":"info","event":"Fetching page from LTA: skip=11500","logger":"lta_common","filename":"lta_common.py","lineno":35}
{"timestamp":"2026-04-09T13:31:58.812110Z","level":"info","event":"Retrieved 500 rows from LTA at skip=11500","logger":"lta_common","filename":"lta_common.py","lineno":43}
{"timestamp":"2026-04-09T13:31:58.817377Z","level":"info","event":"[FETCH DONE] retrieved=500 rows at skip=11500","logger":"lta_common","filename":"lta_common.py","lineno":58}
{"timestamp":"2026-04-09T13:31:58.818328Z","level":"info","event":"STEP 5: processing page skip=11500 rows=500","logger":"unusual_prefix_faea391ec71b1d4b4651510353e4a48d62001c31_2_refresh_traffic_speed","filename":"2_refresh_traffic_speed.py","lineno":46}
{"timestamp":"2026-04-09T13:31:58.821089Z","level":"info","event":"STEP 6: built snapshot dataframe rows=500","logger":"unusual_prefix_faea391ec71b1d4b4651510353e4a48d62001c31_2_refresh_traffic_speed","filename":"2_refresh_traffic_speed.py","lineno":49}
{"timestamp":"2026-04-09T13:31:58.822382Z","level":"info","event":"[SAVE START] inserting 500 rows into traffic_speed_latest","logger":"lta_common","filename":"lta_common.py","lineno":174}
{"timestamp":"2026-04-09T13:31:59.194089Z","level":"info","event":"[SAVE DONE] inserted=500 rows into traffic_speed_latest","logger":"lta_common","filename":"lta_common.py","lineno":192}
{"timestamp":"2026-04-09T13:31:59.195652Z","level":"info","event":"[SAVE START] inserting 500 rows into traffic_speed_recent","logger":"lta_common","filename":"lta_common.py","lineno":174}
{"timestamp":"2026-04-09T13:31:59.582062Z","level":"info","event":"[SAVE DONE] inserted=500 rows into traffic_speed_recent","logger":"lta_common","filename":"lta_common.py","lineno":192}
{"timestamp":"2026-04-09T13:31:59.582788Z","level":"info","event":"STEP 7: page saved skip=11500 | pages=24 | latest_rows=12000 | recent_rows=12000","logger":"unusual_prefix_faea391ec71b1d4b4651510353e4a48d62001c31_2_refresh_traffic_speed","filename":"2_refresh_traffic_speed.py","lineno":61}
{"timestamp":"2026-04-09T13:31:59.582957Z","level":"info","event":"========== PAGE START ==========","logger":"lta_common","filename":"lta_common.py","lineno":52}
{"timestamp":"2026-04-09T13:31:59.583052Z","level":"info","event":"[FETCH] requesting rows 12000–12499","logger":"lta_common","filename":"lta_common.py","lineno":53}
{"timestamp":"2026-04-09T13:31:59.583170Z","level":"info","event":"Fetching page from LTA: skip=12000","logger":"lta_common","filename":"lta_common.py","lineno":35}
{"timestamp":"2026-04-09T13:32:01.277658Z","level":"info","event":"Retrieved 500 rows from LTA at skip=12000","logger":"lta_common","filename":"lta_common.py","lineno":43}
{"timestamp":"2026-04-09T13:32:01.278787Z","level":"info","event":"[FETCH DONE] retrieved=500 rows at skip=12000","logger":"lta_common","filename":"lta_common.py","lineno":58}
{"timestamp":"2026-04-09T13:32:01.278990Z","level":"info","event":"STEP 5: processing page skip=12000 rows=500","logger":"unusual_prefix_faea391ec71b1d4b4651510353e4a48d62001c31_2_refresh_traffic_speed","filename":"2_refresh_traffic_speed.py","lineno":46}
{"timestamp":"2026-04-09T13:32:01.279838Z","level":"info","event":"STEP 6: built snapshot dataframe rows=500","logger":"unusual_prefix_faea391ec71b1d4b4651510353e4a48d62001c31_2_refresh_traffic_speed","filename":"2_refresh_traffic_speed.py","lineno":49}
{"timestamp":"2026-04-09T13:32:01.280299Z","level":"info","event":"[SAVE START] inserting 500 rows into traffic_speed_latest","logger":"lta_common","filename":"lta_common.py","lineno":174}
{"timestamp":"2026-04-09T13:32:01.653842Z","level":"info","event":"[SAVE DONE] inserted=500 rows into traffic_speed_latest","logger":"lta_common","filename":"lta_common.py","lineno":192}
{"timestamp":"2026-04-09T13:32:01.654523Z","level":"info","event":"[SAVE START] inserting 500 rows into traffic_speed_recent","logger":"lta_common","filename":"lta_common.py","lineno":174}
{"timestamp":"2026-04-09T13:32:02.683059Z","level":"info","event":"[SAVE DONE] inserted=500 rows into traffic_speed_recent","logger":"lta_common","filename":"lta_common.py","lineno":192}
{"timestamp":"2026-04-09T13:32:02.683226Z","level":"info","event":"STEP 7: page saved skip=12000 | pages=25 | latest_rows=12500 | recent_rows=12500","logger":"unusual_prefix_faea391ec71b1d4b4651510353e4a48d62001c31_2_refresh_traffic_speed","filename":"2_refresh_traffic_speed.py","lineno":61}
{"timestamp":"2026-04-09T13:32:02.683266Z","level":"info","event":"========== PAGE START ==========","logger":"lta_common","filename":"lta_common.py","lineno":52}
{"timestamp":"2026-04-09T13:32:02.683302Z","level":"info","event":"[FETCH] requesting rows 12500–12999","logger":"lta_common","filename":"lta_common.py","lineno":53}
{"timestamp":"2026-04-09T13:32:02.683342Z","level":"info","event":"Fetching page from LTA: skip=12500","logger":"lta_common","filename":"lta_common.py","lineno":35}
{"timestamp":"2026-04-09T13:32:04.943122Z","level":"info","event":"Retrieved 500 rows from LTA at skip=12500","logger":"lta_common","filename":"lta_common.py","lineno":43}
{"timestamp":"2026-04-09T13:32:04.947951Z","level":"info","event":"[FETCH DONE] retrieved=500 rows at skip=12500","logger":"lta_common","filename":"lta_common.py","lineno":58}
{"timestamp":"2026-04-09T13:32:04.948902Z","level":"info","event":"STEP 5: processing page skip=12500 rows=500","logger":"unusual_prefix_faea391ec71b1d4b4651510353e4a48d62001c31_2_refresh_traffic_speed","filename":"2_refresh_traffic_speed.py","lineno":46}
{"timestamp":"2026-04-09T13:32:04.952842Z","level":"info","event":"STEP 6: built snapshot dataframe rows=500","logger":"unusual_prefix_faea391ec71b1d4b4651510353e4a48d62001c31_2_refresh_traffic_speed","filename":"2_refresh_traffic_speed.py","lineno":49}
{"timestamp":"2026-04-09T13:32:04.953363Z","level":"info","event":"[SAVE START] inserting 500 rows into traffic_speed_latest","logger":"lta_common","filename":"lta_common.py","lineno":174}
{"timestamp":"2026-04-09T13:32:05.930854Z","level":"info","event":"[SAVE DONE] inserted=500 rows into traffic_speed_latest","logger":"lta_common","filename":"lta_common.py","lineno":192}
{"timestamp":"2026-04-09T13:32:05.931536Z","level":"info","event":"[SAVE START] inserting 500 rows into traffic_speed_recent","logger":"lta_common","filename":"lta_common.py","lineno":174}
{"timestamp":"2026-04-09T13:32:06.413036Z","level":"info","event":"[SAVE DONE] inserted=500 rows into traffic_speed_recent","logger":"lta_common","filename":"lta_common.py","lineno":192}
{"timestamp":"2026-04-09T13:32:06.413169Z","level":"info","event":"STEP 7: page saved skip=12500 | pages=26 | latest_rows=13000 | recent_rows=13000","logger":"unusual_prefix_faea391ec71b1d4b4651510353e4a48d62001c31_2_refresh_traffic_speed","filename":"2_refresh_traffic_speed.py","lineno":61}
{"timestamp":"2026-04-09T13:32:06.413222Z","level":"info","event":"========== PAGE START ==========","logger":"lta_common","filename":"lta_common.py","lineno":52}
{"timestamp":"2026-04-09T13:32:06.413259Z","level":"info","event":"[FETCH] requesting rows 13000–13499","logger":"lta_common","filename":"lta_common.py","lineno":53}
{"timestamp":"2026-04-09T13:32:06.413320Z","level":"info","event":"Fetching page from LTA: skip=13000","logger":"lta_common","filename":"lta_common.py","lineno":35}
{"timestamp":"2026-04-09T13:32:07.798030Z","level":"info","event":"Retrieved 500 rows from LTA at skip=13000","logger":"lta_common","filename":"lta_common.py","lineno":43}
{"timestamp":"2026-04-09T13:32:07.799489Z","level":"info","event":"[FETCH DONE] retrieved=500 rows at skip=13000","logger":"lta_common","filename":"lta_common.py","lineno":58}
{"timestamp":"2026-04-09T13:32:07.799782Z","level":"info","event":"STEP 5: processing page skip=13000 rows=500","logger":"unusual_prefix_faea391ec71b1d4b4651510353e4a48d62001c31_2_refresh_traffic_speed","filename":"2_refresh_traffic_speed.py","lineno":46}
{"timestamp":"2026-04-09T13:32:07.800722Z","level":"info","event":"STEP 6: built snapshot dataframe rows=500","logger":"unusual_prefix_faea391ec71b1d4b4651510353e4a48d62001c31_2_refresh_traffic_speed","filename":"2_refresh_traffic_speed.py","lineno":49}
{"timestamp":"2026-04-09T13:32:07.801325Z","level":"info","event":"[SAVE START] inserting 500 rows into traffic_speed_latest","logger":"lta_common","filename":"lta_common.py","lineno":174}
{"timestamp":"2026-04-09T13:32:08.193992Z","level":"info","event":"[SAVE DONE] inserted=500 rows into traffic_speed_latest","logger":"lta_common","filename":"lta_common.py","lineno":192}
{"timestamp":"2026-04-09T13:32:08.194655Z","level":"info","event":"[SAVE START] inserting 500 rows into traffic_speed_recent","logger":"lta_common","filename":"lta_common.py","lineno":174}
{"timestamp":"2026-04-09T13:32:08.582282Z","level":"info","event":"[SAVE DONE] inserted=500 rows into traffic_speed_recent","logger":"lta_common","filename":"lta_common.py","lineno":192}
{"timestamp":"2026-04-09T13:32:08.582403Z","level":"info","event":"STEP 7: page saved skip=13000 | pages=27 | latest_rows=13500 | recent_rows=13500","logger":"unusual_prefix_faea391ec71b1d4b4651510353e4a48d62001c31_2_refresh_traffic_speed","filename":"2_refresh_traffic_speed.py","lineno":61}
{"timestamp":"2026-04-09T13:32:08.582434Z","level":"info","event":"========== PAGE START ==========","logger":"lta_common","filename":"lta_common.py","lineno":52}
{"timestamp":"2026-04-09T13:32:08.582456Z","level":"info","event":"[FETCH] requesting rows 13500–13999","logger":"lta_common","filename":"lta_common.py","lineno":53}
{"timestamp":"2026-04-09T13:32:08.582487Z","level":"info","event":"Fetching page from LTA: skip=13500","logger":"lta_common","filename":"lta_common.py","lineno":35}
{"timestamp":"2026-04-09T13:32:13.068961Z","level":"info","event":"Retrieved 500 rows from LTA at skip=13500","logger":"lta_common","filename":"lta_common.py","lineno":43}
{"timestamp":"2026-04-09T13:32:13.073503Z","level":"info","event":"[FETCH DONE] retrieved=500 rows at skip=13500","logger":"lta_common","filename":"lta_common.py","lineno":58}
{"timestamp":"2026-04-09T13:32:13.074683Z","level":"info","event":"STEP 5: processing page skip=13500 rows=500","logger":"unusual_prefix_faea391ec71b1d4b4651510353e4a48d62001c31_2_refresh_traffic_speed","filename":"2_refresh_traffic_speed.py","lineno":46}
{"timestamp":"2026-04-09T13:32:13.077784Z","level":"info","event":"STEP 6: built snapshot dataframe rows=500","logger":"unusual_prefix_faea391ec71b1d4b4651510353e4a48d62001c31_2_refresh_traffic_speed","filename":"2_refresh_traffic_speed.py","lineno":49}
{"timestamp":"2026-04-09T13:32:13.079324Z","level":"info","event":"[SAVE START] inserting 500 rows into traffic_speed_latest","logger":"lta_common","filename":"lta_common.py","lineno":174}
{"timestamp":"2026-04-09T13:32:13.443842Z","level":"info","event":"[SAVE DONE] inserted=500 rows into traffic_speed_latest","logger":"lta_common","filename":"lta_common.py","lineno":192}
{"timestamp":"2026-04-09T13:32:13.446347Z","level":"info","event":"[SAVE START] inserting 500 rows into traffic_speed_recent","logger":"lta_common","filename":"lta_common.py","lineno":174}
{"timestamp":"2026-04-09T13:32:13.803435Z","level":"info","event":"[SAVE DONE] inserted=500 rows into traffic_speed_recent","logger":"lta_common","filename":"lta_common.py","lineno":192}
{"timestamp":"2026-04-09T13:32:13.803833Z","level":"info","event":"STEP 7: page saved skip=13500 | pages=28 | latest_rows=14000 | recent_rows=14000","logger":"unusual_prefix_faea391ec71b1d4b4651510353e4a48d62001c31_2_refresh_traffic_speed","filename":"2_refresh_traffic_speed.py","lineno":61}
{"timestamp":"2026-04-09T13:32:13.803901Z","level":"info","event":"========== PAGE START ==========","logger":"lta_common","filename":"lta_common.py","lineno":52}
{"timestamp":"2026-04-09T13:32:13.803950Z","level":"info","event":"[FETCH] requesting rows 14000–14499","logger":"lta_common","filename":"lta_common.py","lineno":53}
{"timestamp":"2026-04-09T13:32:13.804031Z","level":"info","event":"Fetching page from LTA: skip=14000","logger":"lta_common","filename":"lta_common.py","lineno":35}
{"timestamp":"2026-04-09T13:32:17.069656Z","level":"info","event":"Retrieved 500 rows from LTA at skip=14000","logger":"lta_common","filename":"lta_common.py","lineno":43}
{"timestamp":"2026-04-09T13:32:17.073458Z","level":"info","event":"[FETCH DONE] retrieved=500 rows at skip=14000","logger":"lta_common","filename":"lta_common.py","lineno":58}
{"timestamp":"2026-04-09T13:32:17.074113Z","level":"info","event":"STEP 5: processing page skip=14000 rows=500","logger":"unusual_prefix_faea391ec71b1d4b4651510353e4a48d62001c31_2_refresh_traffic_speed","filename":"2_refresh_traffic_speed.py","lineno":46}
{"timestamp":"2026-04-09T13:32:17.076343Z","level":"info","event":"STEP 6: built snapshot dataframe rows=500","logger":"unusual_prefix_faea391ec71b1d4b4651510353e4a48d62001c31_2_refresh_traffic_speed","filename":"2_refresh_traffic_speed.py","lineno":49}
{"timestamp":"2026-04-09T13:32:17.077370Z","level":"info","event":"[SAVE START] inserting 500 rows into traffic_speed_latest","logger":"lta_common","filename":"lta_common.py","lineno":174}
{"timestamp":"2026-04-09T13:32:17.443752Z","level":"info","event":"[SAVE DONE] inserted=500 rows into traffic_speed_latest","logger":"lta_common","filename":"lta_common.py","lineno":192}
{"timestamp":"2026-04-09T13:32:17.447045Z","level":"info","event":"[SAVE START] inserting 500 rows into traffic_speed_recent","logger":"lta_common","filename":"lta_common.py","lineno":174}
{"timestamp":"2026-04-09T13:32:17.830098Z","level":"info","event":"[SAVE DONE] inserted=500 rows into traffic_speed_recent","logger":"lta_common","filename":"lta_common.py","lineno":192}
{"timestamp":"2026-04-09T13:32:17.830897Z","level":"info","event":"STEP 7: page saved skip=14000 | pages=29 | latest_rows=14500 | recent_rows=14500","logger":"unusual_prefix_faea391ec71b1d4b4651510353e4a48d62001c31_2_refresh_traffic_speed","filename":"2_refresh_traffic_speed.py","lineno":61}
{"timestamp":"2026-04-09T13:32:17.831103Z","level":"info","event":"========== PAGE START ==========","logger":"lta_common","filename":"lta_common.py","lineno":52}
{"timestamp":"2026-04-09T13:32:17.831262Z","level":"info","event":"[FETCH] requesting rows 14500–14999","logger":"lta_common","filename":"lta_common.py","lineno":53}
{"timestamp":"2026-04-09T13:32:17.831456Z","level":"info","event":"Fetching page from LTA: skip=14500","logger":"lta_common","filename":"lta_common.py","lineno":35}
{"timestamp":"2026-04-09T13:32:19.189554Z","level":"info","event":"Retrieved 500 rows from LTA at skip=14500","logger":"lta_common","filename":"lta_common.py","lineno":43}
{"timestamp":"2026-04-09T13:32:19.191659Z","level":"info","event":"[FETCH DONE] retrieved=500 rows at skip=14500","logger":"lta_common","filename":"lta_common.py","lineno":58}
{"timestamp":"2026-04-09T13:32:19.191926Z","level":"info","event":"STEP 5: processing page skip=14500 rows=500","logger":"unusual_prefix_faea391ec71b1d4b4651510353e4a48d62001c31_2_refresh_traffic_speed","filename":"2_refresh_traffic_speed.py","lineno":46}
{"timestamp":"2026-04-09T13:32:19.192999Z","level":"info","event":"STEP 6: built snapshot dataframe rows=500","logger":"unusual_prefix_faea391ec71b1d4b4651510353e4a48d62001c31_2_refresh_traffic_speed","filename":"2_refresh_traffic_speed.py","lineno":49}
{"timestamp":"2026-04-09T13:32:19.193828Z","level":"info","event":"[SAVE START] inserting 500 rows into traffic_speed_latest","logger":"lta_common","filename":"lta_common.py","lineno":174}
{"timestamp":"2026-04-09T13:32:20.329837Z","level":"info","event":"[SAVE DONE] inserted=500 rows into traffic_speed_latest","logger":"lta_common","filename":"lta_common.py","lineno":192}
{"timestamp":"2026-04-09T13:32:20.332415Z","level":"info","event":"[SAVE START] inserting 500 rows into traffic_speed_recent","logger":"lta_common","filename":"lta_common.py","lineno":174}
{"timestamp":"2026-04-09T13:32:20.752652Z","level":"info","event":"[SAVE DONE] inserted=500 rows into traffic_speed_recent","logger":"lta_common","filename":"lta_common.py","lineno":192}
{"timestamp":"2026-04-09T13:32:20.753259Z","level":"info","event":"STEP 7: page saved skip=14500 | pages=30 | latest_rows=15000 | recent_rows=15000","logger":"unusual_prefix_faea391ec71b1d4b4651510353e4a48d62001c31_2_refresh_traffic_speed","filename":"2_refresh_traffic_speed.py","lineno":61}
{"timestamp":"2026-04-09T13:32:20.753410Z","level":"info","event":"========== PAGE START ==========","logger":"lta_common","filename":"lta_common.py","lineno":52}
{"timestamp":"2026-04-09T13:32:20.753559Z","level":"info","event":"[FETCH] requesting rows 15000–15499","logger":"lta_common","filename":"lta_common.py","lineno":53}
{"timestamp":"2026-04-09T13:32:20.753786Z","level":"info","event":"Fetching page from LTA: skip=15000","logger":"lta_common","filename":"lta_common.py","lineno":35}
{"timestamp":"2026-04-09T13:32:24.156889Z","level":"info","event":"Retrieved 500 rows from LTA at skip=15000","logger":"lta_common","filename":"lta_common.py","lineno":43}
{"timestamp":"2026-04-09T13:32:24.158487Z","level":"info","event":"[FETCH DONE] retrieved=500 rows at skip=15000","logger":"lta_common","filename":"lta_common.py","lineno":58}
{"timestamp":"2026-04-09T13:32:24.158759Z","level":"info","event":"STEP 5: processing page skip=15000 rows=500","logger":"unusual_prefix_faea391ec71b1d4b4651510353e4a48d62001c31_2_refresh_traffic_speed","filename":"2_refresh_traffic_speed.py","lineno":46}
{"timestamp":"2026-04-09T13:32:24.159608Z","level":"info","event":"STEP 6: built snapshot dataframe rows=500","logger":"unusual_prefix_faea391ec71b1d4b4651510353e4a48d62001c31_2_refresh_traffic_speed","filename":"2_refresh_traffic_speed.py","lineno":49}
{"timestamp":"2026-04-09T13:32:24.160035Z","level":"info","event":"[SAVE START] inserting 500 rows into traffic_speed_latest","logger":"lta_common","filename":"lta_common.py","lineno":174}
{"timestamp":"2026-04-09T13:32:24.534557Z","level":"info","event":"[SAVE DONE] inserted=500 rows into traffic_speed_latest","logger":"lta_common","filename":"lta_common.py","lineno":192}
{"timestamp":"2026-04-09T13:32:24.535556Z","level":"info","event":"[SAVE START] inserting 500 rows into traffic_speed_recent","logger":"lta_common","filename":"lta_common.py","lineno":174}
{"timestamp":"2026-04-09T13:32:24.915685Z","level":"info","event":"[SAVE DONE] inserted=500 rows into traffic_speed_recent","logger":"lta_common","filename":"lta_common.py","lineno":192}
{"timestamp":"2026-04-09T13:32:24.916245Z","level":"info","event":"STEP 7: page saved skip=15000 | pages=31 | latest_rows=15500 | recent_rows=15500","logger":"unusual_prefix_faea391ec71b1d4b4651510353e4a48d62001c31_2_refresh_traffic_speed","filename":"2_refresh_traffic_speed.py","lineno":61}
{"timestamp":"2026-04-09T13:32:24.916392Z","level":"info","event":"========== PAGE START ==========","logger":"lta_common","filename":"lta_common.py","lineno":52}
{"timestamp":"2026-04-09T13:32:24.916514Z","level":"info","event":"[FETCH] requesting rows 15500–15999","logger":"lta_common","filename":"lta_common.py","lineno":53}
{"timestamp":"2026-04-09T13:32:24.916716Z","level":"info","event":"Fetching page from LTA: skip=15500","logger":"lta_common","filename":"lta_common.py","lineno":35}
{"timestamp":"2026-04-09T13:32:26.281419Z","level":"info","event":"Retrieved 500 rows from LTA at skip=15500","logger":"lta_common","filename":"lta_common.py","lineno":43}
{"timestamp":"2026-04-09T13:32:26.286922Z","level":"info","event":"[FETCH DONE] retrieved=500 rows at skip=15500","logger":"lta_common","filename":"lta_common.py","lineno":58}
{"timestamp":"2026-04-09T13:32:26.288344Z","level":"info","event":"STEP 5: processing page skip=15500 rows=500","logger":"unusual_prefix_faea391ec71b1d4b4651510353e4a48d62001c31_2_refresh_traffic_speed","filename":"2_refresh_traffic_speed.py","lineno":46}
{"timestamp":"2026-04-09T13:32:26.291548Z","level":"info","event":"STEP 6: built snapshot dataframe rows=500","logger":"unusual_prefix_faea391ec71b1d4b4651510353e4a48d62001c31_2_refresh_traffic_speed","filename":"2_refresh_traffic_speed.py","lineno":49}
{"timestamp":"2026-04-09T13:32:26.293234Z","level":"info","event":"[SAVE START] inserting 500 rows into traffic_speed_latest","logger":"lta_common","filename":"lta_common.py","lineno":174}
{"timestamp":"2026-04-09T13:32:26.665066Z","level":"info","event":"[SAVE DONE] inserted=500 rows into traffic_speed_latest","logger":"lta_common","filename":"lta_common.py","lineno":192}
{"timestamp":"2026-04-09T13:32:26.668646Z","level":"info","event":"[SAVE START] inserting 500 rows into traffic_speed_recent","logger":"lta_common","filename":"lta_common.py","lineno":174}
{"timestamp":"2026-04-09T13:32:27.036273Z","level":"info","event":"[SAVE DONE] inserted=500 rows into traffic_speed_recent","logger":"lta_common","filename":"lta_common.py","lineno":192}
{"timestamp":"2026-04-09T13:32:27.036501Z","level":"info","event":"STEP 7: page saved skip=15500 | pages=32 | latest_rows=16000 | recent_rows=16000","logger":"unusual_prefix_faea391ec71b1d4b4651510353e4a48d62001c31_2_refresh_traffic_speed","filename":"2_refresh_traffic_speed.py","lineno":61}
{"timestamp":"2026-04-09T13:32:27.036564Z","level":"info","event":"========== PAGE START ==========","logger":"lta_common","filename":"lta_common.py","lineno":52}
{"timestamp":"2026-04-09T13:32:27.036633Z","level":"info","event":"[FETCH] requesting rows 16000–16499","logger":"lta_common","filename":"lta_common.py","lineno":53}
{"timestamp":"2026-04-09T13:32:27.036694Z","level":"info","event":"Fetching page from LTA: skip=16000","logger":"lta_common","filename":"lta_common.py","lineno":35}
{"timestamp":"2026-04-09T13:32:28.148742Z","level":"info","event":"Retrieved 500 rows from LTA at skip=16000","logger":"lta_common","filename":"lta_common.py","lineno":43}
{"timestamp":"2026-04-09T13:32:28.149810Z","level":"info","event":"[FETCH DONE] retrieved=500 rows at skip=16000","logger":"lta_common","filename":"lta_common.py","lineno":58}
{"timestamp":"2026-04-09T13:32:28.149999Z","level":"info","event":"STEP 5: processing page skip=16000 rows=500","logger":"unusual_prefix_faea391ec71b1d4b4651510353e4a48d62001c31_2_refresh_traffic_speed","filename":"2_refresh_traffic_speed.py","lineno":46}
{"timestamp":"2026-04-09T13:32:28.150689Z","level":"info","event":"STEP 6: built snapshot dataframe rows=500","logger":"unusual_prefix_faea391ec71b1d4b4651510353e4a48d62001c31_2_refresh_traffic_speed","filename":"2_refresh_traffic_speed.py","lineno":49}
{"timestamp":"2026-04-09T13:32:28.151093Z","level":"info","event":"[SAVE START] inserting 500 rows into traffic_speed_latest","logger":"lta_common","filename":"lta_common.py","lineno":174}
{"timestamp":"2026-04-09T13:32:28.514819Z","level":"info","event":"[SAVE DONE] inserted=500 rows into traffic_speed_latest","logger":"lta_common","filename":"lta_common.py","lineno":192}
{"timestamp":"2026-04-09T13:32:28.515483Z","level":"info","event":"[SAVE START] inserting 500 rows into traffic_speed_recent","logger":"lta_common","filename":"lta_common.py","lineno":174}
{"timestamp":"2026-04-09T13:32:28.894808Z","level":"info","event":"[SAVE DONE] inserted=500 rows into traffic_speed_recent","logger":"lta_common","filename":"lta_common.py","lineno":192}
{"timestamp":"2026-04-09T13:32:28.894986Z","level":"info","event":"STEP 7: page saved skip=16000 | pages=33 | latest_rows=16500 | recent_rows=16500","logger":"unusual_prefix_faea391ec71b1d4b4651510353e4a48d62001c31_2_refresh_traffic_speed","filename":"2_refresh_traffic_speed.py","lineno":61}
{"timestamp":"2026-04-09T13:32:28.895020Z","level":"info","event":"========== PAGE START ==========","logger":"lta_common","filename":"lta_common.py","lineno":52}
{"timestamp":"2026-04-09T13:32:28.895045Z","level":"info","event":"[FETCH] requesting rows 16500–16999","logger":"lta_common","filename":"lta_common.py","lineno":53}
{"timestamp":"2026-04-09T13:32:28.895080Z","level":"info","event":"Fetching page from LTA: skip=16500","logger":"lta_common","filename":"lta_common.py","lineno":35}
{"timestamp":"2026-04-09T13:32:31.083795Z","level":"info","event":"Retrieved 500 rows from LTA at skip=16500","logger":"lta_common","filename":"lta_common.py","lineno":43}
{"timestamp":"2026-04-09T13:32:31.087860Z","level":"info","event":"[FETCH DONE] retrieved=500 rows at skip=16500","logger":"lta_common","filename":"lta_common.py","lineno":58}
{"timestamp":"2026-04-09T13:32:31.088453Z","level":"info","event":"STEP 5: processing page skip=16500 rows=500","logger":"unusual_prefix_faea391ec71b1d4b4651510353e4a48d62001c31_2_refresh_traffic_speed","filename":"2_refresh_traffic_speed.py","lineno":46}
{"timestamp":"2026-04-09T13:32:31.091681Z","level":"info","event":"STEP 6: built snapshot dataframe rows=500","logger":"unusual_prefix_faea391ec71b1d4b4651510353e4a48d62001c31_2_refresh_traffic_speed","filename":"2_refresh_traffic_speed.py","lineno":49}
{"timestamp":"2026-04-09T13:32:31.092995Z","level":"info","event":"[SAVE START] inserting 500 rows into traffic_speed_latest","logger":"lta_common","filename":"lta_common.py","lineno":174}
{"timestamp":"2026-04-09T13:32:32.334344Z","level":"info","event":"[SAVE DONE] inserted=500 rows into traffic_speed_latest","logger":"lta_common","filename":"lta_common.py","lineno":192}
{"timestamp":"2026-04-09T13:32:32.334961Z","level":"info","event":"[SAVE START] inserting 500 rows into traffic_speed_recent","logger":"lta_common","filename":"lta_common.py","lineno":174}
{"timestamp":"2026-04-09T13:32:32.755168Z","level":"info","event":"[SAVE DONE] inserted=500 rows into traffic_speed_recent","logger":"lta_common","filename":"lta_common.py","lineno":192}
{"timestamp":"2026-04-09T13:32:32.755300Z","level":"info","event":"STEP 7: page saved skip=16500 | pages=34 | latest_rows=17000 | recent_rows=17000","logger":"unusual_prefix_faea391ec71b1d4b4651510353e4a48d62001c31_2_refresh_traffic_speed","filename":"2_refresh_traffic_speed.py","lineno":61}
{"timestamp":"2026-04-09T13:32:32.755331Z","level":"info","event":"========== PAGE START ==========","logger":"lta_common","filename":"lta_common.py","lineno":52}
{"timestamp":"2026-04-09T13:32:32.755355Z","level":"info","event":"[FETCH] requesting rows 17000–17499","logger":"lta_common","filename":"lta_common.py","lineno":53}
{"timestamp":"2026-04-09T13:32:32.755387Z","level":"info","event":"Fetching page from LTA: skip=17000","logger":"lta_common","filename":"lta_common.py","lineno":35}
{"timestamp":"2026-04-09T13:32:35.457686Z","level":"info","event":"Retrieved 500 rows from LTA at skip=17000","logger":"lta_common","filename":"lta_common.py","lineno":43}
{"timestamp":"2026-04-09T13:32:35.458944Z","level":"info","event":"[FETCH DONE] retrieved=500 rows at skip=17000","logger":"lta_common","filename":"lta_common.py","lineno":58}
{"timestamp":"2026-04-09T13:32:35.459165Z","level":"info","event":"STEP 5: processing page skip=17000 rows=500","logger":"unusual_prefix_faea391ec71b1d4b4651510353e4a48d62001c31_2_refresh_traffic_speed","filename":"2_refresh_traffic_speed.py","lineno":46}
{"timestamp":"2026-04-09T13:32:35.459999Z","level":"info","event":"STEP 6: built snapshot dataframe rows=500","logger":"unusual_prefix_faea391ec71b1d4b4651510353e4a48d62001c31_2_refresh_traffic_speed","filename":"2_refresh_traffic_speed.py","lineno":49}
{"timestamp":"2026-04-09T13:32:35.460430Z","level":"info","event":"[SAVE START] inserting 500 rows into traffic_speed_latest","logger":"lta_common","filename":"lta_common.py","lineno":174}
{"timestamp":"2026-04-09T13:32:35.701365Z","level":"error","event":"FAILED: invalid input syntax for type integer: \"\"\nLINE 9: ...-09T13:30:20.788971+00:00'::timestamptz,'25882',0,'',''),('2...\n                                                             ^\n","logger":"unusual_prefix_faea391ec71b1d4b4651510353e4a48d62001c31_2_refresh_traffic_speed","filename":"2_refresh_traffic_speed.py","lineno":69}
{"timestamp":"2026-04-09T13:32:35.702948Z","level":"error","event":"Traceback (most recent call last):\n  File \"/opt/airflow/dags/2_refresh_traffic_speed.py\", line 52, in refresh_traffic_speed\n    insert_snapshot_rows(conn, \"traffic_speed_latest\", snapshots_df, batch_size=500)\n  File \"/opt/airflow/dags/lta_common.py\", line 188, in insert_snapshot_rows\n    execute_values(cur, sql, rows, page_size=batch_size)\n  File \"/home/airflow/.local/lib/python3.12/site-packages/psycopg2/extras.py\", line 1299, in execute_values\n    cur.execute(b''.join(parts))\npsycopg2.errors.InvalidTextRepresentation: invalid input syntax for type integer: \"\"\nLINE 9: ...-09T13:30:20.788971+00:00'::timestamptz,'25882',0,'',''),('2...\n                                                             ^\n\n","logger":"unusual_prefix_faea391ec71b1d4b4651510353e4a48d62001c31_2_refresh_traffic_speed","filename":"2_refresh_traffic_speed.py","lineno":70}
{"timestamp":"2026-04-09T13:32:35.703418Z","level":"info","event":"Database connection closed","logger":"unusual_prefix_faea391ec71b1d4b4651510353e4a48d62001c31_2_refresh_traffic_speed","filename":"2_refresh_traffic_speed.py","lineno":76}
{"timestamp":"2026-04-09T13:32:35.703719Z","level":"error","event":"Task failed with exception","logger":"task","filename":"task_runner.py","lineno":1142,"error_detail":[{"exc_type":"InvalidTextRepresentation","exc_value":"invalid input syntax for type integer: \"\"\nLINE 9: ...-09T13:30:20.788971+00:00'::timestamptz,'25882',0,'',''),('2...\n                                                             ^\n","exc_notes":[],"syntax_error":null,"is_cause":false,"frames":[{"filename":"/home/airflow/.local/lib/python3.12/site-packages/airflow/sdk/execution_time/task_runner.py","lineno":1068,"name":"run"},{"filename":"/home/airflow/.local/lib/python3.12/site-packages/airflow/sdk/execution_time/task_runner.py","lineno":1477,"name":"_execute_task"},{"filename":"/home/airflow/.local/lib/python3.12/site-packages/airflow/sdk/bases/operator.py","lineno":417,"name":"wrapper"},{"filename":"/home/airflow/.local/lib/python3.12/site-packages/airflow/providers/standard/operators/python.py","lineno":228,"name":"execute"},{"filename":"/home/airflow/.local/lib/python3.12/site-packages/airflow/providers/standard/operators/python.py","lineno":251,"name":"execute_callable"},{"filename":"/home/airflow/.local/lib/python3.12/site-packages/airflow/sdk/execution_time/callback_runner.py","lineno":82,"name":"run"},{"filename":"/opt/airflow/dags/2_refresh_traffic_speed.py","lineno":52,"name":"refresh_traffic_speed"},{"filename":"/opt/airflow/dags/lta_common.py","lineno":188,"name":"insert_snapshot_rows"},{"filename":"/home/airflow/.local/lib/python3.12/site-packages/psycopg2/extras.py","lineno":1299,"name":"execute_values"}],"is_group":false,"exceptions":[]}]}
