{"timestamp":"2026-04-09T13:36:45.708736Z","level":"info","event":"DAG bundles loaded: dags-folder","logger":"airflow.dag_processing.bundles.manager.DagBundlesManager","filename":"manager.py","lineno":179}
{"timestamp":"2026-04-09T13:36:45.709257Z","level":"info","event":"Filling up the DagBag from /opt/airflow/dags/2_refresh_traffic_speed.py","logger":"airflow.models.dagbag.BundleDagBag","filename":"dagbag.py","lineno":593}
{"timestamp":"2026-04-09T13:36:45.922126Z","level":"warning","event":"The `airflow.operators.python.PythonOperator` attribute is deprecated. Please use `'airflow.providers.standard.operators.python.PythonOperator'`.","category":"DeprecatedImportWarning","filename":"/opt/airflow/dags/2_refresh_traffic_speed.py","lineno":2,"logger":"py.warnings"}
{"timestamp":"2026-04-09T13:36:45.938266Z","level":"info","event":"STEP 1: start refresh_traffic_speed","logger":"unusual_prefix_faea391ec71b1d4b4651510353e4a48d62001c31_2_refresh_traffic_speed","filename":"2_refresh_traffic_speed.py","lineno":28}
{"timestamp":"2026-04-09T13:36:48.156548Z","level":"info","event":"STEP 2: connected to Supabase","logger":"unusual_prefix_faea391ec71b1d4b4651510353e4a48d62001c31_2_refresh_traffic_speed","filename":"2_refresh_traffic_speed.py","lineno":30}
{"timestamp":"2026-04-09T13:36:48.159822Z","level":"info","event":"STEP 3: snapshot timestamp = 2026-04-09 13:36:48.156942+00:00","logger":"unusual_prefix_faea391ec71b1d4b4651510353e4a48d62001c31_2_refresh_traffic_speed","filename":"2_refresh_traffic_speed.py","lineno":33}
{"timestamp":"2026-04-09T13:36:48.571022Z","level":"info","event":"STEP 4: traffic_speed_latest truncated","logger":"unusual_prefix_faea391ec71b1d4b4651510353e4a48d62001c31_2_refresh_traffic_speed","filename":"2_refresh_traffic_speed.py","lineno":39}
{"timestamp":"2026-04-09T13:36:48.571346Z","level":"info","event":"========== PAGE START ==========","logger":"lta_common","filename":"lta_common.py","lineno":52}
{"timestamp":"2026-04-09T13:36:48.571474Z","level":"info","event":"[FETCH] requesting rows 0–499","logger":"lta_common","filename":"lta_common.py","lineno":53}
{"timestamp":"2026-04-09T13:36:48.572645Z","level":"info","event":"Fetching page from LTA: skip=0","logger":"lta_common","filename":"lta_common.py","lineno":35}
{"timestamp":"2026-04-09T13:36:50.481839Z","level":"info","event":"Retrieved 500 rows from LTA at skip=0","logger":"lta_common","filename":"lta_common.py","lineno":43}
{"timestamp":"2026-04-09T13:36:50.483819Z","level":"info","event":"[FETCH DONE] retrieved=500 rows at skip=0","logger":"lta_common","filename":"lta_common.py","lineno":58}
{"timestamp":"2026-04-09T13:36:50.483875Z","level":"info","event":"STEP 5: processing page skip=0 rows=500","logger":"unusual_prefix_faea391ec71b1d4b4651510353e4a48d62001c31_2_refresh_traffic_speed","filename":"2_refresh_traffic_speed.py","lineno":46}
{"timestamp":"2026-04-09T13:36:50.485845Z","level":"info","event":"STEP 6: built snapshot dataframe rows=500","logger":"unusual_prefix_faea391ec71b1d4b4651510353e4a48d62001c31_2_refresh_traffic_speed","filename":"2_refresh_traffic_speed.py","lineno":49}
{"timestamp":"2026-04-09T13:36:50.487455Z","level":"info","event":"[SAVE START] inserting 500 rows into traffic_speed_latest","logger":"lta_common","filename":"lta_common.py","lineno":174}
{"timestamp":"2026-04-09T13:36:51.651424Z","level":"info","event":"[SAVE DONE] inserted=500 rows into traffic_speed_latest","logger":"lta_common","filename":"lta_common.py","lineno":192}
{"timestamp":"2026-04-09T13:36:51.653344Z","level":"info","event":"[SAVE START] inserting 500 rows into traffic_speed_recent","logger":"lta_common","filename":"lta_common.py","lineno":174}
{"timestamp":"2026-04-09T13:36:53.012008Z","level":"info","event":"[SAVE DONE] inserted=500 rows into traffic_speed_recent","logger":"lta_common","filename":"lta_common.py","lineno":192}
{"timestamp":"2026-04-09T13:36:53.012141Z","level":"info","event":"STEP 7: page saved skip=0 | pages=1 | latest_rows=500 | recent_rows=500","logger":"unusual_prefix_faea391ec71b1d4b4651510353e4a48d62001c31_2_refresh_traffic_speed","filename":"2_refresh_traffic_speed.py","lineno":61}
{"timestamp":"2026-04-09T13:36:53.012182Z","level":"info","event":"========== PAGE START ==========","logger":"lta_common","filename":"lta_common.py","lineno":52}
{"timestamp":"2026-04-09T13:36:53.012214Z","level":"info","event":"[FETCH] requesting rows 500–999","logger":"lta_common","filename":"lta_common.py","lineno":53}
{"timestamp":"2026-04-09T13:36:53.012256Z","level":"info","event":"Fetching page from LTA: skip=500","logger":"lta_common","filename":"lta_common.py","lineno":35}
{"timestamp":"2026-04-09T13:36:53.984640Z","level":"info","event":"Retrieved 500 rows from LTA at skip=500","logger":"lta_common","filename":"lta_common.py","lineno":43}
{"timestamp":"2026-04-09T13:36:53.985867Z","level":"info","event":"[FETCH DONE] retrieved=500 rows at skip=500","logger":"lta_common","filename":"lta_common.py","lineno":58}
{"timestamp":"2026-04-09T13:36:53.986089Z","level":"info","event":"STEP 5: processing page skip=500 rows=500","logger":"unusual_prefix_faea391ec71b1d4b4651510353e4a48d62001c31_2_refresh_traffic_speed","filename":"2_refresh_traffic_speed.py","lineno":46}
{"timestamp":"2026-04-09T13:36:53.987262Z","level":"info","event":"STEP 6: built snapshot dataframe rows=500","logger":"unusual_prefix_faea391ec71b1d4b4651510353e4a48d62001c31_2_refresh_traffic_speed","filename":"2_refresh_traffic_speed.py","lineno":49}
{"timestamp":"2026-04-09T13:36:53.987956Z","level":"info","event":"[SAVE START] inserting 500 rows into traffic_speed_latest","logger":"lta_common","filename":"lta_common.py","lineno":174}
{"timestamp":"2026-04-09T13:36:54.938557Z","level":"info","event":"[SAVE DONE] inserted=500 rows into traffic_speed_latest","logger":"lta_common","filename":"lta_common.py","lineno":192}
{"timestamp":"2026-04-09T13:36:54.939160Z","level":"info","event":"[SAVE START] inserting 500 rows into traffic_speed_recent","logger":"lta_common","filename":"lta_common.py","lineno":174}
{"timestamp":"2026-04-09T13:36:55.865489Z","level":"info","event":"[SAVE DONE] inserted=500 rows into traffic_speed_recent","logger":"lta_common","filename":"lta_common.py","lineno":192}
{"timestamp":"2026-04-09T13:36:55.865934Z","level":"info","event":"STEP 7: page saved skip=500 | pages=2 | latest_rows=1000 | recent_rows=1000","logger":"unusual_prefix_faea391ec71b1d4b4651510353e4a48d62001c31_2_refresh_traffic_speed","filename":"2_refresh_traffic_speed.py","lineno":61}
{"timestamp":"2026-04-09T13:36:55.866080Z","level":"info","event":"========== PAGE START ==========","logger":"lta_common","filename":"lta_common.py","lineno":52}
{"timestamp":"2026-04-09T13:36:55.866204Z","level":"info","event":"[FETCH] requesting rows 1000–1499","logger":"lta_common","filename":"lta_common.py","lineno":53}
{"timestamp":"2026-04-09T13:36:55.866442Z","level":"info","event":"Fetching page from LTA: skip=1000","logger":"lta_common","filename":"lta_common.py","lineno":35}
{"timestamp":"2026-04-09T13:36:58.116389Z","level":"info","event":"Retrieved 500 rows from LTA at skip=1000","logger":"lta_common","filename":"lta_common.py","lineno":43}
{"timestamp":"2026-04-09T13:36:58.121723Z","level":"info","event":"[FETCH DONE] retrieved=500 rows at skip=1000","logger":"lta_common","filename":"lta_common.py","lineno":58}
{"timestamp":"2026-04-09T13:36:58.122211Z","level":"info","event":"STEP 5: processing page skip=1000 rows=500","logger":"unusual_prefix_faea391ec71b1d4b4651510353e4a48d62001c31_2_refresh_traffic_speed","filename":"2_refresh_traffic_speed.py","lineno":46}
{"timestamp":"2026-04-09T13:36:58.124950Z","level":"info","event":"STEP 6: built snapshot dataframe rows=500","logger":"unusual_prefix_faea391ec71b1d4b4651510353e4a48d62001c31_2_refresh_traffic_speed","filename":"2_refresh_traffic_speed.py","lineno":49}
{"timestamp":"2026-04-09T13:36:58.126353Z","level":"info","event":"[SAVE START] inserting 500 rows into traffic_speed_latest","logger":"lta_common","filename":"lta_common.py","lineno":174}
{"timestamp":"2026-04-09T13:36:58.630573Z","level":"info","event":"[SAVE DONE] inserted=500 rows into traffic_speed_latest","logger":"lta_common","filename":"lta_common.py","lineno":192}
{"timestamp":"2026-04-09T13:36:58.631133Z","level":"info","event":"[SAVE START] inserting 500 rows into traffic_speed_recent","logger":"lta_common","filename":"lta_common.py","lineno":174}
{"timestamp":"2026-04-09T13:36:59.177641Z","level":"info","event":"[SAVE DONE] inserted=500 rows into traffic_speed_recent","logger":"lta_common","filename":"lta_common.py","lineno":192}
{"timestamp":"2026-04-09T13:36:59.177799Z","level":"info","event":"STEP 7: page saved skip=1000 | pages=3 | latest_rows=1500 | recent_rows=1500","logger":"unusual_prefix_faea391ec71b1d4b4651510353e4a48d62001c31_2_refresh_traffic_speed","filename":"2_refresh_traffic_speed.py","lineno":61}
{"timestamp":"2026-04-09T13:36:59.177834Z","level":"info","event":"========== PAGE START ==========","logger":"lta_common","filename":"lta_common.py","lineno":52}
{"timestamp":"2026-04-09T13:36:59.177858Z","level":"info","event":"[FETCH] requesting rows 1500–1999","logger":"lta_common","filename":"lta_common.py","lineno":53}
{"timestamp":"2026-04-09T13:36:59.177891Z","level":"info","event":"Fetching page from LTA: skip=1500","logger":"lta_common","filename":"lta_common.py","lineno":35}
{"timestamp":"2026-04-09T13:37:00.327352Z","level":"info","event":"Retrieved 500 rows from LTA at skip=1500","logger":"lta_common","filename":"lta_common.py","lineno":43}
{"timestamp":"2026-04-09T13:37:00.329160Z","level":"info","event":"[FETCH DONE] retrieved=500 rows at skip=1500","logger":"lta_common","filename":"lta_common.py","lineno":58}
{"timestamp":"2026-04-09T13:37:00.329514Z","level":"info","event":"STEP 5: processing page skip=1500 rows=500","logger":"unusual_prefix_faea391ec71b1d4b4651510353e4a48d62001c31_2_refresh_traffic_speed","filename":"2_refresh_traffic_speed.py","lineno":46}
{"timestamp":"2026-04-09T13:37:00.330696Z","level":"info","event":"STEP 6: built snapshot dataframe rows=500","logger":"unusual_prefix_faea391ec71b1d4b4651510353e4a48d62001c31_2_refresh_traffic_speed","filename":"2_refresh_traffic_speed.py","lineno":49}
{"timestamp":"2026-04-09T13:37:00.331399Z","level":"info","event":"[SAVE START] inserting 500 rows into traffic_speed_latest","logger":"lta_common","filename":"lta_common.py","lineno":174}
{"timestamp":"2026-04-09T13:37:00.709811Z","level":"info","event":"[SAVE DONE] inserted=500 rows into traffic_speed_latest","logger":"lta_common","filename":"lta_common.py","lineno":192}
{"timestamp":"2026-04-09T13:37:00.712957Z","level":"info","event":"[SAVE START] inserting 500 rows into traffic_speed_recent","logger":"lta_common","filename":"lta_common.py","lineno":174}
{"timestamp":"2026-04-09T13:37:01.092136Z","level":"info","event":"[SAVE DONE] inserted=500 rows into traffic_speed_recent","logger":"lta_common","filename":"lta_common.py","lineno":192}
{"timestamp":"2026-04-09T13:37:01.092769Z","level":"info","event":"STEP 7: page saved skip=1500 | pages=4 | latest_rows=2000 | recent_rows=2000","logger":"unusual_prefix_faea391ec71b1d4b4651510353e4a48d62001c31_2_refresh_traffic_speed","filename":"2_refresh_traffic_speed.py","lineno":61}
{"timestamp":"2026-04-09T13:37:01.092900Z","level":"info","event":"========== PAGE START ==========","logger":"lta_common","filename":"lta_common.py","lineno":52}
{"timestamp":"2026-04-09T13:37:01.092996Z","level":"info","event":"[FETCH] requesting rows 2000–2499","logger":"lta_common","filename":"lta_common.py","lineno":53}
{"timestamp":"2026-04-09T13:37:01.093124Z","level":"info","event":"Fetching page from LTA: skip=2000","logger":"lta_common","filename":"lta_common.py","lineno":35}
{"timestamp":"2026-04-09T13:37:03.029514Z","level":"info","event":"Retrieved 500 rows from LTA at skip=2000","logger":"lta_common","filename":"lta_common.py","lineno":43}
{"timestamp":"2026-04-09T13:37:03.030621Z","level":"info","event":"[FETCH DONE] retrieved=500 rows at skip=2000","logger":"lta_common","filename":"lta_common.py","lineno":58}
{"timestamp":"2026-04-09T13:37:03.030821Z","level":"info","event":"STEP 5: processing page skip=2000 rows=500","logger":"unusual_prefix_faea391ec71b1d4b4651510353e4a48d62001c31_2_refresh_traffic_speed","filename":"2_refresh_traffic_speed.py","lineno":46}
{"timestamp":"2026-04-09T13:37:03.031571Z","level":"info","event":"STEP 6: built snapshot dataframe rows=500","logger":"unusual_prefix_faea391ec71b1d4b4651510353e4a48d62001c31_2_refresh_traffic_speed","filename":"2_refresh_traffic_speed.py","lineno":49}
{"timestamp":"2026-04-09T13:37:03.031980Z","level":"info","event":"[SAVE START] inserting 500 rows into traffic_speed_latest","logger":"lta_common","filename":"lta_common.py","lineno":174}
{"timestamp":"2026-04-09T13:37:03.407596Z","level":"info","event":"[SAVE DONE] inserted=500 rows into traffic_speed_latest","logger":"lta_common","filename":"lta_common.py","lineno":192}
{"timestamp":"2026-04-09T13:37:03.408211Z","level":"info","event":"[SAVE START] inserting 500 rows into traffic_speed_recent","logger":"lta_common","filename":"lta_common.py","lineno":174}
{"timestamp":"2026-04-09T13:37:04.488474Z","level":"info","event":"[SAVE DONE] inserted=500 rows into traffic_speed_recent","logger":"lta_common","filename":"lta_common.py","lineno":192}
{"timestamp":"2026-04-09T13:37:04.488922Z","level":"info","event":"STEP 7: page saved skip=2000 | pages=5 | latest_rows=2500 | recent_rows=2500","logger":"unusual_prefix_faea391ec71b1d4b4651510353e4a48d62001c31_2_refresh_traffic_speed","filename":"2_refresh_traffic_speed.py","lineno":61}
{"timestamp":"2026-04-09T13:37:04.489029Z","level":"info","event":"========== PAGE START ==========","logger":"lta_common","filename":"lta_common.py","lineno":52}
{"timestamp":"2026-04-09T13:37:04.489175Z","level":"info","event":"[FETCH] requesting rows 2500–2999","logger":"lta_common","filename":"lta_common.py","lineno":53}
{"timestamp":"2026-04-09T13:37:04.489294Z","level":"info","event":"Fetching page from LTA: skip=2500","logger":"lta_common","filename":"lta_common.py","lineno":35}
{"timestamp":"2026-04-09T13:37:05.625636Z","level":"info","event":"Retrieved 500 rows from LTA at skip=2500","logger":"lta_common","filename":"lta_common.py","lineno":43}
{"timestamp":"2026-04-09T13:37:05.633778Z","level":"info","event":"[FETCH DONE] retrieved=500 rows at skip=2500","logger":"lta_common","filename":"lta_common.py","lineno":58}
{"timestamp":"2026-04-09T13:37:05.635811Z","level":"info","event":"STEP 5: processing page skip=2500 rows=500","logger":"unusual_prefix_faea391ec71b1d4b4651510353e4a48d62001c31_2_refresh_traffic_speed","filename":"2_refresh_traffic_speed.py","lineno":46}
{"timestamp":"2026-04-09T13:37:05.640544Z","level":"info","event":"STEP 6: built snapshot dataframe rows=500","logger":"unusual_prefix_faea391ec71b1d4b4651510353e4a48d62001c31_2_refresh_traffic_speed","filename":"2_refresh_traffic_speed.py","lineno":49}
{"timestamp":"2026-04-09T13:37:05.642275Z","level":"info","event":"[SAVE START] inserting 500 rows into traffic_speed_latest","logger":"lta_common","filename":"lta_common.py","lineno":174}
{"timestamp":"2026-04-09T13:37:06.579936Z","level":"info","event":"[SAVE DONE] inserted=500 rows into traffic_speed_latest","logger":"lta_common","filename":"lta_common.py","lineno":192}
{"timestamp":"2026-04-09T13:37:06.582575Z","level":"info","event":"[SAVE START] inserting 500 rows into traffic_speed_recent","logger":"lta_common","filename":"lta_common.py","lineno":174}
{"timestamp":"2026-04-09T13:37:07.399247Z","level":"info","event":"[SAVE DONE] inserted=500 rows into traffic_speed_recent","logger":"lta_common","filename":"lta_common.py","lineno":192}
{"timestamp":"2026-04-09T13:37:07.399387Z","level":"info","event":"STEP 7: page saved skip=2500 | pages=6 | latest_rows=3000 | recent_rows=3000","logger":"unusual_prefix_faea391ec71b1d4b4651510353e4a48d62001c31_2_refresh_traffic_speed","filename":"2_refresh_traffic_speed.py","lineno":61}
{"timestamp":"2026-04-09T13:37:07.399423Z","level":"info","event":"========== PAGE START ==========","logger":"lta_common","filename":"lta_common.py","lineno":52}
{"timestamp":"2026-04-09T13:37:07.399447Z","level":"info","event":"[FETCH] requesting rows 3000–3499","logger":"lta_common","filename":"lta_common.py","lineno":53}
{"timestamp":"2026-04-09T13:37:07.399478Z","level":"info","event":"Fetching page from LTA: skip=3000","logger":"lta_common","filename":"lta_common.py","lineno":35}
{"timestamp":"2026-04-09T13:37:10.942158Z","level":"info","event":"Retrieved 500 rows from LTA at skip=3000","logger":"lta_common","filename":"lta_common.py","lineno":43}
{"timestamp":"2026-04-09T13:37:10.948804Z","level":"info","event":"[FETCH DONE] retrieved=500 rows at skip=3000","logger":"lta_common","filename":"lta_common.py","lineno":58}
{"timestamp":"2026-04-09T13:37:10.949679Z","level":"info","event":"STEP 5: processing page skip=3000 rows=500","logger":"unusual_prefix_faea391ec71b1d4b4651510353e4a48d62001c31_2_refresh_traffic_speed","filename":"2_refresh_traffic_speed.py","lineno":46}
{"timestamp":"2026-04-09T13:37:10.953277Z","level":"info","event":"STEP 6: built snapshot dataframe rows=500","logger":"unusual_prefix_faea391ec71b1d4b4651510353e4a48d62001c31_2_refresh_traffic_speed","filename":"2_refresh_traffic_speed.py","lineno":49}
{"timestamp":"2026-04-09T13:37:10.955703Z","level":"info","event":"[SAVE START] inserting 500 rows into traffic_speed_latest","logger":"lta_common","filename":"lta_common.py","lineno":174}
{"timestamp":"2026-04-09T13:37:11.462228Z","level":"info","event":"[SAVE DONE] inserted=500 rows into traffic_speed_latest","logger":"lta_common","filename":"lta_common.py","lineno":192}
{"timestamp":"2026-04-09T13:37:11.464756Z","level":"info","event":"[SAVE START] inserting 500 rows into traffic_speed_recent","logger":"lta_common","filename":"lta_common.py","lineno":174}
{"timestamp":"2026-04-09T13:37:12.159217Z","level":"info","event":"[SAVE DONE] inserted=500 rows into traffic_speed_recent","logger":"lta_common","filename":"lta_common.py","lineno":192}
{"timestamp":"2026-04-09T13:37:12.159342Z","level":"info","event":"STEP 7: page saved skip=3000 | pages=7 | latest_rows=3500 | recent_rows=3500","logger":"unusual_prefix_faea391ec71b1d4b4651510353e4a48d62001c31_2_refresh_traffic_speed","filename":"2_refresh_traffic_speed.py","lineno":61}
{"timestamp":"2026-04-09T13:37:12.159384Z","level":"info","event":"========== PAGE START ==========","logger":"lta_common","filename":"lta_common.py","lineno":52}
{"timestamp":"2026-04-09T13:37:12.159409Z","level":"info","event":"[FETCH] requesting rows 3500–3999","logger":"lta_common","filename":"lta_common.py","lineno":53}
{"timestamp":"2026-04-09T13:37:12.159450Z","level":"info","event":"Fetching page from LTA: skip=3500","logger":"lta_common","filename":"lta_common.py","lineno":35}
{"timestamp":"2026-04-09T13:37:13.674072Z","level":"info","event":"Retrieved 500 rows from LTA at skip=3500","logger":"lta_common","filename":"lta_common.py","lineno":43}
{"timestamp":"2026-04-09T13:37:13.675970Z","level":"info","event":"[FETCH DONE] retrieved=500 rows at skip=3500","logger":"lta_common","filename":"lta_common.py","lineno":58}
{"timestamp":"2026-04-09T13:37:13.676297Z","level":"info","event":"STEP 5: processing page skip=3500 rows=500","logger":"unusual_prefix_faea391ec71b1d4b4651510353e4a48d62001c31_2_refresh_traffic_speed","filename":"2_refresh_traffic_speed.py","lineno":46}
{"timestamp":"2026-04-09T13:37:13.677469Z","level":"info","event":"STEP 6: built snapshot dataframe rows=500","logger":"unusual_prefix_faea391ec71b1d4b4651510353e4a48d62001c31_2_refresh_traffic_speed","filename":"2_refresh_traffic_speed.py","lineno":49}
{"timestamp":"2026-04-09T13:37:13.678119Z","level":"info","event":"[SAVE START] inserting 500 rows into traffic_speed_latest","logger":"lta_common","filename":"lta_common.py","lineno":174}
{"timestamp":"2026-04-09T13:37:14.473311Z","level":"info","event":"[SAVE DONE] inserted=500 rows into traffic_speed_latest","logger":"lta_common","filename":"lta_common.py","lineno":192}
{"timestamp":"2026-04-09T13:37:14.476487Z","level":"info","event":"[SAVE START] inserting 500 rows into traffic_speed_recent","logger":"lta_common","filename":"lta_common.py","lineno":174}
{"timestamp":"2026-04-09T13:37:14.860071Z","level":"info","event":"[SAVE DONE] inserted=500 rows into traffic_speed_recent","logger":"lta_common","filename":"lta_common.py","lineno":192}
{"timestamp":"2026-04-09T13:37:14.860863Z","level":"info","event":"STEP 7: page saved skip=3500 | pages=8 | latest_rows=4000 | recent_rows=4000","logger":"unusual_prefix_faea391ec71b1d4b4651510353e4a48d62001c31_2_refresh_traffic_speed","filename":"2_refresh_traffic_speed.py","lineno":61}
{"timestamp":"2026-04-09T13:37:14.861090Z","level":"info","event":"========== PAGE START ==========","logger":"lta_common","filename":"lta_common.py","lineno":52}
{"timestamp":"2026-04-09T13:37:14.861266Z","level":"info","event":"[FETCH] requesting rows 4000–4499","logger":"lta_common","filename":"lta_common.py","lineno":53}
{"timestamp":"2026-04-09T13:37:14.861471Z","level":"info","event":"Fetching page from LTA: skip=4000","logger":"lta_common","filename":"lta_common.py","lineno":35}
{"timestamp":"2026-04-09T13:37:16.143464Z","level":"info","event":"Retrieved 500 rows from LTA at skip=4000","logger":"lta_common","filename":"lta_common.py","lineno":43}
{"timestamp":"2026-04-09T13:37:16.144929Z","level":"info","event":"[FETCH DONE] retrieved=500 rows at skip=4000","logger":"lta_common","filename":"lta_common.py","lineno":58}
{"timestamp":"2026-04-09T13:37:16.145050Z","level":"info","event":"STEP 5: processing page skip=4000 rows=500","logger":"unusual_prefix_faea391ec71b1d4b4651510353e4a48d62001c31_2_refresh_traffic_speed","filename":"2_refresh_traffic_speed.py","lineno":46}
{"timestamp":"2026-04-09T13:37:16.145929Z","level":"info","event":"STEP 6: built snapshot dataframe rows=500","logger":"unusual_prefix_faea391ec71b1d4b4651510353e4a48d62001c31_2_refresh_traffic_speed","filename":"2_refresh_traffic_speed.py","lineno":49}
{"timestamp":"2026-04-09T13:37:16.146372Z","level":"info","event":"[SAVE START] inserting 500 rows into traffic_speed_latest","logger":"lta_common","filename":"lta_common.py","lineno":174}
{"timestamp":"2026-04-09T13:37:16.854283Z","level":"info","event":"[SAVE DONE] inserted=500 rows into traffic_speed_latest","logger":"lta_common","filename":"lta_common.py","lineno":192}
{"timestamp":"2026-04-09T13:37:16.855014Z","level":"info","event":"[SAVE START] inserting 500 rows into traffic_speed_recent","logger":"lta_common","filename":"lta_common.py","lineno":174}
{"timestamp":"2026-04-09T13:37:17.748594Z","level":"info","event":"[SAVE DONE] inserted=500 rows into traffic_speed_recent","logger":"lta_common","filename":"lta_common.py","lineno":192}
{"timestamp":"2026-04-09T13:37:17.749028Z","level":"info","event":"STEP 7: page saved skip=4000 | pages=9 | latest_rows=4500 | recent_rows=4500","logger":"unusual_prefix_faea391ec71b1d4b4651510353e4a48d62001c31_2_refresh_traffic_speed","filename":"2_refresh_traffic_speed.py","lineno":61}
{"timestamp":"2026-04-09T13:37:17.767051Z","level":"info","event":"========== PAGE START ==========","logger":"lta_common","filename":"lta_common.py","lineno":52}
{"timestamp":"2026-04-09T13:37:17.783352Z","level":"info","event":"[FETCH] requesting rows 4500–4999","logger":"lta_common","filename":"lta_common.py","lineno":53}
{"timestamp":"2026-04-09T13:37:17.783892Z","level":"info","event":"Fetching page from LTA: skip=4500","logger":"lta_common","filename":"lta_common.py","lineno":35}
{"timestamp":"2026-04-09T13:37:19.286073Z","level":"info","event":"Retrieved 500 rows from LTA at skip=4500","logger":"lta_common","filename":"lta_common.py","lineno":43}
{"timestamp":"2026-04-09T13:37:19.290024Z","level":"info","event":"[FETCH DONE] retrieved=500 rows at skip=4500","logger":"lta_common","filename":"lta_common.py","lineno":58}
{"timestamp":"2026-04-09T13:37:19.290305Z","level":"info","event":"STEP 5: processing page skip=4500 rows=500","logger":"unusual_prefix_faea391ec71b1d4b4651510353e4a48d62001c31_2_refresh_traffic_speed","filename":"2_refresh_traffic_speed.py","lineno":46}
{"timestamp":"2026-04-09T13:37:19.292493Z","level":"info","event":"STEP 6: built snapshot dataframe rows=500","logger":"unusual_prefix_faea391ec71b1d4b4651510353e4a48d62001c31_2_refresh_traffic_speed","filename":"2_refresh_traffic_speed.py","lineno":49}
{"timestamp":"2026-04-09T13:37:19.293722Z","level":"info","event":"[SAVE START] inserting 500 rows into traffic_speed_latest","logger":"lta_common","filename":"lta_common.py","lineno":174}
{"timestamp":"2026-04-09T13:37:19.660170Z","level":"info","event":"[SAVE DONE] inserted=500 rows into traffic_speed_latest","logger":"lta_common","filename":"lta_common.py","lineno":192}
{"timestamp":"2026-04-09T13:37:19.663376Z","level":"info","event":"[SAVE START] inserting 500 rows into traffic_speed_recent","logger":"lta_common","filename":"lta_common.py","lineno":174}
{"timestamp":"2026-04-09T13:37:20.039985Z","level":"info","event":"[SAVE DONE] inserted=500 rows into traffic_speed_recent","logger":"lta_common","filename":"lta_common.py","lineno":192}
{"timestamp":"2026-04-09T13:37:20.040657Z","level":"info","event":"STEP 7: page saved skip=4500 | pages=10 | latest_rows=5000 | recent_rows=5000","logger":"unusual_prefix_faea391ec71b1d4b4651510353e4a48d62001c31_2_refresh_traffic_speed","filename":"2_refresh_traffic_speed.py","lineno":61}
{"timestamp":"2026-04-09T13:37:20.040875Z","level":"info","event":"========== PAGE START ==========","logger":"lta_common","filename":"lta_common.py","lineno":52}
{"timestamp":"2026-04-09T13:37:20.041014Z","level":"info","event":"[FETCH] requesting rows 5000–5499","logger":"lta_common","filename":"lta_common.py","lineno":53}
{"timestamp":"2026-04-09T13:37:20.041118Z","level":"info","event":"Fetching page from LTA: skip=5000","logger":"lta_common","filename":"lta_common.py","lineno":35}
{"timestamp":"2026-04-09T13:37:22.253594Z","level":"info","event":"Retrieved 500 rows from LTA at skip=5000","logger":"lta_common","filename":"lta_common.py","lineno":43}
{"timestamp":"2026-04-09T13:37:22.257929Z","level":"info","event":"[FETCH DONE] retrieved=500 rows at skip=5000","logger":"lta_common","filename":"lta_common.py","lineno":58}
{"timestamp":"2026-04-09T13:37:22.258150Z","level":"info","event":"STEP 5: processing page skip=5000 rows=500","logger":"unusual_prefix_faea391ec71b1d4b4651510353e4a48d62001c31_2_refresh_traffic_speed","filename":"2_refresh_traffic_speed.py","lineno":46}
{"timestamp":"2026-04-09T13:37:22.260324Z","level":"info","event":"STEP 6: built snapshot dataframe rows=500","logger":"unusual_prefix_faea391ec71b1d4b4651510353e4a48d62001c31_2_refresh_traffic_speed","filename":"2_refresh_traffic_speed.py","lineno":49}
{"timestamp":"2026-04-09T13:37:22.261094Z","level":"info","event":"[SAVE START] inserting 500 rows into traffic_speed_latest","logger":"lta_common","filename":"lta_common.py","lineno":174}
{"timestamp":"2026-04-09T13:37:22.610221Z","level":"info","event":"[SAVE DONE] inserted=500 rows into traffic_speed_latest","logger":"lta_common","filename":"lta_common.py","lineno":192}
{"timestamp":"2026-04-09T13:37:22.610894Z","level":"info","event":"[SAVE START] inserting 500 rows into traffic_speed_recent","logger":"lta_common","filename":"lta_common.py","lineno":174}
{"timestamp":"2026-04-09T13:37:22.977843Z","level":"info","event":"[SAVE DONE] inserted=500 rows into traffic_speed_recent","logger":"lta_common","filename":"lta_common.py","lineno":192}
{"timestamp":"2026-04-09T13:37:22.977996Z","level":"info","event":"STEP 7: page saved skip=5000 | pages=11 | latest_rows=5500 | recent_rows=5500","logger":"unusual_prefix_faea391ec71b1d4b4651510353e4a48d62001c31_2_refresh_traffic_speed","filename":"2_refresh_traffic_speed.py","lineno":61}
{"timestamp":"2026-04-09T13:37:22.978034Z","level":"info","event":"========== PAGE START ==========","logger":"lta_common","filename":"lta_common.py","lineno":52}
{"timestamp":"2026-04-09T13:37:22.978073Z","level":"info","event":"[FETCH] requesting rows 5500–5999","logger":"lta_common","filename":"lta_common.py","lineno":53}
{"timestamp":"2026-04-09T13:37:22.978108Z","level":"info","event":"Fetching page from LTA: skip=5500","logger":"lta_common","filename":"lta_common.py","lineno":35}
{"timestamp":"2026-04-09T13:37:24.914823Z","level":"info","event":"Retrieved 500 rows from LTA at skip=5500","logger":"lta_common","filename":"lta_common.py","lineno":43}
{"timestamp":"2026-04-09T13:37:24.917261Z","level":"info","event":"[FETCH DONE] retrieved=500 rows at skip=5500","logger":"lta_common","filename":"lta_common.py","lineno":58}
{"timestamp":"2026-04-09T13:37:24.917638Z","level":"info","event":"STEP 5: processing page skip=5500 rows=500","logger":"unusual_prefix_faea391ec71b1d4b4651510353e4a48d62001c31_2_refresh_traffic_speed","filename":"2_refresh_traffic_speed.py","lineno":46}
{"timestamp":"2026-04-09T13:37:24.919793Z","level":"info","event":"STEP 6: built snapshot dataframe rows=500","logger":"unusual_prefix_faea391ec71b1d4b4651510353e4a48d62001c31_2_refresh_traffic_speed","filename":"2_refresh_traffic_speed.py","lineno":49}
{"timestamp":"2026-04-09T13:37:24.920412Z","level":"info","event":"[SAVE START] inserting 500 rows into traffic_speed_latest","logger":"lta_common","filename":"lta_common.py","lineno":174}
{"timestamp":"2026-04-09T13:37:25.654336Z","level":"info","event":"[SAVE DONE] inserted=500 rows into traffic_speed_latest","logger":"lta_common","filename":"lta_common.py","lineno":192}
{"timestamp":"2026-04-09T13:37:25.656050Z","level":"info","event":"[SAVE START] inserting 500 rows into traffic_speed_recent","logger":"lta_common","filename":"lta_common.py","lineno":174}
{"timestamp":"2026-04-09T13:37:26.535543Z","level":"info","event":"[SAVE DONE] inserted=500 rows into traffic_speed_recent","logger":"lta_common","filename":"lta_common.py","lineno":192}
{"timestamp":"2026-04-09T13:37:26.535848Z","level":"info","event":"STEP 7: page saved skip=5500 | pages=12 | latest_rows=6000 | recent_rows=6000","logger":"unusual_prefix_faea391ec71b1d4b4651510353e4a48d62001c31_2_refresh_traffic_speed","filename":"2_refresh_traffic_speed.py","lineno":61}
{"timestamp":"2026-04-09T13:37:26.535893Z","level":"info","event":"========== PAGE START ==========","logger":"lta_common","filename":"lta_common.py","lineno":52}
{"timestamp":"2026-04-09T13:37:26.535921Z","level":"info","event":"[FETCH] requesting rows 6000–6499","logger":"lta_common","filename":"lta_common.py","lineno":53}
{"timestamp":"2026-04-09T13:37:26.536057Z","level":"info","event":"Fetching page from LTA: skip=6000","logger":"lta_common","filename":"lta_common.py","lineno":35}
{"timestamp":"2026-04-09T13:37:27.504251Z","level":"info","event":"Retrieved 500 rows from LTA at skip=6000","logger":"lta_common","filename":"lta_common.py","lineno":43}
{"timestamp":"2026-04-09T13:37:27.507506Z","level":"info","event":"[FETCH DONE] retrieved=500 rows at skip=6000","logger":"lta_common","filename":"lta_common.py","lineno":58}
{"timestamp":"2026-04-09T13:37:27.507791Z","level":"info","event":"STEP 5: processing page skip=6000 rows=500","logger":"unusual_prefix_faea391ec71b1d4b4651510353e4a48d62001c31_2_refresh_traffic_speed","filename":"2_refresh_traffic_speed.py","lineno":46}
{"timestamp":"2026-04-09T13:37:27.509912Z","level":"info","event":"STEP 6: built snapshot dataframe rows=500","logger":"unusual_prefix_faea391ec71b1d4b4651510353e4a48d62001c31_2_refresh_traffic_speed","filename":"2_refresh_traffic_speed.py","lineno":49}
{"timestamp":"2026-04-09T13:37:27.510658Z","level":"info","event":"[SAVE START] inserting 500 rows into traffic_speed_latest","logger":"lta_common","filename":"lta_common.py","lineno":174}
{"timestamp":"2026-04-09T13:37:28.185849Z","level":"info","event":"[SAVE DONE] inserted=500 rows into traffic_speed_latest","logger":"lta_common","filename":"lta_common.py","lineno":192}
{"timestamp":"2026-04-09T13:37:28.186887Z","level":"info","event":"[SAVE START] inserting 500 rows into traffic_speed_recent","logger":"lta_common","filename":"lta_common.py","lineno":174}
{"timestamp":"2026-04-09T13:37:29.021929Z","level":"info","event":"[SAVE DONE] inserted=500 rows into traffic_speed_recent","logger":"lta_common","filename":"lta_common.py","lineno":192}
{"timestamp":"2026-04-09T13:37:29.022726Z","level":"info","event":"STEP 7: page saved skip=6000 | pages=13 | latest_rows=6500 | recent_rows=6500","logger":"unusual_prefix_faea391ec71b1d4b4651510353e4a48d62001c31_2_refresh_traffic_speed","filename":"2_refresh_traffic_speed.py","lineno":61}
{"timestamp":"2026-04-09T13:37:29.022967Z","level":"info","event":"========== PAGE START ==========","logger":"lta_common","filename":"lta_common.py","lineno":52}
{"timestamp":"2026-04-09T13:37:29.023133Z","level":"info","event":"[FETCH] requesting rows 6500–6999","logger":"lta_common","filename":"lta_common.py","lineno":53}
{"timestamp":"2026-04-09T13:37:29.023343Z","level":"info","event":"Fetching page from LTA: skip=6500","logger":"lta_common","filename":"lta_common.py","lineno":35}
{"timestamp":"2026-04-09T13:37:31.329894Z","level":"info","event":"Retrieved 500 rows from LTA at skip=6500","logger":"lta_common","filename":"lta_common.py","lineno":43}
{"timestamp":"2026-04-09T13:37:31.331802Z","level":"info","event":"[FETCH DONE] retrieved=500 rows at skip=6500","logger":"lta_common","filename":"lta_common.py","lineno":58}
{"timestamp":"2026-04-09T13:37:31.332054Z","level":"info","event":"STEP 5: processing page skip=6500 rows=500","logger":"unusual_prefix_faea391ec71b1d4b4651510353e4a48d62001c31_2_refresh_traffic_speed","filename":"2_refresh_traffic_speed.py","lineno":46}
{"timestamp":"2026-04-09T13:37:31.333321Z","level":"info","event":"STEP 6: built snapshot dataframe rows=500","logger":"unusual_prefix_faea391ec71b1d4b4651510353e4a48d62001c31_2_refresh_traffic_speed","filename":"2_refresh_traffic_speed.py","lineno":49}
{"timestamp":"2026-04-09T13:37:31.333832Z","level":"info","event":"[SAVE START] inserting 500 rows into traffic_speed_latest","logger":"lta_common","filename":"lta_common.py","lineno":174}
{"timestamp":"2026-04-09T13:37:31.918399Z","level":"info","event":"[SAVE DONE] inserted=500 rows into traffic_speed_latest","logger":"lta_common","filename":"lta_common.py","lineno":192}
{"timestamp":"2026-04-09T13:37:31.919158Z","level":"info","event":"[SAVE START] inserting 500 rows into traffic_speed_recent","logger":"lta_common","filename":"lta_common.py","lineno":174}
{"timestamp":"2026-04-09T13:37:32.500250Z","level":"info","event":"[SAVE DONE] inserted=500 rows into traffic_speed_recent","logger":"lta_common","filename":"lta_common.py","lineno":192}
{"timestamp":"2026-04-09T13:37:32.500391Z","level":"info","event":"STEP 7: page saved skip=6500 | pages=14 | latest_rows=7000 | recent_rows=7000","logger":"unusual_prefix_faea391ec71b1d4b4651510353e4a48d62001c31_2_refresh_traffic_speed","filename":"2_refresh_traffic_speed.py","lineno":61}
{"timestamp":"2026-04-09T13:37:32.500424Z","level":"info","event":"========== PAGE START ==========","logger":"lta_common","filename":"lta_common.py","lineno":52}
{"timestamp":"2026-04-09T13:37:32.500456Z","level":"info","event":"[FETCH] requesting rows 7000–7499","logger":"lta_common","filename":"lta_common.py","lineno":53}
{"timestamp":"2026-04-09T13:37:32.500518Z","level":"info","event":"Fetching page from LTA: skip=7000","logger":"lta_common","filename":"lta_common.py","lineno":35}
{"timestamp":"2026-04-09T13:37:34.367537Z","level":"info","event":"Retrieved 500 rows from LTA at skip=7000","logger":"lta_common","filename":"lta_common.py","lineno":43}
{"timestamp":"2026-04-09T13:37:34.375048Z","level":"info","event":"[FETCH DONE] retrieved=500 rows at skip=7000","logger":"lta_common","filename":"lta_common.py","lineno":58}
{"timestamp":"2026-04-09T13:37:34.375908Z","level":"info","event":"STEP 5: processing page skip=7000 rows=500","logger":"unusual_prefix_faea391ec71b1d4b4651510353e4a48d62001c31_2_refresh_traffic_speed","filename":"2_refresh_traffic_speed.py","lineno":46}
{"timestamp":"2026-04-09T13:37:34.380883Z","level":"info","event":"STEP 6: built snapshot dataframe rows=500","logger":"unusual_prefix_faea391ec71b1d4b4651510353e4a48d62001c31_2_refresh_traffic_speed","filename":"2_refresh_traffic_speed.py","lineno":49}
{"timestamp":"2026-04-09T13:37:34.382900Z","level":"info","event":"[SAVE START] inserting 500 rows into traffic_speed_latest","logger":"lta_common","filename":"lta_common.py","lineno":174}
{"timestamp":"2026-04-09T13:37:34.877966Z","level":"info","event":"[SAVE DONE] inserted=500 rows into traffic_speed_latest","logger":"lta_common","filename":"lta_common.py","lineno":192}
{"timestamp":"2026-04-09T13:37:34.880587Z","level":"info","event":"[SAVE START] inserting 500 rows into traffic_speed_recent","logger":"lta_common","filename":"lta_common.py","lineno":174}
{"timestamp":"2026-04-09T13:37:35.567277Z","level":"info","event":"[SAVE DONE] inserted=500 rows into traffic_speed_recent","logger":"lta_common","filename":"lta_common.py","lineno":192}
{"timestamp":"2026-04-09T13:37:35.568201Z","level":"info","event":"STEP 7: page saved skip=7000 | pages=15 | latest_rows=7500 | recent_rows=7500","logger":"unusual_prefix_faea391ec71b1d4b4651510353e4a48d62001c31_2_refresh_traffic_speed","filename":"2_refresh_traffic_speed.py","lineno":61}
{"timestamp":"2026-04-09T13:37:35.568349Z","level":"info","event":"========== PAGE START ==========","logger":"lta_common","filename":"lta_common.py","lineno":52}
{"timestamp":"2026-04-09T13:37:35.568451Z","level":"info","event":"[FETCH] requesting rows 7500–7999","logger":"lta_common","filename":"lta_common.py","lineno":53}
{"timestamp":"2026-04-09T13:37:35.568600Z","level":"info","event":"Fetching page from LTA: skip=7500","logger":"lta_common","filename":"lta_common.py","lineno":35}
{"timestamp":"2026-04-09T13:37:37.152772Z","level":"info","event":"Retrieved 500 rows from LTA at skip=7500","logger":"lta_common","filename":"lta_common.py","lineno":43}
{"timestamp":"2026-04-09T13:37:37.155591Z","level":"info","event":"[FETCH DONE] retrieved=500 rows at skip=7500","logger":"lta_common","filename":"lta_common.py","lineno":58}
{"timestamp":"2026-04-09T13:37:37.155839Z","level":"info","event":"STEP 5: processing page skip=7500 rows=500","logger":"unusual_prefix_faea391ec71b1d4b4651510353e4a48d62001c31_2_refresh_traffic_speed","filename":"2_refresh_traffic_speed.py","lineno":46}
{"timestamp":"2026-04-09T13:37:37.157811Z","level":"info","event":"STEP 6: built snapshot dataframe rows=500","logger":"unusual_prefix_faea391ec71b1d4b4651510353e4a48d62001c31_2_refresh_traffic_speed","filename":"2_refresh_traffic_speed.py","lineno":49}
{"timestamp":"2026-04-09T13:37:37.158377Z","level":"info","event":"[SAVE START] inserting 500 rows into traffic_speed_latest","logger":"lta_common","filename":"lta_common.py","lineno":174}
{"timestamp":"2026-04-09T13:37:38.358013Z","level":"info","event":"[SAVE DONE] inserted=500 rows into traffic_speed_latest","logger":"lta_common","filename":"lta_common.py","lineno":192}
{"timestamp":"2026-04-09T13:37:38.359776Z","level":"info","event":"[SAVE START] inserting 500 rows into traffic_speed_recent","logger":"lta_common","filename":"lta_common.py","lineno":174}
{"timestamp":"2026-04-09T13:37:39.706005Z","level":"info","event":"[SAVE DONE] inserted=500 rows into traffic_speed_recent","logger":"lta_common","filename":"lta_common.py","lineno":192}
{"timestamp":"2026-04-09T13:37:39.706760Z","level":"info","event":"STEP 7: page saved skip=7500 | pages=16 | latest_rows=8000 | recent_rows=8000","logger":"unusual_prefix_faea391ec71b1d4b4651510353e4a48d62001c31_2_refresh_traffic_speed","filename":"2_refresh_traffic_speed.py","lineno":61}
{"timestamp":"2026-04-09T13:37:39.706982Z","level":"info","event":"========== PAGE START ==========","logger":"lta_common","filename":"lta_common.py","lineno":52}
{"timestamp":"2026-04-09T13:37:39.707179Z","level":"info","event":"[FETCH] requesting rows 8000–8499","logger":"lta_common","filename":"lta_common.py","lineno":53}
{"timestamp":"2026-04-09T13:37:39.707425Z","level":"info","event":"Fetching page from LTA: skip=8000","logger":"lta_common","filename":"lta_common.py","lineno":35}
{"timestamp":"2026-04-09T13:37:40.617077Z","level":"info","event":"Retrieved 500 rows from LTA at skip=8000","logger":"lta_common","filename":"lta_common.py","lineno":43}
{"timestamp":"2026-04-09T13:37:40.624007Z","level":"info","event":"[FETCH DONE] retrieved=500 rows at skip=8000","logger":"lta_common","filename":"lta_common.py","lineno":58}
{"timestamp":"2026-04-09T13:37:40.625013Z","level":"info","event":"STEP 5: processing page skip=8000 rows=500","logger":"unusual_prefix_faea391ec71b1d4b4651510353e4a48d62001c31_2_refresh_traffic_speed","filename":"2_refresh_traffic_speed.py","lineno":46}
{"timestamp":"2026-04-09T13:37:40.630246Z","level":"info","event":"STEP 6: built snapshot dataframe rows=500","logger":"unusual_prefix_faea391ec71b1d4b4651510353e4a48d62001c31_2_refresh_traffic_speed","filename":"2_refresh_traffic_speed.py","lineno":49}
{"timestamp":"2026-04-09T13:37:40.631659Z","level":"info","event":"[SAVE START] inserting 500 rows into traffic_speed_latest","logger":"lta_common","filename":"lta_common.py","lineno":174}
{"timestamp":"2026-04-09T13:37:41.209458Z","level":"info","event":"[SAVE DONE] inserted=500 rows into traffic_speed_latest","logger":"lta_common","filename":"lta_common.py","lineno":192}
{"timestamp":"2026-04-09T13:37:41.210107Z","level":"info","event":"[SAVE START] inserting 500 rows into traffic_speed_recent","logger":"lta_common","filename":"lta_common.py","lineno":174}
{"timestamp":"2026-04-09T13:37:41.727825Z","level":"info","event":"[SAVE DONE] inserted=500 rows into traffic_speed_recent","logger":"lta_common","filename":"lta_common.py","lineno":192}
{"timestamp":"2026-04-09T13:37:41.727978Z","level":"info","event":"STEP 7: page saved skip=8000 | pages=17 | latest_rows=8500 | recent_rows=8500","logger":"unusual_prefix_faea391ec71b1d4b4651510353e4a48d62001c31_2_refresh_traffic_speed","filename":"2_refresh_traffic_speed.py","lineno":61}
{"timestamp":"2026-04-09T13:37:41.728011Z","level":"info","event":"========== PAGE START ==========","logger":"lta_common","filename":"lta_common.py","lineno":52}
{"timestamp":"2026-04-09T13:37:41.728033Z","level":"info","event":"[FETCH] requesting rows 8500–8999","logger":"lta_common","filename":"lta_common.py","lineno":53}
{"timestamp":"2026-04-09T13:37:41.728083Z","level":"info","event":"Fetching page from LTA: skip=8500","logger":"lta_common","filename":"lta_common.py","lineno":35}
{"timestamp":"2026-04-09T13:37:43.243829Z","level":"info","event":"Retrieved 500 rows from LTA at skip=8500","logger":"lta_common","filename":"lta_common.py","lineno":43}
{"timestamp":"2026-04-09T13:37:43.247244Z","level":"info","event":"[FETCH DONE] retrieved=500 rows at skip=8500","logger":"lta_common","filename":"lta_common.py","lineno":58}
{"timestamp":"2026-04-09T13:37:43.247843Z","level":"info","event":"STEP 5: processing page skip=8500 rows=500","logger":"unusual_prefix_faea391ec71b1d4b4651510353e4a48d62001c31_2_refresh_traffic_speed","filename":"2_refresh_traffic_speed.py","lineno":46}
{"timestamp":"2026-04-09T13:37:43.250080Z","level":"info","event":"STEP 6: built snapshot dataframe rows=500","logger":"unusual_prefix_faea391ec71b1d4b4651510353e4a48d62001c31_2_refresh_traffic_speed","filename":"2_refresh_traffic_speed.py","lineno":49}
{"timestamp":"2026-04-09T13:37:43.251130Z","level":"info","event":"[SAVE START] inserting 500 rows into traffic_speed_latest","logger":"lta_common","filename":"lta_common.py","lineno":174}
{"timestamp":"2026-04-09T13:37:43.778701Z","level":"info","event":"[SAVE DONE] inserted=500 rows into traffic_speed_latest","logger":"lta_common","filename":"lta_common.py","lineno":192}
{"timestamp":"2026-04-09T13:37:43.779862Z","level":"info","event":"[SAVE START] inserting 500 rows into traffic_speed_recent","logger":"lta_common","filename":"lta_common.py","lineno":174}
{"timestamp":"2026-04-09T13:37:44.251044Z","level":"info","event":"[SAVE DONE] inserted=500 rows into traffic_speed_recent","logger":"lta_common","filename":"lta_common.py","lineno":192}
{"timestamp":"2026-04-09T13:37:44.251671Z","level":"info","event":"STEP 7: page saved skip=8500 | pages=18 | latest_rows=9000 | recent_rows=9000","logger":"unusual_prefix_faea391ec71b1d4b4651510353e4a48d62001c31_2_refresh_traffic_speed","filename":"2_refresh_traffic_speed.py","lineno":61}
{"timestamp":"2026-04-09T13:37:44.251816Z","level":"info","event":"========== PAGE START ==========","logger":"lta_common","filename":"lta_common.py","lineno":52}
{"timestamp":"2026-04-09T13:37:44.251905Z","level":"info","event":"[FETCH] requesting rows 9000–9499","logger":"lta_common","filename":"lta_common.py","lineno":53}
{"timestamp":"2026-04-09T13:37:44.252026Z","level":"info","event":"Fetching page from LTA: skip=9000","logger":"lta_common","filename":"lta_common.py","lineno":35}
{"timestamp":"2026-04-09T13:37:46.353900Z","level":"info","event":"Retrieved 500 rows from LTA at skip=9000","logger":"lta_common","filename":"lta_common.py","lineno":43}
{"timestamp":"2026-04-09T13:37:46.358032Z","level":"info","event":"[FETCH DONE] retrieved=500 rows at skip=9000","logger":"lta_common","filename":"lta_common.py","lineno":58}
{"timestamp":"2026-04-09T13:37:46.358405Z","level":"info","event":"STEP 5: processing page skip=9000 rows=500","logger":"unusual_prefix_faea391ec71b1d4b4651510353e4a48d62001c31_2_refresh_traffic_speed","filename":"2_refresh_traffic_speed.py","lineno":46}
{"timestamp":"2026-04-09T13:37:46.361690Z","level":"info","event":"STEP 6: built snapshot dataframe rows=500","logger":"unusual_prefix_faea391ec71b1d4b4651510353e4a48d62001c31_2_refresh_traffic_speed","filename":"2_refresh_traffic_speed.py","lineno":49}
{"timestamp":"2026-04-09T13:37:46.363070Z","level":"info","event":"[SAVE START] inserting 500 rows into traffic_speed_latest","logger":"lta_common","filename":"lta_common.py","lineno":174}
{"timestamp":"2026-04-09T13:37:46.736730Z","level":"info","event":"[SAVE DONE] inserted=500 rows into traffic_speed_latest","logger":"lta_common","filename":"lta_common.py","lineno":192}
{"timestamp":"2026-04-09T13:37:46.737291Z","level":"info","event":"[SAVE START] inserting 500 rows into traffic_speed_recent","logger":"lta_common","filename":"lta_common.py","lineno":174}
{"timestamp":"2026-04-09T13:37:47.609868Z","level":"info","event":"[SAVE DONE] inserted=500 rows into traffic_speed_recent","logger":"lta_common","filename":"lta_common.py","lineno":192}
{"timestamp":"2026-04-09T13:37:47.610009Z","level":"info","event":"STEP 7: page saved skip=9000 | pages=19 | latest_rows=9500 | recent_rows=9500","logger":"unusual_prefix_faea391ec71b1d4b4651510353e4a48d62001c31_2_refresh_traffic_speed","filename":"2_refresh_traffic_speed.py","lineno":61}
{"timestamp":"2026-04-09T13:37:47.610046Z","level":"info","event":"========== PAGE START ==========","logger":"lta_common","filename":"lta_common.py","lineno":52}
{"timestamp":"2026-04-09T13:37:47.610082Z","level":"info","event":"[FETCH] requesting rows 9500–9999","logger":"lta_common","filename":"lta_common.py","lineno":53}
{"timestamp":"2026-04-09T13:37:47.610118Z","level":"info","event":"Fetching page from LTA: skip=9500","logger":"lta_common","filename":"lta_common.py","lineno":35}
{"timestamp":"2026-04-09T13:37:48.539407Z","level":"info","event":"Retrieved 500 rows from LTA at skip=9500","logger":"lta_common","filename":"lta_common.py","lineno":43}
{"timestamp":"2026-04-09T13:37:48.542800Z","level":"info","event":"[FETCH DONE] retrieved=500 rows at skip=9500","logger":"lta_common","filename":"lta_common.py","lineno":58}
{"timestamp":"2026-04-09T13:37:48.543134Z","level":"info","event":"STEP 5: processing page skip=9500 rows=500","logger":"unusual_prefix_faea391ec71b1d4b4651510353e4a48d62001c31_2_refresh_traffic_speed","filename":"2_refresh_traffic_speed.py","lineno":46}
{"timestamp":"2026-04-09T13:37:48.545412Z","level":"info","event":"STEP 6: built snapshot dataframe rows=500","logger":"unusual_prefix_faea391ec71b1d4b4651510353e4a48d62001c31_2_refresh_traffic_speed","filename":"2_refresh_traffic_speed.py","lineno":49}
{"timestamp":"2026-04-09T13:37:48.546474Z","level":"info","event":"[SAVE START] inserting 500 rows into traffic_speed_latest","logger":"lta_common","filename":"lta_common.py","lineno":174}
{"timestamp":"2026-04-09T13:37:49.045794Z","level":"info","event":"[SAVE DONE] inserted=500 rows into traffic_speed_latest","logger":"lta_common","filename":"lta_common.py","lineno":192}
{"timestamp":"2026-04-09T13:37:49.046859Z","level":"info","event":"[SAVE START] inserting 500 rows into traffic_speed_recent","logger":"lta_common","filename":"lta_common.py","lineno":174}
{"timestamp":"2026-04-09T13:37:49.631993Z","level":"info","event":"[SAVE DONE] inserted=500 rows into traffic_speed_recent","logger":"lta_common","filename":"lta_common.py","lineno":192}
{"timestamp":"2026-04-09T13:37:49.634224Z","level":"info","event":"STEP 7: page saved skip=9500 | pages=20 | latest_rows=10000 | recent_rows=10000","logger":"unusual_prefix_faea391ec71b1d4b4651510353e4a48d62001c31_2_refresh_traffic_speed","filename":"2_refresh_traffic_speed.py","lineno":61}
{"timestamp":"2026-04-09T13:37:49.635450Z","level":"info","event":"========== PAGE START ==========","logger":"lta_common","filename":"lta_common.py","lineno":52}
{"timestamp":"2026-04-09T13:37:49.635529Z","level":"info","event":"[FETCH] requesting rows 10000–10499","logger":"lta_common","filename":"lta_common.py","lineno":53}
{"timestamp":"2026-04-09T13:37:49.635739Z","level":"info","event":"Fetching page from LTA: skip=10000","logger":"lta_common","filename":"lta_common.py","lineno":35}
{"timestamp":"2026-04-09T13:37:51.171840Z","level":"info","event":"Retrieved 500 rows from LTA at skip=10000","logger":"lta_common","filename":"lta_common.py","lineno":43}
{"timestamp":"2026-04-09T13:37:51.175910Z","level":"info","event":"[FETCH DONE] retrieved=500 rows at skip=10000","logger":"lta_common","filename":"lta_common.py","lineno":58}
{"timestamp":"2026-04-09T13:37:51.176255Z","level":"info","event":"STEP 5: processing page skip=10000 rows=500","logger":"unusual_prefix_faea391ec71b1d4b4651510353e4a48d62001c31_2_refresh_traffic_speed","filename":"2_refresh_traffic_speed.py","lineno":46}
{"timestamp":"2026-04-09T13:37:51.179275Z","level":"info","event":"STEP 6: built snapshot dataframe rows=500","logger":"unusual_prefix_faea391ec71b1d4b4651510353e4a48d62001c31_2_refresh_traffic_speed","filename":"2_refresh_traffic_speed.py","lineno":49}
{"timestamp":"2026-04-09T13:37:51.180003Z","level":"info","event":"[SAVE START] inserting 500 rows into traffic_speed_latest","logger":"lta_common","filename":"lta_common.py","lineno":174}
{"timestamp":"2026-04-09T13:37:51.646882Z","level":"info","event":"[SAVE DONE] inserted=500 rows into traffic_speed_latest","logger":"lta_common","filename":"lta_common.py","lineno":192}
{"timestamp":"2026-04-09T13:37:51.647839Z","level":"info","event":"[SAVE START] inserting 500 rows into traffic_speed_recent","logger":"lta_common","filename":"lta_common.py","lineno":174}
{"timestamp":"2026-04-09T13:37:52.019260Z","level":"info","event":"[SAVE DONE] inserted=500 rows into traffic_speed_recent","logger":"lta_common","filename":"lta_common.py","lineno":192}
{"timestamp":"2026-04-09T13:37:52.019510Z","level":"info","event":"STEP 7: page saved skip=10000 | pages=21 | latest_rows=10500 | recent_rows=10500","logger":"unusual_prefix_faea391ec71b1d4b4651510353e4a48d62001c31_2_refresh_traffic_speed","filename":"2_refresh_traffic_speed.py","lineno":61}
{"timestamp":"2026-04-09T13:37:52.019552Z","level":"info","event":"========== PAGE START ==========","logger":"lta_common","filename":"lta_common.py","lineno":52}
{"timestamp":"2026-04-09T13:37:52.019585Z","level":"info","event":"[FETCH] requesting rows 10500–10999","logger":"lta_common","filename":"lta_common.py","lineno":53}
{"timestamp":"2026-04-09T13:37:52.019658Z","level":"info","event":"Fetching page from LTA: skip=10500","logger":"lta_common","filename":"lta_common.py","lineno":35}
{"timestamp":"2026-04-09T13:37:53.833953Z","level":"info","event":"Retrieved 500 rows from LTA at skip=10500","logger":"lta_common","filename":"lta_common.py","lineno":43}
{"timestamp":"2026-04-09T13:37:53.837157Z","level":"info","event":"[FETCH DONE] retrieved=500 rows at skip=10500","logger":"lta_common","filename":"lta_common.py","lineno":58}
{"timestamp":"2026-04-09T13:37:53.837371Z","level":"info","event":"STEP 5: processing page skip=10500 rows=500","logger":"unusual_prefix_faea391ec71b1d4b4651510353e4a48d62001c31_2_refresh_traffic_speed","filename":"2_refresh_traffic_speed.py","lineno":46}
{"timestamp":"2026-04-09T13:37:53.839144Z","level":"info","event":"STEP 6: built snapshot dataframe rows=500","logger":"unusual_prefix_faea391ec71b1d4b4651510353e4a48d62001c31_2_refresh_traffic_speed","filename":"2_refresh_traffic_speed.py","lineno":49}
{"timestamp":"2026-04-09T13:37:53.839773Z","level":"info","event":"[SAVE START] inserting 500 rows into traffic_speed_latest","logger":"lta_common","filename":"lta_common.py","lineno":174}
{"timestamp":"2026-04-09T13:37:54.200020Z","level":"info","event":"[SAVE DONE] inserted=500 rows into traffic_speed_latest","logger":"lta_common","filename":"lta_common.py","lineno":192}
{"timestamp":"2026-04-09T13:37:54.200854Z","level":"info","event":"[SAVE START] inserting 500 rows into traffic_speed_recent","logger":"lta_common","filename":"lta_common.py","lineno":174}
{"timestamp":"2026-04-09T13:37:54.649962Z","level":"info","event":"[SAVE DONE] inserted=500 rows into traffic_speed_recent","logger":"lta_common","filename":"lta_common.py","lineno":192}
{"timestamp":"2026-04-09T13:37:54.650132Z","level":"info","event":"STEP 7: page saved skip=10500 | pages=22 | latest_rows=11000 | recent_rows=11000","logger":"unusual_prefix_faea391ec71b1d4b4651510353e4a48d62001c31_2_refresh_traffic_speed","filename":"2_refresh_traffic_speed.py","lineno":61}
{"timestamp":"2026-04-09T13:37:54.650171Z","level":"info","event":"========== PAGE START ==========","logger":"lta_common","filename":"lta_common.py","lineno":52}
{"timestamp":"2026-04-09T13:37:54.650197Z","level":"info","event":"[FETCH] requesting rows 11000–11499","logger":"lta_common","filename":"lta_common.py","lineno":53}
{"timestamp":"2026-04-09T13:37:54.650240Z","level":"info","event":"Fetching page from LTA: skip=11000","logger":"lta_common","filename":"lta_common.py","lineno":35}
{"timestamp":"2026-04-09T13:37:55.654568Z","level":"info","event":"Retrieved 500 rows from LTA at skip=11000","logger":"lta_common","filename":"lta_common.py","lineno":43}
{"timestamp":"2026-04-09T13:37:55.673706Z","level":"info","event":"[FETCH DONE] retrieved=500 rows at skip=11000","logger":"lta_common","filename":"lta_common.py","lineno":58}
{"timestamp":"2026-04-09T13:37:55.674517Z","level":"info","event":"STEP 5: processing page skip=11000 rows=500","logger":"unusual_prefix_faea391ec71b1d4b4651510353e4a48d62001c31_2_refresh_traffic_speed","filename":"2_refresh_traffic_speed.py","lineno":46}
{"timestamp":"2026-04-09T13:37:55.682905Z","level":"info","event":"STEP 6: built snapshot dataframe rows=500","logger":"unusual_prefix_faea391ec71b1d4b4651510353e4a48d62001c31_2_refresh_traffic_speed","filename":"2_refresh_traffic_speed.py","lineno":49}
{"timestamp":"2026-04-09T13:37:55.685410Z","level":"info","event":"[SAVE START] inserting 500 rows into traffic_speed_latest","logger":"lta_common","filename":"lta_common.py","lineno":174}
{"timestamp":"2026-04-09T13:37:56.048593Z","level":"info","event":"[SAVE DONE] inserted=500 rows into traffic_speed_latest","logger":"lta_common","filename":"lta_common.py","lineno":192}
{"timestamp":"2026-04-09T13:37:56.050882Z","level":"info","event":"[SAVE START] inserting 500 rows into traffic_speed_recent","logger":"lta_common","filename":"lta_common.py","lineno":174}
{"timestamp":"2026-04-09T13:37:56.830910Z","level":"info","event":"[SAVE DONE] inserted=500 rows into traffic_speed_recent","logger":"lta_common","filename":"lta_common.py","lineno":192}
{"timestamp":"2026-04-09T13:37:56.831469Z","level":"info","event":"STEP 7: page saved skip=11000 | pages=23 | latest_rows=11500 | recent_rows=11500","logger":"unusual_prefix_faea391ec71b1d4b4651510353e4a48d62001c31_2_refresh_traffic_speed","filename":"2_refresh_traffic_speed.py","lineno":61}
{"timestamp":"2026-04-09T13:37:56.831594Z","level":"info","event":"========== PAGE START ==========","logger":"lta_common","filename":"lta_common.py","lineno":52}
{"timestamp":"2026-04-09T13:37:56.831701Z","level":"info","event":"[FETCH] requesting rows 11500–11999","logger":"lta_common","filename":"lta_common.py","lineno":53}
{"timestamp":"2026-04-09T13:37:56.831809Z","level":"info","event":"Fetching page from LTA: skip=11500","logger":"lta_common","filename":"lta_common.py","lineno":35}
{"timestamp":"2026-04-09T13:37:57.695018Z","level":"info","event":"Retrieved 500 rows from LTA at skip=11500","logger":"lta_common","filename":"lta_common.py","lineno":43}
{"timestamp":"2026-04-09T13:37:57.696243Z","level":"info","event":"[FETCH DONE] retrieved=500 rows at skip=11500","logger":"lta_common","filename":"lta_common.py","lineno":58}
{"timestamp":"2026-04-09T13:37:57.696342Z","level":"info","event":"STEP 5: processing page skip=11500 rows=500","logger":"unusual_prefix_faea391ec71b1d4b4651510353e4a48d62001c31_2_refresh_traffic_speed","filename":"2_refresh_traffic_speed.py","lineno":46}
{"timestamp":"2026-04-09T13:37:57.697106Z","level":"info","event":"STEP 6: built snapshot dataframe rows=500","logger":"unusual_prefix_faea391ec71b1d4b4651510353e4a48d62001c31_2_refresh_traffic_speed","filename":"2_refresh_traffic_speed.py","lineno":49}
{"timestamp":"2026-04-09T13:37:57.697507Z","level":"info","event":"[SAVE START] inserting 500 rows into traffic_speed_latest","logger":"lta_common","filename":"lta_common.py","lineno":174}
{"timestamp":"2026-04-09T13:37:58.117923Z","level":"info","event":"[SAVE DONE] inserted=500 rows into traffic_speed_latest","logger":"lta_common","filename":"lta_common.py","lineno":192}
{"timestamp":"2026-04-09T13:37:58.118790Z","level":"info","event":"[SAVE START] inserting 500 rows into traffic_speed_recent","logger":"lta_common","filename":"lta_common.py","lineno":174}
{"timestamp":"2026-04-09T13:37:58.500580Z","level":"info","event":"[SAVE DONE] inserted=500 rows into traffic_speed_recent","logger":"lta_common","filename":"lta_common.py","lineno":192}
{"timestamp":"2026-04-09T13:37:58.500901Z","level":"info","event":"STEP 7: page saved skip=11500 | pages=24 | latest_rows=12000 | recent_rows=12000","logger":"unusual_prefix_faea391ec71b1d4b4651510353e4a48d62001c31_2_refresh_traffic_speed","filename":"2_refresh_traffic_speed.py","lineno":61}
{"timestamp":"2026-04-09T13:37:58.500967Z","level":"info","event":"========== PAGE START ==========","logger":"lta_common","filename":"lta_common.py","lineno":52}
{"timestamp":"2026-04-09T13:37:58.500997Z","level":"info","event":"[FETCH] requesting rows 12000–12499","logger":"lta_common","filename":"lta_common.py","lineno":53}
{"timestamp":"2026-04-09T13:37:58.501029Z","level":"info","event":"Fetching page from LTA: skip=12000","logger":"lta_common","filename":"lta_common.py","lineno":35}
{"timestamp":"2026-04-09T13:38:02.065818Z","level":"info","event":"Retrieved 500 rows from LTA at skip=12000","logger":"lta_common","filename":"lta_common.py","lineno":43}
{"timestamp":"2026-04-09T13:38:02.071480Z","level":"info","event":"[FETCH DONE] retrieved=500 rows at skip=12000","logger":"lta_common","filename":"lta_common.py","lineno":58}
{"timestamp":"2026-04-09T13:38:02.072182Z","level":"info","event":"STEP 5: processing page skip=12000 rows=500","logger":"unusual_prefix_faea391ec71b1d4b4651510353e4a48d62001c31_2_refresh_traffic_speed","filename":"2_refresh_traffic_speed.py","lineno":46}
{"timestamp":"2026-04-09T13:38:02.075341Z","level":"info","event":"STEP 6: built snapshot dataframe rows=500","logger":"unusual_prefix_faea391ec71b1d4b4651510353e4a48d62001c31_2_refresh_traffic_speed","filename":"2_refresh_traffic_speed.py","lineno":49}
{"timestamp":"2026-04-09T13:38:02.076872Z","level":"info","event":"[SAVE START] inserting 500 rows into traffic_speed_latest","logger":"lta_common","filename":"lta_common.py","lineno":174}
{"timestamp":"2026-04-09T13:38:02.472424Z","level":"info","event":"[SAVE DONE] inserted=500 rows into traffic_speed_latest","logger":"lta_common","filename":"lta_common.py","lineno":192}
{"timestamp":"2026-04-09T13:38:02.473127Z","level":"info","event":"[SAVE START] inserting 500 rows into traffic_speed_recent","logger":"lta_common","filename":"lta_common.py","lineno":174}
{"timestamp":"2026-04-09T13:38:02.859513Z","level":"info","event":"[SAVE DONE] inserted=500 rows into traffic_speed_recent","logger":"lta_common","filename":"lta_common.py","lineno":192}
{"timestamp":"2026-04-09T13:38:02.859655Z","level":"info","event":"STEP 7: page saved skip=12000 | pages=25 | latest_rows=12500 | recent_rows=12500","logger":"unusual_prefix_faea391ec71b1d4b4651510353e4a48d62001c31_2_refresh_traffic_speed","filename":"2_refresh_traffic_speed.py","lineno":61}
{"timestamp":"2026-04-09T13:38:02.859688Z","level":"info","event":"========== PAGE START ==========","logger":"lta_common","filename":"lta_common.py","lineno":52}
{"timestamp":"2026-04-09T13:38:02.859710Z","level":"info","event":"[FETCH] requesting rows 12500–12999","logger":"lta_common","filename":"lta_common.py","lineno":53}
{"timestamp":"2026-04-09T13:38:02.859742Z","level":"info","event":"Fetching page from LTA: skip=12500","logger":"lta_common","filename":"lta_common.py","lineno":35}
{"timestamp":"2026-04-09T13:38:03.892942Z","level":"info","event":"Retrieved 500 rows from LTA at skip=12500","logger":"lta_common","filename":"lta_common.py","lineno":43}
{"timestamp":"2026-04-09T13:38:03.895780Z","level":"info","event":"[FETCH DONE] retrieved=500 rows at skip=12500","logger":"lta_common","filename":"lta_common.py","lineno":58}
{"timestamp":"2026-04-09T13:38:03.895993Z","level":"info","event":"STEP 5: processing page skip=12500 rows=500","logger":"unusual_prefix_faea391ec71b1d4b4651510353e4a48d62001c31_2_refresh_traffic_speed","filename":"2_refresh_traffic_speed.py","lineno":46}
{"timestamp":"2026-04-09T13:38:03.897668Z","level":"info","event":"STEP 6: built snapshot dataframe rows=500","logger":"unusual_prefix_faea391ec71b1d4b4651510353e4a48d62001c31_2_refresh_traffic_speed","filename":"2_refresh_traffic_speed.py","lineno":49}
{"timestamp":"2026-04-09T13:38:03.898560Z","level":"info","event":"[SAVE START] inserting 500 rows into traffic_speed_latest","logger":"lta_common","filename":"lta_common.py","lineno":174}
{"timestamp":"2026-04-09T13:38:04.278680Z","level":"info","event":"[SAVE DONE] inserted=500 rows into traffic_speed_latest","logger":"lta_common","filename":"lta_common.py","lineno":192}
{"timestamp":"2026-04-09T13:38:04.281274Z","level":"info","event":"[SAVE START] inserting 500 rows into traffic_speed_recent","logger":"lta_common","filename":"lta_common.py","lineno":174}
{"timestamp":"2026-04-09T13:38:04.660948Z","level":"info","event":"[SAVE DONE] inserted=500 rows into traffic_speed_recent","logger":"lta_common","filename":"lta_common.py","lineno":192}
{"timestamp":"2026-04-09T13:38:04.662290Z","level":"info","event":"STEP 7: page saved skip=12500 | pages=26 | latest_rows=13000 | recent_rows=13000","logger":"unusual_prefix_faea391ec71b1d4b4651510353e4a48d62001c31_2_refresh_traffic_speed","filename":"2_refresh_traffic_speed.py","lineno":61}
{"timestamp":"2026-04-09T13:38:04.662560Z","level":"info","event":"========== PAGE START ==========","logger":"lta_common","filename":"lta_common.py","lineno":52}
{"timestamp":"2026-04-09T13:38:04.662724Z","level":"info","event":"[FETCH] requesting rows 13000–13499","logger":"lta_common","filename":"lta_common.py","lineno":53}
{"timestamp":"2026-04-09T13:38:04.662954Z","level":"info","event":"Fetching page from LTA: skip=13000","logger":"lta_common","filename":"lta_common.py","lineno":35}
{"timestamp":"2026-04-09T13:38:06.273955Z","level":"info","event":"Retrieved 500 rows from LTA at skip=13000","logger":"lta_common","filename":"lta_common.py","lineno":43}
{"timestamp":"2026-04-09T13:38:06.277075Z","level":"info","event":"[FETCH DONE] retrieved=500 rows at skip=13000","logger":"lta_common","filename":"lta_common.py","lineno":58}
{"timestamp":"2026-04-09T13:38:06.277461Z","level":"info","event":"STEP 5: processing page skip=13000 rows=500","logger":"unusual_prefix_faea391ec71b1d4b4651510353e4a48d62001c31_2_refresh_traffic_speed","filename":"2_refresh_traffic_speed.py","lineno":46}
{"timestamp":"2026-04-09T13:38:06.279033Z","level":"info","event":"STEP 6: built snapshot dataframe rows=500","logger":"unusual_prefix_faea391ec71b1d4b4651510353e4a48d62001c31_2_refresh_traffic_speed","filename":"2_refresh_traffic_speed.py","lineno":49}
{"timestamp":"2026-04-09T13:38:06.279709Z","level":"info","event":"[SAVE START] inserting 500 rows into traffic_speed_latest","logger":"lta_common","filename":"lta_common.py","lineno":174}
{"timestamp":"2026-04-09T13:38:06.660214Z","level":"info","event":"[SAVE DONE] inserted=500 rows into traffic_speed_latest","logger":"lta_common","filename":"lta_common.py","lineno":192}
{"timestamp":"2026-04-09T13:38:06.662148Z","level":"info","event":"[SAVE START] inserting 500 rows into traffic_speed_recent","logger":"lta_common","filename":"lta_common.py","lineno":174}
{"timestamp":"2026-04-09T13:38:07.039717Z","level":"info","event":"[SAVE DONE] inserted=500 rows into traffic_speed_recent","logger":"lta_common","filename":"lta_common.py","lineno":192}
{"timestamp":"2026-04-09T13:38:07.039869Z","level":"info","event":"STEP 7: page saved skip=13000 | pages=27 | latest_rows=13500 | recent_rows=13500","logger":"unusual_prefix_faea391ec71b1d4b4651510353e4a48d62001c31_2_refresh_traffic_speed","filename":"2_refresh_traffic_speed.py","lineno":61}
{"timestamp":"2026-04-09T13:38:07.039905Z","level":"info","event":"========== PAGE START ==========","logger":"lta_common","filename":"lta_common.py","lineno":52}
{"timestamp":"2026-04-09T13:38:07.039927Z","level":"info","event":"[FETCH] requesting rows 13500–13999","logger":"lta_common","filename":"lta_common.py","lineno":53}
{"timestamp":"2026-04-09T13:38:07.039964Z","level":"info","event":"Fetching page from LTA: skip=13500","logger":"lta_common","filename":"lta_common.py","lineno":35}
{"timestamp":"2026-04-09T13:38:07.722900Z","level":"info","event":"Retrieved 500 rows from LTA at skip=13500","logger":"lta_common","filename":"lta_common.py","lineno":43}
{"timestamp":"2026-04-09T13:38:07.724119Z","level":"info","event":"[FETCH DONE] retrieved=500 rows at skip=13500","logger":"lta_common","filename":"lta_common.py","lineno":58}
{"timestamp":"2026-04-09T13:38:07.724199Z","level":"info","event":"STEP 5: processing page skip=13500 rows=500","logger":"unusual_prefix_faea391ec71b1d4b4651510353e4a48d62001c31_2_refresh_traffic_speed","filename":"2_refresh_traffic_speed.py","lineno":46}
{"timestamp":"2026-04-09T13:38:07.724981Z","level":"info","event":"STEP 6: built snapshot dataframe rows=500","logger":"unusual_prefix_faea391ec71b1d4b4651510353e4a48d62001c31_2_refresh_traffic_speed","filename":"2_refresh_traffic_speed.py","lineno":49}
{"timestamp":"2026-04-09T13:38:07.725428Z","level":"info","event":"[SAVE START] inserting 500 rows into traffic_speed_latest","logger":"lta_common","filename":"lta_common.py","lineno":174}
{"timestamp":"2026-04-09T13:38:08.996922Z","level":"info","event":"[SAVE DONE] inserted=500 rows into traffic_speed_latest","logger":"lta_common","filename":"lta_common.py","lineno":192}
{"timestamp":"2026-04-09T13:38:08.998921Z","level":"info","event":"[SAVE START] inserting 500 rows into traffic_speed_recent","logger":"lta_common","filename":"lta_common.py","lineno":174}
{"timestamp":"2026-04-09T13:38:10.009647Z","level":"info","event":"[SAVE DONE] inserted=500 rows into traffic_speed_recent","logger":"lta_common","filename":"lta_common.py","lineno":192}
{"timestamp":"2026-04-09T13:38:10.009930Z","level":"info","event":"STEP 7: page saved skip=13500 | pages=28 | latest_rows=14000 | recent_rows=14000","logger":"unusual_prefix_faea391ec71b1d4b4651510353e4a48d62001c31_2_refresh_traffic_speed","filename":"2_refresh_traffic_speed.py","lineno":61}
{"timestamp":"2026-04-09T13:38:10.009989Z","level":"info","event":"========== PAGE START ==========","logger":"lta_common","filename":"lta_common.py","lineno":52}
{"timestamp":"2026-04-09T13:38:10.010032Z","level":"info","event":"[FETCH] requesting rows 14000–14499","logger":"lta_common","filename":"lta_common.py","lineno":53}
{"timestamp":"2026-04-09T13:38:10.010092Z","level":"info","event":"Fetching page from LTA: skip=14000","logger":"lta_common","filename":"lta_common.py","lineno":35}
{"timestamp":"2026-04-09T13:38:12.376189Z","level":"info","event":"Retrieved 500 rows from LTA at skip=14000","logger":"lta_common","filename":"lta_common.py","lineno":43}
{"timestamp":"2026-04-09T13:38:12.377573Z","level":"info","event":"[FETCH DONE] retrieved=500 rows at skip=14000","logger":"lta_common","filename":"lta_common.py","lineno":58}
{"timestamp":"2026-04-09T13:38:12.377802Z","level":"info","event":"STEP 5: processing page skip=14000 rows=500","logger":"unusual_prefix_faea391ec71b1d4b4651510353e4a48d62001c31_2_refresh_traffic_speed","filename":"2_refresh_traffic_speed.py","lineno":46}
{"timestamp":"2026-04-09T13:38:12.378569Z","level":"info","event":"STEP 6: built snapshot dataframe rows=500","logger":"unusual_prefix_faea391ec71b1d4b4651510353e4a48d62001c31_2_refresh_traffic_speed","filename":"2_refresh_traffic_speed.py","lineno":49}
{"timestamp":"2026-04-09T13:38:12.378977Z","level":"info","event":"[SAVE START] inserting 500 rows into traffic_speed_latest","logger":"lta_common","filename":"lta_common.py","lineno":174}
{"timestamp":"2026-04-09T13:38:12.758899Z","level":"info","event":"[SAVE DONE] inserted=500 rows into traffic_speed_latest","logger":"lta_common","filename":"lta_common.py","lineno":192}
{"timestamp":"2026-04-09T13:38:12.759697Z","level":"info","event":"[SAVE START] inserting 500 rows into traffic_speed_recent","logger":"lta_common","filename":"lta_common.py","lineno":174}
{"timestamp":"2026-04-09T13:38:13.517812Z","level":"info","event":"[SAVE DONE] inserted=500 rows into traffic_speed_recent","logger":"lta_common","filename":"lta_common.py","lineno":192}
{"timestamp":"2026-04-09T13:38:13.518339Z","level":"info","event":"STEP 7: page saved skip=14000 | pages=29 | latest_rows=14500 | recent_rows=14500","logger":"unusual_prefix_faea391ec71b1d4b4651510353e4a48d62001c31_2_refresh_traffic_speed","filename":"2_refresh_traffic_speed.py","lineno":61}
{"timestamp":"2026-04-09T13:38:13.518426Z","level":"info","event":"========== PAGE START ==========","logger":"lta_common","filename":"lta_common.py","lineno":52}
{"timestamp":"2026-04-09T13:38:13.518490Z","level":"info","event":"[FETCH] requesting rows 14500–14999","logger":"lta_common","filename":"lta_common.py","lineno":53}
{"timestamp":"2026-04-09T13:38:13.518582Z","level":"info","event":"Fetching page from LTA: skip=14500","logger":"lta_common","filename":"lta_common.py","lineno":35}
{"timestamp":"2026-04-09T13:38:15.434805Z","level":"info","event":"Retrieved 500 rows from LTA at skip=14500","logger":"lta_common","filename":"lta_common.py","lineno":43}
{"timestamp":"2026-04-09T13:38:15.440501Z","level":"info","event":"[FETCH DONE] retrieved=500 rows at skip=14500","logger":"lta_common","filename":"lta_common.py","lineno":58}
{"timestamp":"2026-04-09T13:38:15.441259Z","level":"info","event":"STEP 5: processing page skip=14500 rows=500","logger":"unusual_prefix_faea391ec71b1d4b4651510353e4a48d62001c31_2_refresh_traffic_speed","filename":"2_refresh_traffic_speed.py","lineno":46}
{"timestamp":"2026-04-09T13:38:15.444734Z","level":"info","event":"STEP 6: built snapshot dataframe rows=500","logger":"unusual_prefix_faea391ec71b1d4b4651510353e4a48d62001c31_2_refresh_traffic_speed","filename":"2_refresh_traffic_speed.py","lineno":49}
{"timestamp":"2026-04-09T13:38:15.446092Z","level":"info","event":"[SAVE START] inserting 500 rows into traffic_speed_latest","logger":"lta_common","filename":"lta_common.py","lineno":174}
{"timestamp":"2026-04-09T13:38:16.859114Z","level":"info","event":"[SAVE DONE] inserted=500 rows into traffic_speed_latest","logger":"lta_common","filename":"lta_common.py","lineno":192}
{"timestamp":"2026-04-09T13:38:16.859770Z","level":"info","event":"[SAVE START] inserting 500 rows into traffic_speed_recent","logger":"lta_common","filename":"lta_common.py","lineno":174}
{"timestamp":"2026-04-09T13:38:17.609908Z","level":"info","event":"[SAVE DONE] inserted=500 rows into traffic_speed_recent","logger":"lta_common","filename":"lta_common.py","lineno":192}
{"timestamp":"2026-04-09T13:38:17.610585Z","level":"info","event":"STEP 7: page saved skip=14500 | pages=30 | latest_rows=15000 | recent_rows=15000","logger":"unusual_prefix_faea391ec71b1d4b4651510353e4a48d62001c31_2_refresh_traffic_speed","filename":"2_refresh_traffic_speed.py","lineno":61}
{"timestamp":"2026-04-09T13:38:17.610770Z","level":"info","event":"========== PAGE START ==========","logger":"lta_common","filename":"lta_common.py","lineno":52}
{"timestamp":"2026-04-09T13:38:17.610906Z","level":"info","event":"[FETCH] requesting rows 15000–15499","logger":"lta_common","filename":"lta_common.py","lineno":53}
{"timestamp":"2026-04-09T13:38:17.611094Z","level":"info","event":"Fetching page from LTA: skip=15000","logger":"lta_common","filename":"lta_common.py","lineno":35}
{"timestamp":"2026-04-09T13:38:19.071181Z","level":"info","event":"Retrieved 500 rows from LTA at skip=15000","logger":"lta_common","filename":"lta_common.py","lineno":43}
{"timestamp":"2026-04-09T13:38:19.073152Z","level":"info","event":"[FETCH DONE] retrieved=500 rows at skip=15000","logger":"lta_common","filename":"lta_common.py","lineno":58}
{"timestamp":"2026-04-09T13:38:19.073462Z","level":"info","event":"STEP 5: processing page skip=15000 rows=500","logger":"unusual_prefix_faea391ec71b1d4b4651510353e4a48d62001c31_2_refresh_traffic_speed","filename":"2_refresh_traffic_speed.py","lineno":46}
{"timestamp":"2026-04-09T13:38:19.075099Z","level":"info","event":"STEP 6: built snapshot dataframe rows=500","logger":"unusual_prefix_faea391ec71b1d4b4651510353e4a48d62001c31_2_refresh_traffic_speed","filename":"2_refresh_traffic_speed.py","lineno":49}
{"timestamp":"2026-04-09T13:38:19.076016Z","level":"info","event":"[SAVE START] inserting 500 rows into traffic_speed_latest","logger":"lta_common","filename":"lta_common.py","lineno":174}
{"timestamp":"2026-04-09T13:38:19.730875Z","level":"info","event":"[SAVE DONE] inserted=500 rows into traffic_speed_latest","logger":"lta_common","filename":"lta_common.py","lineno":192}
{"timestamp":"2026-04-09T13:38:19.731964Z","level":"info","event":"[SAVE START] inserting 500 rows into traffic_speed_recent","logger":"lta_common","filename":"lta_common.py","lineno":174}
{"timestamp":"2026-04-09T13:38:20.239724Z","level":"info","event":"[SAVE DONE] inserted=500 rows into traffic_speed_recent","logger":"lta_common","filename":"lta_common.py","lineno":192}
{"timestamp":"2026-04-09T13:38:20.240206Z","level":"info","event":"STEP 7: page saved skip=15000 | pages=31 | latest_rows=15500 | recent_rows=15500","logger":"unusual_prefix_faea391ec71b1d4b4651510353e4a48d62001c31_2_refresh_traffic_speed","filename":"2_refresh_traffic_speed.py","lineno":61}
{"timestamp":"2026-04-09T13:38:20.240311Z","level":"info","event":"========== PAGE START ==========","logger":"lta_common","filename":"lta_common.py","lineno":52}
{"timestamp":"2026-04-09T13:38:20.240403Z","level":"info","event":"[FETCH] requesting rows 15500–15999","logger":"lta_common","filename":"lta_common.py","lineno":53}
{"timestamp":"2026-04-09T13:38:20.240505Z","level":"info","event":"Fetching page from LTA: skip=15500","logger":"lta_common","filename":"lta_common.py","lineno":35}
{"timestamp":"2026-04-09T13:38:21.650693Z","level":"info","event":"Retrieved 500 rows from LTA at skip=15500","logger":"lta_common","filename":"lta_common.py","lineno":43}
{"timestamp":"2026-04-09T13:38:21.651902Z","level":"info","event":"[FETCH DONE] retrieved=500 rows at skip=15500","logger":"lta_common","filename":"lta_common.py","lineno":58}
{"timestamp":"2026-04-09T13:38:21.652011Z","level":"info","event":"STEP 5: processing page skip=15500 rows=500","logger":"unusual_prefix_faea391ec71b1d4b4651510353e4a48d62001c31_2_refresh_traffic_speed","filename":"2_refresh_traffic_speed.py","lineno":46}
{"timestamp":"2026-04-09T13:38:21.652920Z","level":"info","event":"STEP 6: built snapshot dataframe rows=500","logger":"unusual_prefix_faea391ec71b1d4b4651510353e4a48d62001c31_2_refresh_traffic_speed","filename":"2_refresh_traffic_speed.py","lineno":49}
{"timestamp":"2026-04-09T13:38:21.653352Z","level":"info","event":"[SAVE START] inserting 500 rows into traffic_speed_latest","logger":"lta_common","filename":"lta_common.py","lineno":174}
{"timestamp":"2026-04-09T13:38:22.018069Z","level":"info","event":"[SAVE DONE] inserted=500 rows into traffic_speed_latest","logger":"lta_common","filename":"lta_common.py","lineno":192}
{"timestamp":"2026-04-09T13:38:22.020086Z","level":"info","event":"[SAVE START] inserting 500 rows into traffic_speed_recent","logger":"lta_common","filename":"lta_common.py","lineno":174}
{"timestamp":"2026-04-09T13:38:23.842027Z","level":"info","event":"[SAVE DONE] inserted=500 rows into traffic_speed_recent","logger":"lta_common","filename":"lta_common.py","lineno":192}
{"timestamp":"2026-04-09T13:38:23.844499Z","level":"info","event":"STEP 7: page saved skip=15500 | pages=32 | latest_rows=16000 | recent_rows=16000","logger":"unusual_prefix_faea391ec71b1d4b4651510353e4a48d62001c31_2_refresh_traffic_speed","filename":"2_refresh_traffic_speed.py","lineno":61}
{"timestamp":"2026-04-09T13:38:23.845011Z","level":"info","event":"========== PAGE START ==========","logger":"lta_common","filename":"lta_common.py","lineno":52}
{"timestamp":"2026-04-09T13:38:23.845213Z","level":"info","event":"[FETCH] requesting rows 16000–16499","logger":"lta_common","filename":"lta_common.py","lineno":53}
{"timestamp":"2026-04-09T13:38:23.845636Z","level":"info","event":"Fetching page from LTA: skip=16000","logger":"lta_common","filename":"lta_common.py","lineno":35}
{"timestamp":"2026-04-09T13:38:25.553691Z","level":"info","event":"Retrieved 500 rows from LTA at skip=16000","logger":"lta_common","filename":"lta_common.py","lineno":43}
{"timestamp":"2026-04-09T13:38:25.557054Z","level":"info","event":"[FETCH DONE] retrieved=500 rows at skip=16000","logger":"lta_common","filename":"lta_common.py","lineno":58}
{"timestamp":"2026-04-09T13:38:25.557553Z","level":"info","event":"STEP 5: processing page skip=16000 rows=500","logger":"unusual_prefix_faea391ec71b1d4b4651510353e4a48d62001c31_2_refresh_traffic_speed","filename":"2_refresh_traffic_speed.py","lineno":46}
{"timestamp":"2026-04-09T13:38:25.559697Z","level":"info","event":"STEP 6: built snapshot dataframe rows=500","logger":"unusual_prefix_faea391ec71b1d4b4651510353e4a48d62001c31_2_refresh_traffic_speed","filename":"2_refresh_traffic_speed.py","lineno":49}
{"timestamp":"2026-04-09T13:38:25.560738Z","level":"info","event":"[SAVE START] inserting 500 rows into traffic_speed_latest","logger":"lta_common","filename":"lta_common.py","lineno":174}
{"timestamp":"2026-04-09T13:38:25.938597Z","level":"info","event":"[SAVE DONE] inserted=500 rows into traffic_speed_latest","logger":"lta_common","filename":"lta_common.py","lineno":192}
{"timestamp":"2026-04-09T13:38:25.947430Z","level":"info","event":"[SAVE START] inserting 500 rows into traffic_speed_recent","logger":"lta_common","filename":"lta_common.py","lineno":174}
{"timestamp":"2026-04-09T13:38:26.328553Z","level":"info","event":"[SAVE DONE] inserted=500 rows into traffic_speed_recent","logger":"lta_common","filename":"lta_common.py","lineno":192}
{"timestamp":"2026-04-09T13:38:26.328688Z","level":"info","event":"STEP 7: page saved skip=16000 | pages=33 | latest_rows=16500 | recent_rows=16500","logger":"unusual_prefix_faea391ec71b1d4b4651510353e4a48d62001c31_2_refresh_traffic_speed","filename":"2_refresh_traffic_speed.py","lineno":61}
{"timestamp":"2026-04-09T13:38:26.328720Z","level":"info","event":"========== PAGE START ==========","logger":"lta_common","filename":"lta_common.py","lineno":52}
{"timestamp":"2026-04-09T13:38:26.328743Z","level":"info","event":"[FETCH] requesting rows 16500–16999","logger":"lta_common","filename":"lta_common.py","lineno":53}
{"timestamp":"2026-04-09T13:38:26.328774Z","level":"info","event":"Fetching page from LTA: skip=16500","logger":"lta_common","filename":"lta_common.py","lineno":35}
{"timestamp":"2026-04-09T13:38:28.215162Z","level":"info","event":"Retrieved 500 rows from LTA at skip=16500","logger":"lta_common","filename":"lta_common.py","lineno":43}
{"timestamp":"2026-04-09T13:38:28.219417Z","level":"info","event":"[FETCH DONE] retrieved=500 rows at skip=16500","logger":"lta_common","filename":"lta_common.py","lineno":58}
{"timestamp":"2026-04-09T13:38:28.220068Z","level":"info","event":"STEP 5: processing page skip=16500 rows=500","logger":"unusual_prefix_faea391ec71b1d4b4651510353e4a48d62001c31_2_refresh_traffic_speed","filename":"2_refresh_traffic_speed.py","lineno":46}
{"timestamp":"2026-04-09T13:38:28.223979Z","level":"info","event":"STEP 6: built snapshot dataframe rows=500","logger":"unusual_prefix_faea391ec71b1d4b4651510353e4a48d62001c31_2_refresh_traffic_speed","filename":"2_refresh_traffic_speed.py","lineno":49}
{"timestamp":"2026-04-09T13:38:28.225525Z","level":"info","event":"[SAVE START] inserting 500 rows into traffic_speed_latest","logger":"lta_common","filename":"lta_common.py","lineno":174}
{"timestamp":"2026-04-09T13:38:28.592072Z","level":"info","event":"[SAVE DONE] inserted=500 rows into traffic_speed_latest","logger":"lta_common","filename":"lta_common.py","lineno":192}
{"timestamp":"2026-04-09T13:38:28.595672Z","level":"info","event":"[SAVE START] inserting 500 rows into traffic_speed_recent","logger":"lta_common","filename":"lta_common.py","lineno":174}
{"timestamp":"2026-04-09T13:38:28.958568Z","level":"info","event":"[SAVE DONE] inserted=500 rows into traffic_speed_recent","logger":"lta_common","filename":"lta_common.py","lineno":192}
{"timestamp":"2026-04-09T13:38:28.959291Z","level":"info","event":"STEP 7: page saved skip=16500 | pages=34 | latest_rows=17000 | recent_rows=17000","logger":"unusual_prefix_faea391ec71b1d4b4651510353e4a48d62001c31_2_refresh_traffic_speed","filename":"2_refresh_traffic_speed.py","lineno":61}
{"timestamp":"2026-04-09T13:38:28.959517Z","level":"info","event":"========== PAGE START ==========","logger":"lta_common","filename":"lta_common.py","lineno":52}
{"timestamp":"2026-04-09T13:38:28.959654Z","level":"info","event":"[FETCH] requesting rows 17000–17499","logger":"lta_common","filename":"lta_common.py","lineno":53}
{"timestamp":"2026-04-09T13:38:28.959853Z","level":"info","event":"Fetching page from LTA: skip=17000","logger":"lta_common","filename":"lta_common.py","lineno":35}
{"timestamp":"2026-04-09T13:38:29.983054Z","level":"info","event":"Retrieved 500 rows from LTA at skip=17000","logger":"lta_common","filename":"lta_common.py","lineno":43}
{"timestamp":"2026-04-09T13:38:29.984580Z","level":"info","event":"[FETCH DONE] retrieved=500 rows at skip=17000","logger":"lta_common","filename":"lta_common.py","lineno":58}
{"timestamp":"2026-04-09T13:38:29.984794Z","level":"info","event":"STEP 5: processing page skip=17000 rows=500","logger":"unusual_prefix_faea391ec71b1d4b4651510353e4a48d62001c31_2_refresh_traffic_speed","filename":"2_refresh_traffic_speed.py","lineno":46}
{"timestamp":"2026-04-09T13:38:29.985754Z","level":"info","event":"STEP 6: built snapshot dataframe rows=500","logger":"unusual_prefix_faea391ec71b1d4b4651510353e4a48d62001c31_2_refresh_traffic_speed","filename":"2_refresh_traffic_speed.py","lineno":49}
{"timestamp":"2026-04-09T13:38:29.986242Z","level":"info","event":"[SAVE START] inserting 500 rows into traffic_speed_latest","logger":"lta_common","filename":"lta_common.py","lineno":174}
{"timestamp":"2026-04-09T13:38:30.234989Z","level":"error","event":"FAILED: invalid input syntax for type integer: \"\"\nLINE 9: ...-09T13:36:48.156942+00:00'::timestamptz,'25882',0,'',''),('2...\n                                                             ^\n","logger":"unusual_prefix_faea391ec71b1d4b4651510353e4a48d62001c31_2_refresh_traffic_speed","filename":"2_refresh_traffic_speed.py","lineno":69}
{"timestamp":"2026-04-09T13:38:30.237039Z","level":"error","event":"Traceback (most recent call last):\n  File \"/opt/airflow/dags/2_refresh_traffic_speed.py\", line 52, in refresh_traffic_speed\n    insert_snapshot_rows(conn, \"traffic_speed_latest\", snapshots_df, batch_size=500)\n  File \"/opt/airflow/dags/lta_common.py\", line 188, in insert_snapshot_rows\n    execute_values(cur, sql, rows, page_size=batch_size)\n  File \"/home/airflow/.local/lib/python3.12/site-packages/psycopg2/extras.py\", line 1299, in execute_values\n    cur.execute(b''.join(parts))\npsycopg2.errors.InvalidTextRepresentation: invalid input syntax for type integer: \"\"\nLINE 9: ...-09T13:36:48.156942+00:00'::timestamptz,'25882',0,'',''),('2...\n                                                             ^\n\n","logger":"unusual_prefix_faea391ec71b1d4b4651510353e4a48d62001c31_2_refresh_traffic_speed","filename":"2_refresh_traffic_speed.py","lineno":70}
{"timestamp":"2026-04-09T13:38:30.238783Z","level":"info","event":"Database connection closed","logger":"unusual_prefix_faea391ec71b1d4b4651510353e4a48d62001c31_2_refresh_traffic_speed","filename":"2_refresh_traffic_speed.py","lineno":76}
{"timestamp":"2026-04-09T13:38:30.239215Z","level":"error","event":"Task failed with exception","logger":"task","filename":"task_runner.py","lineno":1142,"error_detail":[{"exc_type":"InvalidTextRepresentation","exc_value":"invalid input syntax for type integer: \"\"\nLINE 9: ...-09T13:36:48.156942+00:00'::timestamptz,'25882',0,'',''),('2...\n                                                             ^\n","exc_notes":[],"syntax_error":null,"is_cause":false,"frames":[{"filename":"/home/airflow/.local/lib/python3.12/site-packages/airflow/sdk/execution_time/task_runner.py","lineno":1068,"name":"run"},{"filename":"/home/airflow/.local/lib/python3.12/site-packages/airflow/sdk/execution_time/task_runner.py","lineno":1477,"name":"_execute_task"},{"filename":"/home/airflow/.local/lib/python3.12/site-packages/airflow/sdk/bases/operator.py","lineno":417,"name":"wrapper"},{"filename":"/home/airflow/.local/lib/python3.12/site-packages/airflow/providers/standard/operators/python.py","lineno":228,"name":"execute"},{"filename":"/home/airflow/.local/lib/python3.12/site-packages/airflow/providers/standard/operators/python.py","lineno":251,"name":"execute_callable"},{"filename":"/home/airflow/.local/lib/python3.12/site-packages/airflow/sdk/execution_time/callback_runner.py","lineno":82,"name":"run"},{"filename":"/opt/airflow/dags/2_refresh_traffic_speed.py","lineno":52,"name":"refresh_traffic_speed"},{"filename":"/opt/airflow/dags/lta_common.py","lineno":188,"name":"insert_snapshot_rows"},{"filename":"/home/airflow/.local/lib/python3.12/site-packages/psycopg2/extras.py","lineno":1299,"name":"execute_values"}],"is_group":false,"exceptions":[]}]}
